START 2026-10-01T05:07:01+00:00 mode=default head=c882fe5074a82618f44ce456aa390b25102cb509 ops=45
1d_conv	0	23s	2026-10-01T05:07:24+00:00
2d_conv	0	10s	2026-10-01T05:07:34+00:00
2d_max_pooling	0	11s	2026-10-01T05:07:45+00:00
3d_conv	0	46s	2026-10-01T05:08:31+00:00
argmax	0	22s	2026-10-01T05:08:53+00:00
batch_normalization	0	21s	2026-10-01T05:09:14+00:00
batched_matmul	0	16s	2026-10-01T05:09:30+00:00
bitonic_sort	0	85s	2026-10-01T05:10:55+00:00
block_sparse_attention	0	21s	2026-10-01T05:11:16+00:00
cross_entropy	0	15s	2026-10-01T05:11:31+00:00
dequantize_rowwise	0	7s	2026-10-01T05:11:38+00:00
destindex	0	20s	2026-10-01T05:11:58+00:00
dropout	0	10s	2026-10-01T05:12:08+00:00
flash_attention	0	19s	2026-10-01T05:12:27+00:00
flash_decode	0	8s	2026-10-01T05:12:35+00:00
fused_activation	0	5s	2026-10-01T05:12:40+00:00
gaussian_blur	0	16s	2026-10-01T05:12:56+00:00
histogramming	0	9s	2026-10-01T05:13:05+00:00
interleave	0	12s	2026-10-01T05:13:17+00:00
jacobi_stencil_2d	0	11s	2026-10-01T05:13:28+00:00
kl_divergence	0	8s	2026-10-01T05:13:36+00:00
l2_norm	0	32s	2026-10-01T05:14:08+00:00
layernorm	0	32s	2026-10-01T05:14:40+00:00
leaky_relu	0	11s	2026-10-01T05:14:51+00:00
linear_self_attention	0	11s	2026-10-01T05:15:02+00:00
matmul_fp32_fp16_fp8	0	26s	2026-10-01T05:15:28+00:00
matmul_int8	0	11s	2026-10-01T05:15:39+00:00
matrix_copy	0	12s	2026-10-01T05:15:51+00:00
matrix_transpose	0	12s	2026-10-01T05:16:03+00:00
mean_reduction	0	27s	2026-10-01T05:16:30+00:00
moe_topk_gating	0	34s	2026-10-01T05:17:04+00:00
mul2	0	13s	2026-10-01T05:17:17+00:00
quantize_global	0	5s	2026-10-01T05:17:22+00:00
radix_sort	0	10s	2026-10-01T05:17:32+00:00
relu	0	13s	2026-10-01T05:17:45+00:00
reverse_array	0	11s	2026-10-01T05:17:56+00:00
rmsnorm	0	24s	2026-10-01T05:18:20+00:00
rope	0	14s	2026-10-01T05:18:34+00:00
sigmoid	0	10s	2026-10-01T05:18:44+00:00
softmax	0	18s	2026-10-01T05:19:02+00:00
streamk_matmul	0	14s	2026-10-01T05:19:16+00:00
swiglu	0	10s	2026-10-01T05:19:26+00:00
top_k_selection	0	11s	2026-10-01T05:19:37+00:00
vector_add	0	13s	2026-10-01T05:19:50+00:00
weight_dequant	0	20s	2026-10-01T05:20:10+00:00
DONE 2026-10-01T05:20:10+00:00 mode=default
