GPU/result namespace: GH200 (detected device: NVIDIA GH200 480GB, arch: hopper)
Starting benchmark for operator: batched_matmul
Tile-language backends: torch (baseline) + cutile, tilelang, triton
  NKI not selected (--tile-language)
Running case: {'BATCH': 32, 'M': 32}, dtype=fp16
  Triton autotune → {'BLOCK_SIZE_M': 32, 'BLOCK_SIZE_N': 32, 'BLOCK_SIZE_K': 32, 'GROUPSIZE': 8, 'num_warps': 8, 'num_stages': 2}
108 succeeded, 0 failed
* namespace(tile_m=64, tile_n=32, tile_k=32, occupancy=16, group_size=1)  : 5.0±0.1 us (5 samples)
  namespace(tile_m=32, tile_n=32, tile_k=32, occupancy=8, group_size=1)   : 5.1±0.1 us (5 samples)
  namespace(tile_m=64, tile_n=32, tile_k=64, occupancy=16, group_size=1)  : 5.1±0.0 us (5 samples)
  namespace(tile_m=64, tile_n=32, tile_k=32, occupancy=16, group_size=8)  : 5.1±0.0 us (5 samples)
  namespace(tile_m=32, tile_n=32, tile_k=32, occupancy=16, group_size=1)  : 5.1±0.1 us (5 samples)
  namespace(tile_m=64, tile_n=32, tile_k=64, occupancy=8, group_size=1)   : 5.1±0.1 us (5 samples)
  namespace(tile_m=64, tile_n=64, tile_k=32, occupancy=4, group_size=1)   : 5.1±0.1 us (5 samples)
  namespace(tile_m=64, tile_n=32, tile_k=32, occupancy=8, group_size=8)   : 5.1±0.1 us (5 samples)
  namespace(tile_m=64, tile_n=32, tile_k=64, occupancy=8, group_size=8)   : 5.1±0.1 us (5 samples)
  namespace(tile_m=64, tile_n=64, tile_k=32, occupancy=8, group_size=1)   : 5.1±0.0 us (5 samples)
    ... 96 more not shown
  namespace(tile_m=32, tile_n=128, tile_k=64, occupancy=8, group_size=8)  : 8.3±0.1 us (5 samples)
  namespace(tile_m=32, tile_n=128, tile_k=64, occupancy=16, group_size=8) : 8.4±0.1 us (5 samples)
Use .successes and .failures for full results.
  cuTile  autotune → {'tile_m': 64, 'tile_n': 32, 'tile_k': 32, 'occupancy': 16, 'group_size': 1}
  TileLang autotune → {'BLOCK_SIZE_M': 32, 'BLOCK_SIZE_N': 32, 'BLOCK_SIZE_K': 32, 'GROUPSIZE': 1, 'threads': 128, 'num_stages': 3}
  NKI skipped (not available)
Running case: {'BATCH': 32, 'M': 32}, dtype=bf16
  Triton autotune → {'BLOCK_SIZE_M': 32, 'BLOCK_SIZE_N': 64, 'BLOCK_SIZE_K': 32, 'GROUPSIZE': 1, 'num_warps': 4, 'num_stages': 2}
108 succeeded, 0 failed
* namespace(tile_m=64, tile_n=32, tile_k=32, occupancy=16, group_size=8)  : 5.0±0.0 us (5 samples)
  namespace(tile_m=64, tile_n=32, tile_k=32, occupancy=4, group_size=1)   : 5.1±0.1 us (5 samples)
  namespace(tile_m=32, tile_n=128, tile_k=32, occupancy=4, group_size=1)  : 5.1±0.0 us (5 samples)
  namespace(tile_m=64, tile_n=32, tile_k=32, occupancy=16, group_size=1)  : 5.2±0.1 us (5 samples)
  namespace(tile_m=64, tile_n=64, tile_k=32, occupancy=8, group_size=1)   : 5.2±0.1 us (5 samples)
  namespace(tile_m=64, tile_n=32, tile_k=64, occupancy=8, group_size=1)   : 5.2±0.2 us (5 samples)
  namespace(tile_m=32, tile_n=32, tile_k=32, occupancy=8, group_size=1)   : 5.2±0.1 us (5 samples)
  namespace(tile_m=32, tile_n=32, tile_k=32, occupancy=16, group_size=1)  : 5.2±0.0 us (5 samples)
  namespace(tile_m=64, tile_n=32, tile_k=64, occupancy=16, group_size=1)  : 5.3±0.1 us (5 samples)
  namespace(tile_m=64, tile_n=32, tile_k=64, occupancy=4, group_size=1)   : 5.3±0.1 us (5 samples)
    ... 96 more not shown
  namespace(tile_m=32, tile_n=128, tile_k=64, occupancy=8, group_size=8)  : 8.4±0.1 us (5 samples)
  namespace(tile_m=32, tile_n=128, tile_k=64, occupancy=16, group_size=8) : 8.6±0.2 us (5 samples)
Use .successes and .failures for full results.
  cuTile  autotune → {'tile_m': 64, 'tile_n': 32, 'tile_k': 32, 'occupancy': 16, 'group_size': 8}
  TileLang autotune → {'BLOCK_SIZE_M': 32, 'BLOCK_SIZE_N': 32, 'BLOCK_SIZE_K': 32, 'GROUPSIZE': 1, 'threads': 256, 'num_stages': 4}
  NKI skipped (not available)
Running case: {'BATCH': 32, 'M': 32}, dtype=fp32
  Triton autotune → {'BLOCK_SIZE_M': 64, 'BLOCK_SIZE_N': 32, 'BLOCK_SIZE_K': 32, 'GROUPSIZE': 1, 'num_warps': 4, 'num_stages': 2}
108 succeeded, 0 failed
* namespace(tile_m=64, tile_n=64, tile_k=32, occupancy=8, group_size=1)   : 5.6±0.1 us (5 samples)
  namespace(tile_m=64, tile_n=32, tile_k=32, occupancy=4, group_size=1)   : 5.6±0.1 us (5 samples)
  namespace(tile_m=64, tile_n=64, tile_k=32, occupancy=4, group_size=1)   : 5.6±0.1 us (5 samples)
  namespace(tile_m=32, tile_n=32, tile_k=32, occupancy=16, group_size=1)  : 5.7±0.1 us (5 samples)
  namespace(tile_m=64, tile_n=64, tile_k=32, occupancy=16, group_size=1)  : 5.7±0.2 us (5 samples)
  namespace(tile_m=64, tile_n=32, tile_k=32, occupancy=8, group_size=8)   : 5.7±0.1 us (5 samples)
  namespace(tile_m=32, tile_n=32, tile_k=32, occupancy=8, group_size=8)   : 5.7±0.1 us (5 samples)
  namespace(tile_m=64, tile_n=32, tile_k=32, occupancy=16, group_size=1)  : 5.7±0.1 us (5 samples)
  namespace(tile_m=32, tile_n=32, tile_k=32, occupancy=4, group_size=1)   : 5.7±0.1 us (5 samples)
  namespace(tile_m=32, tile_n=32, tile_k=64, occupancy=4, group_size=1)   : 5.7±0.0 us (5 samples)
    ... 96 more not shown
  namespace(tile_m=32, tile_n=128, tile_k=64, occupancy=8, group_size=8)  : 9.5±0.2 us (5 samples)
  namespace(tile_m=32, tile_n=128, tile_k=64, occupancy=16, group_size=1) : 9.5±0.1 us (5 samples)
Use .successes and .failures for full results.
  cuTile  autotune → {'tile_m': 64, 'tile_n': 64, 'tile_k': 32, 'occupancy': 8, 'group_size': 1}
  TileLang autotune → {'BLOCK_SIZE_M': 32, 'BLOCK_SIZE_N': 32, 'BLOCK_SIZE_K': 32, 'GROUPSIZE': 1, 'threads': 128, 'num_stages': 2}
  NKI skipped (not available)
Running case: {'BATCH': 32, 'M': 64}, dtype=fp16
  Triton autotune → {'BLOCK_SIZE_M': 32, 'BLOCK_SIZE_N': 32, 'BLOCK_SIZE_K': 64, 'GROUPSIZE': 1, 'num_warps': 4, 'num_stages': 2}
108 succeeded, 0 failed
* namespace(tile_m=64, tile_n=32, tile_k=64, occupancy=8, group_size=1)   : 5.6±0.1 us (5 samples)
  namespace(tile_m=64, tile_n=32, tile_k=64, occupancy=16, group_size=8)  : 5.6±0.1 us (5 samples)
  namespace(tile_m=64, tile_n=32, tile_k=64, occupancy=4, group_size=8)   : 5.6±0.1 us (5 samples)
  namespace(tile_m=64, tile_n=32, tile_k=32, occupancy=16, group_size=1)  : 5.6±0.1 us (5 samples)
  namespace(tile_m=64, tile_n=32, tile_k=32, occupancy=8, group_size=8)   : 5.6±0.1 us (5 samples)
  namespace(tile_m=64, tile_n=32, tile_k=64, occupancy=16, group_size=1)  : 5.7±0.1 us (5 samples)
  namespace(tile_m=32, tile_n=32, tile_k=64, occupancy=16, group_size=1)  : 5.7±0.1 us (5 samples)
  namespace(tile_m=64, tile_n=32, tile_k=32, occupancy=4, group_size=1)   : 5.7±0.1 us (5 samples)
  namespace(tile_m=64, tile_n=32, tile_k=64, occupancy=4, group_size=1)   : 5.7±0.1 us (5 samples)
  namespace(tile_m=32, tile_n=64, tile_k=64, occupancy=4, group_size=1)   : 5.7±0.0 us (5 samples)
    ... 96 more not shown
  namespace(tile_m=32, tile_n=128, tile_k=64, occupancy=8, group_size=8)  : 9.0±0.1 us (5 samples)
  namespace(tile_m=32, tile_n=128, tile_k=64, occupancy=16, group_size=1) : 9.1±0.1 us (5 samples)
Use .successes and .failures for full results.
  cuTile  autotune → {'tile_m': 64, 'tile_n': 32, 'tile_k': 64, 'occupancy': 8, 'group_size': 1}
  TileLang autotune → {'BLOCK_SIZE_M': 32, 'BLOCK_SIZE_N': 32, 'BLOCK_SIZE_K': 64, 'GROUPSIZE': 1, 'threads': 256, 'num_stages': 2}
  NKI skipped (not available)
Running case: {'BATCH': 32, 'M': 64}, dtype=bf16
  Triton autotune → {'BLOCK_SIZE_M': 32, 'BLOCK_SIZE_N': 32, 'BLOCK_SIZE_K': 64, 'GROUPSIZE': 1, 'num_warps': 4, 'num_stages': 3}
108 succeeded, 0 failed
* namespace(tile_m=32, tile_n=64, tile_k=64, occupancy=4, group_size=1)   : 5.5±0.0 us (5 samples)
  namespace(tile_m=32, tile_n=32, tile_k=32, occupancy=16, group_size=8)  : 5.5±0.0 us (5 samples)
  namespace(tile_m=32, tile_n=32, tile_k=64, occupancy=16, group_size=8)  : 5.5±0.0 us (5 samples)
  namespace(tile_m=64, tile_n=32, tile_k=64, occupancy=8, group_size=8)   : 5.6±0.1 us (5 samples)
  namespace(tile_m=32, tile_n=32, tile_k=64, occupancy=16, group_size=1)  : 5.6±0.1 us (5 samples)
  namespace(tile_m=64, tile_n=32, tile_k=64, occupancy=8, group_size=1)   : 5.6±0.0 us (5 samples)
  namespace(tile_m=64, tile_n=32, tile_k=32, occupancy=4, group_size=8)   : 5.6±0.0 us (5 samples)
  namespace(tile_m=32, tile_n=32, tile_k=64, occupancy=8, group_size=8)   : 5.6±0.1 us (5 samples)
  namespace(tile_m=64, tile_n=32, tile_k=32, occupancy=16, group_size=1)  : 5.6±0.1 us (5 samples)
  namespace(tile_m=64, tile_n=32, tile_k=32, occupancy=4, group_size=1)   : 5.6±0.1 us (5 samples)
    ... 96 more not shown
  namespace(tile_m=32, tile_n=128, tile_k=64, occupancy=16, group_size=8) : 8.9±0.1 us (5 samples)
  namespace(tile_m=32, tile_n=128, tile_k=64, occupancy=8, group_size=8)  : 9.0±0.2 us (5 samples)
Use .successes and .failures for full results.
  cuTile  autotune → {'tile_m': 32, 'tile_n': 64, 'tile_k': 64, 'occupancy': 4, 'group_size': 1}
  TileLang autotune → {'BLOCK_SIZE_M': 32, 'BLOCK_SIZE_N': 32, 'BLOCK_SIZE_K': 64, 'GROUPSIZE': 1, 'threads': 128, 'num_stages': 3}
  NKI skipped (not available)
Running case: {'BATCH': 32, 'M': 64}, dtype=fp32
  Triton autotune → {'BLOCK_SIZE_M': 32, 'BLOCK_SIZE_N': 32, 'BLOCK_SIZE_K': 64, 'GROUPSIZE': 1, 'num_warps': 4, 'num_stages': 3}
108 succeeded, 0 failed
* namespace(tile_m=32, tile_n=32, tile_k=32, occupancy=8, group_size=1)   :  6.1±0.1 us (5 samples)
  namespace(tile_m=32, tile_n=32, tile_k=32, occupancy=4, group_size=1)   :  6.2±0.1 us (5 samples)
  namespace(tile_m=32, tile_n=32, tile_k=32, occupancy=16, group_size=8)  :  6.3±0.1 us (5 samples)
  namespace(tile_m=32, tile_n=32, tile_k=64, occupancy=4, group_size=1)   :  6.3±0.1 us (5 samples)
  namespace(tile_m=32, tile_n=32, tile_k=32, occupancy=4, group_size=8)   :  6.4±0.0 us (5 samples)
  namespace(tile_m=32, tile_n=32, tile_k=32, occupancy=16, group_size=1)  :  6.4±0.1 us (5 samples)
  namespace(tile_m=32, tile_n=32, tile_k=64, occupancy=4, group_size=8)   :  6.4±0.1 us (5 samples)
  namespace(tile_m=32, tile_n=32, tile_k=64, occupancy=16, group_size=8)  :  6.4±0.1 us (5 samples)
  namespace(tile_m=64, tile_n=32, tile_k=64, occupancy=16, group_size=8)  :  6.4±0.1 us (5 samples)
  namespace(tile_m=64, tile_n=32, tile_k=32, occupancy=4, group_size=8)   :  6.4±0.1 us (5 samples)
    ... 96 more not shown
  namespace(tile_m=32, tile_n=128, tile_k=32, occupancy=16, group_size=1) : 11.9±0.1 us (5 samples)
  namespace(tile_m=32, tile_n=128, tile_k=32, occupancy=16, group_size=8) : 12.1±0.4 us (5 samples)
Use .successes and .failures for full results.
  cuTile  autotune → {'tile_m': 32, 'tile_n': 32, 'tile_k': 32, 'occupancy': 8, 'group_size': 1}
  TileLang autotune → {'BLOCK_SIZE_M': 32, 'BLOCK_SIZE_N': 32, 'BLOCK_SIZE_K': 64, 'GROUPSIZE': 1, 'threads': 128, 'num_stages': 3}
  NKI skipped (not available)
Running case: {'BATCH': 32, 'M': 96}, dtype=fp16
  Triton autotune → {'BLOCK_SIZE_M': 64, 'BLOCK_SIZE_N': 32, 'BLOCK_SIZE_K': 64, 'GROUPSIZE': 8, 'num_warps': 4, 'num_stages': 3}
108 succeeded, 0 failed
* namespace(tile_m=64, tile_n=32, tile_k=32, occupancy=4, group_size=1)   :  5.9±0.1 us (5 samples)
  namespace(tile_m=64, tile_n=32, tile_k=64, occupancy=8, group_size=1)   :  6.0±0.1 us (5 samples)
  namespace(tile_m=64, tile_n=32, tile_k=32, occupancy=16, group_size=1)  :  6.0±0.1 us (5 samples)
  namespace(tile_m=64, tile_n=32, tile_k=32, occupancy=8, group_size=8)   :  6.0±0.1 us (5 samples)
  namespace(tile_m=64, tile_n=32, tile_k=32, occupancy=4, group_size=8)   :  6.0±0.1 us (5 samples)
  namespace(tile_m=64, tile_n=32, tile_k=32, occupancy=8, group_size=1)   :  6.1±0.1 us (5 samples)
  namespace(tile_m=64, tile_n=64, tile_k=64, occupancy=16, group_size=8)  :  6.1±0.1 us (5 samples)
  namespace(tile_m=64, tile_n=32, tile_k=32, occupancy=16, group_size=8)  :  6.1±0.1 us (5 samples)
  namespace(tile_m=64, tile_n=128, tile_k=32, occupancy=8, group_size=1)  :  6.1±0.1 us (5 samples)
  namespace(tile_m=64, tile_n=64, tile_k=32, occupancy=4, group_size=8)   :  6.1±0.1 us (5 samples)
    ... 96 more not shown
  namespace(tile_m=32, tile_n=128, tile_k=64, occupancy=16, group_size=1) : 17.4±0.1 us (5 samples)
  namespace(tile_m=32, tile_n=128, tile_k=64, occupancy=16, group_size=8) : 17.5±0.1 us (5 samples)
Use .successes and .failures for full results.
  cuTile  autotune → {'tile_m': 64, 'tile_n': 32, 'tile_k': 32, 'occupancy': 4, 'group_size': 1}
  TileLang autotune → {'BLOCK_SIZE_M': 128, 'BLOCK_SIZE_N': 32, 'BLOCK_SIZE_K': 32, 'GROUPSIZE': 1, 'threads': 128, 'num_stages': 3}
  NKI skipped (not available)
Running case: {'BATCH': 32, 'M': 96}, dtype=bf16
  Triton autotune → {'BLOCK_SIZE_M': 64, 'BLOCK_SIZE_N': 32, 'BLOCK_SIZE_K': 64, 'GROUPSIZE': 8, 'num_warps': 4, 'num_stages': 3}
108 succeeded, 0 failed
* namespace(tile_m=64, tile_n=32, tile_k=32, occupancy=8, group_size=8)   :  6.0±0.1 us (5 samples)
  namespace(tile_m=64, tile_n=32, tile_k=32, occupancy=8, group_size=1)   :  6.0±0.1 us (5 samples)
  namespace(tile_m=64, tile_n=32, tile_k=32, occupancy=16, group_size=1)  :  6.0±0.1 us (5 samples)
  namespace(tile_m=64, tile_n=32, tile_k=32, occupancy=4, group_size=1)   :  6.0±0.1 us (5 samples)
  namespace(tile_m=64, tile_n=32, tile_k=32, occupancy=16, group_size=8)  :  6.0±0.1 us (5 samples)
  namespace(tile_m=64, tile_n=32, tile_k=64, occupancy=4, group_size=1)   :  6.1±0.1 us (5 samples)
  namespace(tile_m=64, tile_n=32, tile_k=64, occupancy=4, group_size=8)   :  6.2±0.1 us (5 samples)
  namespace(tile_m=64, tile_n=32, tile_k=64, occupancy=16, group_size=1)  :  6.2±0.1 us (5 samples)
  namespace(tile_m=64, tile_n=128, tile_k=32, occupancy=4, group_size=1)  :  6.2±0.1 us (5 samples)
  namespace(tile_m=64, tile_n=32, tile_k=64, occupancy=8, group_size=1)   :  6.2±0.1 us (5 samples)
    ... 96 more not shown
  namespace(tile_m=32, tile_n=128, tile_k=64, occupancy=8, group_size=8)  : 17.4±0.2 us (5 samples)
  namespace(tile_m=32, tile_n=128, tile_k=64, occupancy=16, group_size=8) : 17.5±0.1 us (5 samples)
Use .successes and .failures for full results.
  cuTile  autotune → {'tile_m': 64, 'tile_n': 32, 'tile_k': 32, 'occupancy': 8, 'group_size': 8}
  TileLang autotune → {'BLOCK_SIZE_M': 32, 'BLOCK_SIZE_N': 32, 'BLOCK_SIZE_K': 32, 'GROUPSIZE': 1, 'threads': 128, 'num_stages': 4}
  NKI skipped (not available)
Running case: {'BATCH': 32, 'M': 96}, dtype=fp32
  Triton autotune → {'BLOCK_SIZE_M': 64, 'BLOCK_SIZE_N': 32, 'BLOCK_SIZE_K': 32, 'GROUPSIZE': 1, 'num_warps': 4, 'num_stages': 4}
108 succeeded, 0 failed
* namespace(tile_m=32, tile_n=32, tile_k=32, occupancy=16, group_size=8)  :  7.6±0.1 us (5 samples)
  namespace(tile_m=32, tile_n=32, tile_k=32, occupancy=8, group_size=1)   :  7.7±0.1 us (5 samples)
  namespace(tile_m=32, tile_n=32, tile_k=32, occupancy=4, group_size=1)   :  7.8±0.1 us (5 samples)
  namespace(tile_m=32, tile_n=32, tile_k=32, occupancy=4, group_size=8)   :  7.8±0.1 us (5 samples)
  namespace(tile_m=32, tile_n=32, tile_k=32, occupancy=16, group_size=1)  :  7.8±0.3 us (5 samples)
  namespace(tile_m=64, tile_n=32, tile_k=32, occupancy=8, group_size=8)   :  7.8±0.1 us (5 samples)
  namespace(tile_m=64, tile_n=32, tile_k=32, occupancy=16, group_size=1)  :  7.8±0.1 us (5 samples)
  namespace(tile_m=32, tile_n=64, tile_k=32, occupancy=4, group_size=1)   :  7.8±0.1 us (5 samples)
  namespace(tile_m=64, tile_n=32, tile_k=32, occupancy=16, group_size=8)  :  7.8±0.1 us (5 samples)
  namespace(tile_m=32, tile_n=32, tile_k=32, occupancy=8, group_size=8)   :  7.9±0.2 us (5 samples)
    ... 96 more not shown
  namespace(tile_m=32, tile_n=128, tile_k=64, occupancy=8, group_size=8)  : 28.8±0.2 us (5 samples)
  namespace(tile_m=32, tile_n=128, tile_k=64, occupancy=16, group_size=8) : 29.0±0.4 us (5 samples)
Use .successes and .failures for full results.
  cuTile  autotune → {'tile_m': 32, 'tile_n': 32, 'tile_k': 32, 'occupancy': 16, 'group_size': 8}
  TileLang autotune → {'BLOCK_SIZE_M': 32, 'BLOCK_SIZE_N': 32, 'BLOCK_SIZE_K': 32, 'GROUPSIZE': 1, 'threads': 128, 'num_stages': 3}
  NKI skipped (not available)
Running case: {'BATCH': 32, 'M': 128}, dtype=fp16
  Triton autotune → {'BLOCK_SIZE_M': 64, 'BLOCK_SIZE_N': 32, 'BLOCK_SIZE_K': 64, 'GROUPSIZE': 8, 'num_warps': 4, 'num_stages': 4}
108 succeeded, 0 failed
* namespace(tile_m=64, tile_n=64, tile_k=64, occupancy=8, group_size=1)   :  6.6±0.1 us (5 samples)
  namespace(tile_m=64, tile_n=32, tile_k=64, occupancy=16, group_size=8)  :  6.6±0.1 us (5 samples)
  namespace(tile_m=128, tile_n=32, tile_k=64, occupancy=16, group_size=1) :  6.6±0.1 us (5 samples)
  namespace(tile_m=128, tile_n=32, tile_k=64, occupancy=8, group_size=1)  :  6.7±0.0 us (5 samples)
  namespace(tile_m=64, tile_n=32, tile_k=64, occupancy=4, group_size=1)   :  6.7±0.1 us (5 samples)
  namespace(tile_m=64, tile_n=64, tile_k=32, occupancy=8, group_size=8)   :  6.7±0.1 us (5 samples)
  namespace(tile_m=64, tile_n=32, tile_k=64, occupancy=8, group_size=8)   :  6.7±0.1 us (5 samples)
  namespace(tile_m=64, tile_n=64, tile_k=64, occupancy=8, group_size=8)   :  6.7±0.1 us (5 samples)
  namespace(tile_m=64, tile_n=64, tile_k=64, occupancy=16, group_size=1)  :  6.7±0.1 us (5 samples)
  namespace(tile_m=64, tile_n=32, tile_k=64, occupancy=16, group_size=1)  :  6.7±0.1 us (5 samples)
    ... 96 more not shown
  namespace(tile_m=32, tile_n=128, tile_k=64, occupancy=8, group_size=8)  : 18.1±0.2 us (5 samples)
  namespace(tile_m=32, tile_n=128, tile_k=64, occupancy=16, group_size=8) : 18.3±0.1 us (5 samples)
Use .successes and .failures for full results.
  cuTile  autotune → {'tile_m': 64, 'tile_n': 64, 'tile_k': 64, 'occupancy': 8, 'group_size': 1}
  TileLang autotune → {'BLOCK_SIZE_M': 64, 'BLOCK_SIZE_N': 32, 'BLOCK_SIZE_K': 64, 'GROUPSIZE': 1, 'threads': 128, 'num_stages': 2}
  NKI skipped (not available)
Running case: {'BATCH': 32, 'M': 128}, dtype=bf16
  Triton autotune → {'BLOCK_SIZE_M': 64, 'BLOCK_SIZE_N': 64, 'BLOCK_SIZE_K': 64, 'GROUPSIZE': 1, 'num_warps': 4, 'num_stages': 4}
108 succeeded, 0 failed
* namespace(tile_m=64, tile_n=32, tile_k=64, occupancy=16, group_size=8)  :  6.4±0.1 us (5 samples)
  namespace(tile_m=64, tile_n=32, tile_k=64, occupancy=4, group_size=8)   :  6.4±0.1 us (5 samples)
  namespace(tile_m=64, tile_n=32, tile_k=64, occupancy=8, group_size=8)   :  6.4±0.0 us (5 samples)
  namespace(tile_m=64, tile_n=32, tile_k=32, occupancy=8, group_size=1)   :  6.5±0.1 us (5 samples)
  namespace(tile_m=64, tile_n=32, tile_k=32, occupancy=4, group_size=8)   :  6.5±0.0 us (5 samples)
  namespace(tile_m=64, tile_n=32, tile_k=64, occupancy=4, group_size=1)   :  6.5±0.0 us (5 samples)
  namespace(tile_m=64, tile_n=32, tile_k=64, occupancy=16, group_size=1)  :  6.5±0.1 us (5 samples)
  namespace(tile_m=64, tile_n=64, tile_k=64, occupancy=4, group_size=1)   :  6.6±0.1 us (5 samples)
  namespace(tile_m=64, tile_n=64, tile_k=64, occupancy=16, group_size=1)  :  6.6±0.1 us (5 samples)
  namespace(tile_m=64, tile_n=32, tile_k=32, occupancy=16, group_size=8)  :  6.6±0.1 us (5 samples)
    ... 96 more not shown
  namespace(tile_m=32, tile_n=128, tile_k=64, occupancy=16, group_size=8) : 18.1±0.1 us (5 samples)
  namespace(tile_m=32, tile_n=128, tile_k=64, occupancy=8, group_size=8)  : 18.2±0.1 us (5 samples)
Use .successes and .failures for full results.
  cuTile  autotune → {'tile_m': 64, 'tile_n': 32, 'tile_k': 64, 'occupancy': 16, 'group_size': 8}
  TileLang autotune → {'BLOCK_SIZE_M': 64, 'BLOCK_SIZE_N': 32, 'BLOCK_SIZE_K': 64, 'GROUPSIZE': 1, 'threads': 128, 'num_stages': 2}
  NKI skipped (not available)
Running case: {'BATCH': 32, 'M': 128}, dtype=fp32
  Triton autotune → {'BLOCK_SIZE_M': 64, 'BLOCK_SIZE_N': 32, 'BLOCK_SIZE_K': 64, 'GROUPSIZE': 1, 'num_warps': 4, 'num_stages': 3}
108 succeeded, 0 failed
* namespace(tile_m=64, tile_n=32, tile_k=32, occupancy=4, group_size=1)   :  8.5±0.1 us (5 samples)
  namespace(tile_m=64, tile_n=32, tile_k=64, occupancy=4, group_size=1)   :  8.6±0.1 us (5 samples)
  namespace(tile_m=32, tile_n=64, tile_k=32, occupancy=4, group_size=8)   :  8.6±0.1 us (5 samples)
  namespace(tile_m=64, tile_n=32, tile_k=64, occupancy=4, group_size=8)   :  8.7±0.1 us (5 samples)
  namespace(tile_m=64, tile_n=64, tile_k=64, occupancy=16, group_size=1)  :  8.7±0.1 us (5 samples)
  namespace(tile_m=64, tile_n=64, tile_k=64, occupancy=16, group_size=8)  :  8.7±0.1 us (5 samples)
  namespace(tile_m=64, tile_n=32, tile_k=32, occupancy=4, group_size=8)   :  8.7±0.0 us (5 samples)
  namespace(tile_m=64, tile_n=64, tile_k=64, occupancy=8, group_size=1)   :  8.8±0.1 us (5 samples)
  namespace(tile_m=32, tile_n=32, tile_k=32, occupancy=4, group_size=8)   :  8.8±0.1 us (5 samples)
  namespace(tile_m=64, tile_n=64, tile_k=64, occupancy=8, group_size=8)   :  8.8±0.1 us (5 samples)
    ... 96 more not shown
  namespace(tile_m=32, tile_n=128, tile_k=64, occupancy=16, group_size=1) : 30.5±0.3 us (5 samples)
  namespace(tile_m=32, tile_n=128, tile_k=64, occupancy=8, group_size=1)  : 30.6±0.3 us (5 samples)
Use .successes and .failures for full results.
  cuTile  autotune → {'tile_m': 64, 'tile_n': 32, 'tile_k': 32, 'occupancy': 4, 'group_size': 1}
  TileLang autotune → {'BLOCK_SIZE_M': 128, 'BLOCK_SIZE_N': 32, 'BLOCK_SIZE_K': 64, 'GROUPSIZE': 1, 'threads': 128, 'num_stages': 4}
  NKI skipped (not available)
Running case: {'BATCH': 32, 'M': 160}, dtype=fp16
  Triton autotune → {'BLOCK_SIZE_M': 64, 'BLOCK_SIZE_N': 32, 'BLOCK_SIZE_K': 64, 'GROUPSIZE': 1, 'num_warps': 4, 'num_stages': 3}
108 succeeded, 0 failed
* namespace(tile_m=64, tile_n=64, tile_k=64, occupancy=4, group_size=8)   :  7.7±0.0 us (5 samples)
  namespace(tile_m=64, tile_n=64, tile_k=32, occupancy=8, group_size=1)   :  7.7±0.1 us (5 samples)
  namespace(tile_m=64, tile_n=64, tile_k=32, occupancy=4, group_size=1)   :  7.8±0.1 us (5 samples)
  namespace(tile_m=64, tile_n=32, tile_k=64, occupancy=8, group_size=1)   :  7.8±0.1 us (5 samples)
  namespace(tile_m=64, tile_n=64, tile_k=32, occupancy=4, group_size=8)   :  7.8±0.1 us (5 samples)
  namespace(tile_m=64, tile_n=32, tile_k=64, occupancy=8, group_size=8)   :  7.8±0.1 us (5 samples)
  namespace(tile_m=64, tile_n=64, tile_k=32, occupancy=16, group_size=8)  :  7.8±0.1 us (5 samples)
  namespace(tile_m=64, tile_n=64, tile_k=64, occupancy=16, group_size=8)  :  7.8±0.1 us (5 samples)
  namespace(tile_m=64, tile_n=64, tile_k=32, occupancy=8, group_size=8)   :  7.8±0.1 us (5 samples)
  namespace(tile_m=64, tile_n=64, tile_k=32, occupancy=16, group_size=1)  :  7.8±0.1 us (5 samples)
    ... 96 more not shown
  namespace(tile_m=32, tile_n=128, tile_k=64, occupancy=8, group_size=8)  : 37.8±0.3 us (5 samples)
  namespace(tile_m=32, tile_n=128, tile_k=64, occupancy=16, group_size=1) : 37.8±0.3 us (5 samples)
Use .successes and .failures for full results.
  cuTile  autotune → {'tile_m': 64, 'tile_n': 64, 'tile_k': 64, 'occupancy': 4, 'group_size': 8}
  TileLang autotune → {'BLOCK_SIZE_M': 32, 'BLOCK_SIZE_N': 32, 'BLOCK_SIZE_K': 32, 'GROUPSIZE': 1, 'threads': 128, 'num_stages': 2}
  NKI skipped (not available)
Running case: {'BATCH': 32, 'M': 160}, dtype=bf16
  Triton autotune → {'BLOCK_SIZE_M': 64, 'BLOCK_SIZE_N': 32, 'BLOCK_SIZE_K': 64, 'GROUPSIZE': 1, 'num_warps': 4, 'num_stages': 3}
108 succeeded, 0 failed
* namespace(tile_m=64, tile_n=64, tile_k=32, occupancy=16, group_size=8)  :  7.5±0.0 us (5 samples)
  namespace(tile_m=64, tile_n=32, tile_k=64, occupancy=8, group_size=1)   :  7.5±0.1 us (5 samples)
  namespace(tile_m=64, tile_n=32, tile_k=64, occupancy=8, group_size=8)   :  7.6±0.1 us (5 samples)
  namespace(tile_m=64, tile_n=64, tile_k=64, occupancy=8, group_size=8)   :  7.6±0.1 us (5 samples)
  namespace(tile_m=64, tile_n=32, tile_k=64, occupancy=16, group_size=1)  :  7.6±0.2 us (5 samples)
  namespace(tile_m=64, tile_n=64, tile_k=32, occupancy=16, group_size=1)  :  7.6±0.1 us (5 samples)
  namespace(tile_m=64, tile_n=64, tile_k=32, occupancy=8, group_size=1)   :  7.6±0.1 us (5 samples)
  namespace(tile_m=64, tile_n=64, tile_k=32, occupancy=4, group_size=1)   :  7.6±0.1 us (5 samples)
  namespace(tile_m=64, tile_n=128, tile_k=32, occupancy=8, group_size=1)  :  7.6±0.1 us (5 samples)
  namespace(tile_m=64, tile_n=64, tile_k=32, occupancy=8, group_size=8)   :  7.6±0.1 us (5 samples)
    ... 96 more not shown
  namespace(tile_m=32, tile_n=128, tile_k=64, occupancy=16, group_size=1) : 37.5±0.1 us (5 samples)
  namespace(tile_m=32, tile_n=128, tile_k=64, occupancy=8, group_size=8)  : 37.6±0.5 us (5 samples)
Use .successes and .failures for full results.
  cuTile  autotune → {'tile_m': 64, 'tile_n': 64, 'tile_k': 32, 'occupancy': 16, 'group_size': 8}
  TileLang autotune → {'BLOCK_SIZE_M': 32, 'BLOCK_SIZE_N': 32, 'BLOCK_SIZE_K': 64, 'GROUPSIZE': 1, 'threads': 128, 'num_stages': 3}
  NKI skipped (not available)
Running case: {'BATCH': 32, 'M': 160}, dtype=fp32
  Triton autotune → {'BLOCK_SIZE_M': 64, 'BLOCK_SIZE_N': 32, 'BLOCK_SIZE_K': 32, 'GROUPSIZE': 1, 'num_warps': 4, 'num_stages': 3}
90 succeeded, 18 failed
* namespace(tile_m=64, tile_n=32, tile_k=32, occupancy=16, group_size=8) : 11.4±0.1 us (5 samples)
  namespace(tile_m=64, tile_n=32, tile_k=32, occupancy=8, group_size=8)  : 11.4±0.1 us (5 samples)
  namespace(tile_m=64, tile_n=32, tile_k=32, occupancy=16, group_size=1) : 11.4±0.1 us (5 samples)
  namespace(tile_m=64, tile_n=32, tile_k=32, occupancy=8, group_size=1)  : 11.5±0.1 us (5 samples)
  namespace(tile_m=64, tile_n=32, tile_k=64, occupancy=4, group_size=1)  : 11.9±0.1 us (5 samples)
  namespace(tile_m=64, tile_n=32, tile_k=64, occupancy=4, group_size=8)  : 12.0±0.1 us (5 samples)
  namespace(tile_m=64, tile_n=32, tile_k=32, occupancy=4, group_size=8)  : 12.0±0.1 us (5 samples)
  namespace(tile_m=64, tile_n=32, tile_k=32, occupancy=4, group_size=1)  : 12.2±0.1 us (5 samples)
  namespace(tile_m=32, tile_n=64, tile_k=32, occupancy=4, group_size=8)  : 12.5±0.1 us (5 samples)
  namespace(tile_m=32, tile_n=64, tile_k=32, occupancy=4, group_size=1)  : 12.6±0.3 us (5 samples)
    ... 78 more not shown
  namespace(tile_m=32, tile_n=128, tile_k=64, occupancy=8, group_size=1) : 88.6±1.1 us (5 samples)
  namespace(tile_m=32, tile_n=128, tile_k=64, occupancy=8, group_size=8) : 89.0±0.8 us (5 samples)
  18 failed:
    namespace(tile_m=128, tile_n=64, tile_k=64, occupancy=4, group_size=1): RuntimeError: cuStreamSynchronize: an illegal instruction was encountered
    namespace(tile_m=128, tile_n=64, tile_k=64, occupancy=8, group_size=1): RuntimeError: Failed to get a CUDA context from a stream: an illegal in...
    namespace(tile_m=128, tile_n=64, tile_k=64, occupancy=16, group_size=1): RuntimeError: Failed to get a CUDA context from a stream: an illegal in...
    namespace(tile_m=128, tile_n=64, tile_k=64, occupancy=4, group_size=8): RuntimeError: Failed to get a CUDA context from a stream: an illegal in...
    namespace(tile_m=128, tile_n=64, tile_k=64, occupancy=8, group_size=8): RuntimeError: Failed to get a CUDA context from a stream: an illegal in...
    namespace(tile_m=128, tile_n=64, tile_k=64, occupancy=16, group_size=8): RuntimeError: Failed to get a CUDA context from a stream: an illegal in...
    namespace(tile_m=128, tile_n=128, tile_k=32, occupancy=4, group_size=1): RuntimeError: Failed to get a CUDA context from a stream: an illegal in...
    namespace(tile_m=128, tile_n=128, tile_k=32, occupancy=8, group_size=1): RuntimeError: Failed to get a CUDA context from a stream: an illegal in...
    namespace(tile_m=128, tile_n=128, tile_k=32, occupancy=16, group_size=1): RuntimeError: Failed to get a CUDA context from a stream: an illegal in...
    namespace(tile_m=128, tile_n=128, tile_k=32, occupancy=4, group_size=8): RuntimeError: Failed to get a CUDA context from a stream: an illegal in...
    ... 8 more not shown
Use .successes and .failures for full results.
  cuTile execution FAILED: Failed to get a CUDA context from a stream: an illegal instruction was encountered
2026-10-02 07:58:27,894 INFO:Auto-tuning with 0.9 CPU utilizations, 72 CPUs available, 64 CPUs will be used
2026-10-02 07:58:28,042 WARNING:Benchmark timeout is enforced in benchmark workers by running each benchmark call in a daemon sub-thread and waiting up to the configured timeout.
Compiling configurations:   0%|          | 0/132 [00:00<?, ?it/s]
Bench configurations:   0%|          | 0/132 [00:00<?, ?it/s][ACompiling configurations:   6%|▌         | 8/132 [00:00<00:01, 77.09it/s]Compiling configurations:  24%|██▍       | 32/132 [00:00<00:00, 169.09it/s]Compiling configurations:  50%|█████     | 66/132 [00:00<00:00, 194.75it/s]Compiling configurations:  65%|██████▌   | 86/132 [00:00<00:00, 178.51it/s]Compiling configurations:  97%|█████████▋| 128/132 [00:00<00:00, 251.05it/s]
Bench configurations:   1%|          | 1/132 [00:00<01:19,  1.66it/s][A2026-10-02 07:58:28,686 WARNING:An error occurred while testing config {'BLOCK_SIZE_M': 32, 'BLOCK_SIZE_N': 32, 'BLOCK_SIZE_K': 32, 'GROUPSIZE': 1, 'threads': 128, 'num_stages': 4}, checkout autotuner.log for more details
2026-10-02 07:58:28,686 WARNING:An error occurred while testing config {'BLOCK_SIZE_M': 32, 'BLOCK_SIZE_N': 32, 'BLOCK_SIZE_K': 32, 'GROUPSIZE': 8, 'threads': 128, 'num_stages': 2}, checkout autotuner.log for more details
2026-10-02 07:58:28,686 WARNING:An error occurred while testing config {'BLOCK_SIZE_M': 32, 'BLOCK_SIZE_N': 32, 'BLOCK_SIZE_K': 32, 'GROUPSIZE': 1, 'threads': 128, 'num_stages': 3}, checkout autotuner.log for more details
2026-10-02 07:58:28,687 WARNING:An error occurred while testing config {'BLOCK_SIZE_M': 32, 'BLOCK_SIZE_N': 32, 'BLOCK_SIZE_K': 32, 'GROUPSIZE': 1, 'threads': 128, 'num_stages': 2}, checkout autotuner.log for more details
2026-10-02 07:58:28,687 WARNING:An error occurred while testing config {'BLOCK_SIZE_M': 32, 'BLOCK_SIZE_N': 32, 'BLOCK_SIZE_K': 32, 'GROUPSIZE': 8, 'threads': 256, 'num_stages': 2}, checkout autotuner.log for more details
2026-10-02 07:58:28,688 WARNING:An error occurred while testing config {'BLOCK_SIZE_M': 32, 'BLOCK_SIZE_N': 32, 'BLOCK_SIZE_K': 32, 'GROUPSIZE': 1, 'threads': 256, 'num_stages': 2}, checkout autotuner.log for more details
2026-10-02 07:58:28,688 WARNING:An error occurred while testing config {'BLOCK_SIZE_M': 32, 'BLOCK_SIZE_N': 32, 'BLOCK_SIZE_K': 32, 'GROUPSIZE': 8, 'threads': 128, 'num_stages': 3}, checkout autotuner.log for more details
2026-10-02 07:58:28,689 WARNING:An error occurred while testing config {'BLOCK_SIZE_M': 32, 'BLOCK_SIZE_N': 32, 'BLOCK_SIZE_K': 32, 'GROUPSIZE': 1, 'threads': 256, 'num_stages': 3}, checkout autotuner.log for more details
2026-10-02 07:58:28,689 WARNING:An error occurred while testing config {'BLOCK_SIZE_M': 32, 'BLOCK_SIZE_N': 32, 'BLOCK_SIZE_K': 64, 'GROUPSIZE': 1, 'threads': 128, 'num_stages': 2}, checkout autotuner.log for more details
2026-10-02 07:58:28,690 WARNING:An error occurred while testing config {'BLOCK_SIZE_M': 32, 'BLOCK_SIZE_N': 32, 'BLOCK_SIZE_K': 32, 'GROUPSIZE': 1, 'threads': 256, 'num_stages': 4}, checkout autotuner.log for more details
2026-10-02 07:58:28,690 WARNING:An error occurred while testing config {'BLOCK_SIZE_M': 32, 'BLOCK_SIZE_N': 32, 'BLOCK_SIZE_K': 64, 'GROUPSIZE': 8, 'threads': 256, 'num_stages': 2}, checkout autotuner.log for more details
2026-10-02 07:58:28,690 WARNING:An error occurred while testing config {'BLOCK_SIZE_M': 32, 'BLOCK_SIZE_N': 32, 'BLOCK_SIZE_K': 64, 'GROUPSIZE': 1, 'threads': 128, 'num_stages': 4}, checkout autotuner.log for more details
2026-10-02 07:58:28,691 WARNING:An error occurred while testing config {'BLOCK_SIZE_M': 32, 'BLOCK_SIZE_N': 64, 'BLOCK_SIZE_K': 64, 'GROUPSIZE': 1, 'threads': 256, 'num_stages': 2}, checkout autotuner.log for more details
2026-10-02 07:58:28,691 WARNING:An error occurred while testing config {'BLOCK_SIZE_M': 32, 'BLOCK_SIZE_N': 32, 'BLOCK_SIZE_K': 32, 'GROUPSIZE': 8, 'threads': 128, 'num_stages': 4}, checkout autotuner.log for more details
2026-10-02 07:58:28,692 WARNING:An error occurred while testing config {'BLOCK_SIZE_M': 32, 'BLOCK_SIZE_N': 32, 'BLOCK_SIZE_K': 32, 'GROUPSIZE': 8, 'threads': 256, 'num_stages': 3}, checkout autotuner.log for more details
2026-10-02 07:58:28,692 WARNING:An error occurred while testing config {'BLOCK_SIZE_M': 32, 'BLOCK_SIZE_N': 32, 'BLOCK_SIZE_K': 64, 'GROUPSIZE': 1, 'threads': 128, 'num_stages': 3}, checkout autotuner.log for more details
2026-10-02 07:58:28,692 WARNING:An error occurred while testing config {'BLOCK_SIZE_M': 32, 'BLOCK_SIZE_N': 32, 'BLOCK_SIZE_K': 64, 'GROUPSIZE': 8, 'threads': 128, 'num_stages': 3}, checkout autotuner.log for more details
2026-10-02 07:58:28,693 WARNING:An error occurred while testing config {'BLOCK_SIZE_M': 32, 'BLOCK_SIZE_N': 32, 'BLOCK_SIZE_K': 64, 'GROUPSIZE': 8, 'threads': 256, 'num_stages': 3}, checkout autotuner.log for more details
2026-10-02 07:58:28,693 WARNING:An error occurred while testing config {'BLOCK_SIZE_M': 32, 'BLOCK_SIZE_N': 32, 'BLOCK_SIZE_K': 32, 'GROUPSIZE': 8, 'threads': 256, 'num_stages': 4}, checkout autotuner.log for more details
2026-10-02 07:58:28,694 WARNING:An error occurred while testing config {'BLOCK_SIZE_M': 32, 'BLOCK_SIZE_N': 32, 'BLOCK_SIZE_K': 64, 'GROUPSIZE': 1, 'threads': 256, 'num_stages': 4}, checkout autotuner.log for more details
2026-10-02 07:58:28,694 WARNING:An error occurred while testing config {'BLOCK_SIZE_M': 32, 'BLOCK_SIZE_N': 32, 'BLOCK_SIZE_K': 64, 'GROUPSIZE': 8, 'threads': 256, 'num_stages': 4}, checkout autotuner.log for more details
2026-10-02 07:58:28,694 WARNING:An error occurred while testing config {'BLOCK_SIZE_M': 64, 'BLOCK_SIZE_N': 32, 'BLOCK_SIZE_K': 32, 'GROUPSIZE': 1, 'threads': 256, 'num_stages': 4}, checkout autotuner.log for more details
2026-10-02 07:58:28,695 WARNING:An error occurred while testing config {'BLOCK_SIZE_M': 32, 'BLOCK_SIZE_N': 32, 'BLOCK_SIZE_K': 64, 'GROUPSIZE': 1, 'threads': 256, 'num_stages': 3}, checkout autotuner.log for more details
2026-10-02 07:58:28,695 WARNING:An error occurred while testing config {'BLOCK_SIZE_M': 32, 'BLOCK_SIZE_N': 128, 'BLOCK_SIZE_K': 64, 'GROUPSIZE': 8, 'threads': 128, 'num_stages': 3}, checkout autotuner.log for more details
2026-10-02 07:58:28,696 WARNING:An error occurred while testing config {'BLOCK_SIZE_M': 32, 'BLOCK_SIZE_N': 32, 'BLOCK_SIZE_K': 64, 'GROUPSIZE': 1, 'threads': 256, 'num_stages': 2}, checkout autotuner.log for more details
2026-10-02 07:58:28,696 WARNING:An error occurred while testing config {'BLOCK_SIZE_M': 32, 'BLOCK_SIZE_N': 32, 'BLOCK_SIZE_K': 64, 'GROUPSIZE': 8, 'threads': 128, 'num_stages': 2}, checkout autotuner.log for more details
2026-10-02 07:58:28,697 WARNING:An error occurred while testing config {'BLOCK_SIZE_M': 64, 'BLOCK_SIZE_N': 32, 'BLOCK_SIZE_K': 32, 'GROUPSIZE': 1, 'threads': 128, 'num_stages': 4}, checkout autotuner.log for more details
2026-10-02 07:58:28,697 WARNING:An error occurred while testing config {'BLOCK_SIZE_M': 32, 'BLOCK_SIZE_N': 32, 'BLOCK_SIZE_K': 64, 'GROUPSIZE': 8, 'threads': 128, 'num_stages': 4}, checkout autotuner.log for more details
2026-10-02 07:58:28,697 WARNING:An error occurred while testing config {'BLOCK_SIZE_M': 32, 'BLOCK_SIZE_N': 128, 'BLOCK_SIZE_K': 32, 'GROUPSIZE': 1, 'threads': 128, 'num_stages': 2}, checkout autotuner.log for more details
2026-10-02 07:58:28,698 WARNING:An error occurred while testing config {'BLOCK_SIZE_M': 32, 'BLOCK_SIZE_N': 128, 'BLOCK_SIZE_K': 64, 'GROUPSIZE': 1, 'threads': 128, 'num_stages': 3}, checkout autotuner.log for more details
2026-10-02 07:58:28,698 WARNING:An error occurred while testing config {'BLOCK_SIZE_M': 32, 'BLOCK_SIZE_N': 64, 'BLOCK_SIZE_K': 64, 'GROUPSIZE': 8, 'threads': 256, 'num_stages': 2}, checkout autotuner.log for more details
2026-10-02 07:58:28,698 WARNING:An error occurred while testing config {'BLOCK_SIZE_M': 64, 'BLOCK_SIZE_N': 32, 'BLOCK_SIZE_K': 32, 'GROUPSIZE': 8, 'threads': 128, 'num_stages': 2}, checkout autotuner.log for more details
2026-10-02 07:58:28,699 WARNING:An error occurred while testing config {'BLOCK_SIZE_M': 64, 'BLOCK_SIZE_N': 32, 'BLOCK_SIZE_K': 64, 'GROUPSIZE': 1, 'threads': 128, 'num_stages': 3}, checkout autotuner.log for more details
2026-10-02 07:58:28,699 WARNING:An error occurred while testing config {'BLOCK_SIZE_M': 64, 'BLOCK_SIZE_N': 32, 'BLOCK_SIZE_K': 32, 'GROUPSIZE': 8, 'threads': 128, 'num_stages': 3}, checkout autotuner.log for more details
2026-10-02 07:58:28,700 WARNING:An error occurred while testing config {'BLOCK_SIZE_M': 64, 'BLOCK_SIZE_N': 32, 'BLOCK_SIZE_K': 32, 'GROUPSIZE': 1, 'threads': 128, 'num_stages': 2}, checkout autotuner.log for more details
2026-10-02 07:58:28,700 WARNING:An error occurred while testing config {'BLOCK_SIZE_M': 32, 'BLOCK_SIZE_N': 128, 'BLOCK_SIZE_K': 64, 'GROUPSIZE': 1, 'threads': 256, 'num_stages': 3}, checkout autotuner.log for more details
2026-10-02 07:58:28,700 WARNING:An error occurred while testing config {'BLOCK_SIZE_M': 64, 'BLOCK_SIZE_N': 32, 'BLOCK_SIZE_K': 32, 'GROUPSIZE': 8, 'threads': 128, 'num_stages': 4}, checkout autotuner.log for more details
2026-10-02 07:58:28,701 WARNING:An error occurred while testing config {'BLOCK_SIZE_M': 32, 'BLOCK_SIZE_N': 128, 'BLOCK_SIZE_K': 64, 'GROUPSIZE': 8, 'threads': 256, 'num_stages': 3}, checkout autotuner.log for more details
2026-10-02 07:58:28,701 WARNING:An error occurred while testing config {'BLOCK_SIZE_M': 32, 'BLOCK_SIZE_N': 128, 'BLOCK_SIZE_K': 32, 'GROUPSIZE': 8, 'threads': 128, 'num_stages': 2}, checkout autotuner.log for more details
2026-10-02 07:58:28,702 WARNING:An error occurred while testing config {'BLOCK_SIZE_M': 64, 'BLOCK_SIZE_N': 32, 'BLOCK_SIZE_K': 32, 'GROUPSIZE': 1, 'threads': 128, 'num_stages': 3}, checkout autotuner.log for more details
2026-10-02 07:58:28,702 WARNING:An error occurred while testing config {'BLOCK_SIZE_M': 64, 'BLOCK_SIZE_N': 32, 'BLOCK_SIZE_K': 64, 'GROUPSIZE': 1, 'threads': 256, 'num_stages': 2}, checkout autotuner.log for more details
2026-10-02 07:58:28,703 WARNING:An error occurred while testing config {'BLOCK_SIZE_M': 64, 'BLOCK_SIZE_N': 32, 'BLOCK_SIZE_K': 32, 'GROUPSIZE': 1, 'threads': 256, 'num_stages': 2}, checkout autotuner.log for more details
2026-10-02 07:58:28,703 WARNING:An error occurred while testing config {'BLOCK_SIZE_M': 64, 'BLOCK_SIZE_N': 32, 'BLOCK_SIZE_K': 32, 'GROUPSIZE': 8, 'threads': 256, 'num_stages': 3}, checkout autotuner.log for more details
2026-10-02 07:58:28,703 WARNING:An error occurred while testing config {'BLOCK_SIZE_M': 64, 'BLOCK_SIZE_N': 32, 'BLOCK_SIZE_K': 64, 'GROUPSIZE': 1, 'threads': 128, 'num_stages': 4}, checkout autotuner.log for more details
2026-10-02 07:58:28,704 WARNING:An error occurred while testing config {'BLOCK_SIZE_M': 64, 'BLOCK_SIZE_N': 32, 'BLOCK_SIZE_K': 64, 'GROUPSIZE': 8, 'threads': 256, 'num_stages': 3}, checkout autotuner.log for more details
2026-10-02 07:58:28,704 WARNING:An error occurred while testing config {'BLOCK_SIZE_M': 64, 'BLOCK_SIZE_N': 32, 'BLOCK_SIZE_K': 64, 'GROUPSIZE': 1, 'threads': 256, 'num_stages': 4}, checkout autotuner.log for more details
2026-10-02 07:58:28,705 WARNING:An error occurred while testing config {'BLOCK_SIZE_M': 64, 'BLOCK_SIZE_N': 32, 'BLOCK_SIZE_K': 32, 'GROUPSIZE': 1, 'threads': 256, 'num_stages': 3}, checkout autotuner.log for more details
2026-10-02 07:58:28,705 WARNING:An error occurred while testing config {'BLOCK_SIZE_M': 64, 'BLOCK_SIZE_N': 32, 'BLOCK_SIZE_K': 64, 'GROUPSIZE': 1, 'threads': 128, 'num_stages': 2}, checkout autotuner.log for more details
2026-10-02 07:58:28,705 WARNING:An error occurred while testing config {'BLOCK_SIZE_M': 64, 'BLOCK_SIZE_N': 128, 'BLOCK_SIZE_K': 32, 'GROUPSIZE': 1, 'threads': 128, 'num_stages': 3}, checkout autotuner.log for more details
2026-10-02 07:58:28,706 WARNING:An error occurred while testing config {'BLOCK_SIZE_M': 64, 'BLOCK_SIZE_N': 128, 'BLOCK_SIZE_K': 32, 'GROUPSIZE': 1, 'threads': 128, 'num_stages': 2}, checkout autotuner.log for more details
2026-10-02 07:58:28,706 WARNING:An error occurred while testing config {'BLOCK_SIZE_M': 64, 'BLOCK_SIZE_N': 32, 'BLOCK_SIZE_K': 64, 'GROUPSIZE': 8, 'threads': 128, 'num_stages': 2}, checkout autotuner.log for more details
2026-10-02 07:58:28,707 WARNING:An error occurred while testing config {'BLOCK_SIZE_M': 64, 'BLOCK_SIZE_N': 32, 'BLOCK_SIZE_K': 64, 'GROUPSIZE': 8, 'threads': 256, 'num_stages': 2}, checkout autotuner.log for more details
2026-10-02 07:58:28,707 WARNING:An error occurred while testing config {'BLOCK_SIZE_M': 64, 'BLOCK_SIZE_N': 32, 'BLOCK_SIZE_K': 32, 'GROUPSIZE': 8, 'threads': 256, 'num_stages': 2}, checkout autotuner.log for more details
2026-10-02 07:58:28,707 WARNING:An error occurred while testing config {'BLOCK_SIZE_M': 64, 'BLOCK_SIZE_N': 32, 'BLOCK_SIZE_K': 64, 'GROUPSIZE': 8, 'threads': 128, 'num_stages': 3}, checkout autotuner.log for more details
2026-10-02 07:58:28,708 WARNING:An error occurred while testing config {'BLOCK_SIZE_M': 64, 'BLOCK_SIZE_N': 128, 'BLOCK_SIZE_K': 32, 'GROUPSIZE': 1, 'threads': 256, 'num_stages': 2}, checkout autotuner.log for more details
2026-10-02 07:58:28,708 WARNING:An error occurred while testing config {'BLOCK_SIZE_M': 64, 'BLOCK_SIZE_N': 128, 'BLOCK_SIZE_K': 32, 'GROUPSIZE': 1, 'threads': 128, 'num_stages': 4}, checkout autotuner.log for more details
2026-10-02 07:58:28,708 WARNING:An error occurred while testing config {'BLOCK_SIZE_M': 64, 'BLOCK_SIZE_N': 128, 'BLOCK_SIZE_K': 32, 'GROUPSIZE': 1, 'threads': 256, 'num_stages': 4}, checkout autotuner.log for more details
2026-10-02 07:58:28,709 WARNING:An error occurred while testing config {'BLOCK_SIZE_M': 64, 'BLOCK_SIZE_N': 32, 'BLOCK_SIZE_K': 64, 'GROUPSIZE': 8, 'threads': 256, 'num_stages': 4}, checkout autotuner.log for more details
2026-10-02 07:58:28,709 WARNING:An error occurred while testing config {'BLOCK_SIZE_M': 64, 'BLOCK_SIZE_N': 32, 'BLOCK_SIZE_K': 64, 'GROUPSIZE': 1, 'threads': 256, 'num_stages': 3}, checkout autotuner.log for more details
2026-10-02 07:58:28,710 WARNING:An error occurred while testing config {'BLOCK_SIZE_M': 64, 'BLOCK_SIZE_N': 128, 'BLOCK_SIZE_K': 32, 'GROUPSIZE': 8, 'threads': 128, 'num_stages': 4}, checkout autotuner.log for more details
2026-10-02 07:58:28,710 WARNING:An error occurred while testing config {'BLOCK_SIZE_M': 64, 'BLOCK_SIZE_N': 128, 'BLOCK_SIZE_K': 32, 'GROUPSIZE': 8, 'threads': 128, 'num_stages': 2}, checkout autotuner.log for more details
2026-10-02 07:58:28,710 WARNING:An error occurred while testing config {'BLOCK_SIZE_M': 64, 'BLOCK_SIZE_N': 128, 'BLOCK_SIZE_K': 32, 'GROUPSIZE': 1, 'threads': 256, 'num_stages': 3}, checkout autotuner.log for more details
2026-10-02 07:58:28,711 WARNING:An error occurred while testing config {'BLOCK_SIZE_M': 64, 'BLOCK_SIZE_N': 32, 'BLOCK_SIZE_K': 32, 'GROUPSIZE': 8, 'threads': 256, 'num_stages': 4}, checkout autotuner.log for more details
2026-10-02 07:58:28,711 WARNING:An error occurred while testing config {'BLOCK_SIZE_M': 64, 'BLOCK_SIZE_N': 128, 'BLOCK_SIZE_K': 32, 'GROUPSIZE': 8, 'threads': 128, 'num_stages': 3}, checkout autotuner.log for more details
2026-10-02 07:58:28,712 WARNING:An error occurred while testing config {'BLOCK_SIZE_M': 64, 'BLOCK_SIZE_N': 32, 'BLOCK_SIZE_K': 64, 'GROUPSIZE': 8, 'threads': 128, 'num_stages': 4}, checkout autotuner.log for more details
2026-10-02 07:58:28,712 WARNING:An error occurred while testing config {'BLOCK_SIZE_M': 64, 'BLOCK_SIZE_N': 128, 'BLOCK_SIZE_K': 32, 'GROUPSIZE': 8, 'threads': 256, 'num_stages': 3}, checkout autotuner.log for more details
2026-10-02 07:58:28,712 WARNING:An error occurred while testing config {'BLOCK_SIZE_M': 64, 'BLOCK_SIZE_N': 128, 'BLOCK_SIZE_K': 32, 'GROUPSIZE': 8, 'threads': 256, 'num_stages': 2}, checkout autotuner.log for more details
2026-10-02 07:58:28,713 WARNING:An error occurred while testing config {'BLOCK_SIZE_M': 64, 'BLOCK_SIZE_N': 128, 'BLOCK_SIZE_K': 32, 'GROUPSIZE': 8, 'threads': 256, 'num_stages': 4}, checkout autotuner.log for more details
2026-10-02 07:58:28,713 WARNING:An error occurred while testing config {'BLOCK_SIZE_M': 64, 'BLOCK_SIZE_N': 128, 'BLOCK_SIZE_K': 64, 'GROUPSIZE': 1, 'threads': 128, 'num_stages': 3}, checkout autotuner.log for more details
2026-10-02 07:58:28,713 WARNING:An error occurred while testing config {'BLOCK_SIZE_M': 64, 'BLOCK_SIZE_N': 128, 'BLOCK_SIZE_K': 64, 'GROUPSIZE': 8, 'threads': 256, 'num_stages': 2}, checkout autotuner.log for more details
2026-10-02 07:58:28,714 WARNING:An error occurred while testing config {'BLOCK_SIZE_M': 64, 'BLOCK_SIZE_N': 128, 'BLOCK_SIZE_K': 64, 'GROUPSIZE': 1, 'threads': 128, 'num_stages': 2}, checkout autotuner.log for more details
2026-10-02 07:58:28,714 WARNING:An error occurred while testing config {'BLOCK_SIZE_M': 64, 'BLOCK_SIZE_N': 128, 'BLOCK_SIZE_K': 64, 'GROUPSIZE': 1, 'threads': 256, 'num_stages': 3}, checkout autotuner.log for more details
2026-10-02 07:58:28,715 WARNING:An error occurred while testing config {'BLOCK_SIZE_M': 128, 'BLOCK_SIZE_N': 32, 'BLOCK_SIZE_K': 32, 'GROUPSIZE': 1, 'threads': 128, 'num_stages': 3}, checkout autotuner.log for more details
2026-10-02 07:58:28,715 WARNING:An error occurred while testing config {'BLOCK_SIZE_M': 64, 'BLOCK_SIZE_N': 128, 'BLOCK_SIZE_K': 64, 'GROUPSIZE': 8, 'threads': 128, 'num_stages': 2}, checkout autotuner.log for more details
2026-10-02 07:58:28,715 WARNING:An error occurred while testing config {'BLOCK_SIZE_M': 64, 'BLOCK_SIZE_N': 128, 'BLOCK_SIZE_K': 64, 'GROUPSIZE': 8, 'threads': 128, 'num_stages': 3}, checkout autotuner.log for more details
2026-10-02 07:58:28,716 WARNING:An error occurred while testing config {'BLOCK_SIZE_M': 64, 'BLOCK_SIZE_N': 128, 'BLOCK_SIZE_K': 64, 'GROUPSIZE': 1, 'threads': 256, 'num_stages': 2}, checkout autotuner.log for more details
2026-10-02 07:58:28,716 WARNING:An error occurred while testing config {'BLOCK_SIZE_M': 128, 'BLOCK_SIZE_N': 32, 'BLOCK_SIZE_K': 32, 'GROUPSIZE': 1, 'threads': 128, 'num_stages': 2}, checkout autotuner.log for more details
2026-10-02 07:58:28,717 WARNING:An error occurred while testing config {'BLOCK_SIZE_M': 128, 'BLOCK_SIZE_N': 32, 'BLOCK_SIZE_K': 32, 'GROUPSIZE': 8, 'threads': 128, 'num_stages': 3}, checkout autotuner.log for more details
2026-10-02 07:58:28,717 WARNING:An error occurred while testing config {'BLOCK_SIZE_M': 128, 'BLOCK_SIZE_N': 32, 'BLOCK_SIZE_K': 64, 'GROUPSIZE': 1, 'threads': 128, 'num_stages': 4}, checkout autotuner.log for more details
2026-10-02 07:58:28,717 WARNING:An error occurred while testing config {'BLOCK_SIZE_M': 128, 'BLOCK_SIZE_N': 32, 'BLOCK_SIZE_K': 32, 'GROUPSIZE': 1, 'threads': 128, 'num_stages': 4}, checkout autotuner.log for more details
2026-10-02 07:58:28,718 WARNING:An error occurred while testing config {'BLOCK_SIZE_M': 128, 'BLOCK_SIZE_N': 32, 'BLOCK_SIZE_K': 32, 'GROUPSIZE': 8, 'threads': 256, 'num_stages': 2}, checkout autotuner.log for more details
2026-10-02 07:58:28,718 WARNING:An error occurred while testing config {'BLOCK_SIZE_M': 128, 'BLOCK_SIZE_N': 32, 'BLOCK_SIZE_K': 32, 'GROUPSIZE': 1, 'threads': 256, 'num_stages': 2}, checkout autotuner.log for more details
2026-10-02 07:58:28,719 WARNING:An error occurred while testing config {'BLOCK_SIZE_M': 64, 'BLOCK_SIZE_N': 128, 'BLOCK_SIZE_K': 64, 'GROUPSIZE': 8, 'threads': 256, 'num_stages': 3}, checkout autotuner.log for more details
2026-10-02 07:58:28,719 WARNING:An error occurred while testing config {'BLOCK_SIZE_M': 128, 'BLOCK_SIZE_N': 32, 'BLOCK_SIZE_K': 64, 'GROUPSIZE': 1, 'threads': 128, 'num_stages': 2}, checkout autotuner.log for more details
2026-10-02 07:58:28,719 WARNING:An error occurred while testing config {'BLOCK_SIZE_M': 128, 'BLOCK_SIZE_N': 32, 'BLOCK_SIZE_K': 64, 'GROUPSIZE': 1, 'threads': 256, 'num_stages': 2}, checkout autotuner.log for more details
2026-10-02 07:58:28,720 WARNING:An error occurred while testing config {'BLOCK_SIZE_M': 128, 'BLOCK_SIZE_N': 32, 'BLOCK_SIZE_K': 64, 'GROUPSIZE': 1, 'threads': 128, 'num_stages': 3}, checkout autotuner.log for more details
2026-10-02 07:58:28,720 WARNING:An error occurred while testing config {'BLOCK_SIZE_M': 128, 'BLOCK_SIZE_N': 32, 'BLOCK_SIZE_K': 64, 'GROUPSIZE': 8, 'threads': 128, 'num_stages': 2}, checkout autotuner.log for more details
2026-10-02 07:58:28,721 WARNING:An error occurred while testing config {'BLOCK_SIZE_M': 128, 'BLOCK_SIZE_N': 64, 'BLOCK_SIZE_K': 32, 'GROUPSIZE': 1, 'threads': 128, 'num_stages': 2}, checkout autotuner.log for more details
2026-10-02 07:58:28,721 WARNING:An error occurred while testing config {'BLOCK_SIZE_M': 128, 'BLOCK_SIZE_N': 32, 'BLOCK_SIZE_K': 32, 'GROUPSIZE': 8, 'threads': 128, 'num_stages': 2}, checkout autotuner.log for more details
2026-10-02 07:58:28,721 WARNING:An error occurred while testing config {'BLOCK_SIZE_M': 128, 'BLOCK_SIZE_N': 32, 'BLOCK_SIZE_K': 32, 'GROUPSIZE': 8, 'threads': 128, 'num_stages': 4}, checkout autotuner.log for more details
2026-10-02 07:58:28,722 WARNING:An error occurred while testing config {'BLOCK_SIZE_M': 128, 'BLOCK_SIZE_N': 32, 'BLOCK_SIZE_K': 64, 'GROUPSIZE': 8, 'threads': 128, 'num_stages': 3}, checkout autotuner.log for more details
2026-10-02 07:58:28,722 WARNING:An error occurred while testing config {'BLOCK_SIZE_M': 128, 'BLOCK_SIZE_N': 32, 'BLOCK_SIZE_K': 64, 'GROUPSIZE': 1, 'threads': 256, 'num_stages': 4}, checkout autotuner.log for more details
2026-10-02 07:58:28,722 WARNING:An error occurred while testing config {'BLOCK_SIZE_M': 128, 'BLOCK_SIZE_N': 32, 'BLOCK_SIZE_K': 64, 'GROUPSIZE': 1, 'threads': 256, 'num_stages': 3}, checkout autotuner.log for more details
2026-10-02 07:58:28,723 WARNING:An error occurred while testing config {'BLOCK_SIZE_M': 128, 'BLOCK_SIZE_N': 32, 'BLOCK_SIZE_K': 64, 'GROUPSIZE': 8, 'threads': 256, 'num_stages': 4}, checkout autotuner.log for more details
2026-10-02 07:58:28,723 WARNING:An error occurred while testing config {'BLOCK_SIZE_M': 128, 'BLOCK_SIZE_N': 64, 'BLOCK_SIZE_K': 32, 'GROUPSIZE': 1, 'threads': 128, 'num_stages': 3}, checkout autotuner.log for more details
2026-10-02 07:58:28,724 WARNING:An error occurred while testing config {'BLOCK_SIZE_M': 128, 'BLOCK_SIZE_N': 64, 'BLOCK_SIZE_K': 32, 'GROUPSIZE': 8, 'threads': 128, 'num_stages': 3}, checkout autotuner.log for more details
2026-10-02 07:58:28,724 WARNING:An error occurred while testing config {'BLOCK_SIZE_M': 128, 'BLOCK_SIZE_N': 64, 'BLOCK_SIZE_K': 32, 'GROUPSIZE': 8, 'threads': 256, 'num_stages': 2}, checkout autotuner.log for more details
2026-10-02 07:58:28,724 WARNING:An error occurred while testing config {'BLOCK_SIZE_M': 128, 'BLOCK_SIZE_N': 32, 'BLOCK_SIZE_K': 64, 'GROUPSIZE': 8, 'threads': 128, 'num_stages': 4}, checkout autotuner.log for more details
2026-10-02 07:58:28,725 WARNING:An error occurred while testing config {'BLOCK_SIZE_M': 128, 'BLOCK_SIZE_N': 64, 'BLOCK_SIZE_K': 32, 'GROUPSIZE': 8, 'threads': 128, 'num_stages': 2}, checkout autotuner.log for more details
2026-10-02 07:58:28,725 WARNING:An error occurred while testing config {'BLOCK_SIZE_M': 128, 'BLOCK_SIZE_N': 64, 'BLOCK_SIZE_K': 32, 'GROUPSIZE': 1, 'threads': 128, 'num_stages': 4}, checkout autotuner.log for more details
2026-10-02 07:58:28,726 WARNING:An error occurred while testing config {'BLOCK_SIZE_M': 128, 'BLOCK_SIZE_N': 32, 'BLOCK_SIZE_K': 64, 'GROUPSIZE': 8, 'threads': 256, 'num_stages': 3}, checkout autotuner.log for more details
2026-10-02 07:58:28,726 WARNING:An error occurred while testing config {'BLOCK_SIZE_M': 128, 'BLOCK_SIZE_N': 32, 'BLOCK_SIZE_K': 64, 'GROUPSIZE': 8, 'threads': 256, 'num_stages': 2}, checkout autotuner.log for more details
2026-10-02 07:58:28,726 WARNING:An error occurred while testing config {'BLOCK_SIZE_M': 128, 'BLOCK_SIZE_N': 64, 'BLOCK_SIZE_K': 32, 'GROUPSIZE': 1, 'threads': 256, 'num_stages': 3}, checkout autotuner.log for more details
2026-10-02 07:58:28,727 WARNING:An error occurred while testing config {'BLOCK_SIZE_M': 128, 'BLOCK_SIZE_N': 64, 'BLOCK_SIZE_K': 64, 'GROUPSIZE': 8, 'threads': 128, 'num_stages': 3}, checkout autotuner.log for more details
2026-10-02 07:58:28,727 WARNING:An error occurred while testing config {'BLOCK_SIZE_M': 128, 'BLOCK_SIZE_N': 64, 'BLOCK_SIZE_K': 64, 'GROUPSIZE': 1, 'threads': 128, 'num_stages': 3}, checkout autotuner.log for more details
2026-10-02 07:58:28,728 WARNING:An error occurred while testing config {'BLOCK_SIZE_M': 128, 'BLOCK_SIZE_N': 128, 'BLOCK_SIZE_K': 32, 'GROUPSIZE': 8, 'threads': 128, 'num_stages': 4}, checkout autotuner.log for more details
2026-10-02 07:58:28,728 WARNING:An error occurred while testing config {'BLOCK_SIZE_M': 128, 'BLOCK_SIZE_N': 64, 'BLOCK_SIZE_K': 32, 'GROUPSIZE': 1, 'threads': 256, 'num_stages': 2}, checkout autotuner.log for more details
2026-10-02 07:58:28,728 WARNING:An error occurred while testing config {'BLOCK_SIZE_M': 128, 'BLOCK_SIZE_N': 128, 'BLOCK_SIZE_K': 32, 'GROUPSIZE': 8, 'threads': 128, 'num_stages': 2}, checkout autotuner.log for more details
2026-10-02 07:58:28,729 WARNING:An error occurred while testing config {'BLOCK_SIZE_M': 128, 'BLOCK_SIZE_N': 64, 'BLOCK_SIZE_K': 32, 'GROUPSIZE': 8, 'threads': 128, 'num_stages': 4}, checkout autotuner.log for more details
2026-10-02 07:58:28,729 WARNING:An error occurred while testing config {'BLOCK_SIZE_M': 128, 'BLOCK_SIZE_N': 128, 'BLOCK_SIZE_K': 32, 'GROUPSIZE': 1, 'threads': 256, 'num_stages': 2}, checkout autotuner.log for more details
2026-10-02 07:58:28,730 WARNING:An error occurred while testing config {'BLOCK_SIZE_M': 128, 'BLOCK_SIZE_N': 128, 'BLOCK_SIZE_K': 32, 'GROUPSIZE': 8, 'threads': 256, 'num_stages': 3}, checkout autotuner.log for more details
2026-10-02 07:58:28,730 WARNING:An error occurred while testing config {'BLOCK_SIZE_M': 128, 'BLOCK_SIZE_N': 64, 'BLOCK_SIZE_K': 64, 'GROUPSIZE': 8, 'threads': 256, 'num_stages': 2}, checkout autotuner.log for more details
2026-10-02 07:58:28,730 WARNING:An error occurred while testing config {'BLOCK_SIZE_M': 128, 'BLOCK_SIZE_N': 64, 'BLOCK_SIZE_K': 64, 'GROUPSIZE': 1, 'threads': 128, 'num_stages': 2}, checkout autotuner.log for more details
2026-10-02 07:58:28,731 WARNING:An error occurred while testing config {'BLOCK_SIZE_M': 128, 'BLOCK_SIZE_N': 128, 'BLOCK_SIZE_K': 32, 'GROUPSIZE': 1, 'threads': 128, 'num_stages': 2}, checkout autotuner.log for more details
2026-10-02 07:58:28,731 WARNING:An error occurred while testing config {'BLOCK_SIZE_M': 128, 'BLOCK_SIZE_N': 64, 'BLOCK_SIZE_K': 32, 'GROUPSIZE': 1, 'threads': 256, 'num_stages': 4}, checkout autotuner.log for more details
2026-10-02 07:58:28,732 WARNING:An error occurred while testing config {'BLOCK_SIZE_M': 128, 'BLOCK_SIZE_N': 64, 'BLOCK_SIZE_K': 64, 'GROUPSIZE': 8, 'threads': 128, 'num_stages': 2}, checkout autotuner.log for more details
2026-10-02 07:58:28,732 WARNING:An error occurred while testing config {'BLOCK_SIZE_M': 128, 'BLOCK_SIZE_N': 128, 'BLOCK_SIZE_K': 32, 'GROUPSIZE': 8, 'threads': 256, 'num_stages': 2}, checkout autotuner.log for more details
2026-10-02 07:58:28,732 WARNING:An error occurred while testing config {'BLOCK_SIZE_M': 128, 'BLOCK_SIZE_N': 128, 'BLOCK_SIZE_K': 64, 'GROUPSIZE': 1, 'threads': 128, 'num_stages': 2}, checkout autotuner.log for more details
2026-10-02 07:58:28,733 WARNING:An error occurred while testing config {'BLOCK_SIZE_M': 128, 'BLOCK_SIZE_N': 64, 'BLOCK_SIZE_K': 32, 'GROUPSIZE': 8, 'threads': 256, 'num_stages': 4}, checkout autotuner.log for more details
2026-10-02 07:58:28,733 WARNING:An error occurred while testing config {'BLOCK_SIZE_M': 128, 'BLOCK_SIZE_N': 128, 'BLOCK_SIZE_K': 32, 'GROUPSIZE': 1, 'threads': 256, 'num_stages': 3}, checkout autotuner.log for more details
2026-10-02 07:58:28,734 WARNING:An error occurred while testing config {'BLOCK_SIZE_M': 128, 'BLOCK_SIZE_N': 64, 'BLOCK_SIZE_K': 64, 'GROUPSIZE': 8, 'threads': 256, 'num_stages': 3}, checkout autotuner.log for more details
2026-10-02 07:58:28,734 WARNING:An error occurred while testing config {'BLOCK_SIZE_M': 128, 'BLOCK_SIZE_N': 64, 'BLOCK_SIZE_K': 64, 'GROUPSIZE': 1, 'threads': 256, 'num_stages': 2}, checkout autotuner.log for more details
2026-10-02 07:58:28,734 WARNING:An error occurred while testing config {'BLOCK_SIZE_M': 128, 'BLOCK_SIZE_N': 64, 'BLOCK_SIZE_K': 64, 'GROUPSIZE': 1, 'threads': 256, 'num_stages': 3}, checkout autotuner.log for more details
2026-10-02 07:58:28,735 WARNING:An error occurred while testing config {'BLOCK_SIZE_M': 128, 'BLOCK_SIZE_N': 64, 'BLOCK_SIZE_K': 32, 'GROUPSIZE': 8, 'threads': 256, 'num_stages': 3}, checkout autotuner.log for more details
2026-10-02 07:58:28,735 WARNING:An error occurred while testing config {'BLOCK_SIZE_M': 128, 'BLOCK_SIZE_N': 128, 'BLOCK_SIZE_K': 32, 'GROUPSIZE': 8, 'threads': 128, 'num_stages': 3}, checkout autotuner.log for more details
2026-10-02 07:58:28,736 WARNING:An error occurred while testing config {'BLOCK_SIZE_M': 128, 'BLOCK_SIZE_N': 128, 'BLOCK_SIZE_K': 32, 'GROUPSIZE': 8, 'threads': 256, 'num_stages': 4}, checkout autotuner.log for more details
2026-10-02 07:58:28,736 WARNING:An error occurred while testing config {'BLOCK_SIZE_M': 128, 'BLOCK_SIZE_N': 128, 'BLOCK_SIZE_K': 64, 'GROUPSIZE': 8, 'threads': 256, 'num_stages': 2}, checkout autotuner.log for more details
2026-10-02 07:58:28,736 WARNING:An error occurred while testing config {'BLOCK_SIZE_M': 128, 'BLOCK_SIZE_N': 128, 'BLOCK_SIZE_K': 32, 'GROUPSIZE': 1, 'threads': 128, 'num_stages': 3}, checkout autotuner.log for more details
2026-10-02 07:58:28,737 WARNING:An error occurred while testing config {'BLOCK_SIZE_M': 128, 'BLOCK_SIZE_N': 128, 'BLOCK_SIZE_K': 32, 'GROUPSIZE': 1, 'threads': 256, 'num_stages': 4}, checkout autotuner.log for more details
2026-10-02 07:58:28,737 WARNING:An error occurred while testing config {'BLOCK_SIZE_M': 128, 'BLOCK_SIZE_N': 128, 'BLOCK_SIZE_K': 64, 'GROUPSIZE': 8, 'threads': 128, 'num_stages': 2}, checkout autotuner.log for more details
2026-10-02 07:58:28,738 WARNING:An error occurred while testing config {'BLOCK_SIZE_M': 128, 'BLOCK_SIZE_N': 128, 'BLOCK_SIZE_K': 64, 'GROUPSIZE': 1, 'threads': 256, 'num_stages': 2}, checkout autotuner.log for more details
2026-10-02 07:58:28,738 WARNING:An error occurred while testing config {'BLOCK_SIZE_M': 128, 'BLOCK_SIZE_N': 128, 'BLOCK_SIZE_K': 32, 'GROUPSIZE': 1, 'threads': 128, 'num_stages': 4}, checkout autotuner.log for more details

Bench configurations: 100%|██████████| 132/132 [00:00<00:00,  1.66it/s][ACompiling configurations: 100%|██████████| 132/132 [00:00<00:00, 200.79it/s]
Bench configurations: 100%|██████████| 132/132 [00:00<00:00, 201.19it/s]
2026-10-02 07:58:28,740 ERROR:Auto-tuning failed: No configuration successfully compiled and passed benchmarking/validation.
  TileLang execution FAILED: Auto-tuning failed: No configuration successfully compiled and passed benchmarking/validation.
  NKI skipped (not available)
Running case: {'BATCH': 32, 'M': 192}, dtype=fp16
  Skipped: dtype=fp16 not supported for input generation (AcceleratorError: CUDA error: an illegal instruction was encountered
Search for `cudaErrorIllegalInstruction' in https://docs.nvidia.com/cuda/cuda-runtime-api/group__CUDART__TYPES.html for more information.
CUDA kernel errors might be asynchronously reported at some other API call, so the stacktrace below might be incorrect.
For debugging consider passing CUDA_LAUNCH_BLOCKING=1
Compile with `TORCH_USE_CUDA_DSA` to enable device-side assertions.
)
Running case: {'BATCH': 32, 'M': 192}, dtype=bf16
  Skipped: dtype=bf16 not supported for input generation (AcceleratorError: CUDA error: an illegal instruction was encountered
Search for `cudaErrorIllegalInstruction' in https://docs.nvidia.com/cuda/cuda-runtime-api/group__CUDART__TYPES.html for more information.
CUDA kernel errors might be asynchronously reported at some other API call, so the stacktrace below might be incorrect.
For debugging consider passing CUDA_LAUNCH_BLOCKING=1
Compile with `TORCH_USE_CUDA_DSA` to enable device-side assertions.
)
Running case: {'BATCH': 32, 'M': 192}, dtype=fp32
  Skipped: dtype=fp32 not supported for input generation (AcceleratorError: CUDA error: an illegal instruction was encountered
Search for `cudaErrorIllegalInstruction' in https://docs.nvidia.com/cuda/cuda-runtime-api/group__CUDART__TYPES.html for more information.
CUDA kernel errors might be asynchronously reported at some other API call, so the stacktrace below might be incorrect.
For debugging consider passing CUDA_LAUNCH_BLOCKING=1
Compile with `TORCH_USE_CUDA_DSA` to enable device-side assertions.
)
Running case: {'BATCH': 32, 'M': 224}, dtype=fp16
  Skipped: dtype=fp16 not supported for input generation (AcceleratorError: CUDA error: an illegal instruction was encountered
Search for `cudaErrorIllegalInstruction' in https://docs.nvidia.com/cuda/cuda-runtime-api/group__CUDART__TYPES.html for more information.
CUDA kernel errors might be asynchronously reported at some other API call, so the stacktrace below might be incorrect.
For debugging consider passing CUDA_LAUNCH_BLOCKING=1
Compile with `TORCH_USE_CUDA_DSA` to enable device-side assertions.
)
Running case: {'BATCH': 32, 'M': 224}, dtype=bf16
  Skipped: dtype=bf16 not supported for input generation (AcceleratorError: CUDA error: an illegal instruction was encountered
Search for `cudaErrorIllegalInstruction' in https://docs.nvidia.com/cuda/cuda-runtime-api/group__CUDART__TYPES.html for more information.
CUDA kernel errors might be asynchronously reported at some other API call, so the stacktrace below might be incorrect.
For debugging consider passing CUDA_LAUNCH_BLOCKING=1
Compile with `TORCH_USE_CUDA_DSA` to enable device-side assertions.
)
Running case: {'BATCH': 32, 'M': 224}, dtype=fp32
  Skipped: dtype=fp32 not supported for input generation (AcceleratorError: CUDA error: an illegal instruction was encountered
Search for `cudaErrorIllegalInstruction' in https://docs.nvidia.com/cuda/cuda-runtime-api/group__CUDART__TYPES.html for more information.
CUDA kernel errors might be asynchronously reported at some other API call, so the stacktrace below might be incorrect.
For debugging consider passing CUDA_LAUNCH_BLOCKING=1
Compile with `TORCH_USE_CUDA_DSA` to enable device-side assertions.
)
Running case: {'BATCH': 32, 'M': 256}, dtype=fp16
  Skipped: dtype=fp16 not supported for input generation (AcceleratorError: CUDA error: an illegal instruction was encountered
Search for `cudaErrorIllegalInstruction' in https://docs.nvidia.com/cuda/cuda-runtime-api/group__CUDART__TYPES.html for more information.
CUDA kernel errors might be asynchronously reported at some other API call, so the stacktrace below might be incorrect.
For debugging consider passing CUDA_LAUNCH_BLOCKING=1
Compile with `TORCH_USE_CUDA_DSA` to enable device-side assertions.
)
Running case: {'BATCH': 32, 'M': 256}, dtype=bf16
  Skipped: dtype=bf16 not supported for input generation (AcceleratorError: CUDA error: an illegal instruction was encountered
Search for `cudaErrorIllegalInstruction' in https://docs.nvidia.com/cuda/cuda-runtime-api/group__CUDART__TYPES.html for more information.
CUDA kernel errors might be asynchronously reported at some other API call, so the stacktrace below might be incorrect.
For debugging consider passing CUDA_LAUNCH_BLOCKING=1
Compile with `TORCH_USE_CUDA_DSA` to enable device-side assertions.
)
Running case: {'BATCH': 32, 'M': 256}, dtype=fp32
  Skipped: dtype=fp32 not supported for input generation (AcceleratorError: CUDA error: an illegal instruction was encountered
Search for `cudaErrorIllegalInstruction' in https://docs.nvidia.com/cuda/cuda-runtime-api/group__CUDART__TYPES.html for more information.
CUDA kernel errors might be asynchronously reported at some other API call, so the stacktrace below might be incorrect.
For debugging consider passing CUDA_LAUNCH_BLOCKING=1
Compile with `TORCH_USE_CUDA_DSA` to enable device-side assertions.
)
Running case: {'BATCH': 32, 'M': 288}, dtype=fp16
  Skipped: dtype=fp16 not supported for input generation (AcceleratorError: CUDA error: an illegal instruction was encountered
Search for `cudaErrorIllegalInstruction' in https://docs.nvidia.com/cuda/cuda-runtime-api/group__CUDART__TYPES.html for more information.
CUDA kernel errors might be asynchronously reported at some other API call, so the stacktrace below might be incorrect.
For debugging consider passing CUDA_LAUNCH_BLOCKING=1
Compile with `TORCH_USE_CUDA_DSA` to enable device-side assertions.
)
Running case: {'BATCH': 32, 'M': 288}, dtype=bf16
  Skipped: dtype=bf16 not supported for input generation (AcceleratorError: CUDA error: an illegal instruction was encountered
Search for `cudaErrorIllegalInstruction' in https://docs.nvidia.com/cuda/cuda-runtime-api/group__CUDART__TYPES.html for more information.
CUDA kernel errors might be asynchronously reported at some other API call, so the stacktrace below might be incorrect.
For debugging consider passing CUDA_LAUNCH_BLOCKING=1
Compile with `TORCH_USE_CUDA_DSA` to enable device-side assertions.
)
Running case: {'BATCH': 32, 'M': 288}, dtype=fp32
  Skipped: dtype=fp32 not supported for input generation (AcceleratorError: CUDA error: an illegal instruction was encountered
Search for `cudaErrorIllegalInstruction' in https://docs.nvidia.com/cuda/cuda-runtime-api/group__CUDART__TYPES.html for more information.
CUDA kernel errors might be asynchronously reported at some other API call, so the stacktrace below might be incorrect.
For debugging consider passing CUDA_LAUNCH_BLOCKING=1
Compile with `TORCH_USE_CUDA_DSA` to enable device-side assertions.
)
Running case: {'BATCH': 32, 'M': 320}, dtype=fp16
  Skipped: dtype=fp16 not supported for input generation (AcceleratorError: CUDA error: an illegal instruction was encountered
Search for `cudaErrorIllegalInstruction' in https://docs.nvidia.com/cuda/cuda-runtime-api/group__CUDART__TYPES.html for more information.
CUDA kernel errors might be asynchronously reported at some other API call, so the stacktrace below might be incorrect.
For debugging consider passing CUDA_LAUNCH_BLOCKING=1
Compile with `TORCH_USE_CUDA_DSA` to enable device-side assertions.
)
Running case: {'BATCH': 32, 'M': 320}, dtype=bf16
  Skipped: dtype=bf16 not supported for input generation (AcceleratorError: CUDA error: an illegal instruction was encountered
Search for `cudaErrorIllegalInstruction' in https://docs.nvidia.com/cuda/cuda-runtime-api/group__CUDART__TYPES.html for more information.
CUDA kernel errors might be asynchronously reported at some other API call, so the stacktrace below might be incorrect.
For debugging consider passing CUDA_LAUNCH_BLOCKING=1
Compile with `TORCH_USE_CUDA_DSA` to enable device-side assertions.
)
Running case: {'BATCH': 32, 'M': 320}, dtype=fp32
  Skipped: dtype=fp32 not supported for input generation (AcceleratorError: CUDA error: an illegal instruction was encountered
Search for `cudaErrorIllegalInstruction' in https://docs.nvidia.com/cuda/cuda-runtime-api/group__CUDART__TYPES.html for more information.
CUDA kernel errors might be asynchronously reported at some other API call, so the stacktrace below might be incorrect.
For debugging consider passing CUDA_LAUNCH_BLOCKING=1
Compile with `TORCH_USE_CUDA_DSA` to enable device-side assertions.
)
Running case: {'BATCH': 32, 'M': 352}, dtype=fp16
  Skipped: dtype=fp16 not supported for input generation (AcceleratorError: CUDA error: an illegal instruction was encountered
Search for `cudaErrorIllegalInstruction' in https://docs.nvidia.com/cuda/cuda-runtime-api/group__CUDART__TYPES.html for more information.
CUDA kernel errors might be asynchronously reported at some other API call, so the stacktrace below might be incorrect.
For debugging consider passing CUDA_LAUNCH_BLOCKING=1
Compile with `TORCH_USE_CUDA_DSA` to enable device-side assertions.
)
Running case: {'BATCH': 32, 'M': 352}, dtype=bf16
  Skipped: dtype=bf16 not supported for input generation (AcceleratorError: CUDA error: an illegal instruction was encountered
Search for `cudaErrorIllegalInstruction' in https://docs.nvidia.com/cuda/cuda-runtime-api/group__CUDART__TYPES.html for more information.
CUDA kernel errors might be asynchronously reported at some other API call, so the stacktrace below might be incorrect.
For debugging consider passing CUDA_LAUNCH_BLOCKING=1
Compile with `TORCH_USE_CUDA_DSA` to enable device-side assertions.
)
Running case: {'BATCH': 32, 'M': 352}, dtype=fp32
  Skipped: dtype=fp32 not supported for input generation (AcceleratorError: CUDA error: an illegal instruction was encountered
Search for `cudaErrorIllegalInstruction' in https://docs.nvidia.com/cuda/cuda-runtime-api/group__CUDART__TYPES.html for more information.
CUDA kernel errors might be asynchronously reported at some other API call, so the stacktrace below might be incorrect.
For debugging consider passing CUDA_LAUNCH_BLOCKING=1
Compile with `TORCH_USE_CUDA_DSA` to enable device-side assertions.
)
Running case: {'BATCH': 32, 'M': 384}, dtype=fp16
  Skipped: dtype=fp16 not supported for input generation (AcceleratorError: CUDA error: an illegal instruction was encountered
Search for `cudaErrorIllegalInstruction' in https://docs.nvidia.com/cuda/cuda-runtime-api/group__CUDART__TYPES.html for more information.
CUDA kernel errors might be asynchronously reported at some other API call, so the stacktrace below might be incorrect.
For debugging consider passing CUDA_LAUNCH_BLOCKING=1
Compile with `TORCH_USE_CUDA_DSA` to enable device-side assertions.
)
Running case: {'BATCH': 32, 'M': 384}, dtype=bf16
  Skipped: dtype=bf16 not supported for input generation (AcceleratorError: CUDA error: an illegal instruction was encountered
Search for `cudaErrorIllegalInstruction' in https://docs.nvidia.com/cuda/cuda-runtime-api/group__CUDART__TYPES.html for more information.
CUDA kernel errors might be asynchronously reported at some other API call, so the stacktrace below might be incorrect.
For debugging consider passing CUDA_LAUNCH_BLOCKING=1
Compile with `TORCH_USE_CUDA_DSA` to enable device-side assertions.
)
Running case: {'BATCH': 32, 'M': 384}, dtype=fp32
  Skipped: dtype=fp32 not supported for input generation (AcceleratorError: CUDA error: an illegal instruction was encountered
Search for `cudaErrorIllegalInstruction' in https://docs.nvidia.com/cuda/cuda-runtime-api/group__CUDART__TYPES.html for more information.
CUDA kernel errors might be asynchronously reported at some other API call, so the stacktrace below might be incorrect.
For debugging consider passing CUDA_LAUNCH_BLOCKING=1
Compile with `TORCH_USE_CUDA_DSA` to enable device-side assertions.
)
Running case: {'BATCH': 32, 'M': 416}, dtype=fp16
  Skipped: dtype=fp16 not supported for input generation (AcceleratorError: CUDA error: an illegal instruction was encountered
Search for `cudaErrorIllegalInstruction' in https://docs.nvidia.com/cuda/cuda-runtime-api/group__CUDART__TYPES.html for more information.
CUDA kernel errors might be asynchronously reported at some other API call, so the stacktrace below might be incorrect.
For debugging consider passing CUDA_LAUNCH_BLOCKING=1
Compile with `TORCH_USE_CUDA_DSA` to enable device-side assertions.
)
Running case: {'BATCH': 32, 'M': 416}, dtype=bf16
  Skipped: dtype=bf16 not supported for input generation (AcceleratorError: CUDA error: an illegal instruction was encountered
Search for `cudaErrorIllegalInstruction' in https://docs.nvidia.com/cuda/cuda-runtime-api/group__CUDART__TYPES.html for more information.
CUDA kernel errors might be asynchronously reported at some other API call, so the stacktrace below might be incorrect.
For debugging consider passing CUDA_LAUNCH_BLOCKING=1
Compile with `TORCH_USE_CUDA_DSA` to enable device-side assertions.
)
Running case: {'BATCH': 32, 'M': 416}, dtype=fp32
  Skipped: dtype=fp32 not supported for input generation (AcceleratorError: CUDA error: an illegal instruction was encountered
Search for `cudaErrorIllegalInstruction' in https://docs.nvidia.com/cuda/cuda-runtime-api/group__CUDART__TYPES.html for more information.
CUDA kernel errors might be asynchronously reported at some other API call, so the stacktrace below might be incorrect.
For debugging consider passing CUDA_LAUNCH_BLOCKING=1
Compile with `TORCH_USE_CUDA_DSA` to enable device-side assertions.
)
Running case: {'BATCH': 32, 'M': 448}, dtype=fp16
  Skipped: dtype=fp16 not supported for input generation (AcceleratorError: CUDA error: an illegal instruction was encountered
Search for `cudaErrorIllegalInstruction' in https://docs.nvidia.com/cuda/cuda-runtime-api/group__CUDART__TYPES.html for more information.
CUDA kernel errors might be asynchronously reported at some other API call, so the stacktrace below might be incorrect.
For debugging consider passing CUDA_LAUNCH_BLOCKING=1
Compile with `TORCH_USE_CUDA_DSA` to enable device-side assertions.
)
Running case: {'BATCH': 32, 'M': 448}, dtype=bf16
  Skipped: dtype=bf16 not supported for input generation (AcceleratorError: CUDA error: an illegal instruction was encountered
Search for `cudaErrorIllegalInstruction' in https://docs.nvidia.com/cuda/cuda-runtime-api/group__CUDART__TYPES.html for more information.
CUDA kernel errors might be asynchronously reported at some other API call, so the stacktrace below might be incorrect.
For debugging consider passing CUDA_LAUNCH_BLOCKING=1
Compile with `TORCH_USE_CUDA_DSA` to enable device-side assertions.
)
Running case: {'BATCH': 32, 'M': 448}, dtype=fp32
  Skipped: dtype=fp32 not supported for input generation (AcceleratorError: CUDA error: an illegal instruction was encountered
Search for `cudaErrorIllegalInstruction' in https://docs.nvidia.com/cuda/cuda-runtime-api/group__CUDART__TYPES.html for more information.
CUDA kernel errors might be asynchronously reported at some other API call, so the stacktrace below might be incorrect.
For debugging consider passing CUDA_LAUNCH_BLOCKING=1
Compile with `TORCH_USE_CUDA_DSA` to enable device-side assertions.
)
Running case: {'BATCH': 32, 'M': 480}, dtype=fp16
  Skipped: dtype=fp16 not supported for input generation (AcceleratorError: CUDA error: an illegal instruction was encountered
Search for `cudaErrorIllegalInstruction' in https://docs.nvidia.com/cuda/cuda-runtime-api/group__CUDART__TYPES.html for more information.
CUDA kernel errors might be asynchronously reported at some other API call, so the stacktrace below might be incorrect.
For debugging consider passing CUDA_LAUNCH_BLOCKING=1
Compile with `TORCH_USE_CUDA_DSA` to enable device-side assertions.
)
Running case: {'BATCH': 32, 'M': 480}, dtype=bf16
  Skipped: dtype=bf16 not supported for input generation (AcceleratorError: CUDA error: an illegal instruction was encountered
Search for `cudaErrorIllegalInstruction' in https://docs.nvidia.com/cuda/cuda-runtime-api/group__CUDART__TYPES.html for more information.
CUDA kernel errors might be asynchronously reported at some other API call, so the stacktrace below might be incorrect.
For debugging consider passing CUDA_LAUNCH_BLOCKING=1
Compile with `TORCH_USE_CUDA_DSA` to enable device-side assertions.
)
Running case: {'BATCH': 32, 'M': 480}, dtype=fp32
  Skipped: dtype=fp32 not supported for input generation (AcceleratorError: CUDA error: an illegal instruction was encountered
Search for `cudaErrorIllegalInstruction' in https://docs.nvidia.com/cuda/cuda-runtime-api/group__CUDART__TYPES.html for more information.
CUDA kernel errors might be asynchronously reported at some other API call, so the stacktrace below might be incorrect.
For debugging consider passing CUDA_LAUNCH_BLOCKING=1
Compile with `TORCH_USE_CUDA_DSA` to enable device-side assertions.
)
Running case: {'BATCH': 32, 'M': 512}, dtype=fp16
  Skipped: dtype=fp16 not supported for input generation (AcceleratorError: CUDA error: an illegal instruction was encountered
Search for `cudaErrorIllegalInstruction' in https://docs.nvidia.com/cuda/cuda-runtime-api/group__CUDART__TYPES.html for more information.
CUDA kernel errors might be asynchronously reported at some other API call, so the stacktrace below might be incorrect.
For debugging consider passing CUDA_LAUNCH_BLOCKING=1
Compile with `TORCH_USE_CUDA_DSA` to enable device-side assertions.
)
Running case: {'BATCH': 32, 'M': 512}, dtype=bf16
  Skipped: dtype=bf16 not supported for input generation (AcceleratorError: CUDA error: an illegal instruction was encountered
Search for `cudaErrorIllegalInstruction' in https://docs.nvidia.com/cuda/cuda-runtime-api/group__CUDART__TYPES.html for more information.
CUDA kernel errors might be asynchronously reported at some other API call, so the stacktrace below might be incorrect.
For debugging consider passing CUDA_LAUNCH_BLOCKING=1
Compile with `TORCH_USE_CUDA_DSA` to enable device-side assertions.
)
Running case: {'BATCH': 32, 'M': 512}, dtype=fp32
  Skipped: dtype=fp32 not supported for input generation (AcceleratorError: CUDA error: an illegal instruction was encountered
Search for `cudaErrorIllegalInstruction' in https://docs.nvidia.com/cuda/cuda-runtime-api/group__CUDART__TYPES.html for more information.
CUDA kernel errors might be asynchronously reported at some other API call, so the stacktrace below might be incorrect.
For debugging consider passing CUDA_LAUNCH_BLOCKING=1
Compile with `TORCH_USE_CUDA_DSA` to enable device-side assertions.
)
Running case: {'BATCH': 32, 'M': 544}, dtype=fp16
  Skipped: dtype=fp16 not supported for input generation (AcceleratorError: CUDA error: an illegal instruction was encountered
Search for `cudaErrorIllegalInstruction' in https://docs.nvidia.com/cuda/cuda-runtime-api/group__CUDART__TYPES.html for more information.
CUDA kernel errors might be asynchronously reported at some other API call, so the stacktrace below might be incorrect.
For debugging consider passing CUDA_LAUNCH_BLOCKING=1
Compile with `TORCH_USE_CUDA_DSA` to enable device-side assertions.
)
Running case: {'BATCH': 32, 'M': 544}, dtype=bf16
  Skipped: dtype=bf16 not supported for input generation (AcceleratorError: CUDA error: an illegal instruction was encountered
Search for `cudaErrorIllegalInstruction' in https://docs.nvidia.com/cuda/cuda-runtime-api/group__CUDART__TYPES.html for more information.
CUDA kernel errors might be asynchronously reported at some other API call, so the stacktrace below might be incorrect.
For debugging consider passing CUDA_LAUNCH_BLOCKING=1
Compile with `TORCH_USE_CUDA_DSA` to enable device-side assertions.
)
Running case: {'BATCH': 32, 'M': 544}, dtype=fp32
  Skipped: dtype=fp32 not supported for input generation (AcceleratorError: CUDA error: an illegal instruction was encountered
Search for `cudaErrorIllegalInstruction' in https://docs.nvidia.com/cuda/cuda-runtime-api/group__CUDART__TYPES.html for more information.
CUDA kernel errors might be asynchronously reported at some other API call, so the stacktrace below might be incorrect.
For debugging consider passing CUDA_LAUNCH_BLOCKING=1
Compile with `TORCH_USE_CUDA_DSA` to enable device-side assertions.
)
Running case: {'BATCH': 32, 'M': 576}, dtype=fp16
  Skipped: dtype=fp16 not supported for input generation (AcceleratorError: CUDA error: an illegal instruction was encountered
Search for `cudaErrorIllegalInstruction' in https://docs.nvidia.com/cuda/cuda-runtime-api/group__CUDART__TYPES.html for more information.
CUDA kernel errors might be asynchronously reported at some other API call, so the stacktrace below might be incorrect.
For debugging consider passing CUDA_LAUNCH_BLOCKING=1
Compile with `TORCH_USE_CUDA_DSA` to enable device-side assertions.
)
Running case: {'BATCH': 32, 'M': 576}, dtype=bf16
  Skipped: dtype=bf16 not supported for input generation (AcceleratorError: CUDA error: an illegal instruction was encountered
Search for `cudaErrorIllegalInstruction' in https://docs.nvidia.com/cuda/cuda-runtime-api/group__CUDART__TYPES.html for more information.
CUDA kernel errors might be asynchronously reported at some other API call, so the stacktrace below might be incorrect.
For debugging consider passing CUDA_LAUNCH_BLOCKING=1
Compile with `TORCH_USE_CUDA_DSA` to enable device-side assertions.
)
Running case: {'BATCH': 32, 'M': 576}, dtype=fp32
  Skipped: dtype=fp32 not supported for input generation (AcceleratorError: CUDA error: an illegal instruction was encountered
Search for `cudaErrorIllegalInstruction' in https://docs.nvidia.com/cuda/cuda-runtime-api/group__CUDART__TYPES.html for more information.
CUDA kernel errors might be asynchronously reported at some other API call, so the stacktrace below might be incorrect.
For debugging consider passing CUDA_LAUNCH_BLOCKING=1
Compile with `TORCH_USE_CUDA_DSA` to enable device-side assertions.
)
Running case: {'BATCH': 32, 'M': 608}, dtype=fp16
  Skipped: dtype=fp16 not supported for input generation (AcceleratorError: CUDA error: an illegal instruction was encountered
Search for `cudaErrorIllegalInstruction' in https://docs.nvidia.com/cuda/cuda-runtime-api/group__CUDART__TYPES.html for more information.
CUDA kernel errors might be asynchronously reported at some other API call, so the stacktrace below might be incorrect.
For debugging consider passing CUDA_LAUNCH_BLOCKING=1
Compile with `TORCH_USE_CUDA_DSA` to enable device-side assertions.
)
Running case: {'BATCH': 32, 'M': 608}, dtype=bf16
  Skipped: dtype=bf16 not supported for input generation (AcceleratorError: CUDA error: an illegal instruction was encountered
Search for `cudaErrorIllegalInstruction' in https://docs.nvidia.com/cuda/cuda-runtime-api/group__CUDART__TYPES.html for more information.
CUDA kernel errors might be asynchronously reported at some other API call, so the stacktrace below might be incorrect.
For debugging consider passing CUDA_LAUNCH_BLOCKING=1
Compile with `TORCH_USE_CUDA_DSA` to enable device-side assertions.
)
Running case: {'BATCH': 32, 'M': 608}, dtype=fp32
  Skipped: dtype=fp32 not supported for input generation (AcceleratorError: CUDA error: an illegal instruction was encountered
Search for `cudaErrorIllegalInstruction' in https://docs.nvidia.com/cuda/cuda-runtime-api/group__CUDART__TYPES.html for more information.
CUDA kernel errors might be asynchronously reported at some other API call, so the stacktrace below might be incorrect.
For debugging consider passing CUDA_LAUNCH_BLOCKING=1
Compile with `TORCH_USE_CUDA_DSA` to enable device-side assertions.
)
Running case: {'BATCH': 32, 'M': 640}, dtype=fp16
  Skipped: dtype=fp16 not supported for input generation (AcceleratorError: CUDA error: an illegal instruction was encountered
Search for `cudaErrorIllegalInstruction' in https://docs.nvidia.com/cuda/cuda-runtime-api/group__CUDART__TYPES.html for more information.
CUDA kernel errors might be asynchronously reported at some other API call, so the stacktrace below might be incorrect.
For debugging consider passing CUDA_LAUNCH_BLOCKING=1
Compile with `TORCH_USE_CUDA_DSA` to enable device-side assertions.
)
Running case: {'BATCH': 32, 'M': 640}, dtype=bf16
  Skipped: dtype=bf16 not supported for input generation (AcceleratorError: CUDA error: an illegal instruction was encountered
Search for `cudaErrorIllegalInstruction' in https://docs.nvidia.com/cuda/cuda-runtime-api/group__CUDART__TYPES.html for more information.
CUDA kernel errors might be asynchronously reported at some other API call, so the stacktrace below might be incorrect.
For debugging consider passing CUDA_LAUNCH_BLOCKING=1
Compile with `TORCH_USE_CUDA_DSA` to enable device-side assertions.
)
Running case: {'BATCH': 32, 'M': 640}, dtype=fp32
  Skipped: dtype=fp32 not supported for input generation (AcceleratorError: CUDA error: an illegal instruction was encountered
Search for `cudaErrorIllegalInstruction' in https://docs.nvidia.com/cuda/cuda-runtime-api/group__CUDART__TYPES.html for more information.
CUDA kernel errors might be asynchronously reported at some other API call, so the stacktrace below might be incorrect.
For debugging consider passing CUDA_LAUNCH_BLOCKING=1
Compile with `TORCH_USE_CUDA_DSA` to enable device-side assertions.
)
Timing results  → /projects/kzhou6/bcui2/research/tilebench/Tilebench-gh200/results/GH200/logs/time_measurement_logs/batched_matmul_autotune_triton-cutile-tilelang.json
Autotune log    → /projects/kzhou6/bcui2/research/tilebench/Tilebench-gh200/results/GH200/logs/autotune_logs/batched_matmul_autotune_triton-cutile-tilelang.json
TileLang autotuner log → /projects/kzhou6/bcui2/research/tilebench/Tilebench-gh200/results/GH200/logs/tilelang_autotuner/batched_matmul_autotune_triton-cutile-tilelang.log
Provenance      → /projects/kzhou6/bcui2/research/tilebench/Tilebench-gh200/results/GH200/logs/provenance/batched_matmul_autotune_triton-cutile-tilelang.json

Summary:
Params  |    Dtype |  Torch(ms) |   Triton(ms) |   cuTile(ms) | TileLang(ms) |  Speedup(T) |  Speedup(C) | Speedup(TL)
----------------------------------------------------------------------------------------------------------------------
M=32    | fp16     |     0.0029 |       0.0026 |       0.0024 |       0.0020 |        1.12 |        1.19 |        1.43
M=32    | bf16     |     0.0029 |       0.0026 |       0.0026 |       0.0020 |        1.09 |        1.11 |        1.41
M=32    | fp32     |     0.0034 |       0.0028 |       0.0028 |       0.0022 |        1.22 |        1.21 |        1.54
M=64    | fp16     |     0.0031 |       0.0028 |       0.0028 |       0.0025 |        1.13 |        1.12 |        1.25
M=64    | bf16     |     0.0032 |       0.0028 |       0.0027 |       0.0024 |        1.17 |        1.18 |        1.37
M=64    | fp32     |     0.0040 |       0.0034 |       0.0034 |       0.0027 |        1.18 |        1.17 |        1.48
M=96    | fp16     |     0.0036 |       0.0033 |       0.0033 |       0.0032 |        1.08 |        1.08 |        1.13
M=96    | bf16     |     0.0036 |       0.0034 |       0.0033 |       0.0031 |        1.07 |        1.11 |        1.19
M=96    | fp32     |     0.0050 |       0.0042 |       0.0048 |       0.0041 |        1.19 |        1.05 |        1.23
M=128   | fp16     |     0.0041 |       0.0038 |       0.0039 |       0.0038 |        1.08 |        1.06 |        1.07
M=128   | bf16     |     0.0040 |       0.0040 |       0.0037 |       0.0038 |        1.02 |        1.10 |        1.07
M=128   | fp32     |     0.0058 |       0.0052 |       0.0058 |       0.0049 |        1.12 |        1.00 |        1.17
M=160   | fp16     |     0.0052 |       0.0048 |       0.0050 |       0.0052 |        1.09 |        1.04 |        1.00
M=160   | bf16     |     0.0050 |       0.0048 |       0.0048 |       0.0053 |        1.04 |        1.05 |        0.95
M=160   | fp32     |     0.0088 |       0.0067 |          nan |          nan |        1.31 |        0.00 |        0.00
Summary CSV     → /projects/kzhou6/bcui2/research/tilebench/Tilebench-gh200/results/GH200/csv/batched_matmul_autotune.csv
