[2026-07-20T16:41:13Z] Starting run for 13 operators

[2026-07-20T16:41:13Z] START operator=quantize_global
[2026-07-20T16:42:34Z] DONE operator=quantize_global output=results/runs/20260720_124113_b200_resume_noautotune/operators/quantize_global.json

[2026-07-20T16:42:34Z] START operator=radix_sort
[2026-07-20T16:48:56Z] DONE operator=radix_sort output=results/runs/20260720_124113_b200_resume_noautotune/operators/radix_sort.json

[2026-07-20T16:48:56Z] START operator=relu
[2026-07-20T16:53:46Z] DONE operator=relu output=results/runs/20260720_124113_b200_resume_noautotune/operators/relu.json

[2026-07-20T16:53:46Z] START operator=reverse_array
[2026-07-20T16:58:31Z] DONE operator=reverse_array output=results/runs/20260720_124113_b200_resume_noautotune/operators/reverse_array.json

[2026-07-20T16:58:31Z] START operator=rmsnorm
[2026-07-20T17:02:44Z] DONE operator=rmsnorm output=results/runs/20260720_124113_b200_resume_noautotune/operators/rmsnorm.json

[2026-07-20T17:02:44Z] START operator=rope
[2026-07-20T17:05:43Z] DONE operator=rope output=results/runs/20260720_124113_b200_resume_noautotune/operators/rope.json

[2026-07-20T17:05:43Z] START operator=sigmoid
[2026-07-20T17:09:29Z] DONE operator=sigmoid output=results/runs/20260720_124113_b200_resume_noautotune/operators/sigmoid.json

[2026-07-20T17:09:29Z] START operator=softmax
[2026-07-20T17:12:47Z] DONE operator=softmax output=results/runs/20260720_124113_b200_resume_noautotune/operators/softmax.json

[2026-07-20T17:12:47Z] START operator=streamk_matmul
[2026-07-20T17:14:00Z] DONE operator=streamk_matmul output=results/runs/20260720_124113_b200_resume_noautotune/operators/streamk_matmul.json

[2026-07-20T17:14:00Z] START operator=swiglu
[2026-07-20T17:17:46Z] DONE operator=swiglu output=results/runs/20260720_124113_b200_resume_noautotune/operators/swiglu.json

[2026-07-20T17:17:46Z] START operator=top_k_selection
[2026-07-20T17:18:31Z] DONE operator=top_k_selection output=results/runs/20260720_124113_b200_resume_noautotune/operators/top_k_selection.json

[2026-07-20T17:18:31Z] START operator=vector_add
[2026-07-20T17:23:33Z] DONE operator=vector_add output=results/runs/20260720_124113_b200_resume_noautotune/operators/vector_add.json

[2026-07-20T17:23:33Z] START operator=weight_dequant
[2026-07-20T17:27:24Z] DONE operator=weight_dequant output=results/runs/20260720_124113_b200_resume_noautotune/operators/weight_dequant.json
