Error in sitecustomize; set PYTHONVERBOSE for traceback:
ModuleNotFoundError: No module named '__future__'
==PROF== Connected to process 340634 (/home/arustagi/anaconda3/envs/tilebench/bin/python3.11)
==PROF== Profiling "radix_histogram_kernel_Kt1_A1..." - 0: 0%....50%....100% - 18 passes
==PROF== Profiling "radix_sum_chunks_kernel_Kt1_A..." - 1: 0%....50%....100% - 18 passes
==PROF== Profiling "radix_scan_chunk_sums_kernel_..." - 2: 0%....50%....100% - 18 passes
==PROF== Profiling "radix_scan_chunks_kernel_Kt1_..." - 3: 0%....50%....100% - 18 passes
==PROF== Profiling "radix_scatter_kernel_Kt1_A1i3..." - 4: 0%....50%....100% - 18 passes
==PROF== Profiling "radix_histogram_kernel_Kt1_A1..." - 5: 0%....50%....100% - 18 passes
==PROF== Profiling "radix_sum_chunks_kernel_Kt1_A..." - 6: 0%....50%....100% - 18 passes
==PROF== Profiling "radix_scan_chunk_sums_kernel_..." - 7: 0%....50%....100% - 18 passes
==PROF== Profiling "radix_scan_chunks_kernel_Kt1_..." - 8: 0%....50%....100% - 18 passes
==PROF== Profiling "radix_scatter_kernel_Kt1_A1i3..." - 9: 0%....50%....100% - 18 passes
==PROF== Profiling "radix_histogram_kernel_Kt1_A1..." - 10: 0%....50%....100% - 18 passes
==PROF== Profiling "radix_sum_chunks_kernel_Kt1_A..." - 11: 0%....50%....100% - 18 passes
==PROF== Profiling "radix_scan_chunk_sums_kernel_..." - 12: 0%....50%....100% - 18 passes
==PROF== Profiling "radix_scan_chunks_kernel_Kt1_..." - 13: 0%....50%....100% - 18 passes
==PROF== Profiling "radix_scatter_kernel_Kt1_A1i3..." - 14: 0%....50%....100% - 18 passes
==PROF== Profiling "radix_histogram_kernel_Kt1_A1..." - 15: 0%....50%....100% - 18 passes
==PROF== Profiling "radix_sum_chunks_kernel_Kt1_A..." - 16: 0%....50%....100% - 18 passes
==PROF== Profiling "radix_scan_chunk_sums_kernel_..." - 17: 0%....50%....100% - 18 passes
==PROF== Profiling "radix_scan_chunks_kernel_Kt1_..." - 18: 0%....50%....100% - 18 passes
==PROF== Profiling "radix_scatter_kernel_Kt1_A1i3..." - 19: 0%....50%....100% - 18 passes
==PROF== Profiling "radix_histogram_kernel_Kt1_A1..." - 20: 0%....50%....100% - 18 passes
==PROF== Profiling "radix_sum_chunks_kernel_Kt1_A..." - 21: 0%....50%....100% - 18 passes
==PROF== Profiling "radix_scan_chunk_sums_kernel_..." - 22: 0%....50%....100% - 18 passes
==PROF== Profiling "radix_scan_chunks_kernel_Kt1_..." - 23: 0%....50%....100% - 18 passes
==PROF== Profiling "radix_scatter_kernel_Kt1_A1i3..." - 24: 0%....50%....100% - 18 passes
==PROF== Profiling "radix_histogram_kernel_Kt1_A1..." - 25: 0%....50%....100% - 18 passes
==PROF== Profiling "radix_sum_chunks_kernel_Kt1_A..." - 26: 0%....50%....100% - 18 passes
==PROF== Profiling "radix_scan_chunk_sums_kernel_..." - 27: 0%....50%....100% - 18 passes
==PROF== Profiling "radix_scan_chunks_kernel_Kt1_..." - 28: 0%....50%....100% - 18 passes
==PROF== Profiling "radix_scatter_kernel_Kt1_A1i3..." - 29: 0%....50%....100% - 18 passes
==PROF== Profiling "radix_histogram_kernel_Kt1_A1..." - 30: 0%....50%....100% - 18 passes
==PROF== Profiling "radix_sum_chunks_kernel_Kt1_A..." - 31: 0%....50%....100% - 18 passes
==PROF== Profiling "radix_scan_chunk_sums_kernel_..." - 32: 0%....50%....100% - 18 passes
==PROF== Profiling "radix_scan_chunks_kernel_Kt1_..." - 33: 0%....50%....100% - 18 passes
==PROF== Profiling "radix_scatter_kernel_Kt1_A1i3..." - 34: 0%....50%....100% - 18 passes
==PROF== Profiling "radix_histogram_kernel_Kt1_A1..." - 35: 0%....50%....100% - 18 passes
==PROF== Profiling "radix_sum_chunks_kernel_Kt1_A..." - 36: 0%....50%....100% - 18 passes
==PROF== Profiling "radix_scan_chunk_sums_kernel_..." - 37: 0%....50%....100% - 18 passes
==PROF== Profiling "radix_scan_chunks_kernel_Kt1_..." - 38: 0%....50%....100% - 18 passes
==PROF== Profiling "radix_scatter_kernel_Kt1_A1i3..." - 39: 0%....50%....100% - 18 passes
==PROF== Profiling "radix_histogram_kernel_Kt1_A1..." - 40: 0%....50%....100% - 18 passes
==PROF== Profiling "radix_sum_chunks_kernel_Kt1_A..." - 41: 0%....50%....100% - 18 passes
==PROF== Profiling "radix_scan_chunk_sums_kernel_..." - 42: 0%....50%....100% - 18 passes
==PROF== Profiling "radix_scan_chunks_kernel_Kt1_..." - 43: 0%....50%....100% - 18 passes
==PROF== Profiling "radix_scatter_kernel_Kt1_A1i3..." - 44: 0%....50%....100% - 18 passes
==PROF== Profiling "radix_histogram_kernel_Kt1_A1..." - 45: 0%....50%....100% - 18 passes
==PROF== Profiling "radix_sum_chunks_kernel_Kt1_A..." - 46: 0%....50%....100% - 18 passes
==PROF== Profiling "radix_scan_chunk_sums_kernel_..." - 47: 0%....50%....100% - 18 passes
==PROF== Profiling "radix_scan_chunks_kernel_Kt1_..." - 48: 0%....50%....100% - 18 passes
==PROF== Profiling "radix_scatter_kernel_Kt1_A1i3..." - 49: 0%....50%....100% - 18 passes
==PROF== Profiling "radix_histogram_kernel_Kt1_A1..." - 50: 0%....50%....100% - 18 passes
==PROF== Profiling "radix_sum_chunks_kernel_Kt1_A..." - 51: 0%....50%....100% - 18 passes
==PROF== Profiling "radix_scan_chunk_sums_kernel_..." - 52: 0%....50%....100% - 18 passes
==PROF== Profiling "radix_scan_chunks_kernel_Kt1_..." - 53: 0%....50%....100% - 18 passes
==PROF== Profiling "radix_scatter_kernel_Kt1_A1i3..." - 54: 0%....50%....100% - 18 passes
==PROF== Profiling "radix_histogram_kernel_Kt1_A1..." - 55: 0%....50%....100% - 18 passes
==PROF== Profiling "radix_sum_chunks_kernel_Kt1_A..." - 56: 0%....50%....100% - 18 passes
==PROF== Profiling "radix_scan_chunk_sums_kernel_..." - 57: 0%....50%....100% - 18 passes
==PROF== Profiling "radix_scan_chunks_kernel_Kt1_..." - 58: 0%....50%....100% - 18 passes
==PROF== Profiling "radix_scatter_kernel_Kt1_A1i3..." - 59: 0%....50%....100% - 18 passes
==PROF== Profiling "radix_histogram_kernel_Kt1_A1..." - 60: 0%....50%....100% - 18 passes
==PROF== Profiling "radix_sum_chunks_kernel_Kt1_A..." - 61: 0%....50%....100% - 18 passes
==PROF== Profiling "radix_scan_chunk_sums_kernel_..." - 62: 0%....50%....100% - 18 passes
==PROF== Profiling "radix_scan_chunks_kernel_Kt1_..." - 63: 0%....50%....100% - 18 passes
==PROF== Profiling "radix_scatter_kernel_Kt1_A1i3..." - 64: 0%....50%....100% - 18 passes
==PROF== Profiling "radix_histogram_kernel_Kt1_A1..." - 65: 0%....50%....100% - 18 passes
==PROF== Profiling "radix_sum_chunks_kernel_Kt1_A..." - 66: 0%....50%....100% - 18 passes
==PROF== Profiling "radix_scan_chunk_sums_kernel_..." - 67: 0%....50%....100% - 18 passes
==PROF== Profiling "radix_scan_chunks_kernel_Kt1_..." - 68: 0%....50%....100% - 18 passes
==PROF== Profiling "radix_scatter_kernel_Kt1_A1i3..." - 69: 0%....50%....100% - 18 passes
==PROF== Profiling "radix_histogram_kernel_Kt1_A1..." - 70: 0%....50%....100% - 18 passes
==PROF== Profiling "radix_sum_chunks_kernel_Kt1_A..." - 71: 0%....50%....100% - 18 passes
==PROF== Profiling "radix_scan_chunk_sums_kernel_..." - 72: 0%....50%....100% - 18 passes
==PROF== Profiling "radix_scan_chunks_kernel_Kt1_..." - 73: 0%....50%....100% - 18 passes
==PROF== Profiling "radix_scatter_kernel_Kt1_A1i3..." - 74: 0%....50%....100% - 18 passes
==PROF== Profiling "radix_histogram_kernel_Kt1_A1..." - 75: 0%....50%....100% - 18 passes
==PROF== Profiling "radix_sum_chunks_kernel_Kt1_A..." - 76: 0%....50%....100% - 18 passes
==PROF== Profiling "radix_scan_chunk_sums_kernel_..." - 77: 0%....50%....100% - 18 passes
==PROF== Profiling "radix_scan_chunks_kernel_Kt1_..." - 78: 0%....50%....100% - 18 passes
==PROF== Profiling "radix_scatter_kernel_Kt1_A1i3..." - 79: 0%....50%....100% - 18 passes
backend=cutile N=1000000 sorted_correct=True
==PROF== Disconnected from process 340634
==PROF== Report: /home/arustagi/repos/Tilebench/profile/b200_autotuned_postmerge/radix_sort/reports/cutile_N1M.ncu-rep
