Error in sitecustomize; set PYTHONVERBOSE for traceback:
ModuleNotFoundError: No module named '__future__'
==PROF== Connected to process 336201 (/home/arustagi/anaconda3/envs/tilebench/bin/python3.11)
2026-07-27 17:47:19,190 WARNING:Tunable parameters ['threads'] already provided during auto-tuning. Skipping compilation and using direct JIT
==PROF== Profiling "main_kernel" - 0: 0%....50%....100% - 18 passes
==PROF== Profiling "count_ones_per_block_blocks_k..." - 1: 0%....50%....100% - 18 passes
==PROF== Profiling "compute_prefix_sums_bb_kernel..." - 2: 0%....50%....100% - 18 passes
==PROF== Profiling "compute_prefix_sums_per_block..." - 3: 0%....50%....100% - 18 passes
==PROF== Profiling "main_kernel" - 4: 0%....50%....100% - 18 passes
==PROF== Profiling "main_kernel" - 5: 0%....50%....100% - 18 passes
==PROF== Profiling "count_ones_per_block_blocks_k..." - 6: 0%....50%....100% - 18 passes
==PROF== Profiling "compute_prefix_sums_bb_kernel..." - 7: 0%....50%....100% - 18 passes
==PROF== Profiling "compute_prefix_sums_per_block..." - 8: 0%....50%....100% - 18 passes
==PROF== Profiling "main_kernel" - 9: 0%....50%....100% - 18 passes
==PROF== Profiling "main_kernel" - 10: 0%....50%....100% - 18 passes
==PROF== Profiling "count_ones_per_block_blocks_k..." - 11: 0%....50%....100% - 18 passes
==PROF== Profiling "compute_prefix_sums_bb_kernel..." - 12: 0%....50%....100% - 18 passes
==PROF== Profiling "compute_prefix_sums_per_block..." - 13: 0%....50%....100% - 18 passes
==PROF== Profiling "main_kernel" - 14: 0%....50%....100% - 18 passes
==PROF== Profiling "main_kernel" - 15: 0%....50%....100% - 18 passes
==PROF== Profiling "count_ones_per_block_blocks_k..." - 16: 0%....50%....100% - 18 passes
==PROF== Profiling "compute_prefix_sums_bb_kernel..." - 17: 0%....50%....100% - 18 passes
==PROF== Profiling "compute_prefix_sums_per_block..." - 18: 0%....50%....100% - 18 passes
==PROF== Profiling "main_kernel" - 19: 0%....50%....100% - 18 passes
==PROF== Profiling "main_kernel" - 20: 0%....50%....100% - 18 passes
==PROF== Profiling "count_ones_per_block_blocks_k..." - 21: 0%....50%....100% - 18 passes
==PROF== Profiling "compute_prefix_sums_bb_kernel..." - 22: 0%....50%....100% - 18 passes
==PROF== Profiling "compute_prefix_sums_per_block..." - 23: 0%....50%....100% - 18 passes
==PROF== Profiling "main_kernel" - 24: 0%....50%....100% - 18 passes
==PROF== Profiling "main_kernel" - 25: 0%....50%....100% - 18 passes
==PROF== Profiling "count_ones_per_block_blocks_k..." - 26: 0%....50%....100% - 18 passes
==PROF== Profiling "compute_prefix_sums_bb_kernel..." - 27: 0%....50%....100% - 18 passes
==PROF== Profiling "compute_prefix_sums_per_block..." - 28: 0%....50%....100% - 18 passes
==PROF== Profiling "main_kernel" - 29: 0%....50%....100% - 18 passes
==PROF== Profiling "main_kernel" - 30: 0%....50%....100% - 18 passes
==PROF== Profiling "count_ones_per_block_blocks_k..." - 31: 0%....50%....100% - 18 passes
==PROF== Profiling "compute_prefix_sums_bb_kernel..." - 32: 0%....50%....100% - 18 passes
==PROF== Profiling "compute_prefix_sums_per_block..." - 33: 0%....50%....100% - 18 passes
==PROF== Profiling "main_kernel" - 34: 0%....50%....100% - 18 passes
==PROF== Profiling "main_kernel" - 35: 0%....50%....100% - 18 passes
==PROF== Profiling "count_ones_per_block_blocks_k..." - 36: 0%....50%....100% - 18 passes
==PROF== Profiling "compute_prefix_sums_bb_kernel..." - 37: 0%....50%....100% - 18 passes
==PROF== Profiling "compute_prefix_sums_per_block..." - 38: 0%....50%....100% - 18 passes
==PROF== Profiling "main_kernel" - 39: 0%....50%....100% - 18 passes
==PROF== Profiling "main_kernel" - 40: 0%....50%....100% - 18 passes
==PROF== Profiling "count_ones_per_block_blocks_k..." - 41: 0%....50%....100% - 18 passes
==PROF== Profiling "compute_prefix_sums_bb_kernel..." - 42: 0%....50%....100% - 18 passes
==PROF== Profiling "compute_prefix_sums_per_block..." - 43: 0%....50%....100% - 18 passes
==PROF== Profiling "main_kernel" - 44: 0%....50%....100% - 18 passes
==PROF== Profiling "main_kernel" - 45: 0%....50%....100% - 18 passes
==PROF== Profiling "count_ones_per_block_blocks_k..." - 46: 0%....50%....100% - 18 passes
==PROF== Profiling "compute_prefix_sums_bb_kernel..." - 47: 0%....50%....100% - 18 passes
==PROF== Profiling "compute_prefix_sums_per_block..." - 48: 0%....50%....100% - 18 passes
==PROF== Profiling "main_kernel" - 49: 0%....50%....100% - 18 passes
==PROF== Profiling "main_kernel" - 50: 0%....50%....100% - 18 passes
==PROF== Profiling "count_ones_per_block_blocks_k..." - 51: 0%....50%....100% - 18 passes
==PROF== Profiling "compute_prefix_sums_bb_kernel..." - 52: 0%....50%....100% - 18 passes
==PROF== Profiling "compute_prefix_sums_per_block..." - 53: 0%....50%....100% - 18 passes
==PROF== Profiling "main_kernel" - 54: 0%....50%....100% - 18 passes
==PROF== Profiling "main_kernel" - 55: 0%....50%....100% - 18 passes
==PROF== Profiling "count_ones_per_block_blocks_k..." - 56: 0%....50%....100% - 18 passes
==PROF== Profiling "compute_prefix_sums_bb_kernel..." - 57: 0%....50%....100% - 18 passes
==PROF== Profiling "compute_prefix_sums_per_block..." - 58: 0%....50%....100% - 18 passes
==PROF== Profiling "main_kernel" - 59: 0%....50%....100% - 18 passes
==PROF== Profiling "main_kernel" - 60: 0%....50%....100% - 18 passes
==PROF== Profiling "count_ones_per_block_blocks_k..." - 61: 0%....50%....100% - 18 passes
==PROF== Profiling "compute_prefix_sums_bb_kernel..." - 62: 0%....50%....100% - 18 passes
==PROF== Profiling "compute_prefix_sums_per_block..." - 63: 0%....50%....100% - 18 passes
==PROF== Profiling "main_kernel" - 64: 0%....50%....100% - 18 passes
==PROF== Profiling "main_kernel" - 65: 0%....50%....100% - 18 passes
==PROF== Profiling "count_ones_per_block_blocks_k..." - 66: 0%....50%....100% - 18 passes
==PROF== Profiling "compute_prefix_sums_bb_kernel..." - 67: 0%....50%....100% - 18 passes
==PROF== Profiling "compute_prefix_sums_per_block..." - 68: 0%....50%....100% - 18 passes
==PROF== Profiling "main_kernel" - 69: 0%....50%....100% - 18 passes
==PROF== Profiling "main_kernel" - 70: 0%....50%....100% - 18 passes
==PROF== Profiling "count_ones_per_block_blocks_k..." - 71: 0%....50%....100% - 18 passes
==PROF== Profiling "compute_prefix_sums_bb_kernel..." - 72: 0%....50%....100% - 18 passes
==PROF== Profiling "compute_prefix_sums_per_block..." - 73: 0%....50%....100% - 18 passes
==PROF== Profiling "main_kernel" - 74: 0%....50%....100% - 18 passes
==PROF== Profiling "main_kernel" - 75: 0%....50%....100% - 18 passes
==PROF== Profiling "count_ones_per_block_blocks_k..." - 76: 0%....50%....100% - 18 passes
==PROF== Profiling "compute_prefix_sums_bb_kernel..." - 77: 0%....50%....100% - 18 passes
==PROF== Profiling "compute_prefix_sums_per_block..." - 78: 0%....50%....100% - 18 passes
==PROF== Profiling "main_kernel" - 79: 0%....50%....100% - 18 passes
==PROF== Profiling "main_kernel" - 80: 0%....50%....100% - 18 passes
==PROF== Profiling "count_ones_per_block_blocks_k..." - 81: 0%....50%....100% - 18 passes
==PROF== Profiling "compute_prefix_sums_bb_kernel..." - 82: 0%....50%....100% - 18 passes
==PROF== Profiling "compute_prefix_sums_per_block..." - 83: 0%....50%....100% - 18 passes
==PROF== Profiling "main_kernel" - 84: 0%....50%....100% - 18 passes
==PROF== Profiling "main_kernel" - 85: 0%....50%....100% - 18 passes
==PROF== Profiling "count_ones_per_block_blocks_k..." - 86: 0%....50%....100% - 18 passes
==PROF== Profiling "compute_prefix_sums_bb_kernel..." - 87: 0%....50%....100% - 18 passes
==PROF== Profiling "compute_prefix_sums_per_block..." - 88: 0%....50%....100% - 18 passes
==PROF== Profiling "main_kernel" - 89: 0%....50%....100% - 18 passes
==PROF== Profiling "main_kernel" - 90: 0%....50%....100% - 18 passes
==PROF== Profiling "count_ones_per_block_blocks_k..." - 91: 0%....50%....100% - 18 passes
==PROF== Profiling "compute_prefix_sums_bb_kernel..." - 92: 0%....50%....100% - 18 passes
==PROF== Profiling "compute_prefix_sums_per_block..." - 93: 0%....50%....100% - 18 passes
==PROF== Profiling "main_kernel" - 94: 0%....50%....100% - 18 passes
==PROF== Profiling "main_kernel" - 95: 0%....50%....100% - 18 passes
==PROF== Profiling "count_ones_per_block_blocks_k..." - 96: 0%....50%....100% - 18 passes
==PROF== Profiling "compute_prefix_sums_bb_kernel..." - 97: 0%....50%....100% - 18 passes
==PROF== Profiling "compute_prefix_sums_per_block..." - 98: 0%....50%....100% - 18 passes
==PROF== Profiling "main_kernel" - 99: 0%....50%....100% - 18 passes
==PROF== Profiling "main_kernel" - 100: 0%....50%....100% - 18 passes
==PROF== Profiling "count_ones_per_block_blocks_k..." - 101: 0%....50%....100% - 18 passes
==PROF== Profiling "compute_prefix_sums_bb_kernel..." - 102: 0%....50%....100% - 18 passes
==PROF== Profiling "compute_prefix_sums_per_block..." - 103: 0%....50%....100% - 18 passes
==PROF== Profiling "main_kernel" - 104: 0%....50%....100% - 18 passes
==PROF== Profiling "main_kernel" - 105: 0%....50%....100% - 18 passes
==PROF== Profiling "count_ones_per_block_blocks_k..." - 106: 0%....50%....100% - 18 passes
==PROF== Profiling "compute_prefix_sums_bb_kernel..." - 107: 0%....50%....100% - 18 passes
==PROF== Profiling "compute_prefix_sums_per_block..." - 108: 0%....50%....100% - 18 passes
==PROF== Profiling "main_kernel" - 109: 0%....50%....100% - 18 passes
==PROF== Profiling "main_kernel" - 110: 0%....50%....100% - 18 passes
==PROF== Profiling "count_ones_per_block_blocks_k..." - 111: 0%....50%....100% - 18 passes
==PROF== Profiling "compute_prefix_sums_bb_kernel..." - 112: 0%....50%....100% - 18 passes
==PROF== Profiling "compute_prefix_sums_per_block..." - 113: 0%....50%....100% - 18 passes
==PROF== Profiling "main_kernel" - 114: 0%....50%....100% - 18 passes
==PROF== Profiling "main_kernel" - 115: 0%....50%....100% - 18 passes
==PROF== Profiling "count_ones_per_block_blocks_k..." - 116: 0%....50%....100% - 18 passes
==PROF== Profiling "compute_prefix_sums_bb_kernel..." - 117: 0%....50%....100% - 18 passes
==PROF== Profiling "compute_prefix_sums_per_block..." - 118: 0%....50%....100% - 18 passes
==PROF== Profiling "main_kernel" - 119: 0%....50%....100% - 18 passes
==PROF== Profiling "main_kernel" - 120: 0%....50%....100% - 18 passes
==PROF== Profiling "count_ones_per_block_blocks_k..." - 121: 0%....50%....100% - 18 passes
==PROF== Profiling "compute_prefix_sums_bb_kernel..." - 122: 0%....50%....100% - 18 passes
==PROF== Profiling "compute_prefix_sums_per_block..." - 123: 0%....50%....100% - 18 passes
==PROF== Profiling "main_kernel" - 124: 0%....50%....100% - 18 passes
==PROF== Profiling "main_kernel" - 125: 0%....50%....100% - 18 passes
==PROF== Profiling "count_ones_per_block_blocks_k..." - 126: 0%....50%....100% - 18 passes
==PROF== Profiling "compute_prefix_sums_bb_kernel..." - 127: 0%....50%....100% - 18 passes
==PROF== Profiling "compute_prefix_sums_per_block..." - 128: 0%....50%....100% - 18 passes
==PROF== Profiling "main_kernel" - 129: 0%....50%....100% - 18 passes
==PROF== Profiling "main_kernel" - 130: 0%....50%....100% - 18 passes
==PROF== Profiling "count_ones_per_block_blocks_k..." - 131: 0%....50%....100% - 18 passes
==PROF== Profiling "compute_prefix_sums_bb_kernel..." - 132: 0%....50%....100% - 18 passes
==PROF== Profiling "compute_prefix_sums_per_block..." - 133: 0%....50%....100% - 18 passes
==PROF== Profiling "main_kernel" - 134: 0%....50%....100% - 18 passes
==PROF== Profiling "main_kernel" - 135: 0%....50%....100% - 18 passes
==PROF== Profiling "count_ones_per_block_blocks_k..." - 136: 0%....50%....100% - 18 passes
==PROF== Profiling "compute_prefix_sums_bb_kernel..." - 137: 0%....50%....100% - 18 passes
==PROF== Profiling "compute_prefix_sums_per_block..." - 138: 0%....50%....100% - 18 passes
==PROF== Profiling "main_kernel" - 139: 0%....50%....100% - 18 passes
==PROF== Profiling "main_kernel" - 140: 0%....50%....100% - 18 passes
==PROF== Profiling "count_ones_per_block_blocks_k..." - 141: 0%....50%....100% - 18 passes
==PROF== Profiling "compute_prefix_sums_bb_kernel..." - 142: 0%....50%....100% - 18 passes
==PROF== Profiling "compute_prefix_sums_per_block..." - 143: 0%....50%....100% - 18 passes
==PROF== Profiling "main_kernel" - 144: 0%....50%....100% - 18 passes
==PROF== Profiling "main_kernel" - 145: 0%....50%....100% - 18 passes
==PROF== Profiling "count_ones_per_block_blocks_k..." - 146: 0%....50%....100% - 18 passes
==PROF== Profiling "compute_prefix_sums_bb_kernel..." - 147: 0%....50%....100% - 18 passes
==PROF== Profiling "compute_prefix_sums_per_block..." - 148: 0%....50%....100% - 18 passes
==PROF== Profiling "main_kernel" - 149: 0%....50%....100% - 18 passes
==PROF== Profiling "main_kernel" - 150: 0%....50%....100% - 18 passes
==PROF== Profiling "count_ones_per_block_blocks_k..." - 151: 0%....50%....100% - 18 passes
==PROF== Profiling "compute_prefix_sums_bb_kernel..." - 152: 0%....50%....100% - 18 passes
==PROF== Profiling "compute_prefix_sums_per_block..." - 153: 0%....50%....100% - 18 passes
==PROF== Profiling "main_kernel" - 154: 0%....50%....100% - 18 passes
==PROF== Profiling "main_kernel" - 155: 0%....50%....100% - 18 passes
==PROF== Profiling "count_ones_per_block_blocks_k..." - 156: 0%....50%....100% - 18 passes
==PROF== Profiling "compute_prefix_sums_bb_kernel..." - 157: 0%....50%....100% - 18 passes
==PROF== Profiling "compute_prefix_sums_per_block..." - 158: 0%....50%....100% - 18 passes
==PROF== Profiling "main_kernel" - 159: 0%....50%....100% - 18 passes
backend=tilelang N=1000000 sorted_correct=True
==PROF== Disconnected from process 336201
==PROF== Report: /home/arustagi/repos/Tilebench/profile/b200_autotuned_postmerge/radix_sort/reports/tilelang_N1M.ncu-rep
