Error in sitecustomize; set PYTHONVERBOSE for traceback:
ModuleNotFoundError: No module named '__future__'
==PROF== Connected to process 339136 (/home/arustagi/anaconda3/envs/tilebench/bin/python3.11)
==PROF== Profiling "radix_histogram_kernel" - 0: 0%....50%....100% - 18 passes
==PROF== Profiling "radix_sum_chunks_kernel" - 1: 0%....50%....100% - 18 passes
==PROF== Profiling "radix_scan_chunk_sums_kernel" - 2: 0%....50%....100% - 18 passes
==PROF== Profiling "radix_scan_chunks_kernel" - 3: 0%....50%....100% - 18 passes
==PROF== Profiling "radix_scatter_kernel" - 4: 0%....50%....100% - 18 passes
==PROF== Profiling "radix_histogram_kernel" - 5: 0%....50%....100% - 18 passes
==PROF== Profiling "radix_sum_chunks_kernel" - 6: 0%....50%....100% - 18 passes
==PROF== Profiling "radix_scan_chunk_sums_kernel" - 7: 0%....50%....100% - 18 passes
==PROF== Profiling "radix_scan_chunks_kernel" - 8: 0%....50%....100% - 18 passes
==PROF== Profiling "radix_scatter_kernel" - 9: 0%....50%....100% - 18 passes
==PROF== Profiling "radix_histogram_kernel" - 10: 0%....50%....100% - 18 passes
==PROF== Profiling "radix_sum_chunks_kernel" - 11: 0%....50%....100% - 18 passes
==PROF== Profiling "radix_scan_chunk_sums_kernel" - 12: 0%....50%....100% - 18 passes
==PROF== Profiling "radix_scan_chunks_kernel" - 13: 0%....50%....100% - 18 passes
==PROF== Profiling "radix_scatter_kernel" - 14: 0%....50%....100% - 18 passes
==PROF== Profiling "radix_histogram_kernel" - 15: 0%....50%....100% - 18 passes
==PROF== Profiling "radix_sum_chunks_kernel" - 16: 0%....50%....100% - 18 passes
==PROF== Profiling "radix_scan_chunk_sums_kernel" - 17: 0%....50%....100% - 18 passes
==PROF== Profiling "radix_scan_chunks_kernel" - 18: 0%....50%....100% - 18 passes
==PROF== Profiling "radix_scatter_kernel" - 19: 0%....50%....100% - 18 passes
==PROF== Profiling "radix_histogram_kernel" - 20: 0%....50%....100% - 18 passes
==PROF== Profiling "radix_sum_chunks_kernel" - 21: 0%....50%....100% - 18 passes
==PROF== Profiling "radix_scan_chunk_sums_kernel" - 22: 0%....50%....100% - 18 passes
==PROF== Profiling "radix_scan_chunks_kernel" - 23: 0%....50%....100% - 18 passes
==PROF== Profiling "radix_scatter_kernel" - 24: 0%....50%....100% - 18 passes
==PROF== Profiling "radix_histogram_kernel" - 25: 0%....50%....100% - 18 passes
==PROF== Profiling "radix_sum_chunks_kernel" - 26: 0%....50%....100% - 18 passes
==PROF== Profiling "radix_scan_chunk_sums_kernel" - 27: 0%....50%....100% - 18 passes
==PROF== Profiling "radix_scan_chunks_kernel" - 28: 0%....50%....100% - 18 passes
==PROF== Profiling "radix_scatter_kernel" - 29: 0%....50%....100% - 18 passes
==PROF== Profiling "radix_histogram_kernel" - 30: 0%....50%....100% - 18 passes
==PROF== Profiling "radix_sum_chunks_kernel" - 31: 0%....50%....100% - 18 passes
==PROF== Profiling "radix_scan_chunk_sums_kernel" - 32: 0%....50%....100% - 18 passes
==PROF== Profiling "radix_scan_chunks_kernel" - 33: 0%....50%....100% - 18 passes
==PROF== Profiling "radix_scatter_kernel" - 34: 0%....50%....100% - 18 passes
==PROF== Profiling "radix_histogram_kernel" - 35: 0%....50%....100% - 18 passes
==PROF== Profiling "radix_sum_chunks_kernel" - 36: 0%....50%....100% - 18 passes
==PROF== Profiling "radix_scan_chunk_sums_kernel" - 37: 0%....50%....100% - 18 passes
==PROF== Profiling "radix_scan_chunks_kernel" - 38: 0%....50%....100% - 18 passes
==PROF== Profiling "radix_scatter_kernel" - 39: 0%....50%....100% - 18 passes
==PROF== Profiling "radix_histogram_kernel" - 40: 0%....50%....100% - 18 passes
==PROF== Profiling "radix_sum_chunks_kernel" - 41: 0%....50%....100% - 18 passes
==PROF== Profiling "radix_scan_chunk_sums_kernel" - 42: 0%....50%....100% - 18 passes
==PROF== Profiling "radix_scan_chunks_kernel" - 43: 0%....50%....100% - 18 passes
==PROF== Profiling "radix_scatter_kernel" - 44: 0%....50%....100% - 18 passes
==PROF== Profiling "radix_histogram_kernel" - 45: 0%....50%....100% - 18 passes
==PROF== Profiling "radix_sum_chunks_kernel" - 46: 0%....50%....100% - 18 passes
==PROF== Profiling "radix_scan_chunk_sums_kernel" - 47: 0%....50%....100% - 18 passes
==PROF== Profiling "radix_scan_chunks_kernel" - 48: 0%....50%....100% - 18 passes
==PROF== Profiling "radix_scatter_kernel" - 49: 0%....50%....100% - 18 passes
==PROF== Profiling "radix_histogram_kernel" - 50: 0%....50%....100% - 18 passes
==PROF== Profiling "radix_sum_chunks_kernel" - 51: 0%....50%....100% - 18 passes
==PROF== Profiling "radix_scan_chunk_sums_kernel" - 52: 0%....50%....100% - 18 passes
==PROF== Profiling "radix_scan_chunks_kernel" - 53: 0%....50%....100% - 18 passes
==PROF== Profiling "radix_scatter_kernel" - 54: 0%....50%....100% - 18 passes
==PROF== Profiling "radix_histogram_kernel" - 55: 0%....50%....100% - 18 passes
==PROF== Profiling "radix_sum_chunks_kernel" - 56: 0%....50%....100% - 18 passes
==PROF== Profiling "radix_scan_chunk_sums_kernel" - 57: 0%....50%....100% - 18 passes
==PROF== Profiling "radix_scan_chunks_kernel" - 58: 0%....50%....100% - 18 passes
==PROF== Profiling "radix_scatter_kernel" - 59: 0%....50%....100% - 18 passes
==PROF== Profiling "radix_histogram_kernel" - 60: 0%....50%....100% - 18 passes
==PROF== Profiling "radix_sum_chunks_kernel" - 61: 0%....50%....100% - 18 passes
==PROF== Profiling "radix_scan_chunk_sums_kernel" - 62: 0%....50%....100% - 18 passes
==PROF== Profiling "radix_scan_chunks_kernel" - 63: 0%....50%....100% - 18 passes
==PROF== Profiling "radix_scatter_kernel" - 64: 0%....50%....100% - 18 passes
==PROF== Profiling "radix_histogram_kernel" - 65: 0%....50%....100% - 18 passes
==PROF== Profiling "radix_sum_chunks_kernel" - 66: 0%....50%....100% - 18 passes
==PROF== Profiling "radix_scan_chunk_sums_kernel" - 67: 0%....50%....100% - 18 passes
==PROF== Profiling "radix_scan_chunks_kernel" - 68: 0%....50%....100% - 18 passes
==PROF== Profiling "radix_scatter_kernel" - 69: 0%....50%....100% - 18 passes
==PROF== Profiling "radix_histogram_kernel" - 70: 0%....50%....100% - 18 passes
==PROF== Profiling "radix_sum_chunks_kernel" - 71: 0%....50%....100% - 18 passes
==PROF== Profiling "radix_scan_chunk_sums_kernel" - 72: 0%....50%....100% - 18 passes
==PROF== Profiling "radix_scan_chunks_kernel" - 73: 0%....50%....100% - 18 passes
==PROF== Profiling "radix_scatter_kernel" - 74: 0%....50%....100% - 18 passes
==PROF== Profiling "radix_histogram_kernel" - 75: 0%....50%....100% - 18 passes
==PROF== Profiling "radix_sum_chunks_kernel" - 76: 0%....50%....100% - 18 passes
==PROF== Profiling "radix_scan_chunk_sums_kernel" - 77: 0%....50%....100% - 18 passes
==PROF== Profiling "radix_scan_chunks_kernel" - 78: 0%....50%....100% - 18 passes
==PROF== Profiling "radix_scatter_kernel" - 79: 0%....50%....100% - 18 passes
backend=triton N=1000000 sorted_correct=True
==PROF== Disconnected from process 339136
==PROF== Report: /home/arustagi/repos/Tilebench/profile/b200_autotuned_postmerge/radix_sort/reports/triton_N1M.ncu-rep
