=== tilelang N=4096 ===
2026-07-26 20:28:28,157 WARNING:Tunable parameters ['BLOCK_SIZE', 'threads'] already provided during auto-tuning. Skipping compilation and using direct JIT
wrote ir/tilelang_N4096.cu (21305 bytes)
2026-07-26 20:28:34  [TileLang:tilelang.jit.kernel:INFO] (kernel.py:762): PTX saved to /home/arustagi/repos/Tilebench/profile/b200_autotuned_postmerge/top_k_selection/ir/tilelang_N4096.ptx
2026-07-26 20:28:41  [TileLang:tilelang.jit.kernel:INFO] (kernel.py:824): SASS saved to /home/arustagi/repos/Tilebench/profile/b200_autotuned_postmerge/top_k_selection/ir/tilelang_N4096.sass
tilelang N=4096 regs=None spills=None max_threads=None
=== tilelang N=1048576 ===
2026-07-26 20:28:41,202 WARNING:Tunable parameters ['BLOCK_SIZE', 'threads'] already provided during auto-tuning. Skipping compilation and using direct JIT
Dumping TILEIR bytecode to file: /home/arustagi/repos/Tilebench/profile/b200_autotuned_postmerge/top_k_selection/1/_bitonic_step_kernel.impl_cutile.ln37.osrcbfl8.tileirbc
Can't print MLIR because the internal extension is missing. This is currently not a public feature.
wrote ir/tilelang_N1048576.cu (21313 bytes)
2026-07-26 20:28:47  [TileLang:tilelang.jit.kernel:INFO] (kernel.py:762): PTX saved to /home/arustagi/repos/Tilebench/profile/b200_autotuned_postmerge/top_k_selection/ir/tilelang_N1048576.ptx
2026-07-26 20:28:54  [TileLang:tilelang.jit.kernel:INFO] (kernel.py:824): SASS saved to /home/arustagi/repos/Tilebench/profile/b200_autotuned_postmerge/top_k_selection/ir/tilelang_N1048576.sass
tilelang N=1048576 regs=None spills=None max_threads=None
=== triton N=4096 ===
wrote ir/triton_N4096.ttir (7221 bytes)
wrote ir/triton_N4096.ttgir (7783 bytes)
wrote ir/triton_N4096.llir (6046 bytes)
wrote ir/triton_N4096.ptx (6378 bytes)
wrote ir/triton_N4096.cubin (12320 bytes)
wrote ir/triton_N4096.sass (27564 bytes)
triton N=4096 regs=22 spills=0
=== triton N=1048576 ===
wrote ir/triton_N1048576.ttir (7221 bytes)
wrote ir/triton_N1048576.ttgir (7783 bytes)
wrote ir/triton_N1048576.llir (6046 bytes)
wrote ir/triton_N1048576.ptx (6378 bytes)
wrote ir/triton_N1048576.cubin (12320 bytes)
wrote ir/triton_N1048576.sass (27564 bytes)
triton N=1048576 regs=22 spills=0
=== cutile N=4096 ===
Traceback (most recent call last):
  File "/home/arustagi/repos/Tilebench/profile/b200_autotuned_postmerge/top_k_selection/harness/dump_ir.py", line 148, in <module>
    main()
  File "/home/arustagi/repos/Tilebench/profile/b200_autotuned_postmerge/top_k_selection/harness/dump_ir.py", line 144, in main
    dispatch[backend](n, outdir)
  File "/home/arustagi/repos/Tilebench/profile/b200_autotuned_postmerge/top_k_selection/harness/dump_ir.py", line 116, in dump_cutile
    assert cubins, f"no cuTile cubin appeared in {tmpdir}"
           ^^^^^^
AssertionError: no cuTile cubin appeared in /home/arustagi/repos/Tilebench/profile/b200_autotuned_postmerge/top_k_selection/ir/cutile_tmp
