/usr/bin/lua: /opt/ohpc/admin/lmod/lmod/libexec/addto:65: module 'posix' not found:
	no field package.preload['posix']
	no file '/usr/share/lua/5.3/posix.lua'
	no file '/usr/share/lua/5.3/posix/init.lua'
	no file '/usr/lib64/lua/5.3/posix.lua'
	no file '/usr/lib64/lua/5.3/posix/init.lua'
	no file '/usr/lib64/lua/5.3/posix.so'
	no file '/usr/lib64/lua/5.3/loadall.so'
	no file ''
stack traceback:
	[C]: in function 'require'
	/opt/ohpc/admin/lmod/lmod/libexec/addto:65: in main chunk
	[C]: in ?
=== full: tilelang_lowN ===
=== source: tilelang_lowN ===
=== full: tilelang_highN ===
=== source: tilelang_highN ===
=== full: triton_lowN ===
=== source: triton_lowN ===
=== full: triton_highN ===
=== source: triton_highN ===
=== full: cutile_lowN ===
=== source: cutile_lowN ===
=== full: cutile_highN ===
=== source: cutile_highN ===
done
