2026-10-02 06:35:51,943 INFO:Auto-tuning with 0.9 CPU utilizations, 72 CPUs available, 64 CPUs will be used
2026-10-02 06:35:51,950 WARNING:Benchmark timeout is enforced in benchmark workers by running each benchmark call in a daemon sub-thread and waiting up to the configured timeout.
2026-10-02 06:36:06,883 INFO:Auto-tuning with 0.9 CPU utilizations, 72 CPUs available, 64 CPUs will be used
2026-10-02 06:36:06,891 WARNING:Benchmark timeout is enforced in benchmark workers by running each benchmark call in a daemon sub-thread and waiting up to the configured timeout.
2026-10-02 06:36:22,919 INFO:Auto-tuning with 0.9 CPU utilizations, 72 CPUs available, 64 CPUs will be used
2026-10-02 06:36:22,925 WARNING:Benchmark timeout is enforced in benchmark workers by running each benchmark call in a daemon sub-thread and waiting up to the configured timeout.
2026-10-02 06:36:38,205 INFO:Auto-tuning with 0.9 CPU utilizations, 72 CPUs available, 64 CPUs will be used
2026-10-02 06:36:38,211 WARNING:Benchmark timeout is enforced in benchmark workers by running each benchmark call in a daemon sub-thread and waiting up to the configured timeout.
2026-10-02 06:36:53,996 INFO:Auto-tuning with 0.9 CPU utilizations, 72 CPUs available, 64 CPUs will be used
2026-10-02 06:36:54,004 WARNING:Benchmark timeout is enforced in benchmark workers by running each benchmark call in a daemon sub-thread and waiting up to the configured timeout.
2026-10-02 06:37:09,871 INFO:Auto-tuning with 0.9 CPU utilizations, 72 CPUs available, 64 CPUs will be used
2026-10-02 06:37:09,877 WARNING:Benchmark timeout is enforced in benchmark workers by running each benchmark call in a daemon sub-thread and waiting up to the configured timeout.
2026-10-02 06:37:24,818 INFO:Auto-tuning with 0.9 CPU utilizations, 72 CPUs available, 64 CPUs will be used
2026-10-02 06:37:24,826 WARNING:Benchmark timeout is enforced in benchmark workers by running each benchmark call in a daemon sub-thread and waiting up to the configured timeout.
2026-10-02 06:37:40,501 INFO:Auto-tuning with 0.9 CPU utilizations, 72 CPUs available, 64 CPUs will be used
2026-10-02 06:37:40,508 WARNING:Benchmark timeout is enforced in benchmark workers by running each benchmark call in a daemon sub-thread and waiting up to the configured timeout.
2026-10-02 06:37:56,615 INFO:Auto-tuning with 0.9 CPU utilizations, 72 CPUs available, 64 CPUs will be used
2026-10-02 06:37:56,622 WARNING:Benchmark timeout is enforced in benchmark workers by running each benchmark call in a daemon sub-thread and waiting up to the configured timeout.
2026-10-02 06:38:12,466 INFO:Auto-tuning with 0.9 CPU utilizations, 72 CPUs available, 64 CPUs will be used
2026-10-02 06:38:12,474 WARNING:Benchmark timeout is enforced in benchmark workers by running each benchmark call in a daemon sub-thread and waiting up to the configured timeout.
2026-10-02 06:38:27,941 INFO:Auto-tuning with 0.9 CPU utilizations, 72 CPUs available, 64 CPUs will be used
2026-10-02 06:38:27,948 WARNING:Benchmark timeout is enforced in benchmark workers by running each benchmark call in a daemon sub-thread and waiting up to the configured timeout.
2026-10-02 06:38:44,141 INFO:Auto-tuning with 0.9 CPU utilizations, 72 CPUs available, 64 CPUs will be used
2026-10-02 06:38:44,148 WARNING:Benchmark timeout is enforced in benchmark workers by running each benchmark call in a daemon sub-thread and waiting up to the configured timeout.
2026-10-02 06:39:00,042 INFO:Auto-tuning with 0.9 CPU utilizations, 72 CPUs available, 64 CPUs will be used
2026-10-02 06:39:00,050 WARNING:Benchmark timeout is enforced in benchmark workers by running each benchmark call in a daemon sub-thread and waiting up to the configured timeout.
2026-10-02 06:39:16,484 INFO:Auto-tuning with 0.9 CPU utilizations, 72 CPUs available, 64 CPUs will be used
2026-10-02 06:39:16,491 WARNING:Benchmark timeout is enforced in benchmark workers by running each benchmark call in a daemon sub-thread and waiting up to the configured timeout.
2026-10-02 06:39:32,434 INFO:Auto-tuning with 0.9 CPU utilizations, 72 CPUs available, 64 CPUs will be used
2026-10-02 06:39:32,441 WARNING:Benchmark timeout is enforced in benchmark workers by running each benchmark call in a daemon sub-thread and waiting up to the configured timeout.
2026-10-02 06:39:49,407 INFO:Auto-tuning with 0.9 CPU utilizations, 72 CPUs available, 64 CPUs will be used
2026-10-02 06:39:49,414 WARNING:Benchmark timeout is enforced in benchmark workers by running each benchmark call in a daemon sub-thread and waiting up to the configured timeout.
2026-10-02 06:40:06,289 INFO:Auto-tuning with 0.9 CPU utilizations, 72 CPUs available, 64 CPUs will be used
2026-10-02 06:40:06,296 WARNING:Benchmark timeout is enforced in benchmark workers by running each benchmark call in a daemon sub-thread and waiting up to the configured timeout.
2026-10-02 06:40:24,390 INFO:Auto-tuning with 0.9 CPU utilizations, 72 CPUs available, 64 CPUs will be used
2026-10-02 06:40:24,396 WARNING:Benchmark timeout is enforced in benchmark workers by running each benchmark call in a daemon sub-thread and waiting up to the configured timeout.
2026-10-02 06:40:40,273 INFO:Auto-tuning with 0.9 CPU utilizations, 72 CPUs available, 64 CPUs will be used
2026-10-02 06:40:40,280 WARNING:Benchmark timeout is enforced in benchmark workers by running each benchmark call in a daemon sub-thread and waiting up to the configured timeout.
2026-10-02 06:40:56,075 INFO:Auto-tuning with 0.9 CPU utilizations, 72 CPUs available, 64 CPUs will be used
2026-10-02 06:40:56,083 WARNING:Benchmark timeout is enforced in benchmark workers by running each benchmark call in a daemon sub-thread and waiting up to the configured timeout.
2026-10-02 06:41:12,329 INFO:Auto-tuning with 0.9 CPU utilizations, 72 CPUs available, 64 CPUs will be used
2026-10-02 06:41:12,336 WARNING:Benchmark timeout is enforced in benchmark workers by running each benchmark call in a daemon sub-thread and waiting up to the configured timeout.
2026-10-02 06:41:27,136 INFO:Auto-tuning with 0.9 CPU utilizations, 72 CPUs available, 64 CPUs will be used
2026-10-02 06:41:27,144 WARNING:Benchmark timeout is enforced in benchmark workers by running each benchmark call in a daemon sub-thread and waiting up to the configured timeout.
2026-10-02 06:41:43,240 INFO:Auto-tuning with 0.9 CPU utilizations, 72 CPUs available, 64 CPUs will be used
2026-10-02 06:41:43,248 WARNING:Benchmark timeout is enforced in benchmark workers by running each benchmark call in a daemon sub-thread and waiting up to the configured timeout.
2026-10-02 06:41:59,185 INFO:Auto-tuning with 0.9 CPU utilizations, 72 CPUs available, 64 CPUs will be used
2026-10-02 06:41:59,192 WARNING:Benchmark timeout is enforced in benchmark workers by running each benchmark call in a daemon sub-thread and waiting up to the configured timeout.
2026-10-02 06:42:14,708 INFO:Auto-tuning with 0.9 CPU utilizations, 72 CPUs available, 64 CPUs will be used
2026-10-02 06:42:14,716 WARNING:Benchmark timeout is enforced in benchmark workers by running each benchmark call in a daemon sub-thread and waiting up to the configured timeout.
2026-10-02 06:42:30,132 INFO:Auto-tuning with 0.9 CPU utilizations, 72 CPUs available, 64 CPUs will be used
2026-10-02 06:42:30,138 WARNING:Benchmark timeout is enforced in benchmark workers by running each benchmark call in a daemon sub-thread and waiting up to the configured timeout.
2026-10-02 06:42:34,237 DEBUG:Compilation failed for config {'BLOCK_SIZE': 4096, 'threads': 128} at index 8 with error: #if defined(_MSC_VER) && !defined(__clang__) && _MSC_VER < 1940
#define _tl_orig_alignas alignas
#define alignas(N) _tl_orig_alignas((N) <= 64 ? (N) : 64)
#include <cuda.h>
#undef alignas
#define alignas _tl_orig_alignas
#endif
#include <tl_templates/cuda/gemm.h>
#include <tl_templates/cuda/copy.h>
#include <tl_templates/cuda/reduce.h>
#include <tl_templates/cuda/scan.h>
#include <tl_templates/cuda/ldsm.h>
#include <tl_templates/cuda/threadblock_swizzle.h>
#include <tl_templates/cuda/debug.h>
#ifdef ENABLE_BF16
#include <tl_templates/cuda/cuda_bf16_fallbacks.cuh>
#endif

extern "C" __global__ void weight_dequant_kernel_kernel(const bfloat16_t* __restrict__ S, const bfloat16_t* __restrict__ X, bfloat16_t* __restrict__ output);
extern "C" __global__ void __launch_bounds__(128, 1) weight_dequant_kernel_kernel(const bfloat16_t* __restrict__ S, const bfloat16_t* __restrict__ X, bfloat16_t* __restrict__ output) {
  bfloat16_t X_local_cast_1[4];
  bfloat16_t S_local_cast_2[4];
  bfloat16_t output_local_cast[4];
  #pragma unroll
  for (int i = 0; i < 8; ++i) {
    *(uint2*)(X_local_cast_1 + 0) = *(uint2*)(X + (((((int)blockIdx.x) * 4096) + (i * 512)) + (((int)threadIdx.x) * 4)));
    int4 v_ = make_int4(((((((int)blockIdx.x) / 144) * 36) + ((((((int)blockIdx.x) * 8) + i) % 9) * 4)) + (((int)threadIdx.x) >> 5)), ((((((int)blockIdx.x) / 144) * 36) + ((((((int)blockIdx.x) * 8) + i) % 9) * 4)) + (((int)threadIdx.x) >> 5)), ((((((int)blockIdx.x) / 144) * 36) + ((((((int)blockIdx.x) * 8) + i) % 9) * 4)) + (((int)threadIdx.x) >> 5)), ((((((int)blockIdx.x) / 144) * 36) + ((((((int)blockIdx.x) * 8) + i) % 9) * 4)) + (((int)threadIdx.x) >> 5)));
    *(uint2*)(S_local_cast_2 + 0) = make_uint2(__pack_bfloat162(S[v_.x],S[v_.y]),__pack_bfloat162(S[v_.z],S[v_.w]));
    uint2 __1;
    float4 __2;
      float4 __3;
      uint2 v__1 = *(uint2*)(X_local_cast_1 + 0);
      ((float2*)(&__3))[0] = __bfloat1622float2((reinterpret_cast<__nv_bfloat162*>(&v__1))[0]);
      ((float2*)(&__3))[1] = __bfloat1622float2((reinterpret_cast<__nv_bfloat162*>(&v__1))[1]);
      float4 __4;
      uint2 v__2 = *(uint2*)(S_local_cast_2 + 0);
      ((float2*)(&__4))[0] = __bfloat1622float2((reinterpret_cast<__nv_bfloat162*>(&v__2))[0]);
      ((float2*)(&__4))[1] = __bfloat1622float2((reinterpret_cast<__nv_bfloat162*>(&v__2))[1]);
      __2.x = (__3.x*__4.x);
      __2.y = (__3.y*__4.y);
      __2.z = (__3.z*__4.z);
      __2.w = (__3.w*__4.w);
    (reinterpret_cast<__nv_bfloat162*>(&__1))[0] = __float22bfloat162_rn(((float2*)(&__2))[0]);
    (reinterpret_cast<__nv_bfloat162*>(&__1))[1] = __float22bfloat162_rn(((float2*)(&__2))[1]);
    *(uint2*)(output_local_cast + 0) = __1;
    *(uint2*)(output + (((((int)blockIdx.x) * 4096) + (i * 512)) + (((int)threadIdx.x) * 4))) = *(uint2*)(output_local_cast + 0);
  }
}


Compilation error:
/projects/kzhou6/bcui2/env_software/miniconda3-aarch64/envs/tilebench++_env/lib/python3.10/site-packages/tilelang/3rdparty/../src/tl_templates/cuda/./instruction/../common.h(260): warning #1444-D: type "longlong4" was declared deprecated ("use longlong4_16a or longlong4_32a")
    longlong4 result;
              ^
/usr/local/cuda-13.1/bin/../targets/sbsa-linux/include/vector_types.h(550): note #3287-D: because of a "deprecated" attribute
  typedef __attribute__((device_builtin)) struct longlong4 __attribute__((deprecated("use longlong4_16a or longlong4_32a"))) longlong4;
                                                                          ^

Remark: The warnings can be suppressed with "-diag-suppress <warning-number>"

/projects/kzhou6/bcui2/env_software/miniconda3-aarch64/envs/tilebench++_env/lib/python3.10/site-packages/tilelang/3rdparty/../src/tl_templates/cuda/./instruction/../common.h(635): warning #20012-D: __device__ annotation is ignored on a non-virtual function("float_e4m3_t") that is explicitly defaulted on its first declaration
    __inline__ __attribute__((always_inline)) __attribute__((device)) __attribute__((host))
                                                             ^

/projects/kzhou6/bcui2/env_software/miniconda3-aarch64/envs/tilebench++_env/lib/python3.10/site-packages/tilelang/3rdparty/../src/tl_templates/cuda/./instruction/../common.h(635): warning #20012-D: __host__ annotation is ignored on a non-virtual function("float_e4m3_t") that is explicitly defaulted on its first declaration
    __inline__ __attribute__((always_inline)) __attribute__((device)) __attribute__((host))
                                                                                     ^

/projects/kzhou6/bcui2/env_software/miniconda3-aarch64/envs/tilebench++_env/lib/python3.10/site-packages/tilelang/3rdparty/../src/tl_templates/cuda/./instruction/../common.h(649): warning #20012-D: __device__ annotation is ignored on a non-virtual function("float_e5m2_t") that is explicitly defaulted on its first declaration
    __inline__ __attribute__((always_inline)) __attribute__((device)) __attribute__((host))
                                                             ^

/projects/kzhou6/bcui2/env_software/miniconda3-aarch64/envs/tilebench++_env/lib/python3.10/site-packages/tilelang/3rdparty/../src/tl_templates/cuda/./instruction/../common.h(649): warning #20012-D: __host__ annotation is ignored on a non-virtual function("float_e5m2_t") that is explicitly defaulted on its first declaration
    __inline__ __attribute__((always_inline)) __attribute__((device)) __attribute__((host))
                                                                                     ^

/projects/kzhou6/bcui2/env_software/miniconda3-aarch64/envs/tilebench++_env/lib/python3.10/site-packages/tilelang/3rdparty/../src/tl_templates/cuda/./instruction/../common.h(663): warning #20012-D: __device__ annotation is ignored on a non-virtual function("tfloat32_t") that is explicitly defaulted on its first declaration
    __inline__ __attribute__((always_inline)) __attribute__((device)) __attribute__((host))
                                                             ^

/projects/kzhou6/bcui2/env_software/miniconda3-aarch64/envs/tilebench++_env/lib/python3.10/site-packages/tilelang/3rdparty/../src/tl_templates/cuda/./instruction/../common.h(663): warning #20012-D: __host__ annotation is ignored on a non-virtual function("tfloat32_t") that is explicitly defaulted on its first declaration
    __inline__ __attribute__((always_inline)) __attribute__((device)) __attribute__((host))
                                                                                     ^

/tmp/tmpsv64jl4b/tvm_kernels.cu(28): error: identifier "__pack_bfloat162" is undefined
      *(uint2*)(S_local_cast_2 + 0) = make_uint2(__pack_bfloat162(S[v_.x],S[v_.y]),__pack_bfloat162(S[v_.z],S[v_.w]));
                                                 ^

1 error detected in the compilation of "/tmp/tmpsv64jl4b/tvm_kernels.cu".

Command: /usr/local/cuda-13.1/bin/nvcc --cubin -O3 -lineinfo -arch=sm_90a -std=c++20 -I/projects/kzhou6/bcui2/env_software/miniconda3-aarch64/envs/tilebench++_env/lib/python3.10/site-packages/tilelang/3rdparty/../src -I/projects/kzhou6/bcui2/env_software/miniconda3-aarch64/envs/tilebench++_env/lib/python3.10/site-packages/tilelang/3rdparty/cutlass/include -o /tmp/tmpsv64jl4b/tvm_kernels.cubin /tmp/tmpsv64jl4b/tvm_kernels.cu

2026-10-02 06:42:46,197 INFO:Auto-tuning with 0.9 CPU utilizations, 72 CPUs available, 64 CPUs will be used
2026-10-02 06:42:46,204 WARNING:Benchmark timeout is enforced in benchmark workers by running each benchmark call in a daemon sub-thread and waiting up to the configured timeout.
2026-10-02 06:43:01,847 INFO:Auto-tuning with 0.9 CPU utilizations, 72 CPUs available, 64 CPUs will be used
2026-10-02 06:43:01,855 WARNING:Benchmark timeout is enforced in benchmark workers by running each benchmark call in a daemon sub-thread and waiting up to the configured timeout.
2026-10-02 06:43:17,328 INFO:Auto-tuning with 0.9 CPU utilizations, 72 CPUs available, 64 CPUs will be used
2026-10-02 06:43:17,336 WARNING:Benchmark timeout is enforced in benchmark workers by running each benchmark call in a daemon sub-thread and waiting up to the configured timeout.
2026-10-02 06:43:34,001 INFO:Auto-tuning with 0.9 CPU utilizations, 72 CPUs available, 64 CPUs will be used
2026-10-02 06:43:34,008 WARNING:Benchmark timeout is enforced in benchmark workers by running each benchmark call in a daemon sub-thread and waiting up to the configured timeout.
2026-10-02 06:43:49,261 INFO:Auto-tuning with 0.9 CPU utilizations, 72 CPUs available, 64 CPUs will be used
2026-10-02 06:43:49,268 WARNING:Benchmark timeout is enforced in benchmark workers by running each benchmark call in a daemon sub-thread and waiting up to the configured timeout.
2026-10-02 06:44:05,464 INFO:Auto-tuning with 0.9 CPU utilizations, 72 CPUs available, 64 CPUs will be used
2026-10-02 06:44:05,471 WARNING:Benchmark timeout is enforced in benchmark workers by running each benchmark call in a daemon sub-thread and waiting up to the configured timeout.
2026-10-02 06:44:21,869 INFO:Auto-tuning with 0.9 CPU utilizations, 72 CPUs available, 64 CPUs will be used
2026-10-02 06:44:21,877 WARNING:Benchmark timeout is enforced in benchmark workers by running each benchmark call in a daemon sub-thread and waiting up to the configured timeout.
2026-10-02 06:44:38,639 INFO:Auto-tuning with 0.9 CPU utilizations, 72 CPUs available, 64 CPUs will be used
2026-10-02 06:44:38,647 WARNING:Benchmark timeout is enforced in benchmark workers by running each benchmark call in a daemon sub-thread and waiting up to the configured timeout.
2026-10-02 06:44:54,192 INFO:Auto-tuning with 0.9 CPU utilizations, 72 CPUs available, 64 CPUs will be used
2026-10-02 06:44:54,199 WARNING:Benchmark timeout is enforced in benchmark workers by running each benchmark call in a daemon sub-thread and waiting up to the configured timeout.
2026-10-02 06:45:10,384 INFO:Auto-tuning with 0.9 CPU utilizations, 72 CPUs available, 64 CPUs will be used
2026-10-02 06:45:10,392 WARNING:Benchmark timeout is enforced in benchmark workers by running each benchmark call in a daemon sub-thread and waiting up to the configured timeout.
2026-10-02 06:45:25,844 INFO:Auto-tuning with 0.9 CPU utilizations, 72 CPUs available, 64 CPUs will be used
2026-10-02 06:45:25,852 WARNING:Benchmark timeout is enforced in benchmark workers by running each benchmark call in a daemon sub-thread and waiting up to the configured timeout.
2026-10-02 06:45:41,938 INFO:Auto-tuning with 0.9 CPU utilizations, 72 CPUs available, 64 CPUs will be used
2026-10-02 06:45:41,945 WARNING:Benchmark timeout is enforced in benchmark workers by running each benchmark call in a daemon sub-thread and waiting up to the configured timeout.
2026-10-02 06:45:57,789 INFO:Auto-tuning with 0.9 CPU utilizations, 72 CPUs available, 64 CPUs will be used
2026-10-02 06:45:57,796 WARNING:Benchmark timeout is enforced in benchmark workers by running each benchmark call in a daemon sub-thread and waiting up to the configured timeout.
2026-10-02 06:46:14,848 INFO:Auto-tuning with 0.9 CPU utilizations, 72 CPUs available, 64 CPUs will be used
2026-10-02 06:46:14,855 WARNING:Benchmark timeout is enforced in benchmark workers by running each benchmark call in a daemon sub-thread and waiting up to the configured timeout.
2026-10-02 06:46:33,138 INFO:Auto-tuning with 0.9 CPU utilizations, 72 CPUs available, 64 CPUs will be used
2026-10-02 06:46:33,145 WARNING:Benchmark timeout is enforced in benchmark workers by running each benchmark call in a daemon sub-thread and waiting up to the configured timeout.
2026-10-02 06:46:49,695 INFO:Auto-tuning with 0.9 CPU utilizations, 72 CPUs available, 64 CPUs will be used
2026-10-02 06:46:49,704 WARNING:Benchmark timeout is enforced in benchmark workers by running each benchmark call in a daemon sub-thread and waiting up to the configured timeout.
2026-10-02 06:47:05,350 INFO:Auto-tuning with 0.9 CPU utilizations, 72 CPUs available, 64 CPUs will be used
2026-10-02 06:47:05,358 WARNING:Benchmark timeout is enforced in benchmark workers by running each benchmark call in a daemon sub-thread and waiting up to the configured timeout.
2026-10-02 06:47:22,035 INFO:Auto-tuning with 0.9 CPU utilizations, 72 CPUs available, 64 CPUs will be used
2026-10-02 06:47:22,043 WARNING:Benchmark timeout is enforced in benchmark workers by running each benchmark call in a daemon sub-thread and waiting up to the configured timeout.
2026-10-02 06:47:37,950 INFO:Auto-tuning with 0.9 CPU utilizations, 72 CPUs available, 64 CPUs will be used
2026-10-02 06:47:37,958 WARNING:Benchmark timeout is enforced in benchmark workers by running each benchmark call in a daemon sub-thread and waiting up to the configured timeout.
2026-10-02 06:47:53,899 INFO:Auto-tuning with 0.9 CPU utilizations, 72 CPUs available, 64 CPUs will be used
2026-10-02 06:47:53,907 WARNING:Benchmark timeout is enforced in benchmark workers by running each benchmark call in a daemon sub-thread and waiting up to the configured timeout.
2026-10-02 06:48:09,558 INFO:Auto-tuning with 0.9 CPU utilizations, 72 CPUs available, 64 CPUs will be used
2026-10-02 06:48:09,565 WARNING:Benchmark timeout is enforced in benchmark workers by running each benchmark call in a daemon sub-thread and waiting up to the configured timeout.
2026-10-02 06:48:25,039 INFO:Auto-tuning with 0.9 CPU utilizations, 72 CPUs available, 64 CPUs will be used
2026-10-02 06:48:25,048 WARNING:Benchmark timeout is enforced in benchmark workers by running each benchmark call in a daemon sub-thread and waiting up to the configured timeout.
2026-10-02 06:48:41,522 INFO:Auto-tuning with 0.9 CPU utilizations, 72 CPUs available, 64 CPUs will be used
2026-10-02 06:48:41,529 WARNING:Benchmark timeout is enforced in benchmark workers by running each benchmark call in a daemon sub-thread and waiting up to the configured timeout.
2026-10-02 06:48:57,120 INFO:Auto-tuning with 0.9 CPU utilizations, 72 CPUs available, 64 CPUs will be used
2026-10-02 06:48:57,129 WARNING:Benchmark timeout is enforced in benchmark workers by running each benchmark call in a daemon sub-thread and waiting up to the configured timeout.
2026-10-02 06:49:13,118 INFO:Auto-tuning with 0.9 CPU utilizations, 72 CPUs available, 64 CPUs will be used
2026-10-02 06:49:13,126 WARNING:Benchmark timeout is enforced in benchmark workers by running each benchmark call in a daemon sub-thread and waiting up to the configured timeout.
2026-10-02 06:49:28,525 INFO:Auto-tuning with 0.9 CPU utilizations, 72 CPUs available, 64 CPUs will be used
2026-10-02 06:49:28,533 WARNING:Benchmark timeout is enforced in benchmark workers by running each benchmark call in a daemon sub-thread and waiting up to the configured timeout.
2026-10-02 06:49:45,553 INFO:Auto-tuning with 0.9 CPU utilizations, 72 CPUs available, 64 CPUs will be used
2026-10-02 06:49:45,561 WARNING:Benchmark timeout is enforced in benchmark workers by running each benchmark call in a daemon sub-thread and waiting up to the configured timeout.
2026-10-02 06:49:48,564 DEBUG:Compilation failed for config {'BLOCK_SIZE': 2048, 'threads': 256} at index 7 with error: #if defined(_MSC_VER) && !defined(__clang__) && _MSC_VER < 1940
#define _tl_orig_alignas alignas
#define alignas(N) _tl_orig_alignas((N) <= 64 ? (N) : 64)
#include <cuda.h>
#undef alignas
#define alignas _tl_orig_alignas
#endif
#include <tl_templates/cuda/gemm.h>
#include <tl_templates/cuda/copy.h>
#include <tl_templates/cuda/reduce.h>
#include <tl_templates/cuda/scan.h>
#include <tl_templates/cuda/ldsm.h>
#include <tl_templates/cuda/threadblock_swizzle.h>
#include <tl_templates/cuda/debug.h>
#ifdef ENABLE_BF16
#include <tl_templates/cuda/cuda_bf16_fallbacks.cuh>
#endif

extern "C" __global__ void weight_dequant_kernel_kernel(const bfloat16_t* __restrict__ S, const bfloat16_t* __restrict__ X, bfloat16_t* __restrict__ output);
extern "C" __global__ void __launch_bounds__(256, 1) weight_dequant_kernel_kernel(const bfloat16_t* __restrict__ S, const bfloat16_t* __restrict__ X, bfloat16_t* __restrict__ output) {
  bfloat16_t X_local_cast_1[4];
  bfloat16_t S_local_cast_2[4];
  bfloat16_t output_local_cast[4];
  #pragma unroll
  for (int i = 0; i < 2; ++i) {
    *(uint2*)(X_local_cast_1 + 0) = *(uint2*)(X + (((((int)blockIdx.x) * 2048) + (i * 1024)) + (((int)threadIdx.x) * 4)));
    int4 v_ = make_int4(((((((int)blockIdx.x) / 576) * 72) + ((((((int)blockIdx.x) * 2) + i) % 9) * 8)) + (((int)threadIdx.x) >> 5)), ((((((int)blockIdx.x) / 576) * 72) + ((((((int)blockIdx.x) * 2) + i) % 9) * 8)) + (((int)threadIdx.x) >> 5)), ((((((int)blockIdx.x) / 576) * 72) + ((((((int)blockIdx.x) * 2) + i) % 9) * 8)) + (((int)threadIdx.x) >> 5)), ((((((int)blockIdx.x) / 576) * 72) + ((((((int)blockIdx.x) * 2) + i) % 9) * 8)) + (((int)threadIdx.x) >> 5)));
    *(uint2*)(S_local_cast_2 + 0) = make_uint2(__pack_bfloat162(S[v_.x],S[v_.y]),__pack_bfloat162(S[v_.z],S[v_.w]));
    uint2 __1;
    float4 __2;
      float4 __3;
      uint2 v__1 = *(uint2*)(X_local_cast_1 + 0);
      ((float2*)(&__3))[0] = __bfloat1622float2((reinterpret_cast<__nv_bfloat162*>(&v__1))[0]);
      ((float2*)(&__3))[1] = __bfloat1622float2((reinterpret_cast<__nv_bfloat162*>(&v__1))[1]);
      float4 __4;
      uint2 v__2 = *(uint2*)(S_local_cast_2 + 0);
      ((float2*)(&__4))[0] = __bfloat1622float2((reinterpret_cast<__nv_bfloat162*>(&v__2))[0]);
      ((float2*)(&__4))[1] = __bfloat1622float2((reinterpret_cast<__nv_bfloat162*>(&v__2))[1]);
      __2.x = (__3.x*__4.x);
      __2.y = (__3.y*__4.y);
      __2.z = (__3.z*__4.z);
      __2.w = (__3.w*__4.w);
    (reinterpret_cast<__nv_bfloat162*>(&__1))[0] = __float22bfloat162_rn(((float2*)(&__2))[0]);
    (reinterpret_cast<__nv_bfloat162*>(&__1))[1] = __float22bfloat162_rn(((float2*)(&__2))[1]);
    *(uint2*)(output_local_cast + 0) = __1;
    *(uint2*)(output + (((((int)blockIdx.x) * 2048) + (i * 1024)) + (((int)threadIdx.x) * 4))) = *(uint2*)(output_local_cast + 0);
  }
}


Compilation error:
/projects/kzhou6/bcui2/env_software/miniconda3-aarch64/envs/tilebench++_env/lib/python3.10/site-packages/tilelang/3rdparty/../src/tl_templates/cuda/./instruction/../common.h(260): warning #1444-D: type "longlong4" was declared deprecated ("use longlong4_16a or longlong4_32a")
    longlong4 result;
              ^
/usr/local/cuda-13.1/bin/../targets/sbsa-linux/include/vector_types.h(550): note #3287-D: because of a "deprecated" attribute
  typedef __attribute__((device_builtin)) struct longlong4 __attribute__((deprecated("use longlong4_16a or longlong4_32a"))) longlong4;
                                                                          ^

Remark: The warnings can be suppressed with "-diag-suppress <warning-number>"

/projects/kzhou6/bcui2/env_software/miniconda3-aarch64/envs/tilebench++_env/lib/python3.10/site-packages/tilelang/3rdparty/../src/tl_templates/cuda/./instruction/../common.h(635): warning #20012-D: __device__ annotation is ignored on a non-virtual function("float_e4m3_t") that is explicitly defaulted on its first declaration
    __inline__ __attribute__((always_inline)) __attribute__((device)) __attribute__((host))
                                                             ^

/projects/kzhou6/bcui2/env_software/miniconda3-aarch64/envs/tilebench++_env/lib/python3.10/site-packages/tilelang/3rdparty/../src/tl_templates/cuda/./instruction/../common.h(635): warning #20012-D: __host__ annotation is ignored on a non-virtual function("float_e4m3_t") that is explicitly defaulted on its first declaration
    __inline__ __attribute__((always_inline)) __attribute__((device)) __attribute__((host))
                                                                                     ^

/projects/kzhou6/bcui2/env_software/miniconda3-aarch64/envs/tilebench++_env/lib/python3.10/site-packages/tilelang/3rdparty/../src/tl_templates/cuda/./instruction/../common.h(649): warning #20012-D: __device__ annotation is ignored on a non-virtual function("float_e5m2_t") that is explicitly defaulted on its first declaration
    __inline__ __attribute__((always_inline)) __attribute__((device)) __attribute__((host))
                                                             ^

/projects/kzhou6/bcui2/env_software/miniconda3-aarch64/envs/tilebench++_env/lib/python3.10/site-packages/tilelang/3rdparty/../src/tl_templates/cuda/./instruction/../common.h(649): warning #20012-D: __host__ annotation is ignored on a non-virtual function("float_e5m2_t") that is explicitly defaulted on its first declaration
    __inline__ __attribute__((always_inline)) __attribute__((device)) __attribute__((host))
                                                                                     ^

/projects/kzhou6/bcui2/env_software/miniconda3-aarch64/envs/tilebench++_env/lib/python3.10/site-packages/tilelang/3rdparty/../src/tl_templates/cuda/./instruction/../common.h(663): warning #20012-D: __device__ annotation is ignored on a non-virtual function("tfloat32_t") that is explicitly defaulted on its first declaration
    __inline__ __attribute__((always_inline)) __attribute__((device)) __attribute__((host))
                                                             ^

/projects/kzhou6/bcui2/env_software/miniconda3-aarch64/envs/tilebench++_env/lib/python3.10/site-packages/tilelang/3rdparty/../src/tl_templates/cuda/./instruction/../common.h(663): warning #20012-D: __host__ annotation is ignored on a non-virtual function("tfloat32_t") that is explicitly defaulted on its first declaration
    __inline__ __attribute__((always_inline)) __attribute__((device)) __attribute__((host))
                                                                                     ^

/tmp/tmpecx45pul/tvm_kernels.cu(28): error: identifier "__pack_bfloat162" is undefined
      *(uint2*)(S_local_cast_2 + 0) = make_uint2(__pack_bfloat162(S[v_.x],S[v_.y]),__pack_bfloat162(S[v_.z],S[v_.w]));
                                                 ^

1 error detected in the compilation of "/tmp/tmpecx45pul/tvm_kernels.cu".

Command: /usr/local/cuda-13.1/bin/nvcc --cubin -O3 -lineinfo -arch=sm_90a -std=c++20 -I/projects/kzhou6/bcui2/env_software/miniconda3-aarch64/envs/tilebench++_env/lib/python3.10/site-packages/tilelang/3rdparty/../src -I/projects/kzhou6/bcui2/env_software/miniconda3-aarch64/envs/tilebench++_env/lib/python3.10/site-packages/tilelang/3rdparty/cutlass/include -o /tmp/tmpecx45pul/tvm_kernels.cubin /tmp/tmpecx45pul/tvm_kernels.cu

2026-10-02 06:49:48,671 DEBUG:Compilation failed for config {'BLOCK_SIZE': 4096, 'threads': 256} at index 9 with error: #if defined(_MSC_VER) && !defined(__clang__) && _MSC_VER < 1940
#define _tl_orig_alignas alignas
#define alignas(N) _tl_orig_alignas((N) <= 64 ? (N) : 64)
#include <cuda.h>
#undef alignas
#define alignas _tl_orig_alignas
#endif
#include <tl_templates/cuda/gemm.h>
#include <tl_templates/cuda/copy.h>
#include <tl_templates/cuda/reduce.h>
#include <tl_templates/cuda/scan.h>
#include <tl_templates/cuda/ldsm.h>
#include <tl_templates/cuda/threadblock_swizzle.h>
#include <tl_templates/cuda/debug.h>
#ifdef ENABLE_BF16
#include <tl_templates/cuda/cuda_bf16_fallbacks.cuh>
#endif

extern "C" __global__ void weight_dequant_kernel_kernel(const bfloat16_t* __restrict__ S, const bfloat16_t* __restrict__ X, bfloat16_t* __restrict__ output);
extern "C" __global__ void __launch_bounds__(256, 1) weight_dequant_kernel_kernel(const bfloat16_t* __restrict__ S, const bfloat16_t* __restrict__ X, bfloat16_t* __restrict__ output) {
  bfloat16_t X_local_cast_1[4];
  bfloat16_t S_local_cast_2[4];
  bfloat16_t output_local_cast[4];
  #pragma unroll
  for (int i = 0; i < 4; ++i) {
    *(uint2*)(X_local_cast_1 + 0) = *(uint2*)(X + (((((int)blockIdx.x) * 4096) + (i * 1024)) + (((int)threadIdx.x) * 4)));
    int4 v_ = make_int4(((((((int)blockIdx.x) / 288) * 72) + ((((((int)blockIdx.x) * 4) + i) % 9) * 8)) + (((int)threadIdx.x) >> 5)), ((((((int)blockIdx.x) / 288) * 72) + ((((((int)blockIdx.x) * 4) + i) % 9) * 8)) + (((int)threadIdx.x) >> 5)), ((((((int)blockIdx.x) / 288) * 72) + ((((((int)blockIdx.x) * 4) + i) % 9) * 8)) + (((int)threadIdx.x) >> 5)), ((((((int)blockIdx.x) / 288) * 72) + ((((((int)blockIdx.x) * 4) + i) % 9) * 8)) + (((int)threadIdx.x) >> 5)));
    *(uint2*)(S_local_cast_2 + 0) = make_uint2(__pack_bfloat162(S[v_.x],S[v_.y]),__pack_bfloat162(S[v_.z],S[v_.w]));
    uint2 __1;
    float4 __2;
      float4 __3;
      uint2 v__1 = *(uint2*)(X_local_cast_1 + 0);
      ((float2*)(&__3))[0] = __bfloat1622float2((reinterpret_cast<__nv_bfloat162*>(&v__1))[0]);
      ((float2*)(&__3))[1] = __bfloat1622float2((reinterpret_cast<__nv_bfloat162*>(&v__1))[1]);
      float4 __4;
      uint2 v__2 = *(uint2*)(S_local_cast_2 + 0);
      ((float2*)(&__4))[0] = __bfloat1622float2((reinterpret_cast<__nv_bfloat162*>(&v__2))[0]);
      ((float2*)(&__4))[1] = __bfloat1622float2((reinterpret_cast<__nv_bfloat162*>(&v__2))[1]);
      __2.x = (__3.x*__4.x);
      __2.y = (__3.y*__4.y);
      __2.z = (__3.z*__4.z);
      __2.w = (__3.w*__4.w);
    (reinterpret_cast<__nv_bfloat162*>(&__1))[0] = __float22bfloat162_rn(((float2*)(&__2))[0]);
    (reinterpret_cast<__nv_bfloat162*>(&__1))[1] = __float22bfloat162_rn(((float2*)(&__2))[1]);
    *(uint2*)(output_local_cast + 0) = __1;
    *(uint2*)(output + (((((int)blockIdx.x) * 4096) + (i * 1024)) + (((int)threadIdx.x) * 4))) = *(uint2*)(output_local_cast + 0);
  }
}


Compilation error:
/projects/kzhou6/bcui2/env_software/miniconda3-aarch64/envs/tilebench++_env/lib/python3.10/site-packages/tilelang/3rdparty/../src/tl_templates/cuda/./instruction/../common.h(260): warning #1444-D: type "longlong4" was declared deprecated ("use longlong4_16a or longlong4_32a")
    longlong4 result;
              ^
/usr/local/cuda-13.1/bin/../targets/sbsa-linux/include/vector_types.h(550): note #3287-D: because of a "deprecated" attribute
  typedef __attribute__((device_builtin)) struct longlong4 __attribute__((deprecated("use longlong4_16a or longlong4_32a"))) longlong4;
                                                                          ^

Remark: The warnings can be suppressed with "-diag-suppress <warning-number>"

/projects/kzhou6/bcui2/env_software/miniconda3-aarch64/envs/tilebench++_env/lib/python3.10/site-packages/tilelang/3rdparty/../src/tl_templates/cuda/./instruction/../common.h(635): warning #20012-D: __device__ annotation is ignored on a non-virtual function("float_e4m3_t") that is explicitly defaulted on its first declaration
    __inline__ __attribute__((always_inline)) __attribute__((device)) __attribute__((host))
                                                             ^

/projects/kzhou6/bcui2/env_software/miniconda3-aarch64/envs/tilebench++_env/lib/python3.10/site-packages/tilelang/3rdparty/../src/tl_templates/cuda/./instruction/../common.h(635): warning #20012-D: __host__ annotation is ignored on a non-virtual function("float_e4m3_t") that is explicitly defaulted on its first declaration
    __inline__ __attribute__((always_inline)) __attribute__((device)) __attribute__((host))
                                                                                     ^

/projects/kzhou6/bcui2/env_software/miniconda3-aarch64/envs/tilebench++_env/lib/python3.10/site-packages/tilelang/3rdparty/../src/tl_templates/cuda/./instruction/../common.h(649): warning #20012-D: __device__ annotation is ignored on a non-virtual function("float_e5m2_t") that is explicitly defaulted on its first declaration
    __inline__ __attribute__((always_inline)) __attribute__((device)) __attribute__((host))
                                                             ^

/projects/kzhou6/bcui2/env_software/miniconda3-aarch64/envs/tilebench++_env/lib/python3.10/site-packages/tilelang/3rdparty/../src/tl_templates/cuda/./instruction/../common.h(649): warning #20012-D: __host__ annotation is ignored on a non-virtual function("float_e5m2_t") that is explicitly defaulted on its first declaration
    __inline__ __attribute__((always_inline)) __attribute__((device)) __attribute__((host))
                                                                                     ^

/projects/kzhou6/bcui2/env_software/miniconda3-aarch64/envs/tilebench++_env/lib/python3.10/site-packages/tilelang/3rdparty/../src/tl_templates/cuda/./instruction/../common.h(663): warning #20012-D: __device__ annotation is ignored on a non-virtual function("tfloat32_t") that is explicitly defaulted on its first declaration
    __inline__ __attribute__((always_inline)) __attribute__((device)) __attribute__((host))
                                                             ^

/projects/kzhou6/bcui2/env_software/miniconda3-aarch64/envs/tilebench++_env/lib/python3.10/site-packages/tilelang/3rdparty/../src/tl_templates/cuda/./instruction/../common.h(663): warning #20012-D: __host__ annotation is ignored on a non-virtual function("tfloat32_t") that is explicitly defaulted on its first declaration
    __inline__ __attribute__((always_inline)) __attribute__((device)) __attribute__((host))
                                                                                     ^

/tmp/tmpmixysh5k/tvm_kernels.cu(28): error: identifier "__pack_bfloat162" is undefined
      *(uint2*)(S_local_cast_2 + 0) = make_uint2(__pack_bfloat162(S[v_.x],S[v_.y]),__pack_bfloat162(S[v_.z],S[v_.w]));
                                                 ^

1 error detected in the compilation of "/tmp/tmpmixysh5k/tvm_kernels.cu".

Command: /usr/local/cuda-13.1/bin/nvcc --cubin -O3 -lineinfo -arch=sm_90a -std=c++20 -I/projects/kzhou6/bcui2/env_software/miniconda3-aarch64/envs/tilebench++_env/lib/python3.10/site-packages/tilelang/3rdparty/../src -I/projects/kzhou6/bcui2/env_software/miniconda3-aarch64/envs/tilebench++_env/lib/python3.10/site-packages/tilelang/3rdparty/cutlass/include -o /tmp/tmpmixysh5k/tvm_kernels.cubin /tmp/tmpmixysh5k/tvm_kernels.cu

2026-10-02 06:50:00,910 INFO:Auto-tuning with 0.9 CPU utilizations, 72 CPUs available, 64 CPUs will be used
2026-10-02 06:50:00,918 WARNING:Benchmark timeout is enforced in benchmark workers by running each benchmark call in a daemon sub-thread and waiting up to the configured timeout.
2026-10-02 06:50:17,292 INFO:Auto-tuning with 0.9 CPU utilizations, 72 CPUs available, 64 CPUs will be used
2026-10-02 06:50:17,300 WARNING:Benchmark timeout is enforced in benchmark workers by running each benchmark call in a daemon sub-thread and waiting up to the configured timeout.
2026-10-02 06:50:32,263 INFO:Auto-tuning with 0.9 CPU utilizations, 72 CPUs available, 64 CPUs will be used
2026-10-02 06:50:32,270 WARNING:Benchmark timeout is enforced in benchmark workers by running each benchmark call in a daemon sub-thread and waiting up to the configured timeout.
2026-10-02 06:50:47,862 INFO:Auto-tuning with 0.9 CPU utilizations, 72 CPUs available, 64 CPUs will be used
2026-10-02 06:50:47,957 WARNING:Benchmark timeout is enforced in benchmark workers by running each benchmark call in a daemon sub-thread and waiting up to the configured timeout.
2026-10-02 06:51:03,809 INFO:Auto-tuning with 0.9 CPU utilizations, 72 CPUs available, 64 CPUs will be used
2026-10-02 06:51:03,816 WARNING:Benchmark timeout is enforced in benchmark workers by running each benchmark call in a daemon sub-thread and waiting up to the configured timeout.
2026-10-02 06:51:20,413 INFO:Auto-tuning with 0.9 CPU utilizations, 72 CPUs available, 64 CPUs will be used
2026-10-02 06:51:20,419 WARNING:Benchmark timeout is enforced in benchmark workers by running each benchmark call in a daemon sub-thread and waiting up to the configured timeout.
2026-10-02 06:51:38,770 INFO:Auto-tuning with 0.9 CPU utilizations, 72 CPUs available, 64 CPUs will be used
2026-10-02 06:51:38,778 WARNING:Benchmark timeout is enforced in benchmark workers by running each benchmark call in a daemon sub-thread and waiting up to the configured timeout.
