/usr/bin/lua: /opt/ohpc/admin/lmod/lmod/libexec/addto:65: module 'posix' not found:
	no field package.preload['posix']
	no file '/usr/share/lua/5.3/posix.lua'
	no file '/usr/share/lua/5.3/posix/init.lua'
	no file '/usr/lib64/lua/5.3/posix.lua'
	no file '/usr/lib64/lua/5.3/posix/init.lua'
	no file '/usr/lib64/lua/5.3/posix.so'
	no file '/usr/lib64/lua/5.3/loadall.so'
	no file ''
stack traceback:
	[C]: in function 'require'
	/opt/ohpc/admin/lmod/lmod/libexec/addto:65: in main chunk
	[C]: in ?
>>> c_tilelang_fp16_M640
Error in sitecustomize; set PYTHONVERBOSE for traceback:
ModuleNotFoundError: No module named '__future__'
backend=tilelang dtype=fp16 BATCH=32 M=640 cfg=[128x128x64 t128 s4] max_abs_err=0.0001
==PROF== Disconnected from process 59770
<<< c_tilelang_fp16_M640 done
>>> c_triton_fp16_M640
Error in sitecustomize; set PYTHONVERBOSE for traceback:
ModuleNotFoundError: No module named '__future__'
backend=triton dtype=fp16 BATCH=32 M=640 cfg=[default-cfg] max_abs_err=-1.0000
==PROF== Disconnected from process 59888
<<< c_triton_fp16_M640 done
>>> c_cutile_fp16_M640
Error in sitecustomize; set PYTHONVERBOSE for traceback:
ModuleNotFoundError: No module named '__future__'
backend=cutile dtype=fp16 BATCH=32 M=640 cfg=[default-cfg] max_abs_err=-1.0000
==PROF== Disconnected from process 59949
<<< c_cutile_fp16_M640 done
>>> c_torch_fp16_M640
Error in sitecustomize; set PYTHONVERBOSE for traceback:
ModuleNotFoundError: No module named '__future__'
backend=torch dtype=fp16 BATCH=32 M=640 cfg=[cublas] max_abs_err=-1.0000
==PROF== Disconnected from process 60016
<<< c_torch_fp16_M640 done
ALLDONE
