/usr/bin/lua: /opt/ohpc/admin/lmod/lmod/libexec/addto:65: module 'posix' not found:
	no field package.preload['posix']
	no file '/usr/share/lua/5.3/posix.lua'
	no file '/usr/share/lua/5.3/posix/init.lua'
	no file '/usr/lib64/lua/5.3/posix.lua'
	no file '/usr/lib64/lua/5.3/posix/init.lua'
	no file '/usr/lib64/lua/5.3/posix.so'
	no file '/usr/lib64/lua/5.3/loadall.so'
	no file ''
stack traceback:
	[C]: in function 'require'
	/opt/ohpc/admin/lmod/lmod/libexec/addto:65: in main chunk
	[C]: in ?
>>> triton
backend=triton dtype=fp16 M=8192 TILE_SIZE=128 max_abs_err=0.000000
==PROF== Disconnected from process 83272
<<< triton
>>> tilelang
backend=tilelang dtype=fp16 M=8192 TILE_SIZE=128 max_abs_err=0.000000
==PROF== Disconnected from process 83395
<<< tilelang
>>> cutile
backend=cutile dtype=fp16 M=8192 TILE_SIZE=128 max_abs_err=0.000000
==PROF== Disconnected from process 83462
<<< cutile
ALLDONE
