[2026-07-01T02:21:48Z] Starting run for 18 operators

[2026-07-01T02:21:48Z] START operator=l2_norm
[2026-07-01T02:24:32Z] DONE operator=l2_norm output=results/runs/20260630_222148_tilelang_remaining_no_autotune/operators/l2_norm.json

[2026-07-01T02:24:32Z] START operator=layernorm
[2026-07-01T02:30:47Z] DONE operator=layernorm output=results/runs/20260630_222148_tilelang_remaining_no_autotune/operators/layernorm.json

[2026-07-01T02:30:47Z] START operator=leaky_relu
[2026-07-01T02:35:39Z] DONE operator=leaky_relu output=results/runs/20260630_222148_tilelang_remaining_no_autotune/operators/leaky_relu.json

[2026-07-01T02:35:39Z] START operator=matmul_fp32_fp16_fp8
[2026-07-01T02:44:42Z] DONE operator=matmul_fp32_fp16_fp8 output=results/runs/20260630_222148_tilelang_remaining_no_autotune/operators/matmul_fp32_fp16_fp8.json

[2026-07-01T02:44:42Z] START operator=matrix_copy
[2026-07-01T02:51:00Z] DONE operator=matrix_copy output=results/runs/20260630_222148_tilelang_remaining_no_autotune/operators/matrix_copy.json

[2026-07-01T02:51:00Z] START operator=matrix_transpose
[2026-07-01T02:57:53Z] DONE operator=matrix_transpose output=results/runs/20260630_222148_tilelang_remaining_no_autotune/operators/matrix_transpose.json

[2026-07-01T02:57:53Z] START operator=mean_reduction
[2026-07-01T03:03:31Z] DONE operator=mean_reduction output=results/runs/20260630_222148_tilelang_remaining_no_autotune/operators/mean_reduction.json

[2026-07-01T03:03:31Z] START operator=mul2
[2026-07-01T03:09:47Z] DONE operator=mul2 output=results/runs/20260630_222148_tilelang_remaining_no_autotune/operators/mul2.json

[2026-07-01T03:09:47Z] START operator=quantize_global
[2026-07-01T03:11:26Z] DONE operator=quantize_global output=results/runs/20260630_222148_tilelang_remaining_no_autotune/operators/quantize_global.json

[2026-07-01T03:11:26Z] START operator=relu
[2026-07-01T03:17:54Z] DONE operator=relu output=results/runs/20260630_222148_tilelang_remaining_no_autotune/operators/relu.json

[2026-07-01T03:17:54Z] START operator=reverse_array
[2026-07-01T03:24:31Z] DONE operator=reverse_array output=results/runs/20260630_222148_tilelang_remaining_no_autotune/operators/reverse_array.json

[2026-07-01T03:24:31Z] START operator=rmsnorm
[2026-07-01T03:30:26Z] DONE operator=rmsnorm output=results/runs/20260630_222148_tilelang_remaining_no_autotune/operators/rmsnorm.json

[2026-07-01T03:30:26Z] START operator=rope
[2026-07-01T03:34:30Z] DONE operator=rope output=results/runs/20260630_222148_tilelang_remaining_no_autotune/operators/rope.json

[2026-07-01T03:34:30Z] START operator=sigmoid
[2026-07-01T03:39:39Z] DONE operator=sigmoid output=results/runs/20260630_222148_tilelang_remaining_no_autotune/operators/sigmoid.json

[2026-07-01T03:39:39Z] START operator=softmax
[2026-07-01T03:44:02Z] DONE operator=softmax output=results/runs/20260630_222148_tilelang_remaining_no_autotune/operators/softmax.json

[2026-07-01T03:44:02Z] START operator=swiglu
[2026-07-01T03:49:21Z] DONE operator=swiglu output=results/runs/20260630_222148_tilelang_remaining_no_autotune/operators/swiglu.json

[2026-07-01T03:49:21Z] START operator=vector_add
[2026-07-01T03:56:27Z] DONE operator=vector_add output=results/runs/20260630_222148_tilelang_remaining_no_autotune/operators/vector_add.json

[2026-07-01T03:56:27Z] START operator=weight_dequant
[2026-07-01T04:02:10Z] DONE operator=weight_dequant output=results/runs/20260630_222148_tilelang_remaining_no_autotune/operators/weight_dequant.json
