GPU/result namespace: GH200 (detected device: NVIDIA GH200 480GB, arch: hopper)
Starting benchmark for operator: 1d_conv
Tile-language backends: torch (baseline) + cutile, tilelang, triton
  NKI not selected (--tile-language)
Running case: {'batch': 1, 'in_channels': 128, 'out_channels': 128, 'kernel_size': 3, 'stride': 1, 'padding': 1, 'groups': 1, 'L': 131072}, dtype=fp16
2026-10-01 05:07:05,492 WARNING:Tunable parameters ['BLOCK_SIZE_BATCH_LENGTH', 'BLOCK_SIZE_IN_FEAT', 'BLOCK_SIZE_OUT_FEAT', 'threads', 'num_stages'] already provided during auto-tuning. Skipping compilation and using direct JIT
  NKI skipped (not available)
Running case: {'batch': 1, 'in_channels': 128, 'out_channels': 128, 'kernel_size': 3, 'stride': 1, 'padding': 1, 'groups': 1, 'L': 131072}, dtype=fp32
2026-10-01 05:07:05,813 WARNING:Tunable parameters ['BLOCK_SIZE_BATCH_LENGTH', 'BLOCK_SIZE_IN_FEAT', 'BLOCK_SIZE_OUT_FEAT', 'threads', 'num_stages'] already provided during auto-tuning. Skipping compilation and using direct JIT
  NKI skipped (not available)
Running case: {'batch': 1, 'in_channels': 128, 'out_channels': 128, 'kernel_size': 3, 'stride': 1, 'padding': 1, 'groups': 1, 'L': 262144}, dtype=fp16
2026-10-01 05:07:05,968 WARNING:Tunable parameters ['BLOCK_SIZE_BATCH_LENGTH', 'BLOCK_SIZE_IN_FEAT', 'BLOCK_SIZE_OUT_FEAT', 'threads', 'num_stages'] already provided during auto-tuning. Skipping compilation and using direct JIT
  NKI skipped (not available)
Running case: {'batch': 1, 'in_channels': 128, 'out_channels': 128, 'kernel_size': 3, 'stride': 1, 'padding': 1, 'groups': 1, 'L': 262144}, dtype=fp32
2026-10-01 05:07:06,122 WARNING:Tunable parameters ['BLOCK_SIZE_BATCH_LENGTH', 'BLOCK_SIZE_IN_FEAT', 'BLOCK_SIZE_OUT_FEAT', 'threads', 'num_stages'] already provided during auto-tuning. Skipping compilation and using direct JIT
  NKI skipped (not available)
Running case: {'batch': 1, 'in_channels': 128, 'out_channels': 128, 'kernel_size': 3, 'stride': 1, 'padding': 1, 'groups': 1, 'L': 393216}, dtype=fp16
2026-10-01 05:07:06,309 WARNING:Tunable parameters ['BLOCK_SIZE_BATCH_LENGTH', 'BLOCK_SIZE_IN_FEAT', 'BLOCK_SIZE_OUT_FEAT', 'threads', 'num_stages'] already provided during auto-tuning. Skipping compilation and using direct JIT
  NKI skipped (not available)
Running case: {'batch': 1, 'in_channels': 128, 'out_channels': 128, 'kernel_size': 3, 'stride': 1, 'padding': 1, 'groups': 1, 'L': 393216}, dtype=fp32
2026-10-01 05:07:06,480 WARNING:Tunable parameters ['BLOCK_SIZE_BATCH_LENGTH', 'BLOCK_SIZE_IN_FEAT', 'BLOCK_SIZE_OUT_FEAT', 'threads', 'num_stages'] already provided during auto-tuning. Skipping compilation and using direct JIT
  NKI skipped (not available)
Running case: {'batch': 1, 'in_channels': 128, 'out_channels': 128, 'kernel_size': 3, 'stride': 1, 'padding': 1, 'groups': 1, 'L': 524288}, dtype=fp16
2026-10-01 05:07:06,704 WARNING:Tunable parameters ['BLOCK_SIZE_BATCH_LENGTH', 'BLOCK_SIZE_IN_FEAT', 'BLOCK_SIZE_OUT_FEAT', 'threads', 'num_stages'] already provided during auto-tuning. Skipping compilation and using direct JIT
  NKI skipped (not available)
Running case: {'batch': 1, 'in_channels': 128, 'out_channels': 128, 'kernel_size': 3, 'stride': 1, 'padding': 1, 'groups': 1, 'L': 524288}, dtype=fp32
2026-10-01 05:07:06,907 WARNING:Tunable parameters ['BLOCK_SIZE_BATCH_LENGTH', 'BLOCK_SIZE_IN_FEAT', 'BLOCK_SIZE_OUT_FEAT', 'threads', 'num_stages'] already provided during auto-tuning. Skipping compilation and using direct JIT
  NKI skipped (not available)
Running case: {'batch': 1, 'in_channels': 128, 'out_channels': 128, 'kernel_size': 3, 'stride': 1, 'padding': 1, 'groups': 1, 'L': 655360}, dtype=fp16
2026-10-01 05:07:07,171 WARNING:Tunable parameters ['BLOCK_SIZE_BATCH_LENGTH', 'BLOCK_SIZE_IN_FEAT', 'BLOCK_SIZE_OUT_FEAT', 'threads', 'num_stages'] already provided during auto-tuning. Skipping compilation and using direct JIT
  NKI skipped (not available)
Running case: {'batch': 1, 'in_channels': 128, 'out_channels': 128, 'kernel_size': 3, 'stride': 1, 'padding': 1, 'groups': 1, 'L': 655360}, dtype=fp32
2026-10-01 05:07:07,394 WARNING:Tunable parameters ['BLOCK_SIZE_BATCH_LENGTH', 'BLOCK_SIZE_IN_FEAT', 'BLOCK_SIZE_OUT_FEAT', 'threads', 'num_stages'] already provided during auto-tuning. Skipping compilation and using direct JIT
  NKI skipped (not available)
Running case: {'batch': 1, 'in_channels': 128, 'out_channels': 128, 'kernel_size': 3, 'stride': 1, 'padding': 1, 'groups': 1, 'L': 786432}, dtype=fp16
2026-10-01 05:07:07,701 WARNING:Tunable parameters ['BLOCK_SIZE_BATCH_LENGTH', 'BLOCK_SIZE_IN_FEAT', 'BLOCK_SIZE_OUT_FEAT', 'threads', 'num_stages'] already provided during auto-tuning. Skipping compilation and using direct JIT
  NKI skipped (not available)
Running case: {'batch': 1, 'in_channels': 128, 'out_channels': 128, 'kernel_size': 3, 'stride': 1, 'padding': 1, 'groups': 1, 'L': 786432}, dtype=fp32
2026-10-01 05:07:07,956 WARNING:Tunable parameters ['BLOCK_SIZE_BATCH_LENGTH', 'BLOCK_SIZE_IN_FEAT', 'BLOCK_SIZE_OUT_FEAT', 'threads', 'num_stages'] already provided during auto-tuning. Skipping compilation and using direct JIT
  NKI skipped (not available)
Running case: {'batch': 1, 'in_channels': 128, 'out_channels': 128, 'kernel_size': 3, 'stride': 1, 'padding': 1, 'groups': 1, 'L': 917504}, dtype=fp16
2026-10-01 05:07:08,306 WARNING:Tunable parameters ['BLOCK_SIZE_BATCH_LENGTH', 'BLOCK_SIZE_IN_FEAT', 'BLOCK_SIZE_OUT_FEAT', 'threads', 'num_stages'] already provided during auto-tuning. Skipping compilation and using direct JIT
  NKI skipped (not available)
Running case: {'batch': 1, 'in_channels': 128, 'out_channels': 128, 'kernel_size': 3, 'stride': 1, 'padding': 1, 'groups': 1, 'L': 917504}, dtype=fp32
2026-10-01 05:07:08,587 WARNING:Tunable parameters ['BLOCK_SIZE_BATCH_LENGTH', 'BLOCK_SIZE_IN_FEAT', 'BLOCK_SIZE_OUT_FEAT', 'threads', 'num_stages'] already provided during auto-tuning. Skipping compilation and using direct JIT
  NKI skipped (not available)
Running case: {'batch': 1, 'in_channels': 128, 'out_channels': 128, 'kernel_size': 3, 'stride': 1, 'padding': 1, 'groups': 1, 'L': 1048576}, dtype=fp16
2026-10-01 05:07:08,973 WARNING:Tunable parameters ['BLOCK_SIZE_BATCH_LENGTH', 'BLOCK_SIZE_IN_FEAT', 'BLOCK_SIZE_OUT_FEAT', 'threads', 'num_stages'] already provided during auto-tuning. Skipping compilation and using direct JIT
  NKI skipped (not available)
Running case: {'batch': 1, 'in_channels': 128, 'out_channels': 128, 'kernel_size': 3, 'stride': 1, 'padding': 1, 'groups': 1, 'L': 1048576}, dtype=fp32
2026-10-01 05:07:09,284 WARNING:Tunable parameters ['BLOCK_SIZE_BATCH_LENGTH', 'BLOCK_SIZE_IN_FEAT', 'BLOCK_SIZE_OUT_FEAT', 'threads', 'num_stages'] already provided during auto-tuning. Skipping compilation and using direct JIT
  NKI skipped (not available)
Running case: {'batch': 1, 'in_channels': 128, 'out_channels': 128, 'kernel_size': 3, 'stride': 1, 'padding': 1, 'groups': 1, 'L': 1179648}, dtype=fp16
2026-10-01 05:07:09,720 WARNING:Tunable parameters ['BLOCK_SIZE_BATCH_LENGTH', 'BLOCK_SIZE_IN_FEAT', 'BLOCK_SIZE_OUT_FEAT', 'threads', 'num_stages'] already provided during auto-tuning. Skipping compilation and using direct JIT
  NKI skipped (not available)
Running case: {'batch': 1, 'in_channels': 128, 'out_channels': 128, 'kernel_size': 3, 'stride': 1, 'padding': 1, 'groups': 1, 'L': 1179648}, dtype=fp32
2026-10-01 05:07:10,053 WARNING:Tunable parameters ['BLOCK_SIZE_BATCH_LENGTH', 'BLOCK_SIZE_IN_FEAT', 'BLOCK_SIZE_OUT_FEAT', 'threads', 'num_stages'] already provided during auto-tuning. Skipping compilation and using direct JIT
  NKI skipped (not available)
Running case: {'batch': 1, 'in_channels': 128, 'out_channels': 128, 'kernel_size': 3, 'stride': 1, 'padding': 1, 'groups': 1, 'L': 1310720}, dtype=fp16
2026-10-01 05:07:10,517 WARNING:Tunable parameters ['BLOCK_SIZE_BATCH_LENGTH', 'BLOCK_SIZE_IN_FEAT', 'BLOCK_SIZE_OUT_FEAT', 'threads', 'num_stages'] already provided during auto-tuning. Skipping compilation and using direct JIT
  NKI skipped (not available)
Running case: {'batch': 1, 'in_channels': 128, 'out_channels': 128, 'kernel_size': 3, 'stride': 1, 'padding': 1, 'groups': 1, 'L': 1310720}, dtype=fp32
2026-10-01 05:07:10,874 WARNING:Tunable parameters ['BLOCK_SIZE_BATCH_LENGTH', 'BLOCK_SIZE_IN_FEAT', 'BLOCK_SIZE_OUT_FEAT', 'threads', 'num_stages'] already provided during auto-tuning. Skipping compilation and using direct JIT
  NKI skipped (not available)
Running case: {'batch': 1, 'in_channels': 128, 'out_channels': 128, 'kernel_size': 3, 'stride': 1, 'padding': 1, 'groups': 1, 'L': 1441792}, dtype=fp16
2026-10-01 05:07:11,378 WARNING:Tunable parameters ['BLOCK_SIZE_BATCH_LENGTH', 'BLOCK_SIZE_IN_FEAT', 'BLOCK_SIZE_OUT_FEAT', 'threads', 'num_stages'] already provided during auto-tuning. Skipping compilation and using direct JIT
  NKI skipped (not available)
Running case: {'batch': 1, 'in_channels': 128, 'out_channels': 128, 'kernel_size': 3, 'stride': 1, 'padding': 1, 'groups': 1, 'L': 1441792}, dtype=fp32
2026-10-01 05:07:11,765 WARNING:Tunable parameters ['BLOCK_SIZE_BATCH_LENGTH', 'BLOCK_SIZE_IN_FEAT', 'BLOCK_SIZE_OUT_FEAT', 'threads', 'num_stages'] already provided during auto-tuning. Skipping compilation and using direct JIT
  NKI skipped (not available)
Running case: {'batch': 1, 'in_channels': 128, 'out_channels': 128, 'kernel_size': 3, 'stride': 1, 'padding': 1, 'groups': 1, 'L': 1572864}, dtype=fp16
2026-10-01 05:07:12,316 WARNING:Tunable parameters ['BLOCK_SIZE_BATCH_LENGTH', 'BLOCK_SIZE_IN_FEAT', 'BLOCK_SIZE_OUT_FEAT', 'threads', 'num_stages'] already provided during auto-tuning. Skipping compilation and using direct JIT
  NKI skipped (not available)
Running case: {'batch': 1, 'in_channels': 128, 'out_channels': 128, 'kernel_size': 3, 'stride': 1, 'padding': 1, 'groups': 1, 'L': 1572864}, dtype=fp32
2026-10-01 05:07:12,724 WARNING:Tunable parameters ['BLOCK_SIZE_BATCH_LENGTH', 'BLOCK_SIZE_IN_FEAT', 'BLOCK_SIZE_OUT_FEAT', 'threads', 'num_stages'] already provided during auto-tuning. Skipping compilation and using direct JIT
  NKI skipped (not available)
Running case: {'batch': 1, 'in_channels': 128, 'out_channels': 128, 'kernel_size': 3, 'stride': 1, 'padding': 1, 'groups': 1, 'L': 1703936}, dtype=fp16
2026-10-01 05:07:13,309 WARNING:Tunable parameters ['BLOCK_SIZE_BATCH_LENGTH', 'BLOCK_SIZE_IN_FEAT', 'BLOCK_SIZE_OUT_FEAT', 'threads', 'num_stages'] already provided during auto-tuning. Skipping compilation and using direct JIT
  NKI skipped (not available)
Running case: {'batch': 1, 'in_channels': 128, 'out_channels': 128, 'kernel_size': 3, 'stride': 1, 'padding': 1, 'groups': 1, 'L': 1703936}, dtype=fp32
2026-10-01 05:07:13,745 WARNING:Tunable parameters ['BLOCK_SIZE_BATCH_LENGTH', 'BLOCK_SIZE_IN_FEAT', 'BLOCK_SIZE_OUT_FEAT', 'threads', 'num_stages'] already provided during auto-tuning. Skipping compilation and using direct JIT
  NKI skipped (not available)
Running case: {'batch': 1, 'in_channels': 128, 'out_channels': 128, 'kernel_size': 3, 'stride': 1, 'padding': 1, 'groups': 1, 'L': 1835008}, dtype=fp16
2026-10-01 05:07:14,374 WARNING:Tunable parameters ['BLOCK_SIZE_BATCH_LENGTH', 'BLOCK_SIZE_IN_FEAT', 'BLOCK_SIZE_OUT_FEAT', 'threads', 'num_stages'] already provided during auto-tuning. Skipping compilation and using direct JIT
  NKI skipped (not available)
Running case: {'batch': 1, 'in_channels': 128, 'out_channels': 128, 'kernel_size': 3, 'stride': 1, 'padding': 1, 'groups': 1, 'L': 1835008}, dtype=fp32
2026-10-01 05:07:14,835 WARNING:Tunable parameters ['BLOCK_SIZE_BATCH_LENGTH', 'BLOCK_SIZE_IN_FEAT', 'BLOCK_SIZE_OUT_FEAT', 'threads', 'num_stages'] already provided during auto-tuning. Skipping compilation and using direct JIT
  NKI skipped (not available)
Running case: {'batch': 1, 'in_channels': 128, 'out_channels': 128, 'kernel_size': 3, 'stride': 1, 'padding': 1, 'groups': 1, 'L': 1966080}, dtype=fp16
2026-10-01 05:07:15,506 WARNING:Tunable parameters ['BLOCK_SIZE_BATCH_LENGTH', 'BLOCK_SIZE_IN_FEAT', 'BLOCK_SIZE_OUT_FEAT', 'threads', 'num_stages'] already provided during auto-tuning. Skipping compilation and using direct JIT
  NKI skipped (not available)
Running case: {'batch': 1, 'in_channels': 128, 'out_channels': 128, 'kernel_size': 3, 'stride': 1, 'padding': 1, 'groups': 1, 'L': 1966080}, dtype=fp32
2026-10-01 05:07:15,993 WARNING:Tunable parameters ['BLOCK_SIZE_BATCH_LENGTH', 'BLOCK_SIZE_IN_FEAT', 'BLOCK_SIZE_OUT_FEAT', 'threads', 'num_stages'] already provided during auto-tuning. Skipping compilation and using direct JIT
  NKI skipped (not available)
Running case: {'batch': 1, 'in_channels': 128, 'out_channels': 128, 'kernel_size': 3, 'stride': 1, 'padding': 1, 'groups': 1, 'L': 2097152}, dtype=fp16
2026-10-01 05:07:16,702 WARNING:Tunable parameters ['BLOCK_SIZE_BATCH_LENGTH', 'BLOCK_SIZE_IN_FEAT', 'BLOCK_SIZE_OUT_FEAT', 'threads', 'num_stages'] already provided during auto-tuning. Skipping compilation and using direct JIT
  NKI skipped (not available)
Running case: {'batch': 1, 'in_channels': 128, 'out_channels': 128, 'kernel_size': 3, 'stride': 1, 'padding': 1, 'groups': 1, 'L': 2097152}, dtype=fp32
2026-10-01 05:07:17,230 WARNING:Tunable parameters ['BLOCK_SIZE_BATCH_LENGTH', 'BLOCK_SIZE_IN_FEAT', 'BLOCK_SIZE_OUT_FEAT', 'threads', 'num_stages'] already provided during auto-tuning. Skipping compilation and using direct JIT
  NKI skipped (not available)
Running case: {'batch': 1, 'in_channels': 128, 'out_channels': 128, 'kernel_size': 3, 'stride': 1, 'padding': 1, 'groups': 1, 'L': 2228224}, dtype=fp16
2026-10-01 05:07:17,978 WARNING:Tunable parameters ['BLOCK_SIZE_BATCH_LENGTH', 'BLOCK_SIZE_IN_FEAT', 'BLOCK_SIZE_OUT_FEAT', 'threads', 'num_stages'] already provided during auto-tuning. Skipping compilation and using direct JIT
  NKI skipped (not available)
Running case: {'batch': 1, 'in_channels': 128, 'out_channels': 128, 'kernel_size': 3, 'stride': 1, 'padding': 1, 'groups': 1, 'L': 2228224}, dtype=fp32
2026-10-01 05:07:18,520 WARNING:Tunable parameters ['BLOCK_SIZE_BATCH_LENGTH', 'BLOCK_SIZE_IN_FEAT', 'BLOCK_SIZE_OUT_FEAT', 'threads', 'num_stages'] already provided during auto-tuning. Skipping compilation and using direct JIT
  NKI skipped (not available)
Running case: {'batch': 1, 'in_channels': 128, 'out_channels': 128, 'kernel_size': 3, 'stride': 1, 'padding': 1, 'groups': 1, 'L': 2359296}, dtype=fp16
2026-10-01 05:07:19,324 WARNING:Tunable parameters ['BLOCK_SIZE_BATCH_LENGTH', 'BLOCK_SIZE_IN_FEAT', 'BLOCK_SIZE_OUT_FEAT', 'threads', 'num_stages'] already provided during auto-tuning. Skipping compilation and using direct JIT
  NKI skipped (not available)
Running case: {'batch': 1, 'in_channels': 128, 'out_channels': 128, 'kernel_size': 3, 'stride': 1, 'padding': 1, 'groups': 1, 'L': 2359296}, dtype=fp32
2026-10-01 05:07:19,892 WARNING:Tunable parameters ['BLOCK_SIZE_BATCH_LENGTH', 'BLOCK_SIZE_IN_FEAT', 'BLOCK_SIZE_OUT_FEAT', 'threads', 'num_stages'] already provided during auto-tuning. Skipping compilation and using direct JIT
  NKI skipped (not available)
Running case: {'batch': 1, 'in_channels': 128, 'out_channels': 128, 'kernel_size': 3, 'stride': 1, 'padding': 1, 'groups': 1, 'L': 2490368}, dtype=fp16
2026-10-01 05:07:20,721 WARNING:Tunable parameters ['BLOCK_SIZE_BATCH_LENGTH', 'BLOCK_SIZE_IN_FEAT', 'BLOCK_SIZE_OUT_FEAT', 'threads', 'num_stages'] already provided during auto-tuning. Skipping compilation and using direct JIT
  NKI skipped (not available)
Running case: {'batch': 1, 'in_channels': 128, 'out_channels': 128, 'kernel_size': 3, 'stride': 1, 'padding': 1, 'groups': 1, 'L': 2490368}, dtype=fp32
2026-10-01 05:07:21,316 WARNING:Tunable parameters ['BLOCK_SIZE_BATCH_LENGTH', 'BLOCK_SIZE_IN_FEAT', 'BLOCK_SIZE_OUT_FEAT', 'threads', 'num_stages'] already provided during auto-tuning. Skipping compilation and using direct JIT
  NKI skipped (not available)
Running case: {'batch': 1, 'in_channels': 128, 'out_channels': 128, 'kernel_size': 3, 'stride': 1, 'padding': 1, 'groups': 1, 'L': 2621440}, dtype=fp16
2026-10-01 05:07:22,195 WARNING:Tunable parameters ['BLOCK_SIZE_BATCH_LENGTH', 'BLOCK_SIZE_IN_FEAT', 'BLOCK_SIZE_OUT_FEAT', 'threads', 'num_stages'] already provided during auto-tuning. Skipping compilation and using direct JIT
  NKI skipped (not available)
Running case: {'batch': 1, 'in_channels': 128, 'out_channels': 128, 'kernel_size': 3, 'stride': 1, 'padding': 1, 'groups': 1, 'L': 2621440}, dtype=fp32
2026-10-01 05:07:22,821 WARNING:Tunable parameters ['BLOCK_SIZE_BATCH_LENGTH', 'BLOCK_SIZE_IN_FEAT', 'BLOCK_SIZE_OUT_FEAT', 'threads', 'num_stages'] already provided during auto-tuning. Skipping compilation and using direct JIT
  NKI skipped (not available)
Timing results  → /projects/kzhou6/bcui2/research/tilebench/Tilebench-gh200/results/GH200/logs/time_measurement_logs/1d_conv_default_triton-cutile-tilelang.json
Autotune log    → /projects/kzhou6/bcui2/research/tilebench/Tilebench-gh200/results/GH200/logs/autotune_logs/1d_conv_default_triton-cutile-tilelang.json
TileLang autotuner log → /projects/kzhou6/bcui2/research/tilebench/Tilebench-gh200/results/GH200/logs/tilelang_autotuner/1d_conv_default_triton-cutile-tilelang.log
Provenance      → /projects/kzhou6/bcui2/research/tilebench/Tilebench-gh200/results/GH200/logs/provenance/1d_conv_default_triton-cutile-tilelang.json

Summary:
Params      |    Dtype |  Torch(ms) |   Triton(ms) |   cuTile(ms) | TileLang(ms) |  Speedup(T) |  Speedup(C) | Speedup(TL)
--------------------------------------------------------------------------------------------------------------------------
L=131072    | fp16     |     0.0962 |       0.2692 |       0.4455 |       2.0577 |        0.36 |        0.22 |        0.05
L=131072    | fp32     |     0.1346 |       0.3192 |       0.4690 |       4.0598 |        0.42 |        0.29 |        0.03
L=262144    | fp16     |     0.1882 |       0.5219 |       0.8498 |       4.0537 |        0.36 |        0.22 |        0.05
L=262144    | fp32     |     0.2591 |       0.6249 |       0.8932 |       8.0036 |        0.41 |        0.29 |        0.03
L=393216    | fp16     |     0.2754 |       0.7696 |       1.2564 |       5.9923 |        0.36 |        0.22 |        0.05
L=393216    | fp32     |     0.3816 |       0.9280 |       1.3133 |      11.9692 |        0.41 |        0.29 |        0.03
L=524288    | fp16     |     0.3593 |       1.0224 |       1.6646 |       8.0814 |        0.35 |        0.22 |        0.04
L=524288    | fp32     |     0.4997 |       1.2330 |       1.7349 |      15.9379 |        0.41 |        0.29 |        0.03
L=655360    | fp16     |     0.4440 |       1.2715 |       2.0674 |       9.9680 |        0.35 |        0.21 |        0.04
L=655360    | fp32     |     0.6159 |       1.5476 |       2.1519 |      19.8731 |        0.40 |        0.29 |        0.03
L=786432    | fp16     |     0.5303 |       1.5207 |       2.4714 |      11.9228 |        0.35 |        0.21 |        0.04
L=786432    | fp32     |     0.7341 |       1.8464 |       2.5814 |      23.8133 |        0.40 |        0.28 |        0.03
L=917504    | fp16     |     0.6154 |       1.7737 |       2.8748 |      13.9171 |        0.35 |        0.21 |        0.04
L=917504    | fp32     |     0.8553 |       2.1499 |       3.0045 |      27.9427 |        0.40 |        0.28 |        0.03
L=1048576   | fp16     |     0.7040 |       2.0219 |       3.2830 |      16.1458 |        0.35 |        0.21 |        0.04
L=1048576   | fp32     |     0.9698 |       2.4534 |       3.4289 |      31.7125 |        0.40 |        0.28 |        0.03
L=1179648   | fp16     |     0.7881 |       2.2724 |       3.6833 |      17.8900 |        0.35 |        0.21 |        0.04
L=1179648   | fp32     |     1.0855 |       2.7595 |       3.8440 |      35.7060 |        0.39 |        0.28 |        0.03
L=1310720   | fp16     |     0.8668 |       2.5236 |       4.0837 |      19.8621 |        0.34 |        0.21 |        0.04
L=1310720   | fp32     |     1.2118 |       3.0660 |       4.2639 |      39.4844 |        0.40 |        0.28 |        0.03
L=1441792   | fp16     |     0.9528 |       2.7491 |       4.4813 |      21.7743 |        0.35 |        0.21 |        0.04
L=1441792   | fp32     |     1.3242 |       3.3366 |       4.6459 |      43.4958 |        0.40 |        0.29 |        0.03
L=1572864   | fp16     |     1.0408 |       3.0119 |       4.8879 |      23.7357 |        0.35 |        0.21 |        0.04
L=1572864   | fp32     |     1.4372 |       3.6474 |       5.0752 |      47.3812 |        0.39 |        0.28 |        0.03
L=1703936   | fp16     |     1.1258 |       3.2591 |       5.2843 |      25.6099 |        0.35 |        0.21 |        0.04
L=1703936   | fp32     |     1.5562 |       3.9532 |       5.4894 |      51.3268 |        0.39 |        0.28 |        0.03
L=1835008   | fp16     |     1.2088 |       3.4992 |       5.7035 |      27.6971 |        0.35 |        0.21 |        0.04
L=1835008   | fp32     |     1.6796 |       4.2626 |       5.9013 |      55.6400 |        0.39 |        0.28 |        0.03
L=1966080   | fp16     |     1.2961 |       3.7473 |       6.1026 |      29.5916 |        0.35 |        0.21 |        0.04
L=1966080   | fp32     |     1.7871 |       4.5550 |       6.3297 |      59.3905 |        0.39 |        0.28 |        0.03
L=2097152   | fp16     |     1.3729 |       3.9941 |       6.4876 |      31.9097 |        0.34 |        0.21 |        0.04
L=2097152   | fp32     |     1.9067 |       4.8597 |       6.7381 |      63.1623 |        0.39 |        0.28 |        0.03
L=2228224   | fp16     |     1.4641 |       4.2442 |       6.9105 |      33.5774 |        0.34 |        0.21 |        0.04
L=2228224   | fp32     |     2.0202 |       5.1617 |       7.1700 |      67.0951 |        0.39 |        0.28 |        0.03
L=2359296   | fp16     |     1.5458 |       4.4939 |       7.3104 |      35.5786 |        0.34 |        0.21 |        0.04
L=2359296   | fp32     |     2.1411 |       5.4663 |       7.5852 |      71.1193 |        0.39 |        0.28 |        0.03
L=2490368   | fp16     |     1.6235 |       4.7415 |       7.7058 |      37.5000 |        0.34 |        0.21 |        0.04
L=2490368   | fp32     |     2.2597 |       5.7615 |       8.0018 |      75.0079 |        0.39 |        0.28 |        0.03
L=2621440   | fp16     |     1.7137 |       4.9901 |       8.1274 |      39.4916 |        0.34 |        0.21 |        0.04
L=2621440   | fp32     |     2.3702 |       6.0732 |       8.4071 |      78.9710 |        0.39 |        0.28 |        0.03
Summary CSV     → /projects/kzhou6/bcui2/research/tilebench/Tilebench-gh200/results/GH200/csv/1d_conv_default.csv
