GPU/result namespace: GH200 (detected device: NVIDIA GH200 480GB, arch: hopper)
Starting benchmark for operator: 2d_conv
Tile-language backends: torch (baseline) + cutile, tilelang, triton
  NKI not selected (--tile-language)
Running case: {'batch': 1, 'in_channels': 128, 'out_channels': 128, 'kernel_size': 3, 'stride': 1, 'padding': 1, 'groups': 1, 'H': 16}, dtype=fp16
2026-10-01 05:07:28,440 WARNING:Tunable parameters ['BLOCK_SIZE_BATCH_HEIGHT_WIDTH', 'BLOCK_SIZE_IN_FEAT', 'BLOCK_SIZE_OUT_FEAT', 'threads', 'num_stages'] already provided during auto-tuning. Skipping compilation and using direct JIT
  NKI skipped (not available)
Running case: {'batch': 1, 'in_channels': 128, 'out_channels': 128, 'kernel_size': 3, 'stride': 1, 'padding': 1, 'groups': 1, 'H': 16}, dtype=fp32
2026-10-01 05:07:28,741 WARNING:Tunable parameters ['BLOCK_SIZE_BATCH_HEIGHT_WIDTH', 'BLOCK_SIZE_IN_FEAT', 'BLOCK_SIZE_OUT_FEAT', 'threads', 'num_stages'] already provided during auto-tuning. Skipping compilation and using direct JIT
  NKI skipped (not available)
Running case: {'batch': 1, 'in_channels': 128, 'out_channels': 128, 'kernel_size': 3, 'stride': 1, 'padding': 1, 'groups': 1, 'H': 32}, dtype=fp16
2026-10-01 05:07:28,862 WARNING:Tunable parameters ['BLOCK_SIZE_BATCH_HEIGHT_WIDTH', 'BLOCK_SIZE_IN_FEAT', 'BLOCK_SIZE_OUT_FEAT', 'threads', 'num_stages'] already provided during auto-tuning. Skipping compilation and using direct JIT
  NKI skipped (not available)
Running case: {'batch': 1, 'in_channels': 128, 'out_channels': 128, 'kernel_size': 3, 'stride': 1, 'padding': 1, 'groups': 1, 'H': 32}, dtype=fp32
2026-10-01 05:07:28,985 WARNING:Tunable parameters ['BLOCK_SIZE_BATCH_HEIGHT_WIDTH', 'BLOCK_SIZE_IN_FEAT', 'BLOCK_SIZE_OUT_FEAT', 'threads', 'num_stages'] already provided during auto-tuning. Skipping compilation and using direct JIT
  NKI skipped (not available)
Running case: {'batch': 1, 'in_channels': 128, 'out_channels': 128, 'kernel_size': 3, 'stride': 1, 'padding': 1, 'groups': 1, 'H': 48}, dtype=fp16
2026-10-01 05:07:29,119 WARNING:Tunable parameters ['BLOCK_SIZE_BATCH_HEIGHT_WIDTH', 'BLOCK_SIZE_IN_FEAT', 'BLOCK_SIZE_OUT_FEAT', 'threads', 'num_stages'] already provided during auto-tuning. Skipping compilation and using direct JIT
  NKI skipped (not available)
Running case: {'batch': 1, 'in_channels': 128, 'out_channels': 128, 'kernel_size': 3, 'stride': 1, 'padding': 1, 'groups': 1, 'H': 48}, dtype=fp32
2026-10-01 05:07:29,245 WARNING:Tunable parameters ['BLOCK_SIZE_BATCH_HEIGHT_WIDTH', 'BLOCK_SIZE_IN_FEAT', 'BLOCK_SIZE_OUT_FEAT', 'threads', 'num_stages'] already provided during auto-tuning. Skipping compilation and using direct JIT
  NKI skipped (not available)
Running case: {'batch': 1, 'in_channels': 128, 'out_channels': 128, 'kernel_size': 3, 'stride': 1, 'padding': 1, 'groups': 1, 'H': 64}, dtype=fp16
2026-10-01 05:07:29,381 WARNING:Tunable parameters ['BLOCK_SIZE_BATCH_HEIGHT_WIDTH', 'BLOCK_SIZE_IN_FEAT', 'BLOCK_SIZE_OUT_FEAT', 'threads', 'num_stages'] already provided during auto-tuning. Skipping compilation and using direct JIT
  NKI skipped (not available)
Running case: {'batch': 1, 'in_channels': 128, 'out_channels': 128, 'kernel_size': 3, 'stride': 1, 'padding': 1, 'groups': 1, 'H': 64}, dtype=fp32
2026-10-01 05:07:29,488 WARNING:Tunable parameters ['BLOCK_SIZE_BATCH_HEIGHT_WIDTH', 'BLOCK_SIZE_IN_FEAT', 'BLOCK_SIZE_OUT_FEAT', 'threads', 'num_stages'] already provided during auto-tuning. Skipping compilation and using direct JIT
  NKI skipped (not available)
Running case: {'batch': 1, 'in_channels': 128, 'out_channels': 128, 'kernel_size': 3, 'stride': 1, 'padding': 1, 'groups': 1, 'H': 80}, dtype=fp16
2026-10-01 05:07:29,600 WARNING:Tunable parameters ['BLOCK_SIZE_BATCH_HEIGHT_WIDTH', 'BLOCK_SIZE_IN_FEAT', 'BLOCK_SIZE_OUT_FEAT', 'threads', 'num_stages'] already provided during auto-tuning. Skipping compilation and using direct JIT
  NKI skipped (not available)
Running case: {'batch': 1, 'in_channels': 128, 'out_channels': 128, 'kernel_size': 3, 'stride': 1, 'padding': 1, 'groups': 1, 'H': 80}, dtype=fp32
2026-10-01 05:07:29,714 WARNING:Tunable parameters ['BLOCK_SIZE_BATCH_HEIGHT_WIDTH', 'BLOCK_SIZE_IN_FEAT', 'BLOCK_SIZE_OUT_FEAT', 'threads', 'num_stages'] already provided during auto-tuning. Skipping compilation and using direct JIT
  NKI skipped (not available)
Running case: {'batch': 1, 'in_channels': 128, 'out_channels': 128, 'kernel_size': 3, 'stride': 1, 'padding': 1, 'groups': 1, 'H': 96}, dtype=fp16
2026-10-01 05:07:29,834 WARNING:Tunable parameters ['BLOCK_SIZE_BATCH_HEIGHT_WIDTH', 'BLOCK_SIZE_IN_FEAT', 'BLOCK_SIZE_OUT_FEAT', 'threads', 'num_stages'] already provided during auto-tuning. Skipping compilation and using direct JIT
  NKI skipped (not available)
Running case: {'batch': 1, 'in_channels': 128, 'out_channels': 128, 'kernel_size': 3, 'stride': 1, 'padding': 1, 'groups': 1, 'H': 96}, dtype=fp32
2026-10-01 05:07:29,942 WARNING:Tunable parameters ['BLOCK_SIZE_BATCH_HEIGHT_WIDTH', 'BLOCK_SIZE_IN_FEAT', 'BLOCK_SIZE_OUT_FEAT', 'threads', 'num_stages'] already provided during auto-tuning. Skipping compilation and using direct JIT
  NKI skipped (not available)
Running case: {'batch': 1, 'in_channels': 128, 'out_channels': 128, 'kernel_size': 3, 'stride': 1, 'padding': 1, 'groups': 1, 'H': 112}, dtype=fp16
2026-10-01 05:07:30,065 WARNING:Tunable parameters ['BLOCK_SIZE_BATCH_HEIGHT_WIDTH', 'BLOCK_SIZE_IN_FEAT', 'BLOCK_SIZE_OUT_FEAT', 'threads', 'num_stages'] already provided during auto-tuning. Skipping compilation and using direct JIT
  NKI skipped (not available)
Running case: {'batch': 1, 'in_channels': 128, 'out_channels': 128, 'kernel_size': 3, 'stride': 1, 'padding': 1, 'groups': 1, 'H': 112}, dtype=fp32
2026-10-01 05:07:30,195 WARNING:Tunable parameters ['BLOCK_SIZE_BATCH_HEIGHT_WIDTH', 'BLOCK_SIZE_IN_FEAT', 'BLOCK_SIZE_OUT_FEAT', 'threads', 'num_stages'] already provided during auto-tuning. Skipping compilation and using direct JIT
  NKI skipped (not available)
Running case: {'batch': 1, 'in_channels': 128, 'out_channels': 128, 'kernel_size': 3, 'stride': 1, 'padding': 1, 'groups': 1, 'H': 128}, dtype=fp16
2026-10-01 05:07:30,321 WARNING:Tunable parameters ['BLOCK_SIZE_BATCH_HEIGHT_WIDTH', 'BLOCK_SIZE_IN_FEAT', 'BLOCK_SIZE_OUT_FEAT', 'threads', 'num_stages'] already provided during auto-tuning. Skipping compilation and using direct JIT
  NKI skipped (not available)
Running case: {'batch': 1, 'in_channels': 128, 'out_channels': 128, 'kernel_size': 3, 'stride': 1, 'padding': 1, 'groups': 1, 'H': 128}, dtype=fp32
2026-10-01 05:07:30,454 WARNING:Tunable parameters ['BLOCK_SIZE_BATCH_HEIGHT_WIDTH', 'BLOCK_SIZE_IN_FEAT', 'BLOCK_SIZE_OUT_FEAT', 'threads', 'num_stages'] already provided during auto-tuning. Skipping compilation and using direct JIT
  NKI skipped (not available)
Running case: {'batch': 1, 'in_channels': 128, 'out_channels': 128, 'kernel_size': 3, 'stride': 1, 'padding': 1, 'groups': 1, 'H': 144}, dtype=fp16
2026-10-01 05:07:30,572 WARNING:Tunable parameters ['BLOCK_SIZE_BATCH_HEIGHT_WIDTH', 'BLOCK_SIZE_IN_FEAT', 'BLOCK_SIZE_OUT_FEAT', 'threads', 'num_stages'] already provided during auto-tuning. Skipping compilation and using direct JIT
  NKI skipped (not available)
Running case: {'batch': 1, 'in_channels': 128, 'out_channels': 128, 'kernel_size': 3, 'stride': 1, 'padding': 1, 'groups': 1, 'H': 144}, dtype=fp32
2026-10-01 05:07:30,691 WARNING:Tunable parameters ['BLOCK_SIZE_BATCH_HEIGHT_WIDTH', 'BLOCK_SIZE_IN_FEAT', 'BLOCK_SIZE_OUT_FEAT', 'threads', 'num_stages'] already provided during auto-tuning. Skipping compilation and using direct JIT
  NKI skipped (not available)
Running case: {'batch': 1, 'in_channels': 128, 'out_channels': 128, 'kernel_size': 3, 'stride': 1, 'padding': 1, 'groups': 1, 'H': 160}, dtype=fp16
2026-10-01 05:07:30,816 WARNING:Tunable parameters ['BLOCK_SIZE_BATCH_HEIGHT_WIDTH', 'BLOCK_SIZE_IN_FEAT', 'BLOCK_SIZE_OUT_FEAT', 'threads', 'num_stages'] already provided during auto-tuning. Skipping compilation and using direct JIT
  NKI skipped (not available)
Running case: {'batch': 1, 'in_channels': 128, 'out_channels': 128, 'kernel_size': 3, 'stride': 1, 'padding': 1, 'groups': 1, 'H': 160}, dtype=fp32
2026-10-01 05:07:30,935 WARNING:Tunable parameters ['BLOCK_SIZE_BATCH_HEIGHT_WIDTH', 'BLOCK_SIZE_IN_FEAT', 'BLOCK_SIZE_OUT_FEAT', 'threads', 'num_stages'] already provided during auto-tuning. Skipping compilation and using direct JIT
  NKI skipped (not available)
Running case: {'batch': 1, 'in_channels': 128, 'out_channels': 128, 'kernel_size': 3, 'stride': 1, 'padding': 1, 'groups': 1, 'H': 176}, dtype=fp16
2026-10-01 05:07:31,063 WARNING:Tunable parameters ['BLOCK_SIZE_BATCH_HEIGHT_WIDTH', 'BLOCK_SIZE_IN_FEAT', 'BLOCK_SIZE_OUT_FEAT', 'threads', 'num_stages'] already provided during auto-tuning. Skipping compilation and using direct JIT
  NKI skipped (not available)
Running case: {'batch': 1, 'in_channels': 128, 'out_channels': 128, 'kernel_size': 3, 'stride': 1, 'padding': 1, 'groups': 1, 'H': 176}, dtype=fp32
2026-10-01 05:07:31,185 WARNING:Tunable parameters ['BLOCK_SIZE_BATCH_HEIGHT_WIDTH', 'BLOCK_SIZE_IN_FEAT', 'BLOCK_SIZE_OUT_FEAT', 'threads', 'num_stages'] already provided during auto-tuning. Skipping compilation and using direct JIT
  NKI skipped (not available)
Running case: {'batch': 1, 'in_channels': 128, 'out_channels': 128, 'kernel_size': 3, 'stride': 1, 'padding': 1, 'groups': 1, 'H': 192}, dtype=fp16
2026-10-01 05:07:31,315 WARNING:Tunable parameters ['BLOCK_SIZE_BATCH_HEIGHT_WIDTH', 'BLOCK_SIZE_IN_FEAT', 'BLOCK_SIZE_OUT_FEAT', 'threads', 'num_stages'] already provided during auto-tuning. Skipping compilation and using direct JIT
  NKI skipped (not available)
Running case: {'batch': 1, 'in_channels': 128, 'out_channels': 128, 'kernel_size': 3, 'stride': 1, 'padding': 1, 'groups': 1, 'H': 192}, dtype=fp32
2026-10-01 05:07:31,438 WARNING:Tunable parameters ['BLOCK_SIZE_BATCH_HEIGHT_WIDTH', 'BLOCK_SIZE_IN_FEAT', 'BLOCK_SIZE_OUT_FEAT', 'threads', 'num_stages'] already provided during auto-tuning. Skipping compilation and using direct JIT
  NKI skipped (not available)
Running case: {'batch': 1, 'in_channels': 128, 'out_channels': 128, 'kernel_size': 3, 'stride': 1, 'padding': 1, 'groups': 1, 'H': 208}, dtype=fp16
2026-10-01 05:07:31,578 WARNING:Tunable parameters ['BLOCK_SIZE_BATCH_HEIGHT_WIDTH', 'BLOCK_SIZE_IN_FEAT', 'BLOCK_SIZE_OUT_FEAT', 'threads', 'num_stages'] already provided during auto-tuning. Skipping compilation and using direct JIT
  NKI skipped (not available)
Running case: {'batch': 1, 'in_channels': 128, 'out_channels': 128, 'kernel_size': 3, 'stride': 1, 'padding': 1, 'groups': 1, 'H': 208}, dtype=fp32
2026-10-01 05:07:31,727 WARNING:Tunable parameters ['BLOCK_SIZE_BATCH_HEIGHT_WIDTH', 'BLOCK_SIZE_IN_FEAT', 'BLOCK_SIZE_OUT_FEAT', 'threads', 'num_stages'] already provided during auto-tuning. Skipping compilation and using direct JIT
  NKI skipped (not available)
Running case: {'batch': 1, 'in_channels': 128, 'out_channels': 128, 'kernel_size': 3, 'stride': 1, 'padding': 1, 'groups': 1, 'H': 224}, dtype=fp16
2026-10-01 05:07:31,889 WARNING:Tunable parameters ['BLOCK_SIZE_BATCH_HEIGHT_WIDTH', 'BLOCK_SIZE_IN_FEAT', 'BLOCK_SIZE_OUT_FEAT', 'threads', 'num_stages'] already provided during auto-tuning. Skipping compilation and using direct JIT
  NKI skipped (not available)
Running case: {'batch': 1, 'in_channels': 128, 'out_channels': 128, 'kernel_size': 3, 'stride': 1, 'padding': 1, 'groups': 1, 'H': 224}, dtype=fp32
2026-10-01 05:07:32,028 WARNING:Tunable parameters ['BLOCK_SIZE_BATCH_HEIGHT_WIDTH', 'BLOCK_SIZE_IN_FEAT', 'BLOCK_SIZE_OUT_FEAT', 'threads', 'num_stages'] already provided during auto-tuning. Skipping compilation and using direct JIT
  NKI skipped (not available)
Running case: {'batch': 1, 'in_channels': 128, 'out_channels': 128, 'kernel_size': 3, 'stride': 1, 'padding': 1, 'groups': 1, 'H': 240}, dtype=fp16
2026-10-01 05:07:32,181 WARNING:Tunable parameters ['BLOCK_SIZE_BATCH_HEIGHT_WIDTH', 'BLOCK_SIZE_IN_FEAT', 'BLOCK_SIZE_OUT_FEAT', 'threads', 'num_stages'] already provided during auto-tuning. Skipping compilation and using direct JIT
  NKI skipped (not available)
Running case: {'batch': 1, 'in_channels': 128, 'out_channels': 128, 'kernel_size': 3, 'stride': 1, 'padding': 1, 'groups': 1, 'H': 240}, dtype=fp32
2026-10-01 05:07:32,330 WARNING:Tunable parameters ['BLOCK_SIZE_BATCH_HEIGHT_WIDTH', 'BLOCK_SIZE_IN_FEAT', 'BLOCK_SIZE_OUT_FEAT', 'threads', 'num_stages'] already provided during auto-tuning. Skipping compilation and using direct JIT
  NKI skipped (not available)
Running case: {'batch': 1, 'in_channels': 128, 'out_channels': 128, 'kernel_size': 3, 'stride': 1, 'padding': 1, 'groups': 1, 'H': 256}, dtype=fp16
2026-10-01 05:07:32,494 WARNING:Tunable parameters ['BLOCK_SIZE_BATCH_HEIGHT_WIDTH', 'BLOCK_SIZE_IN_FEAT', 'BLOCK_SIZE_OUT_FEAT', 'threads', 'num_stages'] already provided during auto-tuning. Skipping compilation and using direct JIT
  NKI skipped (not available)
Running case: {'batch': 1, 'in_channels': 128, 'out_channels': 128, 'kernel_size': 3, 'stride': 1, 'padding': 1, 'groups': 1, 'H': 256}, dtype=fp32
2026-10-01 05:07:32,644 WARNING:Tunable parameters ['BLOCK_SIZE_BATCH_HEIGHT_WIDTH', 'BLOCK_SIZE_IN_FEAT', 'BLOCK_SIZE_OUT_FEAT', 'threads', 'num_stages'] already provided during auto-tuning. Skipping compilation and using direct JIT
  NKI skipped (not available)
Running case: {'batch': 1, 'in_channels': 128, 'out_channels': 128, 'kernel_size': 3, 'stride': 1, 'padding': 1, 'groups': 1, 'H': 272}, dtype=fp16
2026-10-01 05:07:32,812 WARNING:Tunable parameters ['BLOCK_SIZE_BATCH_HEIGHT_WIDTH', 'BLOCK_SIZE_IN_FEAT', 'BLOCK_SIZE_OUT_FEAT', 'threads', 'num_stages'] already provided during auto-tuning. Skipping compilation and using direct JIT
  NKI skipped (not available)
Running case: {'batch': 1, 'in_channels': 128, 'out_channels': 128, 'kernel_size': 3, 'stride': 1, 'padding': 1, 'groups': 1, 'H': 272}, dtype=fp32
2026-10-01 05:07:32,967 WARNING:Tunable parameters ['BLOCK_SIZE_BATCH_HEIGHT_WIDTH', 'BLOCK_SIZE_IN_FEAT', 'BLOCK_SIZE_OUT_FEAT', 'threads', 'num_stages'] already provided during auto-tuning. Skipping compilation and using direct JIT
  NKI skipped (not available)
Running case: {'batch': 1, 'in_channels': 128, 'out_channels': 128, 'kernel_size': 3, 'stride': 1, 'padding': 1, 'groups': 1, 'H': 288}, dtype=fp16
2026-10-01 05:07:33,144 WARNING:Tunable parameters ['BLOCK_SIZE_BATCH_HEIGHT_WIDTH', 'BLOCK_SIZE_IN_FEAT', 'BLOCK_SIZE_OUT_FEAT', 'threads', 'num_stages'] already provided during auto-tuning. Skipping compilation and using direct JIT
  NKI skipped (not available)
Running case: {'batch': 1, 'in_channels': 128, 'out_channels': 128, 'kernel_size': 3, 'stride': 1, 'padding': 1, 'groups': 1, 'H': 288}, dtype=fp32
2026-10-01 05:07:33,307 WARNING:Tunable parameters ['BLOCK_SIZE_BATCH_HEIGHT_WIDTH', 'BLOCK_SIZE_IN_FEAT', 'BLOCK_SIZE_OUT_FEAT', 'threads', 'num_stages'] already provided during auto-tuning. Skipping compilation and using direct JIT
  NKI skipped (not available)
Running case: {'batch': 1, 'in_channels': 128, 'out_channels': 128, 'kernel_size': 3, 'stride': 1, 'padding': 1, 'groups': 1, 'H': 304}, dtype=fp16
2026-10-01 05:07:33,494 WARNING:Tunable parameters ['BLOCK_SIZE_BATCH_HEIGHT_WIDTH', 'BLOCK_SIZE_IN_FEAT', 'BLOCK_SIZE_OUT_FEAT', 'threads', 'num_stages'] already provided during auto-tuning. Skipping compilation and using direct JIT
  NKI skipped (not available)
Running case: {'batch': 1, 'in_channels': 128, 'out_channels': 128, 'kernel_size': 3, 'stride': 1, 'padding': 1, 'groups': 1, 'H': 304}, dtype=fp32
2026-10-01 05:07:33,665 WARNING:Tunable parameters ['BLOCK_SIZE_BATCH_HEIGHT_WIDTH', 'BLOCK_SIZE_IN_FEAT', 'BLOCK_SIZE_OUT_FEAT', 'threads', 'num_stages'] already provided during auto-tuning. Skipping compilation and using direct JIT
  NKI skipped (not available)
Running case: {'batch': 1, 'in_channels': 128, 'out_channels': 128, 'kernel_size': 3, 'stride': 1, 'padding': 1, 'groups': 1, 'H': 320}, dtype=fp16
2026-10-01 05:07:33,865 WARNING:Tunable parameters ['BLOCK_SIZE_BATCH_HEIGHT_WIDTH', 'BLOCK_SIZE_IN_FEAT', 'BLOCK_SIZE_OUT_FEAT', 'threads', 'num_stages'] already provided during auto-tuning. Skipping compilation and using direct JIT
  NKI skipped (not available)
Running case: {'batch': 1, 'in_channels': 128, 'out_channels': 128, 'kernel_size': 3, 'stride': 1, 'padding': 1, 'groups': 1, 'H': 320}, dtype=fp32
2026-10-01 05:07:34,042 WARNING:Tunable parameters ['BLOCK_SIZE_BATCH_HEIGHT_WIDTH', 'BLOCK_SIZE_IN_FEAT', 'BLOCK_SIZE_OUT_FEAT', 'threads', 'num_stages'] already provided during auto-tuning. Skipping compilation and using direct JIT
  NKI skipped (not available)
Timing results  → /projects/kzhou6/bcui2/research/tilebench/Tilebench-gh200/results/GH200/logs/time_measurement_logs/2d_conv_default_triton-cutile-tilelang.json
Autotune log    → /projects/kzhou6/bcui2/research/tilebench/Tilebench-gh200/results/GH200/logs/autotune_logs/2d_conv_default_triton-cutile-tilelang.json
TileLang autotuner log → /projects/kzhou6/bcui2/research/tilebench/Tilebench-gh200/results/GH200/logs/tilelang_autotuner/2d_conv_default_triton-cutile-tilelang.log
Provenance      → /projects/kzhou6/bcui2/research/tilebench/Tilebench-gh200/results/GH200/logs/provenance/2d_conv_default_triton-cutile-tilelang.json

Summary:
Params  |    Dtype |  Torch(ms) |   Triton(ms) |   cuTile(ms) | TileLang(ms) |  Speedup(T) |  Speedup(C) | Speedup(TL)
----------------------------------------------------------------------------------------------------------------------
H=16    | fp16     |     0.0134 |       0.1140 |       0.1634 |       0.3205 |        0.12 |        0.08 |        0.04
H=16    | fp32     |     0.0145 |       0.1036 |       0.2163 |       0.5376 |        0.14 |        0.07 |        0.03
H=32    | fp16     |     0.0138 |       0.1128 |       0.1611 |       0.3480 |        0.12 |        0.09 |        0.04
H=32    | fp32     |     0.0149 |       0.1045 |       0.2182 |       0.5771 |        0.14 |        0.07 |        0.03
H=48    | fp16     |     0.0147 |       0.1132 |       0.1675 |       0.3637 |        0.13 |        0.09 |        0.04
H=48    | fp32     |     0.0177 |       0.1054 |       0.2212 |       0.5677 |        0.17 |        0.08 |        0.03
H=64    | fp16     |     0.0157 |       0.1136 |       0.1666 |       0.3687 |        0.14 |        0.09 |        0.04
H=64    | fp32     |     0.0185 |       0.1055 |       0.2170 |       0.6050 |        0.18 |        0.09 |        0.03
H=80    | fp16     |     0.0206 |       0.1317 |       0.2041 |       0.5394 |        0.16 |        0.10 |        0.04
H=80    | fp32     |     0.0243 |       0.1383 |       0.2440 |       0.8651 |        0.18 |        0.10 |        0.03
H=96    | fp16     |     0.0226 |       0.2316 |       0.2404 |       0.9169 |        0.10 |        0.09 |        0.02
H=96    | fp32     |     0.0399 |       0.2331 |       0.2823 |       1.4763 |        0.17 |        0.14 |        0.03
H=112   | fp16     |     0.0237 |       0.2558 |       0.2371 |       0.9886 |        0.09 |        0.10 |        0.02
H=112   | fp32     |     0.0312 |       0.2355 |       0.2826 |       1.6403 |        0.13 |        0.11 |        0.02
H=128   | fp16     |     0.0252 |       0.2532 |       0.2814 |       1.0548 |        0.10 |        0.09 |        0.02
H=128   | fp32     |     0.0401 |       0.2747 |       0.3378 |       1.6765 |        0.15 |        0.12 |        0.02
H=144   | fp16     |     0.0400 |       0.3862 |       0.3372 |       1.4546 |        0.10 |        0.12 |        0.03
H=144   | fp32     |     0.0460 |       0.3678 |       0.4061 |       2.4324 |        0.13 |        0.11 |        0.02
H=160   | fp16     |     0.0355 |       0.4847 |       0.4512 |       1.7754 |        0.07 |        0.08 |        0.02
H=160   | fp32     |     0.0496 |       0.4914 |       0.5366 |       3.0425 |        0.10 |        0.09 |        0.02
H=176   | fp16     |     0.0385 |       0.5066 |       0.5040 |       1.9584 |        0.08 |        0.08 |        0.02
H=176   | fp32     |     0.0708 |       0.5397 |       0.6104 |       3.3097 |        0.13 |        0.12 |        0.02
H=192   | fp16     |     0.0549 |       0.6290 |       0.5643 |       2.3855 |        0.09 |        0.10 |        0.02
H=192   | fp32     |     0.0763 |       0.6284 |       0.7018 |       4.0157 |        0.12 |        0.11 |        0.02
H=208   | fp16     |     0.0500 |       0.7339 |       0.6646 |       2.9158 |        0.07 |        0.08 |        0.02
H=208   | fp32     |     0.0760 |       0.7507 |       0.8171 |       4.8231 |        0.10 |        0.09 |        0.02
H=224   | fp16     |     0.0535 |       0.7549 |       0.7146 |       3.1220 |        0.07 |        0.07 |        0.02
H=224   | fp32     |     0.0873 |       0.8128 |       0.8911 |       5.1375 |        0.11 |        0.10 |        0.02
H=240   | fp16     |     0.0619 |       0.8752 |       0.8268 |       3.4967 |        0.07 |        0.07 |        0.02
H=240   | fp32     |     0.0993 |       0.9374 |       1.0215 |       5.9016 |        0.11 |        0.10 |        0.02
H=256   | fp16     |     0.0826 |       0.9972 |       0.9284 |       4.0041 |        0.08 |        0.09 |        0.02
H=256   | fp32     |     0.1125 |       1.0698 |       1.1581 |       6.5946 |        0.11 |        0.10 |        0.02
H=272   | fp16     |     0.0741 |       1.1329 |       1.0408 |       4.5191 |        0.07 |        0.07 |        0.02
H=272   | fp32     |     0.1255 |       1.1925 |       1.2858 |       7.5548 |        0.11 |        0.10 |        0.02
H=288   | fp16     |     0.0841 |       1.2533 |       1.1436 |       5.1120 |        0.07 |        0.07 |        0.02
H=288   | fp32     |     0.1397 |       1.3300 |       1.4218 |       8.4896 |        0.11 |        0.10 |        0.02
H=304   | fp16     |     0.0940 |       1.3880 |       1.2528 |       5.8454 |        0.07 |        0.08 |        0.02
H=304   | fp32     |     0.1533 |       1.4703 |       1.5751 |       9.5814 |        0.10 |        0.10 |        0.02
H=320   | fp16     |     0.1015 |       1.6169 |       1.4103 |       6.3692 |        0.06 |        0.07 |        0.02
H=320   | fp32     |     0.1613 |       1.6446 |       1.7506 |      10.5020 |        0.10 |        0.09 |        0.02
Summary CSV     → /projects/kzhou6/bcui2/research/tilebench/Tilebench-gh200/results/GH200/csv/2d_conv_default.csv
