GPU/result namespace: GH200 (detected device: NVIDIA GH200 480GB, arch: hopper)
Starting benchmark for operator: 2d_max_pooling
Tile-language backends: torch (baseline) + cutile, tilelang, triton
  NKI not selected (--tile-language)
Running case: {'N': 4, 'C': 128, 'kernel_size': 3, 'stride': 2, 'padding': 1, 'H': 32}, dtype=fp16
2026-10-01 05:07:38,160 WARNING:Tunable parameters ['BLOCK_R', 'BLOCK_C', 'threads'] already provided during auto-tuning. Skipping compilation and using direct JIT
  NKI skipped (not available)
Running case: {'N': 4, 'C': 128, 'kernel_size': 3, 'stride': 2, 'padding': 1, 'H': 32}, dtype=bf16
2026-10-01 05:07:38,389 WARNING:Tunable parameters ['BLOCK_R', 'BLOCK_C', 'threads'] already provided during auto-tuning. Skipping compilation and using direct JIT
  NKI skipped (not available)
Running case: {'N': 4, 'C': 128, 'kernel_size': 3, 'stride': 2, 'padding': 1, 'H': 32}, dtype=fp32
2026-10-01 05:07:38,652 WARNING:Tunable parameters ['BLOCK_R', 'BLOCK_C', 'threads'] already provided during auto-tuning. Skipping compilation and using direct JIT
  NKI skipped (not available)
Running case: {'N': 4, 'C': 128, 'kernel_size': 3, 'stride': 2, 'padding': 1, 'H': 64}, dtype=fp16
2026-10-01 05:07:38,745 WARNING:Tunable parameters ['BLOCK_R', 'BLOCK_C', 'threads'] already provided during auto-tuning. Skipping compilation and using direct JIT
  NKI skipped (not available)
Running case: {'N': 4, 'C': 128, 'kernel_size': 3, 'stride': 2, 'padding': 1, 'H': 64}, dtype=bf16
2026-10-01 05:07:38,834 WARNING:Tunable parameters ['BLOCK_R', 'BLOCK_C', 'threads'] already provided during auto-tuning. Skipping compilation and using direct JIT
  NKI skipped (not available)
Running case: {'N': 4, 'C': 128, 'kernel_size': 3, 'stride': 2, 'padding': 1, 'H': 64}, dtype=fp32
2026-10-01 05:07:38,919 WARNING:Tunable parameters ['BLOCK_R', 'BLOCK_C', 'threads'] already provided during auto-tuning. Skipping compilation and using direct JIT
  NKI skipped (not available)
Running case: {'N': 4, 'C': 128, 'kernel_size': 3, 'stride': 2, 'padding': 1, 'H': 96}, dtype=fp16
2026-10-01 05:07:39,011 WARNING:Tunable parameters ['BLOCK_R', 'BLOCK_C', 'threads'] already provided during auto-tuning. Skipping compilation and using direct JIT
  NKI skipped (not available)
Running case: {'N': 4, 'C': 128, 'kernel_size': 3, 'stride': 2, 'padding': 1, 'H': 96}, dtype=bf16
2026-10-01 05:07:39,119 WARNING:Tunable parameters ['BLOCK_R', 'BLOCK_C', 'threads'] already provided during auto-tuning. Skipping compilation and using direct JIT
  NKI skipped (not available)
Running case: {'N': 4, 'C': 128, 'kernel_size': 3, 'stride': 2, 'padding': 1, 'H': 96}, dtype=fp32
2026-10-01 05:07:39,206 WARNING:Tunable parameters ['BLOCK_R', 'BLOCK_C', 'threads'] already provided during auto-tuning. Skipping compilation and using direct JIT
  NKI skipped (not available)
Running case: {'N': 4, 'C': 128, 'kernel_size': 3, 'stride': 2, 'padding': 1, 'H': 128}, dtype=fp16
2026-10-01 05:07:39,316 WARNING:Tunable parameters ['BLOCK_R', 'BLOCK_C', 'threads'] already provided during auto-tuning. Skipping compilation and using direct JIT
  NKI skipped (not available)
Running case: {'N': 4, 'C': 128, 'kernel_size': 3, 'stride': 2, 'padding': 1, 'H': 128}, dtype=bf16
2026-10-01 05:07:39,401 WARNING:Tunable parameters ['BLOCK_R', 'BLOCK_C', 'threads'] already provided during auto-tuning. Skipping compilation and using direct JIT
  NKI skipped (not available)
Running case: {'N': 4, 'C': 128, 'kernel_size': 3, 'stride': 2, 'padding': 1, 'H': 128}, dtype=fp32
2026-10-01 05:07:39,493 WARNING:Tunable parameters ['BLOCK_R', 'BLOCK_C', 'threads'] already provided during auto-tuning. Skipping compilation and using direct JIT
  NKI skipped (not available)
Running case: {'N': 4, 'C': 128, 'kernel_size': 3, 'stride': 2, 'padding': 1, 'H': 160}, dtype=fp16
2026-10-01 05:07:39,581 WARNING:Tunable parameters ['BLOCK_R', 'BLOCK_C', 'threads'] already provided during auto-tuning. Skipping compilation and using direct JIT
  NKI skipped (not available)
Running case: {'N': 4, 'C': 128, 'kernel_size': 3, 'stride': 2, 'padding': 1, 'H': 160}, dtype=bf16
2026-10-01 05:07:39,680 WARNING:Tunable parameters ['BLOCK_R', 'BLOCK_C', 'threads'] already provided during auto-tuning. Skipping compilation and using direct JIT
  NKI skipped (not available)
Running case: {'N': 4, 'C': 128, 'kernel_size': 3, 'stride': 2, 'padding': 1, 'H': 160}, dtype=fp32
2026-10-01 05:07:39,771 WARNING:Tunable parameters ['BLOCK_R', 'BLOCK_C', 'threads'] already provided during auto-tuning. Skipping compilation and using direct JIT
  NKI skipped (not available)
Running case: {'N': 4, 'C': 128, 'kernel_size': 3, 'stride': 2, 'padding': 1, 'H': 192}, dtype=fp16
2026-10-01 05:07:39,859 WARNING:Tunable parameters ['BLOCK_R', 'BLOCK_C', 'threads'] already provided during auto-tuning. Skipping compilation and using direct JIT
  NKI skipped (not available)
Running case: {'N': 4, 'C': 128, 'kernel_size': 3, 'stride': 2, 'padding': 1, 'H': 192}, dtype=bf16
2026-10-01 05:07:39,949 WARNING:Tunable parameters ['BLOCK_R', 'BLOCK_C', 'threads'] already provided during auto-tuning. Skipping compilation and using direct JIT
  NKI skipped (not available)
Running case: {'N': 4, 'C': 128, 'kernel_size': 3, 'stride': 2, 'padding': 1, 'H': 192}, dtype=fp32
2026-10-01 05:07:40,042 WARNING:Tunable parameters ['BLOCK_R', 'BLOCK_C', 'threads'] already provided during auto-tuning. Skipping compilation and using direct JIT
  NKI skipped (not available)
Running case: {'N': 4, 'C': 128, 'kernel_size': 3, 'stride': 2, 'padding': 1, 'H': 224}, dtype=fp16
2026-10-01 05:07:40,139 WARNING:Tunable parameters ['BLOCK_R', 'BLOCK_C', 'threads'] already provided during auto-tuning. Skipping compilation and using direct JIT
  NKI skipped (not available)
Running case: {'N': 4, 'C': 128, 'kernel_size': 3, 'stride': 2, 'padding': 1, 'H': 224}, dtype=bf16
2026-10-01 05:07:40,238 WARNING:Tunable parameters ['BLOCK_R', 'BLOCK_C', 'threads'] already provided during auto-tuning. Skipping compilation and using direct JIT
  NKI skipped (not available)
Running case: {'N': 4, 'C': 128, 'kernel_size': 3, 'stride': 2, 'padding': 1, 'H': 224}, dtype=fp32
2026-10-01 05:07:40,332 WARNING:Tunable parameters ['BLOCK_R', 'BLOCK_C', 'threads'] already provided during auto-tuning. Skipping compilation and using direct JIT
  NKI skipped (not available)
Running case: {'N': 4, 'C': 128, 'kernel_size': 3, 'stride': 2, 'padding': 1, 'H': 256}, dtype=fp16
2026-10-01 05:07:40,424 WARNING:Tunable parameters ['BLOCK_R', 'BLOCK_C', 'threads'] already provided during auto-tuning. Skipping compilation and using direct JIT
  NKI skipped (not available)
Running case: {'N': 4, 'C': 128, 'kernel_size': 3, 'stride': 2, 'padding': 1, 'H': 256}, dtype=bf16
2026-10-01 05:07:40,516 WARNING:Tunable parameters ['BLOCK_R', 'BLOCK_C', 'threads'] already provided during auto-tuning. Skipping compilation and using direct JIT
  NKI skipped (not available)
Running case: {'N': 4, 'C': 128, 'kernel_size': 3, 'stride': 2, 'padding': 1, 'H': 256}, dtype=fp32
2026-10-01 05:07:40,609 WARNING:Tunable parameters ['BLOCK_R', 'BLOCK_C', 'threads'] already provided during auto-tuning. Skipping compilation and using direct JIT
  NKI skipped (not available)
Running case: {'N': 4, 'C': 128, 'kernel_size': 3, 'stride': 2, 'padding': 1, 'H': 288}, dtype=fp16
2026-10-01 05:07:40,701 WARNING:Tunable parameters ['BLOCK_R', 'BLOCK_C', 'threads'] already provided during auto-tuning. Skipping compilation and using direct JIT
  NKI skipped (not available)
Running case: {'N': 4, 'C': 128, 'kernel_size': 3, 'stride': 2, 'padding': 1, 'H': 288}, dtype=bf16
2026-10-01 05:07:40,794 WARNING:Tunable parameters ['BLOCK_R', 'BLOCK_C', 'threads'] already provided during auto-tuning. Skipping compilation and using direct JIT
  NKI skipped (not available)
Running case: {'N': 4, 'C': 128, 'kernel_size': 3, 'stride': 2, 'padding': 1, 'H': 288}, dtype=fp32
2026-10-01 05:07:40,890 WARNING:Tunable parameters ['BLOCK_R', 'BLOCK_C', 'threads'] already provided during auto-tuning. Skipping compilation and using direct JIT
  NKI skipped (not available)
Running case: {'N': 4, 'C': 128, 'kernel_size': 3, 'stride': 2, 'padding': 1, 'H': 320}, dtype=fp16
2026-10-01 05:07:40,987 WARNING:Tunable parameters ['BLOCK_R', 'BLOCK_C', 'threads'] already provided during auto-tuning. Skipping compilation and using direct JIT
  NKI skipped (not available)
Running case: {'N': 4, 'C': 128, 'kernel_size': 3, 'stride': 2, 'padding': 1, 'H': 320}, dtype=bf16
2026-10-01 05:07:41,085 WARNING:Tunable parameters ['BLOCK_R', 'BLOCK_C', 'threads'] already provided during auto-tuning. Skipping compilation and using direct JIT
  NKI skipped (not available)
Running case: {'N': 4, 'C': 128, 'kernel_size': 3, 'stride': 2, 'padding': 1, 'H': 320}, dtype=fp32
2026-10-01 05:07:41,186 WARNING:Tunable parameters ['BLOCK_R', 'BLOCK_C', 'threads'] already provided during auto-tuning. Skipping compilation and using direct JIT
  NKI skipped (not available)
Running case: {'N': 4, 'C': 128, 'kernel_size': 3, 'stride': 2, 'padding': 1, 'H': 352}, dtype=fp16
2026-10-01 05:07:41,284 WARNING:Tunable parameters ['BLOCK_R', 'BLOCK_C', 'threads'] already provided during auto-tuning. Skipping compilation and using direct JIT
  NKI skipped (not available)
Running case: {'N': 4, 'C': 128, 'kernel_size': 3, 'stride': 2, 'padding': 1, 'H': 352}, dtype=bf16
2026-10-01 05:07:41,383 WARNING:Tunable parameters ['BLOCK_R', 'BLOCK_C', 'threads'] already provided during auto-tuning. Skipping compilation and using direct JIT
  NKI skipped (not available)
Running case: {'N': 4, 'C': 128, 'kernel_size': 3, 'stride': 2, 'padding': 1, 'H': 352}, dtype=fp32
2026-10-01 05:07:41,483 WARNING:Tunable parameters ['BLOCK_R', 'BLOCK_C', 'threads'] already provided during auto-tuning. Skipping compilation and using direct JIT
  NKI skipped (not available)
Running case: {'N': 4, 'C': 128, 'kernel_size': 3, 'stride': 2, 'padding': 1, 'H': 384}, dtype=fp16
2026-10-01 05:07:41,579 WARNING:Tunable parameters ['BLOCK_R', 'BLOCK_C', 'threads'] already provided during auto-tuning. Skipping compilation and using direct JIT
  NKI skipped (not available)
Running case: {'N': 4, 'C': 128, 'kernel_size': 3, 'stride': 2, 'padding': 1, 'H': 384}, dtype=bf16
2026-10-01 05:07:41,689 WARNING:Tunable parameters ['BLOCK_R', 'BLOCK_C', 'threads'] already provided during auto-tuning. Skipping compilation and using direct JIT
  NKI skipped (not available)
Running case: {'N': 4, 'C': 128, 'kernel_size': 3, 'stride': 2, 'padding': 1, 'H': 384}, dtype=fp32
2026-10-01 05:07:41,798 WARNING:Tunable parameters ['BLOCK_R', 'BLOCK_C', 'threads'] already provided during auto-tuning. Skipping compilation and using direct JIT
  NKI skipped (not available)
Running case: {'N': 4, 'C': 128, 'kernel_size': 3, 'stride': 2, 'padding': 1, 'H': 416}, dtype=fp16
2026-10-01 05:07:41,904 WARNING:Tunable parameters ['BLOCK_R', 'BLOCK_C', 'threads'] already provided during auto-tuning. Skipping compilation and using direct JIT
  NKI skipped (not available)
Running case: {'N': 4, 'C': 128, 'kernel_size': 3, 'stride': 2, 'padding': 1, 'H': 416}, dtype=bf16
2026-10-01 05:07:42,017 WARNING:Tunable parameters ['BLOCK_R', 'BLOCK_C', 'threads'] already provided during auto-tuning. Skipping compilation and using direct JIT
  NKI skipped (not available)
Running case: {'N': 4, 'C': 128, 'kernel_size': 3, 'stride': 2, 'padding': 1, 'H': 416}, dtype=fp32
2026-10-01 05:07:42,117 WARNING:Tunable parameters ['BLOCK_R', 'BLOCK_C', 'threads'] already provided during auto-tuning. Skipping compilation and using direct JIT
  NKI skipped (not available)
Running case: {'N': 4, 'C': 128, 'kernel_size': 3, 'stride': 2, 'padding': 1, 'H': 448}, dtype=fp16
2026-10-01 05:07:42,223 WARNING:Tunable parameters ['BLOCK_R', 'BLOCK_C', 'threads'] already provided during auto-tuning. Skipping compilation and using direct JIT
  NKI skipped (not available)
Running case: {'N': 4, 'C': 128, 'kernel_size': 3, 'stride': 2, 'padding': 1, 'H': 448}, dtype=bf16
2026-10-01 05:07:42,331 WARNING:Tunable parameters ['BLOCK_R', 'BLOCK_C', 'threads'] already provided during auto-tuning. Skipping compilation and using direct JIT
  NKI skipped (not available)
Running case: {'N': 4, 'C': 128, 'kernel_size': 3, 'stride': 2, 'padding': 1, 'H': 448}, dtype=fp32
2026-10-01 05:07:42,435 WARNING:Tunable parameters ['BLOCK_R', 'BLOCK_C', 'threads'] already provided during auto-tuning. Skipping compilation and using direct JIT
  NKI skipped (not available)
Running case: {'N': 4, 'C': 128, 'kernel_size': 3, 'stride': 2, 'padding': 1, 'H': 480}, dtype=fp16
2026-10-01 05:07:42,542 WARNING:Tunable parameters ['BLOCK_R', 'BLOCK_C', 'threads'] already provided during auto-tuning. Skipping compilation and using direct JIT
  NKI skipped (not available)
Running case: {'N': 4, 'C': 128, 'kernel_size': 3, 'stride': 2, 'padding': 1, 'H': 480}, dtype=bf16
2026-10-01 05:07:42,647 WARNING:Tunable parameters ['BLOCK_R', 'BLOCK_C', 'threads'] already provided during auto-tuning. Skipping compilation and using direct JIT
  NKI skipped (not available)
Running case: {'N': 4, 'C': 128, 'kernel_size': 3, 'stride': 2, 'padding': 1, 'H': 480}, dtype=fp32
2026-10-01 05:07:42,765 WARNING:Tunable parameters ['BLOCK_R', 'BLOCK_C', 'threads'] already provided during auto-tuning. Skipping compilation and using direct JIT
  NKI skipped (not available)
Running case: {'N': 4, 'C': 128, 'kernel_size': 3, 'stride': 2, 'padding': 1, 'H': 512}, dtype=fp16
2026-10-01 05:07:42,871 WARNING:Tunable parameters ['BLOCK_R', 'BLOCK_C', 'threads'] already provided during auto-tuning. Skipping compilation and using direct JIT
  NKI skipped (not available)
Running case: {'N': 4, 'C': 128, 'kernel_size': 3, 'stride': 2, 'padding': 1, 'H': 512}, dtype=bf16
2026-10-01 05:07:42,982 WARNING:Tunable parameters ['BLOCK_R', 'BLOCK_C', 'threads'] already provided during auto-tuning. Skipping compilation and using direct JIT
  NKI skipped (not available)
Running case: {'N': 4, 'C': 128, 'kernel_size': 3, 'stride': 2, 'padding': 1, 'H': 512}, dtype=fp32
2026-10-01 05:07:43,093 WARNING:Tunable parameters ['BLOCK_R', 'BLOCK_C', 'threads'] already provided during auto-tuning. Skipping compilation and using direct JIT
  NKI skipped (not available)
Running case: {'N': 4, 'C': 128, 'kernel_size': 3, 'stride': 2, 'padding': 1, 'H': 544}, dtype=fp16
2026-10-01 05:07:43,203 WARNING:Tunable parameters ['BLOCK_R', 'BLOCK_C', 'threads'] already provided during auto-tuning. Skipping compilation and using direct JIT
  NKI skipped (not available)
Running case: {'N': 4, 'C': 128, 'kernel_size': 3, 'stride': 2, 'padding': 1, 'H': 544}, dtype=bf16
2026-10-01 05:07:43,311 WARNING:Tunable parameters ['BLOCK_R', 'BLOCK_C', 'threads'] already provided during auto-tuning. Skipping compilation and using direct JIT
  NKI skipped (not available)
Running case: {'N': 4, 'C': 128, 'kernel_size': 3, 'stride': 2, 'padding': 1, 'H': 544}, dtype=fp32
2026-10-01 05:07:43,424 WARNING:Tunable parameters ['BLOCK_R', 'BLOCK_C', 'threads'] already provided during auto-tuning. Skipping compilation and using direct JIT
  NKI skipped (not available)
Running case: {'N': 4, 'C': 128, 'kernel_size': 3, 'stride': 2, 'padding': 1, 'H': 576}, dtype=fp16
2026-10-01 05:07:43,532 WARNING:Tunable parameters ['BLOCK_R', 'BLOCK_C', 'threads'] already provided during auto-tuning. Skipping compilation and using direct JIT
  NKI skipped (not available)
Running case: {'N': 4, 'C': 128, 'kernel_size': 3, 'stride': 2, 'padding': 1, 'H': 576}, dtype=bf16
2026-10-01 05:07:43,639 WARNING:Tunable parameters ['BLOCK_R', 'BLOCK_C', 'threads'] already provided during auto-tuning. Skipping compilation and using direct JIT
  NKI skipped (not available)
Running case: {'N': 4, 'C': 128, 'kernel_size': 3, 'stride': 2, 'padding': 1, 'H': 576}, dtype=fp32
2026-10-01 05:07:43,752 WARNING:Tunable parameters ['BLOCK_R', 'BLOCK_C', 'threads'] already provided during auto-tuning. Skipping compilation and using direct JIT
  NKI skipped (not available)
Running case: {'N': 4, 'C': 128, 'kernel_size': 3, 'stride': 2, 'padding': 1, 'H': 608}, dtype=fp16
2026-10-01 05:07:43,860 WARNING:Tunable parameters ['BLOCK_R', 'BLOCK_C', 'threads'] already provided during auto-tuning. Skipping compilation and using direct JIT
  NKI skipped (not available)
Running case: {'N': 4, 'C': 128, 'kernel_size': 3, 'stride': 2, 'padding': 1, 'H': 608}, dtype=bf16
2026-10-01 05:07:43,969 WARNING:Tunable parameters ['BLOCK_R', 'BLOCK_C', 'threads'] already provided during auto-tuning. Skipping compilation and using direct JIT
  NKI skipped (not available)
Running case: {'N': 4, 'C': 128, 'kernel_size': 3, 'stride': 2, 'padding': 1, 'H': 608}, dtype=fp32
2026-10-01 05:07:44,086 WARNING:Tunable parameters ['BLOCK_R', 'BLOCK_C', 'threads'] already provided during auto-tuning. Skipping compilation and using direct JIT
  NKI skipped (not available)
Running case: {'N': 4, 'C': 128, 'kernel_size': 3, 'stride': 2, 'padding': 1, 'H': 640}, dtype=fp16
2026-10-01 05:07:44,199 WARNING:Tunable parameters ['BLOCK_R', 'BLOCK_C', 'threads'] already provided during auto-tuning. Skipping compilation and using direct JIT
  NKI skipped (not available)
Running case: {'N': 4, 'C': 128, 'kernel_size': 3, 'stride': 2, 'padding': 1, 'H': 640}, dtype=bf16
2026-10-01 05:07:44,308 WARNING:Tunable parameters ['BLOCK_R', 'BLOCK_C', 'threads'] already provided during auto-tuning. Skipping compilation and using direct JIT
  NKI skipped (not available)
Running case: {'N': 4, 'C': 128, 'kernel_size': 3, 'stride': 2, 'padding': 1, 'H': 640}, dtype=fp32
2026-10-01 05:07:44,425 WARNING:Tunable parameters ['BLOCK_R', 'BLOCK_C', 'threads'] already provided during auto-tuning. Skipping compilation and using direct JIT
  NKI skipped (not available)
Timing results  → /projects/kzhou6/bcui2/research/tilebench/Tilebench-gh200/results/GH200/logs/time_measurement_logs/2d_max_pooling_default_triton-cutile-tilelang.json
Autotune log    → /projects/kzhou6/bcui2/research/tilebench/Tilebench-gh200/results/GH200/logs/autotune_logs/2d_max_pooling_default_triton-cutile-tilelang.json
TileLang autotuner log → /projects/kzhou6/bcui2/research/tilebench/Tilebench-gh200/results/GH200/logs/tilelang_autotuner/2d_max_pooling_default_triton-cutile-tilelang.log
Provenance      → /projects/kzhou6/bcui2/research/tilebench/Tilebench-gh200/results/GH200/logs/provenance/2d_max_pooling_default_triton-cutile-tilelang.json

Summary:
Params  |    Dtype |  Torch(ms) |   Triton(ms) |   cuTile(ms) | TileLang(ms) |  Speedup(T) |  Speedup(C) | Speedup(TL)
----------------------------------------------------------------------------------------------------------------------
H=32    | fp16     |     0.0050 |       0.0048 |       0.0053 |       0.0080 |        1.04 |        0.95 |        0.63
H=32    | bf16     |     0.0049 |       0.0051 |       0.0054 |       0.0082 |        0.97 |        0.92 |        0.60
H=32    | fp32     |     0.0052 |       0.0048 |       0.0053 |       0.0042 |        1.08 |        0.99 |        1.26
H=64    | fp16     |     0.0112 |       0.0081 |       0.0089 |       0.0120 |        1.39 |        1.26 |        0.94
H=64    | bf16     |     0.0114 |       0.0088 |       0.0089 |       0.0120 |        1.30 |        1.29 |        0.95
H=64    | fp32     |     0.0112 |       0.0083 |       0.0091 |       0.0072 |        1.35 |        1.24 |        1.56
H=96    | fp16     |     0.0221 |       0.0118 |       0.0128 |       0.0175 |        1.88 |        1.73 |        1.27
H=96    | bf16     |     0.0222 |       0.0127 |       0.0129 |       0.0174 |        1.74 |        1.72 |        1.28
H=96    | fp32     |     0.0220 |       0.0126 |       0.0140 |       0.0116 |        1.75 |        1.57 |        1.89
H=128   | fp16     |     0.0370 |       0.0153 |       0.0168 |       0.0241 |        2.42 |        2.20 |        1.54
H=128   | bf16     |     0.0373 |       0.0164 |       0.0171 |       0.0244 |        2.28 |        2.18 |        1.53
H=128   | fp32     |     0.0364 |       0.0192 |       0.0217 |       0.0186 |        1.89 |        1.68 |        1.96
H=160   | fp16     |     0.0556 |       0.0217 |       0.0248 |       0.0318 |        2.56 |        2.24 |        1.75
H=160   | bf16     |     0.0566 |       0.0225 |       0.0247 |       0.0315 |        2.51 |        2.29 |        1.80
H=160   | fp32     |     0.0548 |       0.0292 |       0.0312 |       0.0280 |        1.88 |        1.76 |        1.96
H=192   | fp16     |     0.0793 |       0.0298 |       0.0327 |       0.0418 |        2.66 |        2.43 |        1.90
H=192   | bf16     |     0.0796 |       0.0303 |       0.0332 |       0.0420 |        2.63 |        2.40 |        1.90
H=192   | fp32     |     0.0778 |       0.0368 |       0.0399 |       0.0357 |        2.11 |        1.95 |        2.18
H=224   | fp16     |     0.1070 |       0.0381 |       0.0415 |       0.0500 |        2.81 |        2.58 |        2.14
H=224   | bf16     |     0.1078 |       0.0372 |       0.0414 |       0.0501 |        2.90 |        2.60 |        2.15
H=224   | fp32     |     0.1052 |       0.0490 |       0.0520 |       0.0479 |        2.15 |        2.02 |        2.19
H=256   | fp16     |     0.1382 |       0.0441 |       0.0482 |       0.0519 |        3.13 |        2.87 |        2.66
H=256   | bf16     |     0.1396 |       0.0435 |       0.0484 |       0.0518 |        3.21 |        2.88 |        2.70
H=256   | fp32     |     0.1359 |       0.0577 |       0.0610 |       0.0556 |        2.35 |        2.23 |        2.44
H=288   | fp16     |     0.1735 |       0.0798 |       0.0878 |       0.0963 |        2.17 |        1.98 |        1.80
H=288   | bf16     |     0.1756 |       0.0827 |       0.0879 |       0.0965 |        2.12 |        2.00 |        1.82
H=288   | fp32     |     0.1727 |       0.0961 |       0.1037 |       0.0855 |        1.80 |        1.67 |        2.02
H=320   | fp16     |     0.2139 |       0.0893 |       0.0980 |       0.1106 |        2.39 |        2.18 |        1.93
H=320   | bf16     |     0.2163 |       0.0927 |       0.0982 |       0.1109 |        2.33 |        2.20 |        1.95
H=320   | fp32     |     0.2102 |       0.1062 |       0.1140 |       0.0946 |        1.98 |        1.84 |        2.22
H=352   | fp16     |     0.2599 |       0.0985 |       0.1085 |       0.1255 |        2.64 |        2.39 |        2.07
H=352   | bf16     |     0.2604 |       0.1011 |       0.1084 |       0.1259 |        2.58 |        2.40 |        2.07
H=352   | fp32     |     0.2555 |       0.1186 |       0.1280 |       0.1116 |        2.15 |        2.00 |        2.29
H=384   | fp16     |     0.3058 |       0.1039 |       0.1164 |       0.1430 |        2.94 |        2.63 |        2.14
H=384   | bf16     |     0.3097 |       0.1073 |       0.1157 |       0.1422 |        2.89 |        2.68 |        2.18
H=384   | fp32     |     0.3006 |       0.1330 |       0.1419 |       0.1273 |        2.26 |        2.12 |        2.36
H=416   | fp16     |     0.3593 |       0.1189 |       0.1326 |       0.1596 |        3.02 |        2.71 |        2.25
H=416   | bf16     |     0.3644 |       0.1208 |       0.1327 |       0.1598 |        3.02 |        2.75 |        2.28
H=416   | fp32     |     0.3518 |       0.1536 |       0.1641 |       0.1502 |        2.29 |        2.14 |        2.34
H=448   | fp16     |     0.4161 |       0.1334 |       0.1516 |       0.1809 |        3.12 |        2.74 |        2.30
H=448   | bf16     |     0.4178 |       0.1324 |       0.1499 |       0.1810 |        3.15 |        2.79 |        2.31
H=448   | fp32     |     0.4079 |       0.1799 |       0.1935 |       0.1701 |        2.27 |        2.11 |        2.40
H=480   | fp16     |     0.4746 |       0.1514 |       0.1687 |       0.1989 |        3.14 |        2.81 |        2.39
H=480   | bf16     |     0.4825 |       0.1514 |       0.1684 |       0.1978 |        3.19 |        2.87 |        2.44
H=480   | fp32     |     0.4661 |       0.1999 |       0.2127 |       0.1954 |        2.33 |        2.19 |        2.39
H=512   | fp16     |     0.5405 |       0.1559 |       0.1798 |       0.1916 |        3.47 |        3.01 |        2.82
H=512   | bf16     |     0.5448 |       0.1580 |       0.1800 |       0.1922 |        3.45 |        3.03 |        2.84
H=512   | fp32     |     0.5309 |       0.2122 |       0.2205 |       0.2045 |        2.50 |        2.41 |        2.60
H=544   | fp16     |     0.6085 |       0.2341 |       0.2589 |       0.2870 |        2.60 |        2.35 |        2.12
H=544   | bf16     |     0.6154 |       0.2393 |       0.2580 |       0.2851 |        2.57 |        2.39 |        2.16
H=544   | fp32     |     0.5999 |       0.2919 |       0.3132 |       0.2695 |        2.06 |        1.92 |        2.23
H=576   | fp16     |     0.6824 |       0.2461 |       0.2719 |       0.3095 |        2.77 |        2.51 |        2.20
H=576   | bf16     |     0.6912 |       0.2520 |       0.2734 |       0.3088 |        2.74 |        2.53 |        2.24
H=576   | fp32     |     0.6673 |       0.3091 |       0.3319 |       0.2831 |        2.16 |        2.01 |        2.36
H=608   | fp16     |     0.7621 |       0.2615 |       0.2902 |       0.3330 |        2.91 |        2.63 |        2.29
H=608   | bf16     |     0.7671 |       0.2667 |       0.2895 |       0.3329 |        2.88 |        2.65 |        2.30
H=608   | fp32     |     0.7442 |       0.3290 |       0.3548 |       0.3126 |        2.26 |        2.10 |        2.38
H=640   | fp16     |     0.8409 |       0.2673 |       0.3005 |       0.3611 |        3.15 |        2.80 |        2.33
H=640   | bf16     |     0.8486 |       0.2724 |       0.2992 |       0.3608 |        3.12 |        2.84 |        2.35
H=640   | fp32     |     0.8239 |       0.3502 |       0.3733 |       0.3355 |        2.35 |        2.21 |        2.46
Summary CSV     → /projects/kzhou6/bcui2/research/tilebench/Tilebench-gh200/results/GH200/csv/2d_max_pooling_default.csv
