GPU/result namespace: GH200 (detected device: NVIDIA GH200 480GB, arch: hopper)
Starting benchmark for operator: 3d_conv
Tile-language backends: torch (baseline) + cutile, tilelang, triton
  NKI not selected (--tile-language)
Running case: {'batch': 1, 'in_channels': 64, 'out_channels': 64, 'D': 32, 'kernel_size': 3, 'stride': 1, 'padding': 1, 'groups': 1, 'H': 16}, dtype=fp16
2026-10-01 05:07:49,012 WARNING:Tunable parameters ['BLOCK_SIZE_BATCH_DHW', 'BLOCK_SIZE_IN_FEAT', 'BLOCK_SIZE_OUT_FEAT', 'threads', 'num_stages'] already provided during auto-tuning. Skipping compilation and using direct JIT
  NKI skipped (not available)
Running case: {'batch': 1, 'in_channels': 64, 'out_channels': 64, 'D': 32, 'kernel_size': 3, 'stride': 1, 'padding': 1, 'groups': 1, 'H': 16}, dtype=fp32
2026-10-01 05:07:49,303 WARNING:Tunable parameters ['BLOCK_SIZE_BATCH_DHW', 'BLOCK_SIZE_IN_FEAT', 'BLOCK_SIZE_OUT_FEAT', 'threads', 'num_stages'] already provided during auto-tuning. Skipping compilation and using direct JIT
  NKI skipped (not available)
Running case: {'batch': 1, 'in_channels': 64, 'out_channels': 64, 'D': 32, 'kernel_size': 3, 'stride': 1, 'padding': 1, 'groups': 1, 'H': 32}, dtype=fp16
2026-10-01 05:07:49,423 WARNING:Tunable parameters ['BLOCK_SIZE_BATCH_DHW', 'BLOCK_SIZE_IN_FEAT', 'BLOCK_SIZE_OUT_FEAT', 'threads', 'num_stages'] already provided during auto-tuning. Skipping compilation and using direct JIT
  NKI skipped (not available)
Running case: {'batch': 1, 'in_channels': 64, 'out_channels': 64, 'D': 32, 'kernel_size': 3, 'stride': 1, 'padding': 1, 'groups': 1, 'H': 32}, dtype=fp32
2026-10-01 05:07:49,549 WARNING:Tunable parameters ['BLOCK_SIZE_BATCH_DHW', 'BLOCK_SIZE_IN_FEAT', 'BLOCK_SIZE_OUT_FEAT', 'threads', 'num_stages'] already provided during auto-tuning. Skipping compilation and using direct JIT
  NKI skipped (not available)
Running case: {'batch': 1, 'in_channels': 64, 'out_channels': 64, 'D': 32, 'kernel_size': 3, 'stride': 1, 'padding': 1, 'groups': 1, 'H': 48}, dtype=fp16
2026-10-01 05:07:49,692 WARNING:Tunable parameters ['BLOCK_SIZE_BATCH_DHW', 'BLOCK_SIZE_IN_FEAT', 'BLOCK_SIZE_OUT_FEAT', 'threads', 'num_stages'] already provided during auto-tuning. Skipping compilation and using direct JIT
  NKI skipped (not available)
Running case: {'batch': 1, 'in_channels': 64, 'out_channels': 64, 'D': 32, 'kernel_size': 3, 'stride': 1, 'padding': 1, 'groups': 1, 'H': 48}, dtype=fp32
2026-10-01 05:07:49,850 WARNING:Tunable parameters ['BLOCK_SIZE_BATCH_DHW', 'BLOCK_SIZE_IN_FEAT', 'BLOCK_SIZE_OUT_FEAT', 'threads', 'num_stages'] already provided during auto-tuning. Skipping compilation and using direct JIT
  NKI skipped (not available)
Running case: {'batch': 1, 'in_channels': 64, 'out_channels': 64, 'D': 32, 'kernel_size': 3, 'stride': 1, 'padding': 1, 'groups': 1, 'H': 64}, dtype=fp16
2026-10-01 05:07:50,025 WARNING:Tunable parameters ['BLOCK_SIZE_BATCH_DHW', 'BLOCK_SIZE_IN_FEAT', 'BLOCK_SIZE_OUT_FEAT', 'threads', 'num_stages'] already provided during auto-tuning. Skipping compilation and using direct JIT
  NKI skipped (not available)
Running case: {'batch': 1, 'in_channels': 64, 'out_channels': 64, 'D': 32, 'kernel_size': 3, 'stride': 1, 'padding': 1, 'groups': 1, 'H': 64}, dtype=fp32
2026-10-01 05:07:50,217 WARNING:Tunable parameters ['BLOCK_SIZE_BATCH_DHW', 'BLOCK_SIZE_IN_FEAT', 'BLOCK_SIZE_OUT_FEAT', 'threads', 'num_stages'] already provided during auto-tuning. Skipping compilation and using direct JIT
  NKI skipped (not available)
Running case: {'batch': 1, 'in_channels': 64, 'out_channels': 64, 'D': 32, 'kernel_size': 3, 'stride': 1, 'padding': 1, 'groups': 1, 'H': 80}, dtype=fp16
2026-10-01 05:07:50,441 WARNING:Tunable parameters ['BLOCK_SIZE_BATCH_DHW', 'BLOCK_SIZE_IN_FEAT', 'BLOCK_SIZE_OUT_FEAT', 'threads', 'num_stages'] already provided during auto-tuning. Skipping compilation and using direct JIT
  NKI skipped (not available)
Running case: {'batch': 1, 'in_channels': 64, 'out_channels': 64, 'D': 32, 'kernel_size': 3, 'stride': 1, 'padding': 1, 'groups': 1, 'H': 80}, dtype=fp32
2026-10-01 05:07:50,677 WARNING:Tunable parameters ['BLOCK_SIZE_BATCH_DHW', 'BLOCK_SIZE_IN_FEAT', 'BLOCK_SIZE_OUT_FEAT', 'threads', 'num_stages'] already provided during auto-tuning. Skipping compilation and using direct JIT
  NKI skipped (not available)
Running case: {'batch': 1, 'in_channels': 64, 'out_channels': 64, 'D': 32, 'kernel_size': 3, 'stride': 1, 'padding': 1, 'groups': 1, 'H': 96}, dtype=fp16
2026-10-01 05:07:50,977 WARNING:Tunable parameters ['BLOCK_SIZE_BATCH_DHW', 'BLOCK_SIZE_IN_FEAT', 'BLOCK_SIZE_OUT_FEAT', 'threads', 'num_stages'] already provided during auto-tuning. Skipping compilation and using direct JIT
  NKI skipped (not available)
Running case: {'batch': 1, 'in_channels': 64, 'out_channels': 64, 'D': 32, 'kernel_size': 3, 'stride': 1, 'padding': 1, 'groups': 1, 'H': 96}, dtype=fp32
2026-10-01 05:07:51,297 WARNING:Tunable parameters ['BLOCK_SIZE_BATCH_DHW', 'BLOCK_SIZE_IN_FEAT', 'BLOCK_SIZE_OUT_FEAT', 'threads', 'num_stages'] already provided during auto-tuning. Skipping compilation and using direct JIT
  NKI skipped (not available)
Running case: {'batch': 1, 'in_channels': 64, 'out_channels': 64, 'D': 32, 'kernel_size': 3, 'stride': 1, 'padding': 1, 'groups': 1, 'H': 112}, dtype=fp16
2026-10-01 05:07:51,682 WARNING:Tunable parameters ['BLOCK_SIZE_BATCH_DHW', 'BLOCK_SIZE_IN_FEAT', 'BLOCK_SIZE_OUT_FEAT', 'threads', 'num_stages'] already provided during auto-tuning. Skipping compilation and using direct JIT
  NKI skipped (not available)
Running case: {'batch': 1, 'in_channels': 64, 'out_channels': 64, 'D': 32, 'kernel_size': 3, 'stride': 1, 'padding': 1, 'groups': 1, 'H': 112}, dtype=fp32
2026-10-01 05:07:52,065 WARNING:Tunable parameters ['BLOCK_SIZE_BATCH_DHW', 'BLOCK_SIZE_IN_FEAT', 'BLOCK_SIZE_OUT_FEAT', 'threads', 'num_stages'] already provided during auto-tuning. Skipping compilation and using direct JIT
  NKI skipped (not available)
Running case: {'batch': 1, 'in_channels': 64, 'out_channels': 64, 'D': 32, 'kernel_size': 3, 'stride': 1, 'padding': 1, 'groups': 1, 'H': 128}, dtype=fp16
2026-10-01 05:07:52,545 WARNING:Tunable parameters ['BLOCK_SIZE_BATCH_DHW', 'BLOCK_SIZE_IN_FEAT', 'BLOCK_SIZE_OUT_FEAT', 'threads', 'num_stages'] already provided during auto-tuning. Skipping compilation and using direct JIT
  NKI skipped (not available)
Running case: {'batch': 1, 'in_channels': 64, 'out_channels': 64, 'D': 32, 'kernel_size': 3, 'stride': 1, 'padding': 1, 'groups': 1, 'H': 128}, dtype=fp32
2026-10-01 05:07:53,003 WARNING:Tunable parameters ['BLOCK_SIZE_BATCH_DHW', 'BLOCK_SIZE_IN_FEAT', 'BLOCK_SIZE_OUT_FEAT', 'threads', 'num_stages'] already provided during auto-tuning. Skipping compilation and using direct JIT
  NKI skipped (not available)
Running case: {'batch': 1, 'in_channels': 64, 'out_channels': 64, 'D': 32, 'kernel_size': 3, 'stride': 1, 'padding': 1, 'groups': 1, 'H': 144}, dtype=fp16
2026-10-01 05:07:53,585 WARNING:Tunable parameters ['BLOCK_SIZE_BATCH_DHW', 'BLOCK_SIZE_IN_FEAT', 'BLOCK_SIZE_OUT_FEAT', 'threads', 'num_stages'] already provided during auto-tuning. Skipping compilation and using direct JIT
  NKI skipped (not available)
Running case: {'batch': 1, 'in_channels': 64, 'out_channels': 64, 'D': 32, 'kernel_size': 3, 'stride': 1, 'padding': 1, 'groups': 1, 'H': 144}, dtype=fp32
2026-10-01 05:07:54,233 WARNING:Tunable parameters ['BLOCK_SIZE_BATCH_DHW', 'BLOCK_SIZE_IN_FEAT', 'BLOCK_SIZE_OUT_FEAT', 'threads', 'num_stages'] already provided during auto-tuning. Skipping compilation and using direct JIT
  NKI skipped (not available)
Running case: {'batch': 1, 'in_channels': 64, 'out_channels': 64, 'D': 32, 'kernel_size': 3, 'stride': 1, 'padding': 1, 'groups': 1, 'H': 160}, dtype=fp16
2026-10-01 05:07:55,006 WARNING:Tunable parameters ['BLOCK_SIZE_BATCH_DHW', 'BLOCK_SIZE_IN_FEAT', 'BLOCK_SIZE_OUT_FEAT', 'threads', 'num_stages'] already provided during auto-tuning. Skipping compilation and using direct JIT
  NKI skipped (not available)
Running case: {'batch': 1, 'in_channels': 64, 'out_channels': 64, 'D': 32, 'kernel_size': 3, 'stride': 1, 'padding': 1, 'groups': 1, 'H': 160}, dtype=fp32
2026-10-01 05:07:55,711 WARNING:Tunable parameters ['BLOCK_SIZE_BATCH_DHW', 'BLOCK_SIZE_IN_FEAT', 'BLOCK_SIZE_OUT_FEAT', 'threads', 'num_stages'] already provided during auto-tuning. Skipping compilation and using direct JIT
  NKI skipped (not available)
Running case: {'batch': 1, 'in_channels': 64, 'out_channels': 64, 'D': 32, 'kernel_size': 3, 'stride': 1, 'padding': 1, 'groups': 1, 'H': 176}, dtype=fp16
2026-10-01 05:07:56,585 WARNING:Tunable parameters ['BLOCK_SIZE_BATCH_DHW', 'BLOCK_SIZE_IN_FEAT', 'BLOCK_SIZE_OUT_FEAT', 'threads', 'num_stages'] already provided during auto-tuning. Skipping compilation and using direct JIT
  NKI skipped (not available)
Running case: {'batch': 1, 'in_channels': 64, 'out_channels': 64, 'D': 32, 'kernel_size': 3, 'stride': 1, 'padding': 1, 'groups': 1, 'H': 176}, dtype=fp32
2026-10-01 05:07:57,374 WARNING:Tunable parameters ['BLOCK_SIZE_BATCH_DHW', 'BLOCK_SIZE_IN_FEAT', 'BLOCK_SIZE_OUT_FEAT', 'threads', 'num_stages'] already provided during auto-tuning. Skipping compilation and using direct JIT
  NKI skipped (not available)
Running case: {'batch': 1, 'in_channels': 64, 'out_channels': 64, 'D': 32, 'kernel_size': 3, 'stride': 1, 'padding': 1, 'groups': 1, 'H': 192}, dtype=fp16
2026-10-01 05:07:58,421 WARNING:Tunable parameters ['BLOCK_SIZE_BATCH_DHW', 'BLOCK_SIZE_IN_FEAT', 'BLOCK_SIZE_OUT_FEAT', 'threads', 'num_stages'] already provided during auto-tuning. Skipping compilation and using direct JIT
  NKI skipped (not available)
Running case: {'batch': 1, 'in_channels': 64, 'out_channels': 64, 'D': 32, 'kernel_size': 3, 'stride': 1, 'padding': 1, 'groups': 1, 'H': 192}, dtype=fp32
2026-10-01 05:07:59,331 WARNING:Tunable parameters ['BLOCK_SIZE_BATCH_DHW', 'BLOCK_SIZE_IN_FEAT', 'BLOCK_SIZE_OUT_FEAT', 'threads', 'num_stages'] already provided during auto-tuning. Skipping compilation and using direct JIT
  NKI skipped (not available)
Running case: {'batch': 1, 'in_channels': 64, 'out_channels': 64, 'D': 32, 'kernel_size': 3, 'stride': 1, 'padding': 1, 'groups': 1, 'H': 208}, dtype=fp16
2026-10-01 05:08:00,528 WARNING:Tunable parameters ['BLOCK_SIZE_BATCH_DHW', 'BLOCK_SIZE_IN_FEAT', 'BLOCK_SIZE_OUT_FEAT', 'threads', 'num_stages'] already provided during auto-tuning. Skipping compilation and using direct JIT
  NKI skipped (not available)
Running case: {'batch': 1, 'in_channels': 64, 'out_channels': 64, 'D': 32, 'kernel_size': 3, 'stride': 1, 'padding': 1, 'groups': 1, 'H': 208}, dtype=fp32
2026-10-01 05:08:01,587 WARNING:Tunable parameters ['BLOCK_SIZE_BATCH_DHW', 'BLOCK_SIZE_IN_FEAT', 'BLOCK_SIZE_OUT_FEAT', 'threads', 'num_stages'] already provided during auto-tuning. Skipping compilation and using direct JIT
  NKI skipped (not available)
Running case: {'batch': 1, 'in_channels': 64, 'out_channels': 64, 'D': 32, 'kernel_size': 3, 'stride': 1, 'padding': 1, 'groups': 1, 'H': 224}, dtype=fp16
2026-10-01 05:08:02,997 WARNING:Tunable parameters ['BLOCK_SIZE_BATCH_DHW', 'BLOCK_SIZE_IN_FEAT', 'BLOCK_SIZE_OUT_FEAT', 'threads', 'num_stages'] already provided during auto-tuning. Skipping compilation and using direct JIT
  NKI skipped (not available)
Running case: {'batch': 1, 'in_channels': 64, 'out_channels': 64, 'D': 32, 'kernel_size': 3, 'stride': 1, 'padding': 1, 'groups': 1, 'H': 224}, dtype=fp32
2026-10-01 05:08:04,215 WARNING:Tunable parameters ['BLOCK_SIZE_BATCH_DHW', 'BLOCK_SIZE_IN_FEAT', 'BLOCK_SIZE_OUT_FEAT', 'threads', 'num_stages'] already provided during auto-tuning. Skipping compilation and using direct JIT
  NKI skipped (not available)
Running case: {'batch': 1, 'in_channels': 64, 'out_channels': 64, 'D': 32, 'kernel_size': 3, 'stride': 1, 'padding': 1, 'groups': 1, 'H': 240}, dtype=fp16
2026-10-01 05:08:05,831 WARNING:Tunable parameters ['BLOCK_SIZE_BATCH_DHW', 'BLOCK_SIZE_IN_FEAT', 'BLOCK_SIZE_OUT_FEAT', 'threads', 'num_stages'] already provided during auto-tuning. Skipping compilation and using direct JIT
  NKI skipped (not available)
Running case: {'batch': 1, 'in_channels': 64, 'out_channels': 64, 'D': 32, 'kernel_size': 3, 'stride': 1, 'padding': 1, 'groups': 1, 'H': 240}, dtype=fp32
2026-10-01 05:08:07,212 WARNING:Tunable parameters ['BLOCK_SIZE_BATCH_DHW', 'BLOCK_SIZE_IN_FEAT', 'BLOCK_SIZE_OUT_FEAT', 'threads', 'num_stages'] already provided during auto-tuning. Skipping compilation and using direct JIT
  NKI skipped (not available)
Running case: {'batch': 1, 'in_channels': 64, 'out_channels': 64, 'D': 32, 'kernel_size': 3, 'stride': 1, 'padding': 1, 'groups': 1, 'H': 256}, dtype=fp16
2026-10-01 05:08:09,035 WARNING:Tunable parameters ['BLOCK_SIZE_BATCH_DHW', 'BLOCK_SIZE_IN_FEAT', 'BLOCK_SIZE_OUT_FEAT', 'threads', 'num_stages'] already provided during auto-tuning. Skipping compilation and using direct JIT
  NKI skipped (not available)
Running case: {'batch': 1, 'in_channels': 64, 'out_channels': 64, 'D': 32, 'kernel_size': 3, 'stride': 1, 'padding': 1, 'groups': 1, 'H': 256}, dtype=fp32
2026-10-01 05:08:10,601 WARNING:Tunable parameters ['BLOCK_SIZE_BATCH_DHW', 'BLOCK_SIZE_IN_FEAT', 'BLOCK_SIZE_OUT_FEAT', 'threads', 'num_stages'] already provided during auto-tuning. Skipping compilation and using direct JIT
  NKI skipped (not available)
Running case: {'batch': 1, 'in_channels': 64, 'out_channels': 64, 'D': 32, 'kernel_size': 3, 'stride': 1, 'padding': 1, 'groups': 1, 'H': 272}, dtype=fp16
2026-10-01 05:08:12,605 WARNING:Tunable parameters ['BLOCK_SIZE_BATCH_DHW', 'BLOCK_SIZE_IN_FEAT', 'BLOCK_SIZE_OUT_FEAT', 'threads', 'num_stages'] already provided during auto-tuning. Skipping compilation and using direct JIT
  NKI skipped (not available)
Running case: {'batch': 1, 'in_channels': 64, 'out_channels': 64, 'D': 32, 'kernel_size': 3, 'stride': 1, 'padding': 1, 'groups': 1, 'H': 272}, dtype=fp32
2026-10-01 05:08:14,350 WARNING:Tunable parameters ['BLOCK_SIZE_BATCH_DHW', 'BLOCK_SIZE_IN_FEAT', 'BLOCK_SIZE_OUT_FEAT', 'threads', 'num_stages'] already provided during auto-tuning. Skipping compilation and using direct JIT
  NKI skipped (not available)
Running case: {'batch': 1, 'in_channels': 64, 'out_channels': 64, 'D': 32, 'kernel_size': 3, 'stride': 1, 'padding': 1, 'groups': 1, 'H': 288}, dtype=fp16
2026-10-01 05:08:16,740 WARNING:Tunable parameters ['BLOCK_SIZE_BATCH_DHW', 'BLOCK_SIZE_IN_FEAT', 'BLOCK_SIZE_OUT_FEAT', 'threads', 'num_stages'] already provided during auto-tuning. Skipping compilation and using direct JIT
  NKI skipped (not available)
Running case: {'batch': 1, 'in_channels': 64, 'out_channels': 64, 'D': 32, 'kernel_size': 3, 'stride': 1, 'padding': 1, 'groups': 1, 'H': 288}, dtype=fp32
2026-10-01 05:08:18,701 WARNING:Tunable parameters ['BLOCK_SIZE_BATCH_DHW', 'BLOCK_SIZE_IN_FEAT', 'BLOCK_SIZE_OUT_FEAT', 'threads', 'num_stages'] already provided during auto-tuning. Skipping compilation and using direct JIT
  NKI skipped (not available)
Running case: {'batch': 1, 'in_channels': 64, 'out_channels': 64, 'D': 32, 'kernel_size': 3, 'stride': 1, 'padding': 1, 'groups': 1, 'H': 304}, dtype=fp16
2026-10-01 05:08:21,278 WARNING:Tunable parameters ['BLOCK_SIZE_BATCH_DHW', 'BLOCK_SIZE_IN_FEAT', 'BLOCK_SIZE_OUT_FEAT', 'threads', 'num_stages'] already provided during auto-tuning. Skipping compilation and using direct JIT
  NKI skipped (not available)
Running case: {'batch': 1, 'in_channels': 64, 'out_channels': 64, 'D': 32, 'kernel_size': 3, 'stride': 1, 'padding': 1, 'groups': 1, 'H': 304}, dtype=fp32
2026-10-01 05:08:23,444 WARNING:Tunable parameters ['BLOCK_SIZE_BATCH_DHW', 'BLOCK_SIZE_IN_FEAT', 'BLOCK_SIZE_OUT_FEAT', 'threads', 'num_stages'] already provided during auto-tuning. Skipping compilation and using direct JIT
  NKI skipped (not available)
Running case: {'batch': 1, 'in_channels': 64, 'out_channels': 64, 'D': 32, 'kernel_size': 3, 'stride': 1, 'padding': 1, 'groups': 1, 'H': 320}, dtype=fp16
2026-10-01 05:08:26,296 WARNING:Tunable parameters ['BLOCK_SIZE_BATCH_DHW', 'BLOCK_SIZE_IN_FEAT', 'BLOCK_SIZE_OUT_FEAT', 'threads', 'num_stages'] already provided during auto-tuning. Skipping compilation and using direct JIT
  NKI skipped (not available)
Running case: {'batch': 1, 'in_channels': 64, 'out_channels': 64, 'D': 32, 'kernel_size': 3, 'stride': 1, 'padding': 1, 'groups': 1, 'H': 320}, dtype=fp32
2026-10-01 05:08:28,695 WARNING:Tunable parameters ['BLOCK_SIZE_BATCH_DHW', 'BLOCK_SIZE_IN_FEAT', 'BLOCK_SIZE_OUT_FEAT', 'threads', 'num_stages'] already provided during auto-tuning. Skipping compilation and using direct JIT
  NKI skipped (not available)
Timing results  → /projects/kzhou6/bcui2/research/tilebench/Tilebench-gh200/results/GH200/logs/time_measurement_logs/3d_conv_default_triton-cutile-tilelang.json
Autotune log    → /projects/kzhou6/bcui2/research/tilebench/Tilebench-gh200/results/GH200/logs/autotune_logs/3d_conv_default_triton-cutile-tilelang.json
TileLang autotuner log → /projects/kzhou6/bcui2/research/tilebench/Tilebench-gh200/results/GH200/logs/tilelang_autotuner/3d_conv_default_triton-cutile-tilelang.log
Provenance      → /projects/kzhou6/bcui2/research/tilebench/Tilebench-gh200/results/GH200/logs/provenance/3d_conv_default_triton-cutile-tilelang.json

Summary:
Params  |    Dtype |  Torch(ms) |   Triton(ms) |   cuTile(ms) | TileLang(ms) |  Speedup(T) |  Speedup(C) | Speedup(TL)
----------------------------------------------------------------------------------------------------------------------
H=16    | fp16     |     0.0175 |       0.1616 |       0.2578 |       0.6102 |        0.11 |        0.07 |        0.03
H=16    | fp32     |     0.0218 |       0.1959 |       0.4402 |       0.9532 |        0.11 |        0.05 |        0.02
H=32    | fp16     |     0.0373 |       0.4046 |       0.4367 |       1.8134 |        0.09 |        0.09 |        0.02
H=32    | fp32     |     0.0565 |       0.5075 |       0.6975 |       2.8064 |        0.11 |        0.08 |        0.02
H=48    | fp16     |     0.0652 |       0.9779 |       0.8833 |       3.9282 |        0.07 |        0.07 |        0.02
H=48    | fp32     |     0.1314 |       1.1690 |       1.6913 |       6.5735 |        0.11 |        0.08 |        0.02
H=64    | fp16     |     0.1056 |       1.5839 |       1.4627 |       6.8661 |        0.07 |        0.07 |        0.02
H=64    | fp32     |     0.2105 |       2.0129 |       2.4322 |      11.1722 |        0.10 |        0.09 |        0.02
H=80    | fp16     |     0.1571 |       2.4977 |       2.2098 |      10.3429 |        0.06 |        0.07 |        0.02
H=80    | fp32     |     0.3271 |       3.1230 |       3.8443 |      18.2114 |        0.10 |        0.09 |        0.02
H=96    | fp16     |     0.2209 |       3.4777 |       3.0526 |      15.0083 |        0.06 |        0.07 |        0.01
H=96    | fp32     |     0.4513 |       4.4064 |       5.3715 |      26.2236 |        0.10 |        0.08 |        0.02
H=112   | fp16     |     0.2925 |       4.7132 |       4.1116 |      20.4334 |        0.06 |        0.07 |        0.01
H=112   | fp32     |     0.5961 |       5.9106 |       7.1766 |      35.8564 |        0.10 |        0.08 |        0.02
H=128   | fp16     |     0.3726 |       6.1605 |       5.3373 |      26.5837 |        0.06 |        0.07 |        0.01
H=128   | fp32     |     0.7727 |       7.6688 |       9.3452 |      45.0244 |        0.10 |        0.08 |        0.02
H=144   | fp16     |     0.4643 |       7.7289 |       6.6891 |      33.9219 |        0.06 |        0.07 |        0.01
H=144   | fp32     |     0.9720 |       9.6489 |      11.7995 |      59.6135 |        0.10 |        0.08 |        0.02
H=160   | fp16     |     0.5692 |       9.5037 |       8.1946 |      41.9790 |        0.06 |        0.07 |        0.01
H=160   | fp32     |     1.1830 |      11.8820 |      14.5060 |      73.6744 |        0.10 |        0.08 |        0.02
H=176   | fp16     |     0.6845 |      11.5293 |       9.9207 |      51.0576 |        0.06 |        0.07 |        0.01
H=176   | fp32     |     1.4322 |      14.3154 |      17.4777 |      89.4503 |        0.10 |        0.08 |        0.02
H=192   | fp16     |     0.8139 |      13.6839 |      11.7924 |      60.6996 |        0.06 |        0.07 |        0.01
H=192   | fp32     |     1.7016 |      16.9849 |      20.7617 |     104.8014 |        0.10 |        0.08 |        0.02
H=208   | fp16     |     0.9469 |      16.0246 |      13.7848 |      71.6879 |        0.06 |        0.07 |        0.01
H=208   | fp32     |     2.0062 |      19.8919 |      24.2972 |     124.6524 |        0.10 |        0.08 |        0.02
H=224   | fp16     |     1.0917 |      18.6266 |      15.9890 |      83.5184 |        0.06 |        0.07 |        0.01
H=224   | fp32     |     2.3113 |      23.0121 |      28.2211 |     144.9532 |        0.10 |        0.08 |        0.02
H=240   | fp16     |     1.2523 |      21.3578 |      18.3041 |      95.8482 |        0.06 |        0.07 |        0.01
H=240   | fp32     |     2.6616 |      26.4047 |      32.2951 |     166.0914 |        0.10 |        0.08 |        0.02
H=256   | fp16     |     1.4165 |      24.3036 |      20.8230 |     109.9113 |        0.06 |        0.07 |        0.01
H=256   | fp32     |     3.0041 |      29.9926 |      36.7230 |     182.1778 |        0.10 |        0.08 |        0.02
H=272   | fp16     |     1.5932 |      27.4043 |      23.4774 |     123.2371 |        0.06 |        0.07 |        0.01
H=272   | fp32     |     3.3851 |      33.8903 |      41.4300 |     213.2688 |        0.10 |        0.08 |        0.02
H=288   | fp16     |     1.7888 |      30.7368 |      26.3706 |     138.7739 |        0.06 |        0.07 |        0.01
H=288   | fp32     |     3.7897 |      37.8886 |      46.6855 |     239.4358 |        0.10 |        0.08 |        0.02
H=304   | fp16     |     1.9902 |      34.1935 |      29.4530 |     154.1522 |        0.06 |        0.07 |        0.01
H=304   | fp32     |     4.2171 |      42.1653 |      51.9010 |     266.9010 |        0.10 |        0.08 |        0.02
H=320   | fp16     |     2.1988 |      37.8897 |      32.5961 |     171.7512 |        0.06 |        0.07 |        0.01
H=320   | fp32     |     4.6669 |      46.7161 |      57.5264 |     293.1979 |        0.10 |        0.08 |        0.02
Summary CSV     → /projects/kzhou6/bcui2/research/tilebench/Tilebench-gh200/results/GH200/csv/3d_conv_default.csv
