GPU/result namespace: GH200 (detected device: NVIDIA GH200 480GB, arch: hopper)
Starting benchmark for operator: argmax
Tile-language backends: torch (baseline) + cutile, tilelang, triton
  NKI not selected (--tile-language)
Running case: {'M': 2048, 'N': 1024}, dtype=fp16
2026-10-01 05:08:36,586 WARNING:Tunable parameters ['BLOCK_N', 'threads', 'num_stages'] already provided during auto-tuning. Skipping compilation and using direct JIT
  NKI skipped (not available)
Running case: {'M': 2048, 'N': 1024}, dtype=fp32
2026-10-01 05:08:37,140 WARNING:Tunable parameters ['BLOCK_N', 'threads', 'num_stages'] already provided during auto-tuning. Skipping compilation and using direct JIT
  NKI skipped (not available)
Running case: {'M': 2048, 'N': 2048}, dtype=fp16
2026-10-01 05:08:37,544 WARNING:Tunable parameters ['BLOCK_N', 'threads', 'num_stages'] already provided during auto-tuning. Skipping compilation and using direct JIT
  NKI skipped (not available)
Running case: {'M': 2048, 'N': 2048}, dtype=fp32
2026-10-01 05:08:37,940 WARNING:Tunable parameters ['BLOCK_N', 'threads', 'num_stages'] already provided during auto-tuning. Skipping compilation and using direct JIT
  NKI skipped (not available)
Running case: {'M': 2048, 'N': 3072}, dtype=fp16
2026-10-01 05:08:38,361 WARNING:Tunable parameters ['BLOCK_N', 'threads', 'num_stages'] already provided during auto-tuning. Skipping compilation and using direct JIT
  NKI skipped (not available)
Running case: {'M': 2048, 'N': 3072}, dtype=fp32
2026-10-01 05:08:38,772 WARNING:Tunable parameters ['BLOCK_N', 'threads', 'num_stages'] already provided during auto-tuning. Skipping compilation and using direct JIT
  NKI skipped (not available)
Running case: {'M': 2048, 'N': 4096}, dtype=fp16
2026-10-01 05:08:39,192 WARNING:Tunable parameters ['BLOCK_N', 'threads', 'num_stages'] already provided during auto-tuning. Skipping compilation and using direct JIT
  NKI skipped (not available)
Running case: {'M': 2048, 'N': 4096}, dtype=fp32
2026-10-01 05:08:39,609 WARNING:Tunable parameters ['BLOCK_N', 'threads', 'num_stages'] already provided during auto-tuning. Skipping compilation and using direct JIT
  NKI skipped (not available)
Running case: {'M': 2048, 'N': 5120}, dtype=fp16
2026-10-01 05:08:40,035 WARNING:Tunable parameters ['BLOCK_N', 'threads', 'num_stages'] already provided during auto-tuning. Skipping compilation and using direct JIT
  NKI skipped (not available)
Running case: {'M': 2048, 'N': 5120}, dtype=fp32
2026-10-01 05:08:40,439 WARNING:Tunable parameters ['BLOCK_N', 'threads', 'num_stages'] already provided during auto-tuning. Skipping compilation and using direct JIT
  NKI skipped (not available)
Running case: {'M': 2048, 'N': 6144}, dtype=fp16
2026-10-01 05:08:40,838 WARNING:Tunable parameters ['BLOCK_N', 'threads', 'num_stages'] already provided during auto-tuning. Skipping compilation and using direct JIT
  NKI skipped (not available)
Running case: {'M': 2048, 'N': 6144}, dtype=fp32
2026-10-01 05:08:41,233 WARNING:Tunable parameters ['BLOCK_N', 'threads', 'num_stages'] already provided during auto-tuning. Skipping compilation and using direct JIT
  NKI skipped (not available)
Running case: {'M': 2048, 'N': 7168}, dtype=fp16
2026-10-01 05:08:41,651 WARNING:Tunable parameters ['BLOCK_N', 'threads', 'num_stages'] already provided during auto-tuning. Skipping compilation and using direct JIT
  NKI skipped (not available)
Running case: {'M': 2048, 'N': 7168}, dtype=fp32
2026-10-01 05:08:42,028 WARNING:Tunable parameters ['BLOCK_N', 'threads', 'num_stages'] already provided during auto-tuning. Skipping compilation and using direct JIT
  NKI skipped (not available)
Running case: {'M': 2048, 'N': 8192}, dtype=fp16
2026-10-01 05:08:42,397 WARNING:Tunable parameters ['BLOCK_N', 'threads', 'num_stages'] already provided during auto-tuning. Skipping compilation and using direct JIT
  NKI skipped (not available)
Running case: {'M': 2048, 'N': 8192}, dtype=fp32
2026-10-01 05:08:42,848 WARNING:Tunable parameters ['BLOCK_N', 'threads', 'num_stages'] already provided during auto-tuning. Skipping compilation and using direct JIT
  NKI skipped (not available)
Running case: {'M': 2048, 'N': 9216}, dtype=fp16
2026-10-01 05:08:43,212 WARNING:Tunable parameters ['BLOCK_N', 'threads', 'num_stages'] already provided during auto-tuning. Skipping compilation and using direct JIT
  NKI skipped (not available)
Running case: {'M': 2048, 'N': 9216}, dtype=fp32
2026-10-01 05:08:43,600 WARNING:Tunable parameters ['BLOCK_N', 'threads', 'num_stages'] already provided during auto-tuning. Skipping compilation and using direct JIT
  NKI skipped (not available)
Running case: {'M': 2048, 'N': 10240}, dtype=fp16
2026-10-01 05:08:44,013 WARNING:Tunable parameters ['BLOCK_N', 'threads', 'num_stages'] already provided during auto-tuning. Skipping compilation and using direct JIT
  NKI skipped (not available)
Running case: {'M': 2048, 'N': 10240}, dtype=fp32
2026-10-01 05:08:44,400 WARNING:Tunable parameters ['BLOCK_N', 'threads', 'num_stages'] already provided during auto-tuning. Skipping compilation and using direct JIT
  NKI skipped (not available)
Running case: {'M': 2048, 'N': 11264}, dtype=fp16
2026-10-01 05:08:44,773 WARNING:Tunable parameters ['BLOCK_N', 'threads', 'num_stages'] already provided during auto-tuning. Skipping compilation and using direct JIT
  NKI skipped (not available)
Running case: {'M': 2048, 'N': 11264}, dtype=fp32
2026-10-01 05:08:45,172 WARNING:Tunable parameters ['BLOCK_N', 'threads', 'num_stages'] already provided during auto-tuning. Skipping compilation and using direct JIT
  NKI skipped (not available)
Running case: {'M': 2048, 'N': 12288}, dtype=fp16
2026-10-01 05:08:45,561 WARNING:Tunable parameters ['BLOCK_N', 'threads', 'num_stages'] already provided during auto-tuning. Skipping compilation and using direct JIT
  NKI skipped (not available)
Running case: {'M': 2048, 'N': 12288}, dtype=fp32
2026-10-01 05:08:45,969 WARNING:Tunable parameters ['BLOCK_N', 'threads', 'num_stages'] already provided during auto-tuning. Skipping compilation and using direct JIT
  NKI skipped (not available)
Running case: {'M': 2048, 'N': 13312}, dtype=fp16
2026-10-01 05:08:46,360 WARNING:Tunable parameters ['BLOCK_N', 'threads', 'num_stages'] already provided during auto-tuning. Skipping compilation and using direct JIT
  NKI skipped (not available)
Running case: {'M': 2048, 'N': 13312}, dtype=fp32
2026-10-01 05:08:46,765 WARNING:Tunable parameters ['BLOCK_N', 'threads', 'num_stages'] already provided during auto-tuning. Skipping compilation and using direct JIT
  NKI skipped (not available)
Running case: {'M': 2048, 'N': 14336}, dtype=fp16
2026-10-01 05:08:47,153 WARNING:Tunable parameters ['BLOCK_N', 'threads', 'num_stages'] already provided during auto-tuning. Skipping compilation and using direct JIT
  NKI skipped (not available)
Running case: {'M': 2048, 'N': 14336}, dtype=fp32
2026-10-01 05:08:47,512 WARNING:Tunable parameters ['BLOCK_N', 'threads', 'num_stages'] already provided during auto-tuning. Skipping compilation and using direct JIT
  NKI skipped (not available)
Running case: {'M': 2048, 'N': 15360}, dtype=fp16
2026-10-01 05:08:47,950 WARNING:Tunable parameters ['BLOCK_N', 'threads', 'num_stages'] already provided during auto-tuning. Skipping compilation and using direct JIT
  NKI skipped (not available)
Running case: {'M': 2048, 'N': 15360}, dtype=fp32
2026-10-01 05:08:48,316 WARNING:Tunable parameters ['BLOCK_N', 'threads', 'num_stages'] already provided during auto-tuning. Skipping compilation and using direct JIT
  NKI skipped (not available)
Running case: {'M': 2048, 'N': 16384}, dtype=fp16
2026-10-01 05:08:48,691 WARNING:Tunable parameters ['BLOCK_N', 'threads', 'num_stages'] already provided during auto-tuning. Skipping compilation and using direct JIT
  NKI skipped (not available)
Running case: {'M': 2048, 'N': 16384}, dtype=fp32
2026-10-01 05:08:49,053 WARNING:Tunable parameters ['BLOCK_N', 'threads', 'num_stages'] already provided during auto-tuning. Skipping compilation and using direct JIT
  NKI skipped (not available)
Running case: {'M': 2048, 'N': 17408}, dtype=fp16
2026-10-01 05:08:49,445 WARNING:Tunable parameters ['BLOCK_N', 'threads', 'num_stages'] already provided during auto-tuning. Skipping compilation and using direct JIT
  NKI skipped (not available)
Running case: {'M': 2048, 'N': 17408}, dtype=fp32
2026-10-01 05:08:49,888 WARNING:Tunable parameters ['BLOCK_N', 'threads', 'num_stages'] already provided during auto-tuning. Skipping compilation and using direct JIT
  NKI skipped (not available)
Running case: {'M': 2048, 'N': 18432}, dtype=fp16
2026-10-01 05:08:50,299 WARNING:Tunable parameters ['BLOCK_N', 'threads', 'num_stages'] already provided during auto-tuning. Skipping compilation and using direct JIT
  NKI skipped (not available)
Running case: {'M': 2048, 'N': 18432}, dtype=fp32
2026-10-01 05:08:50,705 WARNING:Tunable parameters ['BLOCK_N', 'threads', 'num_stages'] already provided during auto-tuning. Skipping compilation and using direct JIT
  NKI skipped (not available)
Running case: {'M': 2048, 'N': 19456}, dtype=fp16
2026-10-01 05:08:51,149 WARNING:Tunable parameters ['BLOCK_N', 'threads', 'num_stages'] already provided during auto-tuning. Skipping compilation and using direct JIT
  NKI skipped (not available)
Running case: {'M': 2048, 'N': 19456}, dtype=fp32
2026-10-01 05:08:51,584 WARNING:Tunable parameters ['BLOCK_N', 'threads', 'num_stages'] already provided during auto-tuning. Skipping compilation and using direct JIT
  NKI skipped (not available)
Running case: {'M': 2048, 'N': 20480}, dtype=fp16
2026-10-01 05:08:51,971 WARNING:Tunable parameters ['BLOCK_N', 'threads', 'num_stages'] already provided during auto-tuning. Skipping compilation and using direct JIT
  NKI skipped (not available)
Running case: {'M': 2048, 'N': 20480}, dtype=fp32
2026-10-01 05:08:52,378 WARNING:Tunable parameters ['BLOCK_N', 'threads', 'num_stages'] already provided during auto-tuning. Skipping compilation and using direct JIT
  NKI skipped (not available)
Timing results  → /projects/kzhou6/bcui2/research/tilebench/Tilebench-gh200/results/GH200/logs/time_measurement_logs/argmax_default_triton-cutile-tilelang.json
Autotune log    → /projects/kzhou6/bcui2/research/tilebench/Tilebench-gh200/results/GH200/logs/autotune_logs/argmax_default_triton-cutile-tilelang.json
TileLang autotuner log → /projects/kzhou6/bcui2/research/tilebench/Tilebench-gh200/results/GH200/logs/tilelang_autotuner/argmax_default_triton-cutile-tilelang.log
Provenance      → /projects/kzhou6/bcui2/research/tilebench/Tilebench-gh200/results/GH200/logs/provenance/argmax_default_triton-cutile-tilelang.json

Summary:
Params    |    Dtype |  Torch(ms) |   Triton(ms) |   cuTile(ms) | TileLang(ms) |  Speedup(T) |  Speedup(C) | Speedup(TL)
------------------------------------------------------------------------------------------------------------------------
N=1024    | fp16     |     0.0084 |       0.0078 |       0.0078 |       0.0058 |        1.08 |        1.08 |        1.46
N=1024    | fp32     |     0.0091 |       0.0080 |       0.0079 |       0.0063 |        1.13 |        1.14 |        1.43
N=2048    | fp16     |     0.0135 |       0.0141 |       0.0146 |       0.0104 |        0.96 |        0.92 |        1.30
N=2048    | fp32     |     0.0144 |       0.0144 |       0.0156 |       0.0118 |        1.00 |        0.92 |        1.22
N=3072    | fp16     |     0.0185 |       0.0205 |       0.0221 |       0.0147 |        0.90 |        0.84 |        1.26
N=3072    | fp32     |     0.0204 |       0.0204 |       0.0224 |       0.0169 |        1.00 |        0.91 |        1.20
N=4096    | fp16     |     0.0229 |       0.0262 |       0.0298 |       0.0178 |        0.87 |        0.77 |        1.28
N=4096    | fp32     |     0.0269 |       0.0269 |       0.0296 |       0.0226 |        1.00 |        0.91 |        1.19
N=5120    | fp16     |     0.0281 |       0.0324 |       0.0365 |       0.0257 |        0.87 |        0.77 |        1.09
N=5120    | fp32     |     0.0326 |       0.0328 |       0.0360 |       0.0343 |        1.00 |        0.91 |        0.95
N=6144    | fp16     |     0.0331 |       0.0386 |       0.0434 |       0.0313 |        0.86 |        0.76 |        1.06
N=6144    | fp32     |     0.0388 |       0.0384 |       0.0429 |       0.0412 |        1.01 |        0.90 |        0.94
N=7168    | fp16     |     0.0380 |       0.0449 |       0.0499 |       0.0304 |        0.85 |        0.76 |        1.25
N=7168    | fp32     |     0.0444 |       0.0446 |       0.0487 |       0.0561 |        1.00 |        0.91 |        0.79
N=8192    | fp16     |     0.0334 |       0.0499 |       0.0562 |       0.0341 |        0.67 |        0.59 |        0.98
N=8192    | fp32     |     0.0379 |       0.0500 |       0.0552 |       0.0350 |        0.76 |        0.69 |        1.08
N=9216    | fp16     |     0.0358 |       0.0563 |       0.0635 |       0.0384 |        0.64 |        0.56 |        0.93
N=9216    | fp32     |     0.0419 |       0.0561 |       0.0613 |       0.0393 |        0.75 |        0.68 |        1.07
N=10240   | fp16     |     0.0375 |       0.0623 |       0.0700 |       0.0423 |        0.60 |        0.54 |        0.89
N=10240   | fp32     |     0.0441 |       0.0619 |       0.0682 |       0.0431 |        0.71 |        0.65 |        1.02
N=11264   | fp16     |     0.0402 |       0.0681 |       0.0771 |       0.0462 |        0.59 |        0.52 |        0.87
N=11264   | fp32     |     0.0476 |       0.0680 |       0.0750 |       0.0473 |        0.70 |        0.63 |        1.00
N=12288   | fp16     |     0.0416 |       0.0739 |       0.0831 |       0.0502 |        0.56 |        0.50 |        0.83
N=12288   | fp32     |     0.0495 |       0.0740 |       0.0818 |       0.0513 |        0.67 |        0.60 |        0.96
N=13312   | fp16     |     0.0445 |       0.0795 |       0.0906 |       0.0538 |        0.56 |        0.49 |        0.83
N=13312   | fp32     |     0.0526 |       0.0801 |       0.0881 |       0.0554 |        0.66 |        0.60 |        0.95
N=14336   | fp16     |     0.0457 |       0.0855 |       0.0972 |       0.0583 |        0.53 |        0.47 |        0.78
N=14336   | fp32     |     0.0542 |       0.0863 |       0.0952 |       0.0592 |        0.63 |        0.57 |        0.91
N=15360   | fp16     |     0.0481 |       0.0914 |       0.1040 |       0.0623 |        0.53 |        0.46 |        0.77
N=15360   | fp32     |     0.0575 |       0.0928 |       0.1020 |       0.0633 |        0.62 |        0.56 |        0.91
N=16384   | fp16     |     0.0499 |       0.0982 |       0.1099 |       0.0661 |        0.51 |        0.45 |        0.75
N=16384   | fp32     |     0.0595 |       0.0986 |       0.1086 |       0.0675 |        0.60 |        0.55 |        0.88
N=17408   | fp16     |     0.0520 |       0.1031 |       0.1168 |       0.0701 |        0.50 |        0.45 |        0.74
N=17408   | fp32     |     0.0620 |       0.1055 |       0.1161 |       0.0716 |        0.59 |        0.53 |        0.87
N=18432   | fp16     |     0.0539 |       0.1091 |       0.1244 |       0.0738 |        0.49 |        0.43 |        0.73
N=18432   | fp32     |     0.0646 |       0.1111 |       0.1217 |       0.0764 |        0.58 |        0.53 |        0.85
N=19456   | fp16     |     0.0564 |       0.1159 |       0.1294 |       0.0778 |        0.49 |        0.44 |        0.73
N=19456   | fp32     |     0.0675 |       0.1184 |       0.1288 |       0.0809 |        0.57 |        0.52 |        0.83
N=20480   | fp16     |     0.0580 |       0.1220 |       0.1363 |       0.0823 |        0.48 |        0.43 |        0.70
N=20480   | fp32     |     0.0691 |       0.1248 |       0.1350 |       0.0857 |        0.55 |        0.51 |        0.81
Summary CSV     → /projects/kzhou6/bcui2/research/tilebench/Tilebench-gh200/results/GH200/csv/argmax_default.csv
