GPU/result namespace: GH200 (detected device: NVIDIA GH200 480GB, arch: hopper)
Starting benchmark for operator: batch_normalization
Tile-language backends: torch (baseline) + cutile, tilelang, triton
  NKI not selected (--tile-language)
Running case: {'C': 1024, 'eps': 1e-05, 'N': 1000}, dtype=fp16
2026-10-01 05:08:57,750 WARNING:Tunable parameters ['ROWS', 'threads'] already provided during auto-tuning. Skipping compilation and using direct JIT
  NKI skipped (not available)
Running case: {'C': 1024, 'eps': 1e-05, 'N': 1000}, dtype=bf16
2026-10-01 05:08:58,331 WARNING:Tunable parameters ['ROWS', 'threads'] already provided during auto-tuning. Skipping compilation and using direct JIT
  NKI skipped (not available)
Running case: {'C': 1024, 'eps': 1e-05, 'N': 1000}, dtype=fp32
2026-10-01 05:08:58,861 WARNING:Tunable parameters ['ROWS', 'threads'] already provided during auto-tuning. Skipping compilation and using direct JIT
  NKI skipped (not available)
Running case: {'C': 1024, 'eps': 1e-05, 'N': 2000}, dtype=fp16
2026-10-01 05:08:59,786 WARNING:Tunable parameters ['ROWS', 'threads'] already provided during auto-tuning. Skipping compilation and using direct JIT
  NKI skipped (not available)
Running case: {'C': 1024, 'eps': 1e-05, 'N': 2000}, dtype=bf16
2026-10-01 05:09:00,482 WARNING:Tunable parameters ['ROWS', 'threads'] already provided during auto-tuning. Skipping compilation and using direct JIT
  NKI skipped (not available)
Running case: {'C': 1024, 'eps': 1e-05, 'N': 2000}, dtype=fp32
2026-10-01 05:09:01,163 WARNING:Tunable parameters ['ROWS', 'threads'] already provided during auto-tuning. Skipping compilation and using direct JIT
  NKI skipped (not available)
Running case: {'C': 1024, 'eps': 1e-05, 'N': 3000}, dtype=fp16
2026-10-01 05:09:01,881 WARNING:Tunable parameters ['ROWS', 'threads'] already provided during auto-tuning. Skipping compilation and using direct JIT
  NKI skipped (not available)
Running case: {'C': 1024, 'eps': 1e-05, 'N': 3000}, dtype=bf16
2026-10-01 05:09:02,305 WARNING:Tunable parameters ['ROWS', 'threads'] already provided during auto-tuning. Skipping compilation and using direct JIT
  NKI skipped (not available)
Running case: {'C': 1024, 'eps': 1e-05, 'N': 3000}, dtype=fp32
2026-10-01 05:09:02,656 WARNING:Tunable parameters ['ROWS', 'threads'] already provided during auto-tuning. Skipping compilation and using direct JIT
  NKI skipped (not available)
Running case: {'C': 1024, 'eps': 1e-05, 'N': 4000}, dtype=fp16
2026-10-01 05:09:03,137 WARNING:Tunable parameters ['ROWS', 'threads'] already provided during auto-tuning. Skipping compilation and using direct JIT
  NKI skipped (not available)
Running case: {'C': 1024, 'eps': 1e-05, 'N': 4000}, dtype=bf16
2026-10-01 05:09:03,481 WARNING:Tunable parameters ['ROWS', 'threads'] already provided during auto-tuning. Skipping compilation and using direct JIT
  NKI skipped (not available)
Running case: {'C': 1024, 'eps': 1e-05, 'N': 4000}, dtype=fp32
2026-10-01 05:09:03,833 WARNING:Tunable parameters ['ROWS', 'threads'] already provided during auto-tuning. Skipping compilation and using direct JIT
  NKI skipped (not available)
Running case: {'C': 1024, 'eps': 1e-05, 'N': 5000}, dtype=fp16
2026-10-01 05:09:04,276 WARNING:Tunable parameters ['ROWS', 'threads'] already provided during auto-tuning. Skipping compilation and using direct JIT
  NKI skipped (not available)
Running case: {'C': 1024, 'eps': 1e-05, 'N': 5000}, dtype=bf16
2026-10-01 05:09:04,427 WARNING:Tunable parameters ['ROWS', 'threads'] already provided during auto-tuning. Skipping compilation and using direct JIT
  NKI skipped (not available)
Running case: {'C': 1024, 'eps': 1e-05, 'N': 5000}, dtype=fp32
2026-10-01 05:09:04,568 WARNING:Tunable parameters ['ROWS', 'threads'] already provided during auto-tuning. Skipping compilation and using direct JIT
  NKI skipped (not available)
Running case: {'C': 1024, 'eps': 1e-05, 'N': 6000}, dtype=fp16
2026-10-01 05:09:04,824 WARNING:Tunable parameters ['ROWS', 'threads'] already provided during auto-tuning. Skipping compilation and using direct JIT
  NKI skipped (not available)
Running case: {'C': 1024, 'eps': 1e-05, 'N': 6000}, dtype=bf16
2026-10-01 05:09:04,967 WARNING:Tunable parameters ['ROWS', 'threads'] already provided during auto-tuning. Skipping compilation and using direct JIT
  NKI skipped (not available)
Running case: {'C': 1024, 'eps': 1e-05, 'N': 6000}, dtype=fp32
2026-10-01 05:09:05,141 WARNING:Tunable parameters ['ROWS', 'threads'] already provided during auto-tuning. Skipping compilation and using direct JIT
  NKI skipped (not available)
Running case: {'C': 1024, 'eps': 1e-05, 'N': 7000}, dtype=fp16
2026-10-01 05:09:05,370 WARNING:Tunable parameters ['ROWS', 'threads'] already provided during auto-tuning. Skipping compilation and using direct JIT
  NKI skipped (not available)
Running case: {'C': 1024, 'eps': 1e-05, 'N': 7000}, dtype=bf16
2026-10-01 05:09:05,533 WARNING:Tunable parameters ['ROWS', 'threads'] already provided during auto-tuning. Skipping compilation and using direct JIT
  NKI skipped (not available)
Running case: {'C': 1024, 'eps': 1e-05, 'N': 7000}, dtype=fp32
2026-10-01 05:09:05,701 WARNING:Tunable parameters ['ROWS', 'threads'] already provided during auto-tuning. Skipping compilation and using direct JIT
  NKI skipped (not available)
Running case: {'C': 1024, 'eps': 1e-05, 'N': 8000}, dtype=fp16
2026-10-01 05:09:05,933 WARNING:Tunable parameters ['ROWS', 'threads'] already provided during auto-tuning. Skipping compilation and using direct JIT
  NKI skipped (not available)
Running case: {'C': 1024, 'eps': 1e-05, 'N': 8000}, dtype=bf16
2026-10-01 05:09:06,123 WARNING:Tunable parameters ['ROWS', 'threads'] already provided during auto-tuning. Skipping compilation and using direct JIT
  NKI skipped (not available)
Running case: {'C': 1024, 'eps': 1e-05, 'N': 8000}, dtype=fp32
2026-10-01 05:09:06,309 WARNING:Tunable parameters ['ROWS', 'threads'] already provided during auto-tuning. Skipping compilation and using direct JIT
  NKI skipped (not available)
Running case: {'C': 1024, 'eps': 1e-05, 'N': 9000}, dtype=fp16
2026-10-01 05:09:06,837 WARNING:Tunable parameters ['ROWS', 'threads'] already provided during auto-tuning. Skipping compilation and using direct JIT
  NKI skipped (not available)
Running case: {'C': 1024, 'eps': 1e-05, 'N': 9000}, dtype=bf16
2026-10-01 05:09:07,001 WARNING:Tunable parameters ['ROWS', 'threads'] already provided during auto-tuning. Skipping compilation and using direct JIT
  NKI skipped (not available)
Running case: {'C': 1024, 'eps': 1e-05, 'N': 9000}, dtype=fp32
2026-10-01 05:09:07,156 WARNING:Tunable parameters ['ROWS', 'threads'] already provided during auto-tuning. Skipping compilation and using direct JIT
  NKI skipped (not available)
Running case: {'C': 1024, 'eps': 1e-05, 'N': 10000}, dtype=fp16
2026-10-01 05:09:07,434 WARNING:Tunable parameters ['ROWS', 'threads'] already provided during auto-tuning. Skipping compilation and using direct JIT
  NKI skipped (not available)
Running case: {'C': 1024, 'eps': 1e-05, 'N': 10000}, dtype=bf16
2026-10-01 05:09:07,589 WARNING:Tunable parameters ['ROWS', 'threads'] already provided during auto-tuning. Skipping compilation and using direct JIT
  NKI skipped (not available)
Running case: {'C': 1024, 'eps': 1e-05, 'N': 10000}, dtype=fp32
2026-10-01 05:09:07,747 WARNING:Tunable parameters ['ROWS', 'threads'] already provided during auto-tuning. Skipping compilation and using direct JIT
  NKI skipped (not available)
Running case: {'C': 1024, 'eps': 1e-05, 'N': 11000}, dtype=fp16
2026-10-01 05:09:07,965 WARNING:Tunable parameters ['ROWS', 'threads'] already provided during auto-tuning. Skipping compilation and using direct JIT
  NKI skipped (not available)
Running case: {'C': 1024, 'eps': 1e-05, 'N': 11000}, dtype=bf16
2026-10-01 05:09:08,127 WARNING:Tunable parameters ['ROWS', 'threads'] already provided during auto-tuning. Skipping compilation and using direct JIT
  NKI skipped (not available)
Running case: {'C': 1024, 'eps': 1e-05, 'N': 11000}, dtype=fp32
2026-10-01 05:09:08,287 WARNING:Tunable parameters ['ROWS', 'threads'] already provided during auto-tuning. Skipping compilation and using direct JIT
  NKI skipped (not available)
Running case: {'C': 1024, 'eps': 1e-05, 'N': 12000}, dtype=fp16
2026-10-01 05:09:08,564 WARNING:Tunable parameters ['ROWS', 'threads'] already provided during auto-tuning. Skipping compilation and using direct JIT
  NKI skipped (not available)
Running case: {'C': 1024, 'eps': 1e-05, 'N': 12000}, dtype=bf16
2026-10-01 05:09:08,728 WARNING:Tunable parameters ['ROWS', 'threads'] already provided during auto-tuning. Skipping compilation and using direct JIT
  NKI skipped (not available)
Running case: {'C': 1024, 'eps': 1e-05, 'N': 12000}, dtype=fp32
2026-10-01 05:09:08,897 WARNING:Tunable parameters ['ROWS', 'threads'] already provided during auto-tuning. Skipping compilation and using direct JIT
  NKI skipped (not available)
Running case: {'C': 1024, 'eps': 1e-05, 'N': 13000}, dtype=fp16
2026-10-01 05:09:09,121 WARNING:Tunable parameters ['ROWS', 'threads'] already provided during auto-tuning. Skipping compilation and using direct JIT
  NKI skipped (not available)
Running case: {'C': 1024, 'eps': 1e-05, 'N': 13000}, dtype=bf16
2026-10-01 05:09:09,302 WARNING:Tunable parameters ['ROWS', 'threads'] already provided during auto-tuning. Skipping compilation and using direct JIT
  NKI skipped (not available)
Running case: {'C': 1024, 'eps': 1e-05, 'N': 13000}, dtype=fp32
2026-10-01 05:09:09,476 WARNING:Tunable parameters ['ROWS', 'threads'] already provided during auto-tuning. Skipping compilation and using direct JIT
  NKI skipped (not available)
Running case: {'C': 1024, 'eps': 1e-05, 'N': 14000}, dtype=fp16
2026-10-01 05:09:09,700 WARNING:Tunable parameters ['ROWS', 'threads'] already provided during auto-tuning. Skipping compilation and using direct JIT
  NKI skipped (not available)
Running case: {'C': 1024, 'eps': 1e-05, 'N': 14000}, dtype=bf16
2026-10-01 05:09:09,876 WARNING:Tunable parameters ['ROWS', 'threads'] already provided during auto-tuning. Skipping compilation and using direct JIT
  NKI skipped (not available)
Running case: {'C': 1024, 'eps': 1e-05, 'N': 14000}, dtype=fp32
2026-10-01 05:09:10,036 WARNING:Tunable parameters ['ROWS', 'threads'] already provided during auto-tuning. Skipping compilation and using direct JIT
  NKI skipped (not available)
Running case: {'C': 1024, 'eps': 1e-05, 'N': 15000}, dtype=fp16
2026-10-01 05:09:10,236 WARNING:Tunable parameters ['ROWS', 'threads'] already provided during auto-tuning. Skipping compilation and using direct JIT
  NKI skipped (not available)
Running case: {'C': 1024, 'eps': 1e-05, 'N': 15000}, dtype=bf16
2026-10-01 05:09:10,388 WARNING:Tunable parameters ['ROWS', 'threads'] already provided during auto-tuning. Skipping compilation and using direct JIT
  NKI skipped (not available)
Running case: {'C': 1024, 'eps': 1e-05, 'N': 15000}, dtype=fp32
2026-10-01 05:09:10,540 WARNING:Tunable parameters ['ROWS', 'threads'] already provided during auto-tuning. Skipping compilation and using direct JIT
  NKI skipped (not available)
Running case: {'C': 1024, 'eps': 1e-05, 'N': 16000}, dtype=fp16
2026-10-01 05:09:10,741 WARNING:Tunable parameters ['ROWS', 'threads'] already provided during auto-tuning. Skipping compilation and using direct JIT
  NKI skipped (not available)
Running case: {'C': 1024, 'eps': 1e-05, 'N': 16000}, dtype=bf16
2026-10-01 05:09:10,914 WARNING:Tunable parameters ['ROWS', 'threads'] already provided during auto-tuning. Skipping compilation and using direct JIT
  NKI skipped (not available)
Running case: {'C': 1024, 'eps': 1e-05, 'N': 16000}, dtype=fp32
2026-10-01 05:09:11,076 WARNING:Tunable parameters ['ROWS', 'threads'] already provided during auto-tuning. Skipping compilation and using direct JIT
  NKI skipped (not available)
Running case: {'C': 1024, 'eps': 1e-05, 'N': 17000}, dtype=fp16
2026-10-01 05:09:11,818 WARNING:Tunable parameters ['ROWS', 'threads'] already provided during auto-tuning. Skipping compilation and using direct JIT
  NKI skipped (not available)
Running case: {'C': 1024, 'eps': 1e-05, 'N': 17000}, dtype=bf16
2026-10-01 05:09:11,970 WARNING:Tunable parameters ['ROWS', 'threads'] already provided during auto-tuning. Skipping compilation and using direct JIT
  NKI skipped (not available)
Running case: {'C': 1024, 'eps': 1e-05, 'N': 17000}, dtype=fp32
2026-10-01 05:09:12,127 WARNING:Tunable parameters ['ROWS', 'threads'] already provided during auto-tuning. Skipping compilation and using direct JIT
  NKI skipped (not available)
Running case: {'C': 1024, 'eps': 1e-05, 'N': 18000}, dtype=fp16
2026-10-01 05:09:12,368 WARNING:Tunable parameters ['ROWS', 'threads'] already provided during auto-tuning. Skipping compilation and using direct JIT
  NKI skipped (not available)
Running case: {'C': 1024, 'eps': 1e-05, 'N': 18000}, dtype=bf16
2026-10-01 05:09:12,516 WARNING:Tunable parameters ['ROWS', 'threads'] already provided during auto-tuning. Skipping compilation and using direct JIT
  NKI skipped (not available)
Running case: {'C': 1024, 'eps': 1e-05, 'N': 18000}, dtype=fp32
2026-10-01 05:09:12,667 WARNING:Tunable parameters ['ROWS', 'threads'] already provided during auto-tuning. Skipping compilation and using direct JIT
  NKI skipped (not available)
Running case: {'C': 1024, 'eps': 1e-05, 'N': 19000}, dtype=fp16
2026-10-01 05:09:12,861 WARNING:Tunable parameters ['ROWS', 'threads'] already provided during auto-tuning. Skipping compilation and using direct JIT
  NKI skipped (not available)
Running case: {'C': 1024, 'eps': 1e-05, 'N': 19000}, dtype=bf16
2026-10-01 05:09:13,014 WARNING:Tunable parameters ['ROWS', 'threads'] already provided during auto-tuning. Skipping compilation and using direct JIT
  NKI skipped (not available)
Running case: {'C': 1024, 'eps': 1e-05, 'N': 19000}, dtype=fp32
2026-10-01 05:09:13,166 WARNING:Tunable parameters ['ROWS', 'threads'] already provided during auto-tuning. Skipping compilation and using direct JIT
  NKI skipped (not available)
Running case: {'C': 1024, 'eps': 1e-05, 'N': 20000}, dtype=fp16
2026-10-01 05:09:13,358 WARNING:Tunable parameters ['ROWS', 'threads'] already provided during auto-tuning. Skipping compilation and using direct JIT
  NKI skipped (not available)
Running case: {'C': 1024, 'eps': 1e-05, 'N': 20000}, dtype=bf16
2026-10-01 05:09:13,511 WARNING:Tunable parameters ['ROWS', 'threads'] already provided during auto-tuning. Skipping compilation and using direct JIT
  NKI skipped (not available)
Running case: {'C': 1024, 'eps': 1e-05, 'N': 20000}, dtype=fp32
2026-10-01 05:09:13,672 WARNING:Tunable parameters ['ROWS', 'threads'] already provided during auto-tuning. Skipping compilation and using direct JIT
  NKI skipped (not available)
Timing results  → /projects/kzhou6/bcui2/research/tilebench/Tilebench-gh200/results/GH200/logs/time_measurement_logs/batch_normalization_default_triton-cutile-tilelang.json
Autotune log    → /projects/kzhou6/bcui2/research/tilebench/Tilebench-gh200/results/GH200/logs/autotune_logs/batch_normalization_default_triton-cutile-tilelang.json
TileLang autotuner log → /projects/kzhou6/bcui2/research/tilebench/Tilebench-gh200/results/GH200/logs/tilelang_autotuner/batch_normalization_default_triton-cutile-tilelang.log
Provenance      → /projects/kzhou6/bcui2/research/tilebench/Tilebench-gh200/results/GH200/logs/provenance/batch_normalization_default_triton-cutile-tilelang.json

Summary:
Params    |    Dtype |  Torch(ms) |   Triton(ms) |   cuTile(ms) | TileLang(ms) |  Speedup(T) |  Speedup(C) | Speedup(TL)
------------------------------------------------------------------------------------------------------------------------
N=1000    | fp16     |     0.0421 |       0.0098 |       0.0133 |       0.0133 |        4.30 |        3.17 |        3.16
N=1000    | bf16     |     0.0414 |       0.0104 |       0.0137 |       0.0137 |        3.99 |        3.01 |        3.02
N=1000    | fp32     |     0.0196 |       0.0178 |       0.0129 |       0.0142 |        1.10 |        1.52 |        1.38
N=2000    | fp16     |     0.0251 |       0.0117 |       0.0150 |       0.0145 |        2.15 |        1.67 |        1.73
N=2000    | bf16     |     0.0250 |       0.0119 |       0.0157 |       0.0151 |        2.09 |        1.59 |        1.65
N=2000    | fp32     |     0.0154 |       0.0191 |       0.0155 |       0.0166 |        0.81 |        1.00 |        0.93
N=3000    | fp16     |     0.0258 |       0.0129 |       0.0165 |       0.0168 |        2.00 |        1.56 |        1.53
N=3000    | bf16     |     0.0283 |       0.0143 |       0.0172 |       0.0166 |        1.98 |        1.65 |        1.71
N=3000    | fp32     |     0.0188 |       0.0226 |       0.0199 |       0.0195 |        0.83 |        0.95 |        0.97
N=4000    | fp16     |     0.0367 |       0.0143 |       0.0184 |       0.0165 |        2.56 |        1.99 |        2.22
N=4000    | bf16     |     0.0371 |       0.0147 |       0.0191 |       0.0171 |        2.52 |        1.94 |        2.16
N=4000    | fp32     |     0.0281 |       0.0248 |       0.0236 |       0.0211 |        1.13 |        1.19 |        1.33
N=5000    | fp16     |     0.0390 |       0.0153 |       0.0202 |       0.0182 |        2.55 |        1.93 |        2.14
N=5000    | bf16     |     0.0410 |       0.0158 |       0.0207 |       0.0186 |        2.60 |        1.98 |        2.20
N=5000    | fp32     |     0.0328 |       0.0281 |       0.0273 |       0.0254 |        1.17 |        1.20 |        1.29
N=6000    | fp16     |     0.0421 |       0.0173 |       0.0220 |       0.0185 |        2.42 |        1.92 |        2.27
N=6000    | bf16     |     0.0424 |       0.0175 |       0.0223 |       0.0187 |        2.43 |        1.90 |        2.26
N=6000    | fp32     |     0.0365 |       0.0300 |       0.0298 |       0.0278 |        1.22 |        1.23 |        1.31
N=7000    | fp16     |     0.0528 |       0.0188 |       0.0241 |       0.0212 |        2.80 |        2.19 |        2.49
N=7000    | bf16     |     0.0535 |       0.0188 |       0.0244 |       0.0207 |        2.84 |        2.19 |        2.58
N=7000    | fp32     |     0.0436 |       0.0345 |       0.0345 |       0.0319 |        1.26 |        1.26 |        1.37
N=8000    | fp16     |     0.0559 |       0.0202 |       0.0258 |       0.0193 |        2.77 |        2.16 |        2.90
N=8000    | bf16     |     0.0553 |       0.0202 |       0.0265 |       0.0196 |        2.73 |        2.09 |        2.82
N=8000    | fp32     |     0.0476 |       0.0368 |       0.0383 |       0.0332 |        1.29 |        1.24 |        1.43
N=9000    | fp16     |     0.0584 |       0.0229 |       0.0317 |       0.0242 |        2.55 |        1.84 |        2.41
N=9000    | bf16     |     0.0574 |       0.0224 |       0.0329 |       0.0250 |        2.57 |        1.75 |        2.29
N=9000    | fp32     |     0.0540 |       0.0411 |       0.0431 |       0.0385 |        1.31 |        1.25 |        1.40
N=10000   | fp16     |     0.0689 |       0.0239 |       0.0338 |       0.0254 |        2.88 |        2.04 |        2.71
N=10000   | bf16     |     0.0693 |       0.0247 |       0.0344 |       0.0260 |        2.81 |        2.02 |        2.67
N=10000   | fp32     |     0.0603 |       0.0437 |       0.0472 |       0.0412 |        1.38 |        1.28 |        1.46
N=11000   | fp16     |     0.0726 |       0.0265 |       0.0367 |       0.0276 |        2.73 |        1.98 |        2.63
N=11000   | bf16     |     0.0725 |       0.0266 |       0.0366 |       0.0283 |        2.73 |        1.98 |        2.56
N=11000   | fp32     |     0.0643 |       0.0503 |       0.0525 |       0.0468 |        1.28 |        1.23 |        1.37
N=12000   | fp16     |     0.0744 |       0.0276 |       0.0381 |       0.0290 |        2.69 |        1.95 |        2.57
N=12000   | bf16     |     0.0747 |       0.0282 |       0.0387 |       0.0285 |        2.65 |        1.93 |        2.62
N=12000   | fp32     |     0.0679 |       0.0528 |       0.0557 |       0.0493 |        1.29 |        1.22 |        1.38
N=13000   | fp16     |     0.0868 |       0.0306 |       0.0412 |       0.0320 |        2.84 |        2.10 |        2.71
N=13000   | bf16     |     0.0865 |       0.0298 |       0.0424 |       0.0307 |        2.91 |        2.04 |        2.82
N=13000   | fp32     |     0.0761 |       0.0575 |       0.0604 |       0.0537 |        1.32 |        1.26 |        1.42
N=14000   | fp16     |     0.0905 |       0.0323 |       0.0434 |       0.0324 |        2.81 |        2.09 |        2.79
N=14000   | bf16     |     0.0901 |       0.0317 |       0.0442 |       0.0332 |        2.84 |        2.04 |        2.71
N=14000   | fp32     |     0.0806 |       0.0610 |       0.0643 |       0.0567 |        1.32 |        1.25 |        1.42
N=15000   | fp16     |     0.0917 |       0.0341 |       0.0452 |       0.0353 |        2.69 |        2.03 |        2.60
N=15000   | bf16     |     0.0923 |       0.0335 |       0.0469 |       0.0353 |        2.76 |        1.97 |        2.61
N=15000   | fp32     |     0.0835 |       0.0653 |       0.0686 |       0.0609 |        1.28 |        1.22 |        1.37
N=16000   | fp16     |     0.1020 |       0.0348 |       0.0475 |       0.0345 |        2.93 |        2.15 |        2.95
N=16000   | bf16     |     0.1023 |       0.0350 |       0.0503 |       0.0339 |        2.92 |        2.03 |        3.02
N=16000   | fp32     |     0.0882 |       0.0675 |       0.0723 |       0.0639 |        1.31 |        1.22 |        1.38
N=17000   | fp16     |     0.1081 |       0.0383 |       0.0523 |       0.0387 |        2.82 |        2.07 |        2.80
N=17000   | bf16     |     0.1082 |       0.0393 |       0.0541 |       0.0389 |        2.75 |        2.00 |        2.78
N=17000   | fp32     |     0.0960 |       0.0715 |       0.0775 |       0.0732 |        1.34 |        1.24 |        1.31
N=18000   | fp16     |     0.1106 |       0.0392 |       0.0568 |       0.0400 |        2.82 |        1.95 |        2.77
N=18000   | bf16     |     0.1099 |       0.0399 |       0.0591 |       0.0405 |        2.76 |        1.86 |        2.72
N=18000   | fp32     |     0.0996 |       0.0740 |       0.0824 |       0.0765 |        1.35 |        1.21 |        1.30
N=19000   | fp16     |     0.1195 |       0.0439 |       0.0604 |       0.0424 |        2.72 |        1.98 |        2.82
N=19000   | bf16     |     0.1199 |       0.0439 |       0.0627 |       0.0435 |        2.73 |        1.91 |        2.75
N=19000   | fp32     |     0.1034 |       0.0797 |       0.0881 |       0.0812 |        1.30 |        1.17 |        1.27
N=20000   | fp16     |     0.1224 |       0.0432 |       0.0615 |       0.0437 |        2.83 |        1.99 |        2.80
N=20000   | bf16     |     0.1230 |       0.0433 |       0.0658 |       0.0444 |        2.84 |        1.87 |        2.77
N=20000   | fp32     |     0.1093 |       0.0812 |       0.0920 |       0.0839 |        1.35 |        1.19 |        1.30
Summary CSV     → /projects/kzhou6/bcui2/research/tilebench/Tilebench-gh200/results/GH200/csv/batch_normalization_default.csv
