GPU/result namespace: GH200 (detected device: NVIDIA GH200 480GB, arch: hopper)
Starting benchmark for operator: batched_matmul
Tile-language backends: torch (baseline) + cutile, tilelang, triton
  NKI not selected (--tile-language)
Running case: {'BATCH': 32, 'M': 32}, dtype=fp16
2026-10-01 05:09:18,446 WARNING:Tunable parameters ['BLOCK_SIZE_M', 'BLOCK_SIZE_N', 'BLOCK_SIZE_K', 'GROUPSIZE', 'threads', 'num_stages'] already provided during auto-tuning. Skipping compilation and using direct JIT
  NKI skipped (not available)
Running case: {'BATCH': 32, 'M': 32}, dtype=bf16
2026-10-01 05:09:18,904 WARNING:Tunable parameters ['BLOCK_SIZE_M', 'BLOCK_SIZE_N', 'BLOCK_SIZE_K', 'GROUPSIZE', 'threads', 'num_stages'] already provided during auto-tuning. Skipping compilation and using direct JIT
  NKI skipped (not available)
Running case: {'BATCH': 32, 'M': 32}, dtype=fp32
2026-10-01 05:09:19,505 WARNING:Tunable parameters ['BLOCK_SIZE_M', 'BLOCK_SIZE_N', 'BLOCK_SIZE_K', 'GROUPSIZE', 'threads', 'num_stages'] already provided during auto-tuning. Skipping compilation and using direct JIT
  NKI skipped (not available)
Running case: {'BATCH': 32, 'M': 64}, dtype=fp16
2026-10-01 05:09:19,587 WARNING:Tunable parameters ['BLOCK_SIZE_M', 'BLOCK_SIZE_N', 'BLOCK_SIZE_K', 'GROUPSIZE', 'threads', 'num_stages'] already provided during auto-tuning. Skipping compilation and using direct JIT
  NKI skipped (not available)
Running case: {'BATCH': 32, 'M': 64}, dtype=bf16
2026-10-01 05:09:19,672 WARNING:Tunable parameters ['BLOCK_SIZE_M', 'BLOCK_SIZE_N', 'BLOCK_SIZE_K', 'GROUPSIZE', 'threads', 'num_stages'] already provided during auto-tuning. Skipping compilation and using direct JIT
  NKI skipped (not available)
Running case: {'BATCH': 32, 'M': 64}, dtype=fp32
2026-10-01 05:09:19,756 WARNING:Tunable parameters ['BLOCK_SIZE_M', 'BLOCK_SIZE_N', 'BLOCK_SIZE_K', 'GROUPSIZE', 'threads', 'num_stages'] already provided during auto-tuning. Skipping compilation and using direct JIT
  NKI skipped (not available)
Running case: {'BATCH': 32, 'M': 96}, dtype=fp16
2026-10-01 05:09:19,985 WARNING:Tunable parameters ['BLOCK_SIZE_M', 'BLOCK_SIZE_N', 'BLOCK_SIZE_K', 'GROUPSIZE', 'threads', 'num_stages'] already provided during auto-tuning. Skipping compilation and using direct JIT
  NKI skipped (not available)
Running case: {'BATCH': 32, 'M': 96}, dtype=bf16
2026-10-01 05:09:20,251 WARNING:Tunable parameters ['BLOCK_SIZE_M', 'BLOCK_SIZE_N', 'BLOCK_SIZE_K', 'GROUPSIZE', 'threads', 'num_stages'] already provided during auto-tuning. Skipping compilation and using direct JIT
  NKI skipped (not available)
Running case: {'BATCH': 32, 'M': 96}, dtype=fp32
2026-10-01 05:09:20,562 WARNING:Tunable parameters ['BLOCK_SIZE_M', 'BLOCK_SIZE_N', 'BLOCK_SIZE_K', 'GROUPSIZE', 'threads', 'num_stages'] already provided during auto-tuning. Skipping compilation and using direct JIT
  NKI skipped (not available)
Running case: {'BATCH': 32, 'M': 128}, dtype=fp16
2026-10-01 05:09:20,649 WARNING:Tunable parameters ['BLOCK_SIZE_M', 'BLOCK_SIZE_N', 'BLOCK_SIZE_K', 'GROUPSIZE', 'threads', 'num_stages'] already provided during auto-tuning. Skipping compilation and using direct JIT
  NKI skipped (not available)
Running case: {'BATCH': 32, 'M': 128}, dtype=bf16
2026-10-01 05:09:20,736 WARNING:Tunable parameters ['BLOCK_SIZE_M', 'BLOCK_SIZE_N', 'BLOCK_SIZE_K', 'GROUPSIZE', 'threads', 'num_stages'] already provided during auto-tuning. Skipping compilation and using direct JIT
  NKI skipped (not available)
Running case: {'BATCH': 32, 'M': 128}, dtype=fp32
2026-10-01 05:09:20,824 WARNING:Tunable parameters ['BLOCK_SIZE_M', 'BLOCK_SIZE_N', 'BLOCK_SIZE_K', 'GROUPSIZE', 'threads', 'num_stages'] already provided during auto-tuning. Skipping compilation and using direct JIT
  NKI skipped (not available)
Running case: {'BATCH': 32, 'M': 160}, dtype=fp16
2026-10-01 05:09:21,094 WARNING:Tunable parameters ['BLOCK_SIZE_M', 'BLOCK_SIZE_N', 'BLOCK_SIZE_K', 'GROUPSIZE', 'threads', 'num_stages'] already provided during auto-tuning. Skipping compilation and using direct JIT
  NKI skipped (not available)
Running case: {'BATCH': 32, 'M': 160}, dtype=bf16
2026-10-01 05:09:21,350 WARNING:Tunable parameters ['BLOCK_SIZE_M', 'BLOCK_SIZE_N', 'BLOCK_SIZE_K', 'GROUPSIZE', 'threads', 'num_stages'] already provided during auto-tuning. Skipping compilation and using direct JIT
  NKI skipped (not available)
Running case: {'BATCH': 32, 'M': 160}, dtype=fp32
2026-10-01 05:09:21,578 WARNING:Tunable parameters ['BLOCK_SIZE_M', 'BLOCK_SIZE_N', 'BLOCK_SIZE_K', 'GROUPSIZE', 'threads', 'num_stages'] already provided during auto-tuning. Skipping compilation and using direct JIT
  NKI skipped (not available)
Running case: {'BATCH': 32, 'M': 192}, dtype=fp16
2026-10-01 05:09:21,668 WARNING:Tunable parameters ['BLOCK_SIZE_M', 'BLOCK_SIZE_N', 'BLOCK_SIZE_K', 'GROUPSIZE', 'threads', 'num_stages'] already provided during auto-tuning. Skipping compilation and using direct JIT
  NKI skipped (not available)
Running case: {'BATCH': 32, 'M': 192}, dtype=bf16
2026-10-01 05:09:21,794 WARNING:Tunable parameters ['BLOCK_SIZE_M', 'BLOCK_SIZE_N', 'BLOCK_SIZE_K', 'GROUPSIZE', 'threads', 'num_stages'] already provided during auto-tuning. Skipping compilation and using direct JIT
  NKI skipped (not available)
Running case: {'BATCH': 32, 'M': 192}, dtype=fp32
2026-10-01 05:09:21,887 WARNING:Tunable parameters ['BLOCK_SIZE_M', 'BLOCK_SIZE_N', 'BLOCK_SIZE_K', 'GROUPSIZE', 'threads', 'num_stages'] already provided during auto-tuning. Skipping compilation and using direct JIT
  NKI skipped (not available)
Running case: {'BATCH': 32, 'M': 224}, dtype=fp16
2026-10-01 05:09:22,110 WARNING:Tunable parameters ['BLOCK_SIZE_M', 'BLOCK_SIZE_N', 'BLOCK_SIZE_K', 'GROUPSIZE', 'threads', 'num_stages'] already provided during auto-tuning. Skipping compilation and using direct JIT
  NKI skipped (not available)
Running case: {'BATCH': 32, 'M': 224}, dtype=bf16
2026-10-01 05:09:22,325 WARNING:Tunable parameters ['BLOCK_SIZE_M', 'BLOCK_SIZE_N', 'BLOCK_SIZE_K', 'GROUPSIZE', 'threads', 'num_stages'] already provided during auto-tuning. Skipping compilation and using direct JIT
  NKI skipped (not available)
Running case: {'BATCH': 32, 'M': 224}, dtype=fp32
2026-10-01 05:09:22,545 WARNING:Tunable parameters ['BLOCK_SIZE_M', 'BLOCK_SIZE_N', 'BLOCK_SIZE_K', 'GROUPSIZE', 'threads', 'num_stages'] already provided during auto-tuning. Skipping compilation and using direct JIT
  NKI skipped (not available)
Running case: {'BATCH': 32, 'M': 256}, dtype=fp16
2026-10-01 05:09:22,632 WARNING:Tunable parameters ['BLOCK_SIZE_M', 'BLOCK_SIZE_N', 'BLOCK_SIZE_K', 'GROUPSIZE', 'threads', 'num_stages'] already provided during auto-tuning. Skipping compilation and using direct JIT
  NKI skipped (not available)
Running case: {'BATCH': 32, 'M': 256}, dtype=bf16
2026-10-01 05:09:22,719 WARNING:Tunable parameters ['BLOCK_SIZE_M', 'BLOCK_SIZE_N', 'BLOCK_SIZE_K', 'GROUPSIZE', 'threads', 'num_stages'] already provided during auto-tuning. Skipping compilation and using direct JIT
  NKI skipped (not available)
Running case: {'BATCH': 32, 'M': 256}, dtype=fp32
2026-10-01 05:09:22,806 WARNING:Tunable parameters ['BLOCK_SIZE_M', 'BLOCK_SIZE_N', 'BLOCK_SIZE_K', 'GROUPSIZE', 'threads', 'num_stages'] already provided during auto-tuning. Skipping compilation and using direct JIT
  NKI skipped (not available)
Running case: {'BATCH': 32, 'M': 288}, dtype=fp16
2026-10-01 05:09:23,066 WARNING:Tunable parameters ['BLOCK_SIZE_M', 'BLOCK_SIZE_N', 'BLOCK_SIZE_K', 'GROUPSIZE', 'threads', 'num_stages'] already provided during auto-tuning. Skipping compilation and using direct JIT
  NKI skipped (not available)
Running case: {'BATCH': 32, 'M': 288}, dtype=bf16
2026-10-01 05:09:23,333 WARNING:Tunable parameters ['BLOCK_SIZE_M', 'BLOCK_SIZE_N', 'BLOCK_SIZE_K', 'GROUPSIZE', 'threads', 'num_stages'] already provided during auto-tuning. Skipping compilation and using direct JIT
  NKI skipped (not available)
Running case: {'BATCH': 32, 'M': 288}, dtype=fp32
2026-10-01 05:09:23,584 WARNING:Tunable parameters ['BLOCK_SIZE_M', 'BLOCK_SIZE_N', 'BLOCK_SIZE_K', 'GROUPSIZE', 'threads', 'num_stages'] already provided during auto-tuning. Skipping compilation and using direct JIT
  NKI skipped (not available)
Running case: {'BATCH': 32, 'M': 320}, dtype=fp16
2026-10-01 05:09:23,678 WARNING:Tunable parameters ['BLOCK_SIZE_M', 'BLOCK_SIZE_N', 'BLOCK_SIZE_K', 'GROUPSIZE', 'threads', 'num_stages'] already provided during auto-tuning. Skipping compilation and using direct JIT
  NKI skipped (not available)
Running case: {'BATCH': 32, 'M': 320}, dtype=bf16
2026-10-01 05:09:23,765 WARNING:Tunable parameters ['BLOCK_SIZE_M', 'BLOCK_SIZE_N', 'BLOCK_SIZE_K', 'GROUPSIZE', 'threads', 'num_stages'] already provided during auto-tuning. Skipping compilation and using direct JIT
  NKI skipped (not available)
Running case: {'BATCH': 32, 'M': 320}, dtype=fp32
2026-10-01 05:09:23,858 WARNING:Tunable parameters ['BLOCK_SIZE_M', 'BLOCK_SIZE_N', 'BLOCK_SIZE_K', 'GROUPSIZE', 'threads', 'num_stages'] already provided during auto-tuning. Skipping compilation and using direct JIT
  NKI skipped (not available)
Running case: {'BATCH': 32, 'M': 352}, dtype=fp16
2026-10-01 05:09:24,133 WARNING:Tunable parameters ['BLOCK_SIZE_M', 'BLOCK_SIZE_N', 'BLOCK_SIZE_K', 'GROUPSIZE', 'threads', 'num_stages'] already provided during auto-tuning. Skipping compilation and using direct JIT
  NKI skipped (not available)
Running case: {'BATCH': 32, 'M': 352}, dtype=bf16
2026-10-01 05:09:24,378 WARNING:Tunable parameters ['BLOCK_SIZE_M', 'BLOCK_SIZE_N', 'BLOCK_SIZE_K', 'GROUPSIZE', 'threads', 'num_stages'] already provided during auto-tuning. Skipping compilation and using direct JIT
  NKI skipped (not available)
Running case: {'BATCH': 32, 'M': 352}, dtype=fp32
2026-10-01 05:09:24,649 WARNING:Tunable parameters ['BLOCK_SIZE_M', 'BLOCK_SIZE_N', 'BLOCK_SIZE_K', 'GROUPSIZE', 'threads', 'num_stages'] already provided during auto-tuning. Skipping compilation and using direct JIT
  NKI skipped (not available)
Running case: {'BATCH': 32, 'M': 384}, dtype=fp16
2026-10-01 05:09:24,742 WARNING:Tunable parameters ['BLOCK_SIZE_M', 'BLOCK_SIZE_N', 'BLOCK_SIZE_K', 'GROUPSIZE', 'threads', 'num_stages'] already provided during auto-tuning. Skipping compilation and using direct JIT
  NKI skipped (not available)
Running case: {'BATCH': 32, 'M': 384}, dtype=bf16
2026-10-01 05:09:24,836 WARNING:Tunable parameters ['BLOCK_SIZE_M', 'BLOCK_SIZE_N', 'BLOCK_SIZE_K', 'GROUPSIZE', 'threads', 'num_stages'] already provided during auto-tuning. Skipping compilation and using direct JIT
  NKI skipped (not available)
Running case: {'BATCH': 32, 'M': 384}, dtype=fp32
2026-10-01 05:09:24,929 WARNING:Tunable parameters ['BLOCK_SIZE_M', 'BLOCK_SIZE_N', 'BLOCK_SIZE_K', 'GROUPSIZE', 'threads', 'num_stages'] already provided during auto-tuning. Skipping compilation and using direct JIT
  NKI skipped (not available)
Running case: {'BATCH': 32, 'M': 416}, dtype=fp16
2026-10-01 05:09:25,240 WARNING:Tunable parameters ['BLOCK_SIZE_M', 'BLOCK_SIZE_N', 'BLOCK_SIZE_K', 'GROUPSIZE', 'threads', 'num_stages'] already provided during auto-tuning. Skipping compilation and using direct JIT
  NKI skipped (not available)
Running case: {'BATCH': 32, 'M': 416}, dtype=bf16
2026-10-01 05:09:25,501 WARNING:Tunable parameters ['BLOCK_SIZE_M', 'BLOCK_SIZE_N', 'BLOCK_SIZE_K', 'GROUPSIZE', 'threads', 'num_stages'] already provided during auto-tuning. Skipping compilation and using direct JIT
  NKI skipped (not available)
Running case: {'BATCH': 32, 'M': 416}, dtype=fp32
2026-10-01 05:09:25,824 WARNING:Tunable parameters ['BLOCK_SIZE_M', 'BLOCK_SIZE_N', 'BLOCK_SIZE_K', 'GROUPSIZE', 'threads', 'num_stages'] already provided during auto-tuning. Skipping compilation and using direct JIT
  NKI skipped (not available)
Running case: {'BATCH': 32, 'M': 448}, dtype=fp16
2026-10-01 05:09:25,925 WARNING:Tunable parameters ['BLOCK_SIZE_M', 'BLOCK_SIZE_N', 'BLOCK_SIZE_K', 'GROUPSIZE', 'threads', 'num_stages'] already provided during auto-tuning. Skipping compilation and using direct JIT
  NKI skipped (not available)
Running case: {'BATCH': 32, 'M': 448}, dtype=bf16
2026-10-01 05:09:26,020 WARNING:Tunable parameters ['BLOCK_SIZE_M', 'BLOCK_SIZE_N', 'BLOCK_SIZE_K', 'GROUPSIZE', 'threads', 'num_stages'] already provided during auto-tuning. Skipping compilation and using direct JIT
  NKI skipped (not available)
Running case: {'BATCH': 32, 'M': 448}, dtype=fp32
2026-10-01 05:09:26,113 WARNING:Tunable parameters ['BLOCK_SIZE_M', 'BLOCK_SIZE_N', 'BLOCK_SIZE_K', 'GROUPSIZE', 'threads', 'num_stages'] already provided during auto-tuning. Skipping compilation and using direct JIT
  NKI skipped (not available)
Running case: {'BATCH': 32, 'M': 480}, dtype=fp16
2026-10-01 05:09:26,387 WARNING:Tunable parameters ['BLOCK_SIZE_M', 'BLOCK_SIZE_N', 'BLOCK_SIZE_K', 'GROUPSIZE', 'threads', 'num_stages'] already provided during auto-tuning. Skipping compilation and using direct JIT
  NKI skipped (not available)
Running case: {'BATCH': 32, 'M': 480}, dtype=bf16
2026-10-01 05:09:26,605 WARNING:Tunable parameters ['BLOCK_SIZE_M', 'BLOCK_SIZE_N', 'BLOCK_SIZE_K', 'GROUPSIZE', 'threads', 'num_stages'] already provided during auto-tuning. Skipping compilation and using direct JIT
  NKI skipped (not available)
Running case: {'BATCH': 32, 'M': 480}, dtype=fp32
2026-10-01 05:09:26,819 WARNING:Tunable parameters ['BLOCK_SIZE_M', 'BLOCK_SIZE_N', 'BLOCK_SIZE_K', 'GROUPSIZE', 'threads', 'num_stages'] already provided during auto-tuning. Skipping compilation and using direct JIT
  NKI skipped (not available)
Running case: {'BATCH': 32, 'M': 512}, dtype=fp16
2026-10-01 05:09:26,914 WARNING:Tunable parameters ['BLOCK_SIZE_M', 'BLOCK_SIZE_N', 'BLOCK_SIZE_K', 'GROUPSIZE', 'threads', 'num_stages'] already provided during auto-tuning. Skipping compilation and using direct JIT
  NKI skipped (not available)
Running case: {'BATCH': 32, 'M': 512}, dtype=bf16
2026-10-01 05:09:27,008 WARNING:Tunable parameters ['BLOCK_SIZE_M', 'BLOCK_SIZE_N', 'BLOCK_SIZE_K', 'GROUPSIZE', 'threads', 'num_stages'] already provided during auto-tuning. Skipping compilation and using direct JIT
  NKI skipped (not available)
Running case: {'BATCH': 32, 'M': 512}, dtype=fp32
2026-10-01 05:09:27,106 WARNING:Tunable parameters ['BLOCK_SIZE_M', 'BLOCK_SIZE_N', 'BLOCK_SIZE_K', 'GROUPSIZE', 'threads', 'num_stages'] already provided during auto-tuning. Skipping compilation and using direct JIT
  NKI skipped (not available)
Running case: {'BATCH': 32, 'M': 544}, dtype=fp16
2026-10-01 05:09:27,436 WARNING:Tunable parameters ['BLOCK_SIZE_M', 'BLOCK_SIZE_N', 'BLOCK_SIZE_K', 'GROUPSIZE', 'threads', 'num_stages'] already provided during auto-tuning. Skipping compilation and using direct JIT
  NKI skipped (not available)
Running case: {'BATCH': 32, 'M': 544}, dtype=bf16
2026-10-01 05:09:27,686 WARNING:Tunable parameters ['BLOCK_SIZE_M', 'BLOCK_SIZE_N', 'BLOCK_SIZE_K', 'GROUPSIZE', 'threads', 'num_stages'] already provided during auto-tuning. Skipping compilation and using direct JIT
  NKI skipped (not available)
Running case: {'BATCH': 32, 'M': 544}, dtype=fp32
2026-10-01 05:09:27,954 WARNING:Tunable parameters ['BLOCK_SIZE_M', 'BLOCK_SIZE_N', 'BLOCK_SIZE_K', 'GROUPSIZE', 'threads', 'num_stages'] already provided during auto-tuning. Skipping compilation and using direct JIT
  NKI skipped (not available)
Running case: {'BATCH': 32, 'M': 576}, dtype=fp16
2026-10-01 05:09:28,048 WARNING:Tunable parameters ['BLOCK_SIZE_M', 'BLOCK_SIZE_N', 'BLOCK_SIZE_K', 'GROUPSIZE', 'threads', 'num_stages'] already provided during auto-tuning. Skipping compilation and using direct JIT
  NKI skipped (not available)
Running case: {'BATCH': 32, 'M': 576}, dtype=bf16
2026-10-01 05:09:28,147 WARNING:Tunable parameters ['BLOCK_SIZE_M', 'BLOCK_SIZE_N', 'BLOCK_SIZE_K', 'GROUPSIZE', 'threads', 'num_stages'] already provided during auto-tuning. Skipping compilation and using direct JIT
  NKI skipped (not available)
Running case: {'BATCH': 32, 'M': 576}, dtype=fp32
2026-10-01 05:09:28,246 WARNING:Tunable parameters ['BLOCK_SIZE_M', 'BLOCK_SIZE_N', 'BLOCK_SIZE_K', 'GROUPSIZE', 'threads', 'num_stages'] already provided during auto-tuning. Skipping compilation and using direct JIT
  NKI skipped (not available)
Running case: {'BATCH': 32, 'M': 608}, dtype=fp16
2026-10-01 05:09:28,610 WARNING:Tunable parameters ['BLOCK_SIZE_M', 'BLOCK_SIZE_N', 'BLOCK_SIZE_K', 'GROUPSIZE', 'threads', 'num_stages'] already provided during auto-tuning. Skipping compilation and using direct JIT
  NKI skipped (not available)
Running case: {'BATCH': 32, 'M': 608}, dtype=bf16
2026-10-01 05:09:28,890 WARNING:Tunable parameters ['BLOCK_SIZE_M', 'BLOCK_SIZE_N', 'BLOCK_SIZE_K', 'GROUPSIZE', 'threads', 'num_stages'] already provided during auto-tuning. Skipping compilation and using direct JIT
  NKI skipped (not available)
Running case: {'BATCH': 32, 'M': 608}, dtype=fp32
2026-10-01 05:09:29,186 WARNING:Tunable parameters ['BLOCK_SIZE_M', 'BLOCK_SIZE_N', 'BLOCK_SIZE_K', 'GROUPSIZE', 'threads', 'num_stages'] already provided during auto-tuning. Skipping compilation and using direct JIT
  NKI skipped (not available)
Running case: {'BATCH': 32, 'M': 640}, dtype=fp16
2026-10-01 05:09:29,297 WARNING:Tunable parameters ['BLOCK_SIZE_M', 'BLOCK_SIZE_N', 'BLOCK_SIZE_K', 'GROUPSIZE', 'threads', 'num_stages'] already provided during auto-tuning. Skipping compilation and using direct JIT
  NKI skipped (not available)
Running case: {'BATCH': 32, 'M': 640}, dtype=bf16
2026-10-01 05:09:29,401 WARNING:Tunable parameters ['BLOCK_SIZE_M', 'BLOCK_SIZE_N', 'BLOCK_SIZE_K', 'GROUPSIZE', 'threads', 'num_stages'] already provided during auto-tuning. Skipping compilation and using direct JIT
  NKI skipped (not available)
Running case: {'BATCH': 32, 'M': 640}, dtype=fp32
2026-10-01 05:09:29,505 WARNING:Tunable parameters ['BLOCK_SIZE_M', 'BLOCK_SIZE_N', 'BLOCK_SIZE_K', 'GROUPSIZE', 'threads', 'num_stages'] already provided during auto-tuning. Skipping compilation and using direct JIT
  NKI skipped (not available)
Timing results  → /projects/kzhou6/bcui2/research/tilebench/Tilebench-gh200/results/GH200/logs/time_measurement_logs/batched_matmul_default_triton-cutile-tilelang.json
Autotune log    → /projects/kzhou6/bcui2/research/tilebench/Tilebench-gh200/results/GH200/logs/autotune_logs/batched_matmul_default_triton-cutile-tilelang.json
TileLang autotuner log → /projects/kzhou6/bcui2/research/tilebench/Tilebench-gh200/results/GH200/logs/tilelang_autotuner/batched_matmul_default_triton-cutile-tilelang.log
Provenance      → /projects/kzhou6/bcui2/research/tilebench/Tilebench-gh200/results/GH200/logs/provenance/batched_matmul_default_triton-cutile-tilelang.json

Summary:
Params  |    Dtype |  Torch(ms) |   Triton(ms) |   cuTile(ms) | TileLang(ms) |  Speedup(T) |  Speedup(C) | Speedup(TL)
----------------------------------------------------------------------------------------------------------------------
M=32    | fp16     |     0.0027 |       0.0028 |       0.0029 |       0.0020 |        0.98 |        0.94 |        1.39
M=32    | bf16     |     0.0027 |       0.0030 |       0.0029 |       0.0021 |        0.92 |        0.93 |        1.29
M=32    | fp32     |     0.0033 |       0.0038 |       0.0049 |       0.0025 |        0.85 |        0.67 |        1.30
M=64    | fp16     |     0.0029 |       0.0033 |       0.0033 |       0.0028 |        0.88 |        0.90 |        1.05
M=64    | bf16     |     0.0031 |       0.0035 |       0.0034 |       0.0028 |        0.89 |        0.91 |        1.10
M=64    | fp32     |     0.0040 |       0.0047 |       0.0053 |       0.0040 |        0.84 |        0.75 |        0.99
M=96    | fp16     |     0.0036 |       0.0042 |       0.0042 |       0.0046 |        0.86 |        0.85 |        0.79
M=96    | bf16     |     0.0035 |       0.0041 |       0.0041 |       0.0045 |        0.86 |        0.86 |        0.79
M=96    | fp32     |     0.0049 |       0.0057 |       0.0161 |       0.0056 |        0.85 |        0.30 |        0.87
M=128   | fp16     |     0.0042 |       0.0047 |       0.0047 |       0.0060 |        0.90 |        0.90 |        0.71
M=128   | bf16     |     0.0042 |       0.0046 |       0.0048 |       0.0060 |        0.91 |        0.88 |        0.71
M=128   | fp32     |     0.0058 |       0.0068 |       0.0182 |       0.0066 |        0.85 |        0.32 |        0.87
M=160   | fp16     |     0.0051 |       0.0060 |       0.0056 |       0.0068 |        0.86 |        0.91 |        0.75
M=160   | bf16     |     0.0050 |       0.0055 |       0.0055 |       0.0066 |        0.90 |        0.91 |        0.75
M=160   | fp32     |     0.0087 |       0.0079 |       0.0223 |       0.0087 |        1.11 |        0.39 |        1.01
M=192   | fp16     |     0.0057 |       0.0064 |       0.0059 |       0.0078 |        0.90 |        0.97 |        0.73
M=192   | bf16     |     0.0055 |       0.0062 |       0.0057 |       0.0076 |        0.89 |        0.96 |        0.72
M=192   | fp32     |     0.0097 |       0.0087 |       0.0229 |       0.0096 |        1.12 |        0.43 |        1.01
M=224   | fp16     |     0.0067 |       0.0069 |       0.0110 |       0.0089 |        0.98 |        0.61 |        0.75
M=224   | bf16     |     0.0065 |       0.0069 |       0.0111 |       0.0089 |        0.95 |        0.59 |        0.73
M=224   | fp32     |     0.0117 |       0.0100 |       0.0151 |       0.0108 |        1.17 |        0.77 |        1.08
M=256   | fp16     |     0.0074 |       0.0079 |       0.0113 |       0.0105 |        0.94 |        0.66 |        0.71
M=256   | bf16     |     0.0077 |       0.0077 |       0.0114 |       0.0105 |        1.00 |        0.67 |        0.73
M=256   | fp32     |     0.0129 |       0.0128 |       0.0154 |       0.0123 |        1.01 |        0.84 |        1.05
M=288   | fp16     |     0.0092 |       0.0107 |       0.0140 |       0.0168 |        0.87 |        0.66 |        0.55
M=288   | bf16     |     0.0091 |       0.0104 |       0.0135 |       0.0162 |        0.87 |        0.67 |        0.56
M=288   | fp32     |     0.0257 |       0.0233 |       0.0373 |       0.0279 |        1.10 |        0.69 |        0.92
M=320   | fp16     |     0.0103 |       0.0109 |       0.0140 |       0.0174 |        0.94 |        0.73 |        0.59
M=320   | bf16     |     0.0105 |       0.0110 |       0.0139 |       0.0181 |        0.95 |        0.75 |        0.58
M=320   | fp32     |     0.0255 |       0.0273 |       0.0388 |       0.0319 |        0.93 |        0.66 |        0.80
M=352   | fp16     |     0.0119 |       0.0125 |       0.0209 |       0.0203 |        0.95 |        0.57 |        0.59
M=352   | bf16     |     0.0123 |       0.0125 |       0.0210 |       0.0202 |        0.98 |        0.58 |        0.61
M=352   | fp32     |     0.0298 |       0.0301 |       0.0415 |       0.0356 |        0.99 |        0.72 |        0.84
M=384   | fp16     |     0.0130 |       0.0143 |       0.0220 |       0.0227 |        0.91 |        0.59 |        0.57
M=384   | bf16     |     0.0133 |       0.0145 |       0.0218 |       0.0225 |        0.92 |        0.61 |        0.59
M=384   | fp32     |     0.0328 |       0.0324 |       0.0437 |       0.0385 |        1.01 |        0.75 |        0.85
M=416   | fp16     |     0.0246 |       0.0224 |       0.0264 |       0.0303 |        1.09 |        0.93 |        0.81
M=416   | bf16     |     0.0251 |       0.0219 |       0.0262 |       0.0301 |        1.15 |        0.96 |        0.84
M=416   | fp32     |     0.0343 |       0.0410 |       0.0548 |       0.0514 |        0.84 |        0.63 |        0.67
M=448   | fp16     |     0.0195 |       0.0234 |       0.0271 |       0.0340 |        0.83 |        0.72 |        0.57
M=448   | bf16     |     0.0197 |       0.0234 |       0.0275 |       0.0339 |        0.84 |        0.72 |        0.58
M=448   | fp32     |     0.0381 |       0.0441 |       0.0551 |       0.0556 |        0.86 |        0.69 |        0.69
M=480   | fp16     |     0.0207 |       0.0246 |       0.0303 |       0.0344 |        0.84 |        0.68 |        0.60
M=480   | bf16     |     0.0204 |       0.0251 |       0.0303 |       0.0366 |        0.81 |        0.67 |        0.56
M=480   | fp32     |     0.0394 |       0.0484 |       0.0606 |       0.0594 |        0.82 |        0.65 |        0.66
M=512   | fp16     |     0.0211 |       0.0282 |       0.0311 |       0.0345 |        0.75 |        0.68 |        0.61
M=512   | bf16     |     0.0206 |       0.0274 |       0.0303 |       0.0353 |        0.75 |        0.68 |        0.58
M=512   | fp32     |     0.0418 |       0.0501 |       0.0610 |       0.0630 |        0.83 |        0.69 |        0.66
M=544   | fp16     |     0.0304 |       0.0338 |       0.0477 |       0.0456 |        0.90 |        0.64 |        0.67
M=544   | bf16     |     0.0308 |       0.0346 |       0.0481 |       0.0457 |        0.89 |        0.64 |        0.67
M=544   | fp32     |     0.0727 |       0.0677 |       0.1170 |       0.1019 |        1.07 |        0.62 |        0.71
M=576   | fp16     |     0.0294 |       0.0356 |       0.0471 |       0.0475 |        0.83 |        0.62 |        0.62
M=576   | bf16     |     0.0285 |       0.0361 |       0.0477 |       0.0465 |        0.79 |        0.60 |        0.61
M=576   | fp32     |     0.0807 |       0.0730 |       0.1234 |       0.1105 |        1.11 |        0.65 |        0.73
M=608   | fp16     |     0.0319 |       0.0386 |       0.0536 |       0.0534 |        0.83 |        0.60 |        0.60
M=608   | bf16     |     0.0319 |       0.0389 |       0.0540 |       0.0533 |        0.82 |        0.59 |        0.60
M=608   | fp32     |     0.0829 |       0.0795 |       0.1293 |       0.1185 |        1.04 |        0.64 |        0.70
M=640   | fp16     |     0.0336 |       0.0395 |       0.0541 |       0.0563 |        0.85 |        0.62 |        0.60
M=640   | bf16     |     0.0334 |       0.0392 |       0.0545 |       0.0552 |        0.85 |        0.61 |        0.60
M=640   | fp32     |     0.0864 |       0.0852 |       0.1304 |       0.1251 |        1.01 |        0.66 |        0.69
Summary CSV     → /projects/kzhou6/bcui2/research/tilebench/Tilebench-gh200/results/GH200/csv/batched_matmul_default.csv
