GPU/result namespace: GH200 (detected device: NVIDIA GH200 480GB, arch: hopper)
Starting benchmark for operator: bitonic_sort
Tile-language backends: torch (baseline) + cutile, tilelang, triton
  NKI not selected (--tile-language)
Running case: {'n': 500000}, dtype=fp16
2026-10-01 05:09:35,259 WARNING:Tunable parameters ['BLOCK', 'threads'] already provided during auto-tuning. Skipping compilation and using direct JIT
  NKI skipped (not available)
Running case: {'n': 500000}, dtype=fp32
2026-10-01 05:09:36,851 WARNING:Tunable parameters ['BLOCK', 'threads'] already provided during auto-tuning. Skipping compilation and using direct JIT
  NKI skipped (not available)
Running case: {'n': 1000000}, dtype=fp16
2026-10-01 05:09:38,020 WARNING:Tunable parameters ['BLOCK', 'threads'] already provided during auto-tuning. Skipping compilation and using direct JIT
  NKI skipped (not available)
Running case: {'n': 1000000}, dtype=fp32
2026-10-01 05:09:39,175 WARNING:Tunable parameters ['BLOCK', 'threads'] already provided during auto-tuning. Skipping compilation and using direct JIT
  NKI skipped (not available)
Running case: {'n': 1500000}, dtype=fp16
2026-10-01 05:09:40,444 WARNING:Tunable parameters ['BLOCK', 'threads'] already provided during auto-tuning. Skipping compilation and using direct JIT
  NKI skipped (not available)
Running case: {'n': 1500000}, dtype=fp32
2026-10-01 05:09:41,775 WARNING:Tunable parameters ['BLOCK', 'threads'] already provided during auto-tuning. Skipping compilation and using direct JIT
  NKI skipped (not available)
Running case: {'n': 2000000}, dtype=fp16
  NKI skipped (not available)
Running case: {'n': 2000000}, dtype=fp32
  NKI skipped (not available)
Running case: {'n': 2500000}, dtype=fp16
2026-10-01 05:09:45,800 WARNING:Tunable parameters ['BLOCK', 'threads'] already provided during auto-tuning. Skipping compilation and using direct JIT
  NKI skipped (not available)
Running case: {'n': 2500000}, dtype=fp32
2026-10-01 05:09:47,308 WARNING:Tunable parameters ['BLOCK', 'threads'] already provided during auto-tuning. Skipping compilation and using direct JIT
  NKI skipped (not available)
Running case: {'n': 3000000}, dtype=fp16
  NKI skipped (not available)
Running case: {'n': 3000000}, dtype=fp32
  NKI skipped (not available)
Running case: {'n': 3500000}, dtype=fp16
  NKI skipped (not available)
Running case: {'n': 3500000}, dtype=fp32
  NKI skipped (not available)
Running case: {'n': 4000000}, dtype=fp16
  NKI skipped (not available)
Running case: {'n': 4000000}, dtype=fp32
  NKI skipped (not available)
Running case: {'n': 4500000}, dtype=fp16
2026-10-01 05:09:58,038 WARNING:Tunable parameters ['BLOCK', 'threads'] already provided during auto-tuning. Skipping compilation and using direct JIT
  NKI skipped (not available)
Running case: {'n': 4500000}, dtype=fp32
2026-10-01 05:10:00,077 WARNING:Tunable parameters ['BLOCK', 'threads'] already provided during auto-tuning. Skipping compilation and using direct JIT
  NKI skipped (not available)
Running case: {'n': 5000000}, dtype=fp16
  NKI skipped (not available)
Running case: {'n': 5000000}, dtype=fp32
  NKI skipped (not available)
Running case: {'n': 5500000}, dtype=fp16
  NKI skipped (not available)
Running case: {'n': 5500000}, dtype=fp32
  NKI skipped (not available)
Running case: {'n': 6000000}, dtype=fp16
  NKI skipped (not available)
Running case: {'n': 6000000}, dtype=fp32
  NKI skipped (not available)
Running case: {'n': 6500000}, dtype=fp16
  NKI skipped (not available)
Running case: {'n': 6500000}, dtype=fp32
  NKI skipped (not available)
Running case: {'n': 7000000}, dtype=fp16
  NKI skipped (not available)
Running case: {'n': 7000000}, dtype=fp32
  NKI skipped (not available)
Running case: {'n': 7500000}, dtype=fp16
  NKI skipped (not available)
Running case: {'n': 7500000}, dtype=fp32
  NKI skipped (not available)
Running case: {'n': 8000000}, dtype=fp16
  NKI skipped (not available)
Running case: {'n': 8000000}, dtype=fp32
  NKI skipped (not available)
Running case: {'n': 8500000}, dtype=fp16
2026-10-01 05:10:31,441 WARNING:Tunable parameters ['BLOCK', 'threads'] already provided during auto-tuning. Skipping compilation and using direct JIT
  NKI skipped (not available)
Running case: {'n': 8500000}, dtype=fp32
2026-10-01 05:10:34,796 WARNING:Tunable parameters ['BLOCK', 'threads'] already provided during auto-tuning. Skipping compilation and using direct JIT
  NKI skipped (not available)
Running case: {'n': 9000000}, dtype=fp16
  NKI skipped (not available)
Running case: {'n': 9000000}, dtype=fp32
  NKI skipped (not available)
Running case: {'n': 9500000}, dtype=fp16
  NKI skipped (not available)
Running case: {'n': 9500000}, dtype=fp32
  NKI skipped (not available)
Running case: {'n': 10000000}, dtype=fp16
  NKI skipped (not available)
Running case: {'n': 10000000}, dtype=fp32
  NKI skipped (not available)
Timing results  → /projects/kzhou6/bcui2/research/tilebench/Tilebench-gh200/results/GH200/logs/time_measurement_logs/bitonic_sort_default_triton-cutile-tilelang.json
Autotune log    → /projects/kzhou6/bcui2/research/tilebench/Tilebench-gh200/results/GH200/logs/autotune_logs/bitonic_sort_default_triton-cutile-tilelang.json
TileLang autotuner log → /projects/kzhou6/bcui2/research/tilebench/Tilebench-gh200/results/GH200/logs/tilelang_autotuner/bitonic_sort_default_triton-cutile-tilelang.log
Provenance      → /projects/kzhou6/bcui2/research/tilebench/Tilebench-gh200/results/GH200/logs/provenance/bitonic_sort_default_triton-cutile-tilelang.json

Summary:
Params       |    Dtype |  Torch(ms) |   Triton(ms) |   cuTile(ms) | TileLang(ms) |  Speedup(T) |  Speedup(C) | Speedup(TL)
---------------------------------------------------------------------------------------------------------------------------
n=500000     | fp16     |    18.7563 |       0.4381 |       0.4359 |       0.5470 |       42.82 |       43.03 |       34.29
n=500000     | fp32     |    18.9370 |       0.4465 |       0.4941 |       0.5303 |       42.41 |       38.33 |       35.71
n=1000000    | fp16     |    24.0809 |       0.7510 |       0.6843 |       0.7297 |       32.07 |       35.19 |       33.00
n=1000000    | fp32     |    24.6031 |       0.7905 |       0.7899 |       0.7144 |       31.12 |       31.15 |       34.44
n=1500000    | fp16     |    38.2998 |       1.3638 |       1.2227 |       1.2527 |       28.08 |       31.32 |       30.57
n=1500000    | fp32     |    39.4187 |       1.4035 |       1.4148 |       1.1846 |       28.09 |       27.86 |       33.28
n=2000000    | fp16     |    38.5605 |       1.3625 |       1.2216 |       1.2474 |       28.30 |       31.57 |       30.91
n=2000000    | fp32     |    39.6669 |       1.4055 |       1.4165 |       1.1846 |       28.22 |       28.00 |       33.49
n=2500000    | fp16     |    69.7512 |       2.5718 |       2.3425 |       2.3231 |       27.12 |       29.78 |       30.03
n=2500000    | fp32     |    72.2012 |       2.6890 |       2.7217 |       2.2648 |       26.85 |       26.53 |       31.88
n=3000000    | fp16     |    70.6456 |       2.5724 |       2.3456 |       2.3179 |       27.46 |       30.12 |       30.48
n=3000000    | fp32     |    73.5201 |       2.6899 |       2.7160 |       2.2753 |       27.33 |       27.07 |       32.31
n=3500000    | fp16     |    73.3339 |       2.5662 |       2.3509 |       2.3239 |       28.58 |       31.19 |       31.56
n=3500000    | fp32     |    77.3658 |       2.6948 |       2.7247 |       2.2641 |       28.71 |       28.39 |       34.17
n=4000000    | fp16     |    74.1856 |       2.5686 |       2.3450 |       2.3218 |       28.88 |       31.64 |       31.95
n=4000000    | fp32     |    78.5511 |       2.6923 |       2.7158 |       2.2740 |       29.18 |       28.92 |       34.54
n=4500000    | fp16     |   141.0695 |       5.0615 |       4.7395 |       4.3214 |       27.87 |       29.76 |       32.64
n=4500000    | fp32     |   148.4034 |       5.3973 |       5.5558 |       4.6047 |       27.50 |       26.71 |       32.23
n=5000000    | fp16     |   141.8798 |       5.0580 |       4.7381 |       4.3215 |       28.05 |       29.94 |       32.83
n=5000000    | fp32     |   150.0244 |       5.3718 |       5.6043 |       4.6037 |       27.93 |       26.77 |       32.59
n=5500000    | fp16     |   143.2087 |       5.0606 |       4.7395 |       4.3159 |       28.30 |       30.22 |       33.18
n=5500000    | fp32     |   152.1074 |       5.3682 |       5.5523 |       4.3771 |       28.34 |       27.40 |       34.75
n=6000000    | fp16     |   144.4751 |       5.0595 |       4.7443 |       4.3164 |       28.56 |       30.45 |       33.47
n=6000000    | fp32     |   154.1095 |       5.4025 |       5.5556 |       4.5522 |       28.53 |       27.74 |       33.85
n=6500000    | fp16     |   145.8898 |       5.0582 |       4.7413 |       4.3185 |       28.84 |       30.77 |       33.78
n=6500000    | fp32     |   156.7732 |       5.4430 |       5.7471 |       4.5486 |       28.80 |       27.28 |       34.47
n=7000000    | fp16     |   148.4084 |       5.0577 |       4.7448 |       4.3216 |       29.34 |       31.28 |       34.34
n=7000000    | fp32     |   160.1067 |       5.4025 |       5.6946 |       4.5889 |       29.64 |       28.12 |       34.89
n=7500000    | fp16     |   149.6223 |       5.0627 |       4.7546 |       4.3060 |       29.55 |       31.47 |       34.75
n=7500000    | fp32     |   161.6380 |       5.4222 |       5.6645 |       4.7801 |       29.81 |       28.54 |       33.82
n=8000000    | fp16     |   150.8470 |       5.0623 |       4.7524 |       4.3064 |       29.80 |       31.74 |       35.03
n=8000000    | fp32     |   163.2389 |       5.4158 |       5.6337 |       4.5553 |       30.14 |       28.98 |       35.84
n=8500000    | fp16     |   280.6784 |      10.4898 |       9.9360 |       8.8700 |       26.76 |       28.25 |       31.64
n=8500000    | fp32     |   300.2836 |      13.4993 |      14.4683 |      13.9386 |       22.24 |       20.75 |       21.54
n=9000000    | fp16     |   282.3674 |      10.4508 |       9.9153 |       8.7990 |       27.02 |       28.48 |       32.09
n=9000000    | fp32     |   302.6395 |      13.5004 |      14.4127 |      13.9679 |       22.42 |       21.00 |       21.67
n=9500000    | fp16     |   283.9105 |      10.4717 |       9.9121 |       8.9024 |       27.11 |       28.64 |       31.89
n=9500000    | fp32     |   305.0412 |      13.4899 |      14.4932 |      13.8839 |       22.61 |       21.05 |       21.97
n=10000000   | fp16     |   286.7734 |      10.4634 |       9.9868 |       8.6984 |       27.41 |       28.72 |       32.97
n=10000000   | fp32     |   309.0213 |      13.4663 |      14.5405 |      13.8590 |       22.95 |       21.25 |       22.30
Summary CSV     → /projects/kzhou6/bcui2/research/tilebench/Tilebench-gh200/results/GH200/csv/bitonic_sort_default.csv
