GPU/result namespace: GH200 (detected device: NVIDIA GH200 480GB, arch: hopper)
Starting benchmark for operator: block_sparse_attention
Tile-language backends: torch (baseline) + cutile, tilelang, triton
  NKI not selected (--tile-language)
Running case: {'B': 2, 'H': 8, 'H_kv': 2, 'BLOCK_M': 64, 'BLOCK_N': 64, 'BLOCK_D': 64, 'D': 128, 'M': 512}, dtype=fp16
2026-10-01 05:11:04,074 WARNING:Tunable parameters ['threads'] already provided during auto-tuning. Skipping compilation and using direct JIT
  NKI skipped (not available)
Running case: {'B': 2, 'H': 8, 'H_kv': 2, 'BLOCK_M': 64, 'BLOCK_N': 64, 'BLOCK_D': 64, 'D': 128, 'M': 1024}, dtype=fp16
2026-10-01 05:11:04,590 WARNING:Tunable parameters ['threads'] already provided during auto-tuning. Skipping compilation and using direct JIT
  NKI skipped (not available)
Running case: {'B': 2, 'H': 8, 'H_kv': 2, 'BLOCK_M': 64, 'BLOCK_N': 64, 'BLOCK_D': 64, 'D': 128, 'M': 1536}, dtype=fp16
2026-10-01 05:11:05,121 WARNING:Tunable parameters ['threads'] already provided during auto-tuning. Skipping compilation and using direct JIT
  NKI skipped (not available)
Running case: {'B': 2, 'H': 8, 'H_kv': 2, 'BLOCK_M': 64, 'BLOCK_N': 64, 'BLOCK_D': 64, 'D': 128, 'M': 2048}, dtype=fp16
2026-10-01 05:11:05,775 WARNING:Tunable parameters ['threads'] already provided during auto-tuning. Skipping compilation and using direct JIT
  NKI skipped (not available)
Running case: {'B': 2, 'H': 8, 'H_kv': 2, 'BLOCK_M': 64, 'BLOCK_N': 64, 'BLOCK_D': 64, 'D': 128, 'M': 2560}, dtype=fp16
2026-10-01 05:11:06,321 WARNING:Tunable parameters ['threads'] already provided during auto-tuning. Skipping compilation and using direct JIT
  NKI skipped (not available)
Running case: {'B': 2, 'H': 8, 'H_kv': 2, 'BLOCK_M': 64, 'BLOCK_N': 64, 'BLOCK_D': 64, 'D': 128, 'M': 3072}, dtype=fp16
2026-10-01 05:11:06,841 WARNING:Tunable parameters ['threads'] already provided during auto-tuning. Skipping compilation and using direct JIT
  NKI skipped (not available)
Running case: {'B': 2, 'H': 8, 'H_kv': 2, 'BLOCK_M': 64, 'BLOCK_N': 64, 'BLOCK_D': 64, 'D': 128, 'M': 3584}, dtype=fp16
2026-10-01 05:11:07,364 WARNING:Tunable parameters ['threads'] already provided during auto-tuning. Skipping compilation and using direct JIT
  NKI skipped (not available)
Running case: {'B': 2, 'H': 8, 'H_kv': 2, 'BLOCK_M': 64, 'BLOCK_N': 64, 'BLOCK_D': 64, 'D': 128, 'M': 4096}, dtype=fp16
2026-10-01 05:11:08,021 WARNING:Tunable parameters ['threads'] already provided during auto-tuning. Skipping compilation and using direct JIT
  NKI skipped (not available)
Running case: {'B': 2, 'H': 8, 'H_kv': 2, 'BLOCK_M': 64, 'BLOCK_N': 64, 'BLOCK_D': 64, 'D': 128, 'M': 4608}, dtype=fp16
2026-10-01 05:11:08,566 WARNING:Tunable parameters ['threads'] already provided during auto-tuning. Skipping compilation and using direct JIT
  NKI skipped (not available)
Running case: {'B': 2, 'H': 8, 'H_kv': 2, 'BLOCK_M': 64, 'BLOCK_N': 64, 'BLOCK_D': 64, 'D': 128, 'M': 5120}, dtype=fp16
2026-10-01 05:11:09,131 WARNING:Tunable parameters ['threads'] already provided during auto-tuning. Skipping compilation and using direct JIT
  NKI skipped (not available)
Running case: {'B': 2, 'H': 8, 'H_kv': 2, 'BLOCK_M': 64, 'BLOCK_N': 64, 'BLOCK_D': 64, 'D': 128, 'M': 5632}, dtype=fp16
2026-10-01 05:11:09,688 WARNING:Tunable parameters ['threads'] already provided during auto-tuning. Skipping compilation and using direct JIT
  NKI skipped (not available)
Running case: {'B': 2, 'H': 8, 'H_kv': 2, 'BLOCK_M': 64, 'BLOCK_N': 64, 'BLOCK_D': 64, 'D': 128, 'M': 6144}, dtype=fp16
2026-10-01 05:11:10,364 WARNING:Tunable parameters ['threads'] already provided during auto-tuning. Skipping compilation and using direct JIT
  NKI skipped (not available)
Running case: {'B': 2, 'H': 8, 'H_kv': 2, 'BLOCK_M': 64, 'BLOCK_N': 64, 'BLOCK_D': 64, 'D': 128, 'M': 6656}, dtype=fp16
2026-10-01 05:11:10,946 WARNING:Tunable parameters ['threads'] already provided during auto-tuning. Skipping compilation and using direct JIT
  NKI skipped (not available)
Running case: {'B': 2, 'H': 8, 'H_kv': 2, 'BLOCK_M': 64, 'BLOCK_N': 64, 'BLOCK_D': 64, 'D': 128, 'M': 7168}, dtype=fp16
2026-10-01 05:11:11,575 WARNING:Tunable parameters ['threads'] already provided during auto-tuning. Skipping compilation and using direct JIT
  NKI skipped (not available)
Running case: {'B': 2, 'H': 8, 'H_kv': 2, 'BLOCK_M': 64, 'BLOCK_N': 64, 'BLOCK_D': 64, 'D': 128, 'M': 7680}, dtype=fp16
2026-10-01 05:11:12,147 WARNING:Tunable parameters ['threads'] already provided during auto-tuning. Skipping compilation and using direct JIT
  NKI skipped (not available)
Running case: {'B': 2, 'H': 8, 'H_kv': 2, 'BLOCK_M': 64, 'BLOCK_N': 64, 'BLOCK_D': 64, 'D': 128, 'M': 8192}, dtype=fp16
2026-10-01 05:11:12,866 WARNING:Tunable parameters ['threads'] already provided during auto-tuning. Skipping compilation and using direct JIT
  NKI skipped (not available)
Running case: {'B': 2, 'H': 8, 'H_kv': 2, 'BLOCK_M': 64, 'BLOCK_N': 64, 'BLOCK_D': 64, 'D': 128, 'M': 8704}, dtype=fp16
2026-10-01 05:11:13,406 WARNING:Tunable parameters ['threads'] already provided during auto-tuning. Skipping compilation and using direct JIT
  NKI skipped (not available)
Running case: {'B': 2, 'H': 8, 'H_kv': 2, 'BLOCK_M': 64, 'BLOCK_N': 64, 'BLOCK_D': 64, 'D': 128, 'M': 9216}, dtype=fp16
2026-10-01 05:11:13,984 WARNING:Tunable parameters ['threads'] already provided during auto-tuning. Skipping compilation and using direct JIT
  NKI skipped (not available)
Running case: {'B': 2, 'H': 8, 'H_kv': 2, 'BLOCK_M': 64, 'BLOCK_N': 64, 'BLOCK_D': 64, 'D': 128, 'M': 9728}, dtype=fp16
2026-10-01 05:11:14,555 WARNING:Tunable parameters ['threads'] already provided during auto-tuning. Skipping compilation and using direct JIT
  NKI skipped (not available)
Running case: {'B': 2, 'H': 8, 'H_kv': 2, 'BLOCK_M': 64, 'BLOCK_N': 64, 'BLOCK_D': 64, 'D': 128, 'M': 10240}, dtype=fp16
2026-10-01 05:11:15,267 WARNING:Tunable parameters ['threads'] already provided during auto-tuning. Skipping compilation and using direct JIT
  NKI skipped (not available)
Timing results  → /projects/kzhou6/bcui2/research/tilebench/Tilebench-gh200/results/GH200/logs/time_measurement_logs/block_sparse_attention_default_triton-cutile-tilelang.json
Autotune log    → /projects/kzhou6/bcui2/research/tilebench/Tilebench-gh200/results/GH200/logs/autotune_logs/block_sparse_attention_default_triton-cutile-tilelang.json
TileLang autotuner log → /projects/kzhou6/bcui2/research/tilebench/Tilebench-gh200/results/GH200/logs/tilelang_autotuner/block_sparse_attention_default_triton-cutile-tilelang.log
Provenance      → /projects/kzhou6/bcui2/research/tilebench/Tilebench-gh200/results/GH200/logs/provenance/block_sparse_attention_default_triton-cutile-tilelang.json

Summary:
Params    |    Dtype |  Torch(ms) |   Triton(ms) |   cuTile(ms) | TileLang(ms) |  Speedup(T) |  Speedup(C) | Speedup(TL)
------------------------------------------------------------------------------------------------------------------------
M=512     | fp16     |     0.0169 |       0.0087 |       0.0136 |       0.0183 |        1.94 |        1.24 |        0.93
M=1024    | fp16     |     0.0184 |       0.0111 |       0.0252 |       0.0199 |        1.65 |        0.73 |        0.92
M=1536    | fp16     |     0.0338 |       0.0185 |       0.0360 |       0.0359 |        1.83 |        0.94 |        0.94
M=2048    | fp16     |     0.0349 |       0.0202 |       0.0469 |       0.0373 |        1.72 |        0.74 |        0.93
M=2560    | fp16     |     0.0504 |       0.0271 |       0.0583 |       0.0522 |        1.86 |        0.87 |        0.97
M=3072    | fp16     |     0.0513 |       0.0287 |       0.0687 |       0.0533 |        1.79 |        0.75 |        0.96
M=3584    | fp16     |     0.0659 |       0.0340 |       0.0788 |       0.0661 |        1.94 |        0.84 |        1.00
M=4096    | fp16     |     0.0675 |       0.0373 |       0.0899 |       0.0702 |        1.81 |        0.75 |        0.96
M=4608    | fp16     |     0.0821 |       0.0442 |       0.1014 |       0.0867 |        1.86 |        0.81 |        0.95
M=5120    | fp16     |     0.0828 |       0.0451 |       0.1118 |       0.0872 |        1.84 |        0.74 |        0.95
M=5632    | fp16     |     0.0979 |       0.0494 |       0.1217 |       0.0978 |        1.98 |        0.80 |        1.00
M=6144    | fp16     |     0.0997 |       0.0524 |       0.1316 |       0.1008 |        1.90 |        0.76 |        0.99
M=6656    | fp16     |     0.1118 |       0.0563 |       0.1421 |       0.1152 |        1.99 |        0.79 |        0.97
M=7168    | fp16     |     0.1149 |       0.0601 |       0.1514 |       0.1164 |        1.91 |        0.76 |        0.99
M=7680    | fp16     |     0.1276 |       0.0627 |       0.1614 |       0.1276 |        2.03 |        0.79 |        1.00
M=8192    | fp16     |     0.1321 |       0.0684 |       0.1711 |       0.1326 |        1.93 |        0.77 |        1.00
M=8704    | fp16     |     0.1443 |       0.0727 |       0.1825 |       0.1486 |        1.99 |        0.79 |        0.97
M=9216    | fp16     |     0.1472 |       0.0753 |       0.1918 |       0.1504 |        1.95 |        0.77 |        0.98
M=9728    | fp16     |     0.1593 |       0.0774 |       0.2012 |       0.1589 |        2.06 |        0.79 |        1.00
M=10240   | fp16     |     0.1623 |       0.0812 |       0.2126 |       0.1628 |        2.00 |        0.76 |        1.00
Summary CSV     → /projects/kzhou6/bcui2/research/tilebench/Tilebench-gh200/results/GH200/csv/block_sparse_attention_default.csv
