GPU/result namespace: GH200 (detected device: NVIDIA GH200 480GB, arch: hopper)
Starting benchmark for operator: cross_entropy
Tile-language backends: torch (baseline) + cutile, tilelang, triton
  NKI not selected (--tile-language)
Running case: {'num_classes': 512, 'batch_size': 512}, dtype=fp16
2026-10-01 05:11:19,871 WARNING:Tunable parameters ['threads'] already provided during auto-tuning. Skipping compilation and using direct JIT
  NKI skipped (not available)
Running case: {'num_classes': 512, 'batch_size': 512}, dtype=fp32
2026-10-01 05:11:20,368 WARNING:Tunable parameters ['threads'] already provided during auto-tuning. Skipping compilation and using direct JIT
  NKI skipped (not available)
Running case: {'num_classes': 512, 'batch_size': 1024}, dtype=fp16
2026-10-01 05:11:20,665 WARNING:Tunable parameters ['threads'] already provided during auto-tuning. Skipping compilation and using direct JIT
2026-10-01 05:11:20  [TileLang:tilelang.cache.kernel_cache:WARNING] (kernel_cache.py:350): Found kernel 'cross_entropy_kernel' in memory cache. For better performance, consider using `@tilelang.jit` instead of direct kernel caching.
  NKI skipped (not available)
Running case: {'num_classes': 512, 'batch_size': 1024}, dtype=fp32
2026-10-01 05:11:20,927 WARNING:Tunable parameters ['threads'] already provided during auto-tuning. Skipping compilation and using direct JIT
2026-10-01 05:11:20  [TileLang:tilelang.cache.kernel_cache:WARNING] (kernel_cache.py:350): Found kernel 'cross_entropy_kernel' in memory cache. For better performance, consider using `@tilelang.jit` instead of direct kernel caching.
  NKI skipped (not available)
Running case: {'num_classes': 512, 'batch_size': 1536}, dtype=fp16
2026-10-01 05:11:21,187 WARNING:Tunable parameters ['threads'] already provided during auto-tuning. Skipping compilation and using direct JIT
2026-10-01 05:11:21  [TileLang:tilelang.cache.kernel_cache:WARNING] (kernel_cache.py:350): Found kernel 'cross_entropy_kernel' in memory cache. For better performance, consider using `@tilelang.jit` instead of direct kernel caching.
  NKI skipped (not available)
Running case: {'num_classes': 512, 'batch_size': 1536}, dtype=fp32
2026-10-01 05:11:21,447 WARNING:Tunable parameters ['threads'] already provided during auto-tuning. Skipping compilation and using direct JIT
2026-10-01 05:11:21  [TileLang:tilelang.cache.kernel_cache:WARNING] (kernel_cache.py:350): Found kernel 'cross_entropy_kernel' in memory cache. For better performance, consider using `@tilelang.jit` instead of direct kernel caching.
  NKI skipped (not available)
Running case: {'num_classes': 512, 'batch_size': 2048}, dtype=fp16
2026-10-01 05:11:21,708 WARNING:Tunable parameters ['threads'] already provided during auto-tuning. Skipping compilation and using direct JIT
2026-10-01 05:11:21  [TileLang:tilelang.cache.kernel_cache:WARNING] (kernel_cache.py:350): Found kernel 'cross_entropy_kernel' in memory cache. For better performance, consider using `@tilelang.jit` instead of direct kernel caching.
  NKI skipped (not available)
Running case: {'num_classes': 512, 'batch_size': 2048}, dtype=fp32
2026-10-01 05:11:21,968 WARNING:Tunable parameters ['threads'] already provided during auto-tuning. Skipping compilation and using direct JIT
2026-10-01 05:11:21  [TileLang:tilelang.cache.kernel_cache:WARNING] (kernel_cache.py:350): Found kernel 'cross_entropy_kernel' in memory cache. For better performance, consider using `@tilelang.jit` instead of direct kernel caching.
  NKI skipped (not available)
Running case: {'num_classes': 512, 'batch_size': 2560}, dtype=fp16
2026-10-01 05:11:22,292 WARNING:Tunable parameters ['threads'] already provided during auto-tuning. Skipping compilation and using direct JIT
2026-10-01 05:11:22  [TileLang:tilelang.cache.kernel_cache:WARNING] (kernel_cache.py:350): Found kernel 'cross_entropy_kernel' in memory cache. For better performance, consider using `@tilelang.jit` instead of direct kernel caching.
  NKI skipped (not available)
Running case: {'num_classes': 512, 'batch_size': 2560}, dtype=fp32
2026-10-01 05:11:22,553 WARNING:Tunable parameters ['threads'] already provided during auto-tuning. Skipping compilation and using direct JIT
2026-10-01 05:11:22  [TileLang:tilelang.cache.kernel_cache:WARNING] (kernel_cache.py:350): Found kernel 'cross_entropy_kernel' in memory cache. For better performance, consider using `@tilelang.jit` instead of direct kernel caching.
  NKI skipped (not available)
Running case: {'num_classes': 512, 'batch_size': 3072}, dtype=fp16
2026-10-01 05:11:22,814 WARNING:Tunable parameters ['threads'] already provided during auto-tuning. Skipping compilation and using direct JIT
2026-10-01 05:11:22  [TileLang:tilelang.cache.kernel_cache:WARNING] (kernel_cache.py:350): Found kernel 'cross_entropy_kernel' in memory cache. For better performance, consider using `@tilelang.jit` instead of direct kernel caching.
  NKI skipped (not available)
Running case: {'num_classes': 512, 'batch_size': 3072}, dtype=fp32
2026-10-01 05:11:23,074 WARNING:Tunable parameters ['threads'] already provided during auto-tuning. Skipping compilation and using direct JIT
2026-10-01 05:11:23  [TileLang:tilelang.cache.kernel_cache:WARNING] (kernel_cache.py:350): Found kernel 'cross_entropy_kernel' in memory cache. For better performance, consider using `@tilelang.jit` instead of direct kernel caching.
  NKI skipped (not available)
Running case: {'num_classes': 512, 'batch_size': 3584}, dtype=fp16
2026-10-01 05:11:23,334 WARNING:Tunable parameters ['threads'] already provided during auto-tuning. Skipping compilation and using direct JIT
2026-10-01 05:11:23  [TileLang:tilelang.cache.kernel_cache:WARNING] (kernel_cache.py:350): Found kernel 'cross_entropy_kernel' in memory cache. For better performance, consider using `@tilelang.jit` instead of direct kernel caching.
  NKI skipped (not available)
Running case: {'num_classes': 512, 'batch_size': 3584}, dtype=fp32
2026-10-01 05:11:23,656 WARNING:Tunable parameters ['threads'] already provided during auto-tuning. Skipping compilation and using direct JIT
2026-10-01 05:11:23  [TileLang:tilelang.cache.kernel_cache:WARNING] (kernel_cache.py:350): Found kernel 'cross_entropy_kernel' in memory cache. For better performance, consider using `@tilelang.jit` instead of direct kernel caching.
  NKI skipped (not available)
Running case: {'num_classes': 512, 'batch_size': 4096}, dtype=fp16
2026-10-01 05:11:23,919 WARNING:Tunable parameters ['threads'] already provided during auto-tuning. Skipping compilation and using direct JIT
2026-10-01 05:11:23  [TileLang:tilelang.cache.kernel_cache:WARNING] (kernel_cache.py:350): Found kernel 'cross_entropy_kernel' in memory cache. For better performance, consider using `@tilelang.jit` instead of direct kernel caching.
  NKI skipped (not available)
Running case: {'num_classes': 512, 'batch_size': 4096}, dtype=fp32
2026-10-01 05:11:24,179 WARNING:Tunable parameters ['threads'] already provided during auto-tuning. Skipping compilation and using direct JIT
2026-10-01 05:11:24  [TileLang:tilelang.cache.kernel_cache:WARNING] (kernel_cache.py:350): Found kernel 'cross_entropy_kernel' in memory cache. For better performance, consider using `@tilelang.jit` instead of direct kernel caching.
  NKI skipped (not available)
Running case: {'num_classes': 512, 'batch_size': 4608}, dtype=fp16
2026-10-01 05:11:24,439 WARNING:Tunable parameters ['threads'] already provided during auto-tuning. Skipping compilation and using direct JIT
2026-10-01 05:11:24  [TileLang:tilelang.cache.kernel_cache:WARNING] (kernel_cache.py:350): Found kernel 'cross_entropy_kernel' in memory cache. For better performance, consider using `@tilelang.jit` instead of direct kernel caching.
  NKI skipped (not available)
Running case: {'num_classes': 512, 'batch_size': 4608}, dtype=fp32
2026-10-01 05:11:24,699 WARNING:Tunable parameters ['threads'] already provided during auto-tuning. Skipping compilation and using direct JIT
2026-10-01 05:11:24  [TileLang:tilelang.cache.kernel_cache:WARNING] (kernel_cache.py:350): Found kernel 'cross_entropy_kernel' in memory cache. For better performance, consider using `@tilelang.jit` instead of direct kernel caching.
  NKI skipped (not available)
Running case: {'num_classes': 512, 'batch_size': 5120}, dtype=fp16
2026-10-01 05:11:24,959 WARNING:Tunable parameters ['threads'] already provided during auto-tuning. Skipping compilation and using direct JIT
2026-10-01 05:11:24  [TileLang:tilelang.cache.kernel_cache:WARNING] (kernel_cache.py:350): Found kernel 'cross_entropy_kernel' in memory cache. For better performance, consider using `@tilelang.jit` instead of direct kernel caching.
  NKI skipped (not available)
Running case: {'num_classes': 512, 'batch_size': 5120}, dtype=fp32
2026-10-01 05:11:25,219 WARNING:Tunable parameters ['threads'] already provided during auto-tuning. Skipping compilation and using direct JIT
2026-10-01 05:11:25  [TileLang:tilelang.cache.kernel_cache:WARNING] (kernel_cache.py:350): Found kernel 'cross_entropy_kernel' in memory cache. For better performance, consider using `@tilelang.jit` instead of direct kernel caching.
  NKI skipped (not available)
Running case: {'num_classes': 512, 'batch_size': 5632}, dtype=fp16
2026-10-01 05:11:25,481 WARNING:Tunable parameters ['threads'] already provided during auto-tuning. Skipping compilation and using direct JIT
2026-10-01 05:11:25  [TileLang:tilelang.cache.kernel_cache:WARNING] (kernel_cache.py:350): Found kernel 'cross_entropy_kernel' in memory cache. For better performance, consider using `@tilelang.jit` instead of direct kernel caching.
  NKI skipped (not available)
Running case: {'num_classes': 512, 'batch_size': 5632}, dtype=fp32
2026-10-01 05:11:25,742 WARNING:Tunable parameters ['threads'] already provided during auto-tuning. Skipping compilation and using direct JIT
2026-10-01 05:11:25  [TileLang:tilelang.cache.kernel_cache:WARNING] (kernel_cache.py:350): Found kernel 'cross_entropy_kernel' in memory cache. For better performance, consider using `@tilelang.jit` instead of direct kernel caching.
  NKI skipped (not available)
Running case: {'num_classes': 512, 'batch_size': 6144}, dtype=fp16
2026-10-01 05:11:26,008 WARNING:Tunable parameters ['threads'] already provided during auto-tuning. Skipping compilation and using direct JIT
2026-10-01 05:11:26  [TileLang:tilelang.cache.kernel_cache:WARNING] (kernel_cache.py:350): Found kernel 'cross_entropy_kernel' in memory cache. For better performance, consider using `@tilelang.jit` instead of direct kernel caching.
  NKI skipped (not available)
Running case: {'num_classes': 512, 'batch_size': 6144}, dtype=fp32
2026-10-01 05:11:26,269 WARNING:Tunable parameters ['threads'] already provided during auto-tuning. Skipping compilation and using direct JIT
2026-10-01 05:11:26  [TileLang:tilelang.cache.kernel_cache:WARNING] (kernel_cache.py:350): Found kernel 'cross_entropy_kernel' in memory cache. For better performance, consider using `@tilelang.jit` instead of direct kernel caching.
  NKI skipped (not available)
Running case: {'num_classes': 512, 'batch_size': 6656}, dtype=fp16
2026-10-01 05:11:26,530 WARNING:Tunable parameters ['threads'] already provided during auto-tuning. Skipping compilation and using direct JIT
2026-10-01 05:11:26  [TileLang:tilelang.cache.kernel_cache:WARNING] (kernel_cache.py:350): Found kernel 'cross_entropy_kernel' in memory cache. For better performance, consider using `@tilelang.jit` instead of direct kernel caching.
  NKI skipped (not available)
Running case: {'num_classes': 512, 'batch_size': 6656}, dtype=fp32
2026-10-01 05:11:26,791 WARNING:Tunable parameters ['threads'] already provided during auto-tuning. Skipping compilation and using direct JIT
2026-10-01 05:11:26  [TileLang:tilelang.cache.kernel_cache:WARNING] (kernel_cache.py:350): Found kernel 'cross_entropy_kernel' in memory cache. For better performance, consider using `@tilelang.jit` instead of direct kernel caching.
  NKI skipped (not available)
Running case: {'num_classes': 512, 'batch_size': 7168}, dtype=fp16
2026-10-01 05:11:27,051 WARNING:Tunable parameters ['threads'] already provided during auto-tuning. Skipping compilation and using direct JIT
2026-10-01 05:11:27  [TileLang:tilelang.cache.kernel_cache:WARNING] (kernel_cache.py:350): Found kernel 'cross_entropy_kernel' in memory cache. For better performance, consider using `@tilelang.jit` instead of direct kernel caching.
  NKI skipped (not available)
Running case: {'num_classes': 512, 'batch_size': 7168}, dtype=fp32
2026-10-01 05:11:27,314 WARNING:Tunable parameters ['threads'] already provided during auto-tuning. Skipping compilation and using direct JIT
2026-10-01 05:11:27  [TileLang:tilelang.cache.kernel_cache:WARNING] (kernel_cache.py:350): Found kernel 'cross_entropy_kernel' in memory cache. For better performance, consider using `@tilelang.jit` instead of direct kernel caching.
  NKI skipped (not available)
Running case: {'num_classes': 512, 'batch_size': 7680}, dtype=fp16
2026-10-01 05:11:27,575 WARNING:Tunable parameters ['threads'] already provided during auto-tuning. Skipping compilation and using direct JIT
2026-10-01 05:11:27  [TileLang:tilelang.cache.kernel_cache:WARNING] (kernel_cache.py:350): Found kernel 'cross_entropy_kernel' in memory cache. For better performance, consider using `@tilelang.jit` instead of direct kernel caching.
  NKI skipped (not available)
Running case: {'num_classes': 512, 'batch_size': 7680}, dtype=fp32
2026-10-01 05:11:27,896 WARNING:Tunable parameters ['threads'] already provided during auto-tuning. Skipping compilation and using direct JIT
2026-10-01 05:11:27  [TileLang:tilelang.cache.kernel_cache:WARNING] (kernel_cache.py:350): Found kernel 'cross_entropy_kernel' in memory cache. For better performance, consider using `@tilelang.jit` instead of direct kernel caching.
  NKI skipped (not available)
Running case: {'num_classes': 512, 'batch_size': 8192}, dtype=fp16
2026-10-01 05:11:28,171 WARNING:Tunable parameters ['threads'] already provided during auto-tuning. Skipping compilation and using direct JIT
2026-10-01 05:11:28  [TileLang:tilelang.cache.kernel_cache:WARNING] (kernel_cache.py:350): Found kernel 'cross_entropy_kernel' in memory cache. For better performance, consider using `@tilelang.jit` instead of direct kernel caching.
  NKI skipped (not available)
Running case: {'num_classes': 512, 'batch_size': 8192}, dtype=fp32
2026-10-01 05:11:28,438 WARNING:Tunable parameters ['threads'] already provided during auto-tuning. Skipping compilation and using direct JIT
2026-10-01 05:11:28  [TileLang:tilelang.cache.kernel_cache:WARNING] (kernel_cache.py:350): Found kernel 'cross_entropy_kernel' in memory cache. For better performance, consider using `@tilelang.jit` instead of direct kernel caching.
  NKI skipped (not available)
Running case: {'num_classes': 512, 'batch_size': 8704}, dtype=fp16
2026-10-01 05:11:28,702 WARNING:Tunable parameters ['threads'] already provided during auto-tuning. Skipping compilation and using direct JIT
2026-10-01 05:11:28  [TileLang:tilelang.cache.kernel_cache:WARNING] (kernel_cache.py:350): Found kernel 'cross_entropy_kernel' in memory cache. For better performance, consider using `@tilelang.jit` instead of direct kernel caching.
  NKI skipped (not available)
Running case: {'num_classes': 512, 'batch_size': 8704}, dtype=fp32
2026-10-01 05:11:28,973 WARNING:Tunable parameters ['threads'] already provided during auto-tuning. Skipping compilation and using direct JIT
2026-10-01 05:11:29  [TileLang:tilelang.cache.kernel_cache:WARNING] (kernel_cache.py:350): Found kernel 'cross_entropy_kernel' in memory cache. For better performance, consider using `@tilelang.jit` instead of direct kernel caching.
  NKI skipped (not available)
Running case: {'num_classes': 512, 'batch_size': 9216}, dtype=fp16
2026-10-01 05:11:29,235 WARNING:Tunable parameters ['threads'] already provided during auto-tuning. Skipping compilation and using direct JIT
2026-10-01 05:11:29  [TileLang:tilelang.cache.kernel_cache:WARNING] (kernel_cache.py:350): Found kernel 'cross_entropy_kernel' in memory cache. For better performance, consider using `@tilelang.jit` instead of direct kernel caching.
  NKI skipped (not available)
Running case: {'num_classes': 512, 'batch_size': 9216}, dtype=fp32
2026-10-01 05:11:29,503 WARNING:Tunable parameters ['threads'] already provided during auto-tuning. Skipping compilation and using direct JIT
2026-10-01 05:11:29  [TileLang:tilelang.cache.kernel_cache:WARNING] (kernel_cache.py:350): Found kernel 'cross_entropy_kernel' in memory cache. For better performance, consider using `@tilelang.jit` instead of direct kernel caching.
  NKI skipped (not available)
Running case: {'num_classes': 512, 'batch_size': 9728}, dtype=fp16
2026-10-01 05:11:29,765 WARNING:Tunable parameters ['threads'] already provided during auto-tuning. Skipping compilation and using direct JIT
2026-10-01 05:11:29  [TileLang:tilelang.cache.kernel_cache:WARNING] (kernel_cache.py:350): Found kernel 'cross_entropy_kernel' in memory cache. For better performance, consider using `@tilelang.jit` instead of direct kernel caching.
  NKI skipped (not available)
Running case: {'num_classes': 512, 'batch_size': 9728}, dtype=fp32
2026-10-01 05:11:30,028 WARNING:Tunable parameters ['threads'] already provided during auto-tuning. Skipping compilation and using direct JIT
2026-10-01 05:11:30  [TileLang:tilelang.cache.kernel_cache:WARNING] (kernel_cache.py:350): Found kernel 'cross_entropy_kernel' in memory cache. For better performance, consider using `@tilelang.jit` instead of direct kernel caching.
  NKI skipped (not available)
Running case: {'num_classes': 512, 'batch_size': 10240}, dtype=fp16
2026-10-01 05:11:30,291 WARNING:Tunable parameters ['threads'] already provided during auto-tuning. Skipping compilation and using direct JIT
2026-10-01 05:11:30  [TileLang:tilelang.cache.kernel_cache:WARNING] (kernel_cache.py:350): Found kernel 'cross_entropy_kernel' in memory cache. For better performance, consider using `@tilelang.jit` instead of direct kernel caching.
  NKI skipped (not available)
Running case: {'num_classes': 512, 'batch_size': 10240}, dtype=fp32
2026-10-01 05:11:30,623 WARNING:Tunable parameters ['threads'] already provided during auto-tuning. Skipping compilation and using direct JIT
2026-10-01 05:11:30  [TileLang:tilelang.cache.kernel_cache:WARNING] (kernel_cache.py:350): Found kernel 'cross_entropy_kernel' in memory cache. For better performance, consider using `@tilelang.jit` instead of direct kernel caching.
  NKI skipped (not available)
Timing results  → /projects/kzhou6/bcui2/research/tilebench/Tilebench-gh200/results/GH200/logs/time_measurement_logs/cross_entropy_default_triton-cutile-tilelang.json
Autotune log    → /projects/kzhou6/bcui2/research/tilebench/Tilebench-gh200/results/GH200/logs/autotune_logs/cross_entropy_default_triton-cutile-tilelang.json
TileLang autotuner log → /projects/kzhou6/bcui2/research/tilebench/Tilebench-gh200/results/GH200/logs/tilelang_autotuner/cross_entropy_default_triton-cutile-tilelang.log
Provenance      → /projects/kzhou6/bcui2/research/tilebench/Tilebench-gh200/results/GH200/logs/provenance/cross_entropy_default_triton-cutile-tilelang.json

Summary:
Params             |    Dtype |  Torch(ms) |   Triton(ms) |   cuTile(ms) | TileLang(ms) |  Speedup(T) |  Speedup(C) | Speedup(TL)
---------------------------------------------------------------------------------------------------------------------------------
batch_size=512     | fp16     |     0.0067 |       0.0026 |       0.0028 |       0.0025 |        2.58 |        2.45 |        2.67
batch_size=512     | fp32     |     0.0061 |       0.0028 |       0.0027 |       0.0027 |        2.15 |        2.25 |        2.25
batch_size=1024    | fp16     |     0.0077 |       0.0032 |       0.0034 |       0.0032 |        2.42 |        2.26 |        2.43
batch_size=1024    | fp32     |     0.0069 |       0.0037 |       0.0034 |       0.0036 |        1.89 |        2.02 |        1.93
batch_size=1536    | fp16     |     0.0080 |       0.0046 |       0.0037 |       0.0044 |        1.72 |        2.17 |        1.82
batch_size=1536    | fp32     |     0.0075 |       0.0050 |       0.0040 |       0.0047 |        1.50 |        1.87 |        1.60
batch_size=2048    | fp16     |     0.0085 |       0.0052 |       0.0043 |       0.0052 |        1.62 |        1.97 |        1.64
batch_size=2048    | fp32     |     0.0082 |       0.0057 |       0.0047 |       0.0054 |        1.45 |        1.76 |        1.52
batch_size=2560    | fp16     |     0.0088 |       0.0064 |       0.0055 |       0.0060 |        1.38 |        1.60 |        1.47
batch_size=2560    | fp32     |     0.0087 |       0.0070 |       0.0054 |       0.0064 |        1.25 |        1.62 |        1.37
batch_size=3072    | fp16     |     0.0090 |       0.0070 |       0.0060 |       0.0065 |        1.29 |        1.51 |        1.39
batch_size=3072    | fp32     |     0.0092 |       0.0073 |       0.0056 |       0.0070 |        1.27 |        1.64 |        1.32
batch_size=3584    | fp16     |     0.0093 |       0.0082 |       0.0066 |       0.0076 |        1.14 |        1.41 |        1.21
batch_size=3584    | fp32     |     0.0101 |       0.0085 |       0.0062 |       0.0079 |        1.18 |        1.62 |        1.27
batch_size=4096    | fp16     |     0.0094 |       0.0088 |       0.0069 |       0.0082 |        1.06 |        1.35 |        1.15
batch_size=4096    | fp32     |     0.0104 |       0.0092 |       0.0067 |       0.0089 |        1.12 |        1.55 |        1.16
batch_size=4608    | fp16     |     0.0101 |       0.0098 |       0.0081 |       0.0091 |        1.03 |        1.25 |        1.11
batch_size=4608    | fp32     |     0.0114 |       0.0101 |       0.0075 |       0.0093 |        1.14 |        1.52 |        1.22
batch_size=5120    | fp16     |     0.0103 |       0.0106 |       0.0086 |       0.0099 |        0.97 |        1.20 |        1.04
batch_size=5120    | fp32     |     0.0116 |       0.0111 |       0.0082 |       0.0106 |        1.04 |        1.40 |        1.09
batch_size=5632    | fp16     |     0.0105 |       0.0112 |       0.0089 |       0.0107 |        0.94 |        1.18 |        0.98
batch_size=5632    | fp32     |     0.0124 |       0.0121 |       0.0085 |       0.0111 |        1.02 |        1.46 |        1.11
batch_size=6144    | fp16     |     0.0113 |       0.0123 |       0.0093 |       0.0115 |        0.92 |        1.22 |        0.98
batch_size=6144    | fp32     |     0.0127 |       0.0128 |       0.0090 |       0.0116 |        1.00 |        1.42 |        1.09
batch_size=6656    | fp16     |     0.0128 |       0.0129 |       0.0104 |       0.0123 |        0.99 |        1.22 |        1.04
batch_size=6656    | fp32     |     0.0132 |       0.0134 |       0.0099 |       0.0127 |        0.99 |        1.34 |        1.04
batch_size=7168    | fp16     |     0.0132 |       0.0137 |       0.0107 |       0.0130 |        0.96 |        1.23 |        1.01
batch_size=7168    | fp32     |     0.0143 |       0.0145 |       0.0104 |       0.0134 |        0.99 |        1.38 |        1.07
batch_size=7680    | fp16     |     0.0139 |       0.0147 |       0.0113 |       0.0138 |        0.94 |        1.22 |        1.01
batch_size=7680    | fp32     |     0.0149 |       0.0155 |       0.0113 |       0.0146 |        0.96 |        1.33 |        1.03
batch_size=8192    | fp16     |     0.0141 |       0.0152 |       0.0118 |       0.0146 |        0.93 |        1.20 |        0.96
batch_size=8192    | fp32     |     0.0159 |       0.0164 |       0.0118 |       0.0152 |        0.97 |        1.34 |        1.04
batch_size=8704    | fp16     |     0.0140 |       0.0162 |       0.0130 |       0.0153 |        0.86 |        1.08 |        0.91
batch_size=8704    | fp32     |     0.0159 |       0.0172 |       0.0120 |       0.0159 |        0.92 |        1.33 |        1.00
batch_size=9216    | fp16     |     0.0141 |       0.0169 |       0.0135 |       0.0163 |        0.83 |        1.05 |        0.87
batch_size=9216    | fp32     |     0.0168 |       0.0184 |       0.0128 |       0.0169 |        0.91 |        1.31 |        1.00
batch_size=9728    | fp16     |     0.0144 |       0.0179 |       0.0139 |       0.0168 |        0.80 |        1.04 |        0.85
batch_size=9728    | fp32     |     0.0173 |       0.0191 |       0.0132 |       0.0176 |        0.90 |        1.31 |        0.98
batch_size=10240   | fp16     |     0.0149 |       0.0185 |       0.0143 |       0.0177 |        0.81 |        1.04 |        0.84
batch_size=10240   | fp32     |     0.0181 |       0.0198 |       0.0139 |       0.0185 |        0.91 |        1.30 |        0.98
Summary CSV     → /projects/kzhou6/bcui2/research/tilebench/Tilebench-gh200/results/GH200/csv/cross_entropy_default.csv
