GPU/result namespace: GH200 (detected device: NVIDIA GH200 480GB, arch: hopper)
Starting benchmark for operator: dequantize_rowwise
Tile-language backends: torch (baseline) + cutile, tilelang, triton
  NKI not selected (--tile-language)
Running case: {'rows': 512, 'cols': 512}, dtype=int8
2026-10-01 05:11:35,269 WARNING:Tunable parameters ['CHUNK', 'threads'] already provided during auto-tuning. Skipping compilation and using direct JIT
  NKI skipped (not available)
Running case: {'rows': 512, 'cols': 1024}, dtype=int8
2026-10-01 05:11:35,639 WARNING:Tunable parameters ['CHUNK', 'threads'] already provided during auto-tuning. Skipping compilation and using direct JIT
  NKI skipped (not available)
Running case: {'rows': 512, 'cols': 2048}, dtype=int8
2026-10-01 05:11:36,089 WARNING:Tunable parameters ['CHUNK', 'threads'] already provided during auto-tuning. Skipping compilation and using direct JIT
  NKI skipped (not available)
Running case: {'rows': 512, 'cols': 4096}, dtype=int8
2026-10-01 05:11:36,422 WARNING:Tunable parameters ['CHUNK', 'threads'] already provided during auto-tuning. Skipping compilation and using direct JIT
  NKI skipped (not available)
Running case: {'rows': 512, 'cols': 8192}, dtype=int8
2026-10-01 05:11:36,708 WARNING:Tunable parameters ['CHUNK', 'threads'] already provided during auto-tuning. Skipping compilation and using direct JIT
  NKI skipped (not available)
Running case: {'rows': 1024, 'cols': 512}, dtype=int8
2026-10-01 05:11:36,813 WARNING:Tunable parameters ['CHUNK', 'threads'] already provided during auto-tuning. Skipping compilation and using direct JIT
2026-10-01 05:11:36  [TileLang:tilelang.cache.kernel_cache:WARNING] (kernel_cache.py:350): Found kernel 'dequantize_rowwise_kernel' in memory cache. For better performance, consider using `@tilelang.jit` instead of direct kernel caching.
  NKI skipped (not available)
Running case: {'rows': 1024, 'cols': 1024}, dtype=int8
2026-10-01 05:11:36,888 WARNING:Tunable parameters ['CHUNK', 'threads'] already provided during auto-tuning. Skipping compilation and using direct JIT
2026-10-01 05:11:36  [TileLang:tilelang.cache.kernel_cache:WARNING] (kernel_cache.py:350): Found kernel 'dequantize_rowwise_kernel' in memory cache. For better performance, consider using `@tilelang.jit` instead of direct kernel caching.
  NKI skipped (not available)
Running case: {'rows': 1024, 'cols': 2048}, dtype=int8
2026-10-01 05:11:36,959 WARNING:Tunable parameters ['CHUNK', 'threads'] already provided during auto-tuning. Skipping compilation and using direct JIT
2026-10-01 05:11:36  [TileLang:tilelang.cache.kernel_cache:WARNING] (kernel_cache.py:350): Found kernel 'dequantize_rowwise_kernel' in memory cache. For better performance, consider using `@tilelang.jit` instead of direct kernel caching.
  NKI skipped (not available)
Running case: {'rows': 1024, 'cols': 4096}, dtype=int8
2026-10-01 05:11:37,033 WARNING:Tunable parameters ['CHUNK', 'threads'] already provided during auto-tuning. Skipping compilation and using direct JIT
2026-10-01 05:11:37  [TileLang:tilelang.cache.kernel_cache:WARNING] (kernel_cache.py:350): Found kernel 'dequantize_rowwise_kernel' in memory cache. For better performance, consider using `@tilelang.jit` instead of direct kernel caching.
  NKI skipped (not available)
Running case: {'rows': 1024, 'cols': 8192}, dtype=int8
2026-10-01 05:11:37,118 WARNING:Tunable parameters ['CHUNK', 'threads'] already provided during auto-tuning. Skipping compilation and using direct JIT
2026-10-01 05:11:37  [TileLang:tilelang.cache.kernel_cache:WARNING] (kernel_cache.py:350): Found kernel 'dequantize_rowwise_kernel' in memory cache. For better performance, consider using `@tilelang.jit` instead of direct kernel caching.
  NKI skipped (not available)
Running case: {'rows': 2048, 'cols': 512}, dtype=int8
2026-10-01 05:11:37,189 WARNING:Tunable parameters ['CHUNK', 'threads'] already provided during auto-tuning. Skipping compilation and using direct JIT
2026-10-01 05:11:37  [TileLang:tilelang.cache.kernel_cache:WARNING] (kernel_cache.py:350): Found kernel 'dequantize_rowwise_kernel' in memory cache. For better performance, consider using `@tilelang.jit` instead of direct kernel caching.
  NKI skipped (not available)
Running case: {'rows': 2048, 'cols': 1024}, dtype=int8
2026-10-01 05:11:37,261 WARNING:Tunable parameters ['CHUNK', 'threads'] already provided during auto-tuning. Skipping compilation and using direct JIT
2026-10-01 05:11:37  [TileLang:tilelang.cache.kernel_cache:WARNING] (kernel_cache.py:350): Found kernel 'dequantize_rowwise_kernel' in memory cache. For better performance, consider using `@tilelang.jit` instead of direct kernel caching.
  NKI skipped (not available)
Running case: {'rows': 2048, 'cols': 2048}, dtype=int8
2026-10-01 05:11:37,333 WARNING:Tunable parameters ['CHUNK', 'threads'] already provided during auto-tuning. Skipping compilation and using direct JIT
2026-10-01 05:11:37  [TileLang:tilelang.cache.kernel_cache:WARNING] (kernel_cache.py:350): Found kernel 'dequantize_rowwise_kernel' in memory cache. For better performance, consider using `@tilelang.jit` instead of direct kernel caching.
  NKI skipped (not available)
Running case: {'rows': 2048, 'cols': 4096}, dtype=int8
2026-10-01 05:11:37,406 WARNING:Tunable parameters ['CHUNK', 'threads'] already provided during auto-tuning. Skipping compilation and using direct JIT
2026-10-01 05:11:37  [TileLang:tilelang.cache.kernel_cache:WARNING] (kernel_cache.py:350): Found kernel 'dequantize_rowwise_kernel' in memory cache. For better performance, consider using `@tilelang.jit` instead of direct kernel caching.
  NKI skipped (not available)
Running case: {'rows': 2048, 'cols': 8192}, dtype=int8
2026-10-01 05:11:37,483 WARNING:Tunable parameters ['CHUNK', 'threads'] already provided during auto-tuning. Skipping compilation and using direct JIT
2026-10-01 05:11:37  [TileLang:tilelang.cache.kernel_cache:WARNING] (kernel_cache.py:350): Found kernel 'dequantize_rowwise_kernel' in memory cache. For better performance, consider using `@tilelang.jit` instead of direct kernel caching.
  NKI skipped (not available)
Running case: {'rows': 4096, 'cols': 512}, dtype=int8
2026-10-01 05:11:37,554 WARNING:Tunable parameters ['CHUNK', 'threads'] already provided during auto-tuning. Skipping compilation and using direct JIT
2026-10-01 05:11:37  [TileLang:tilelang.cache.kernel_cache:WARNING] (kernel_cache.py:350): Found kernel 'dequantize_rowwise_kernel' in memory cache. For better performance, consider using `@tilelang.jit` instead of direct kernel caching.
  NKI skipped (not available)
Running case: {'rows': 4096, 'cols': 1024}, dtype=int8
2026-10-01 05:11:37,626 WARNING:Tunable parameters ['CHUNK', 'threads'] already provided during auto-tuning. Skipping compilation and using direct JIT
2026-10-01 05:11:37  [TileLang:tilelang.cache.kernel_cache:WARNING] (kernel_cache.py:350): Found kernel 'dequantize_rowwise_kernel' in memory cache. For better performance, consider using `@tilelang.jit` instead of direct kernel caching.
  NKI skipped (not available)
Running case: {'rows': 4096, 'cols': 2048}, dtype=int8
2026-10-01 05:11:37,700 WARNING:Tunable parameters ['CHUNK', 'threads'] already provided during auto-tuning. Skipping compilation and using direct JIT
2026-10-01 05:11:37  [TileLang:tilelang.cache.kernel_cache:WARNING] (kernel_cache.py:350): Found kernel 'dequantize_rowwise_kernel' in memory cache. For better performance, consider using `@tilelang.jit` instead of direct kernel caching.
  NKI skipped (not available)
Running case: {'rows': 4096, 'cols': 4096}, dtype=int8
2026-10-01 05:11:37,776 WARNING:Tunable parameters ['CHUNK', 'threads'] already provided during auto-tuning. Skipping compilation and using direct JIT
2026-10-01 05:11:37  [TileLang:tilelang.cache.kernel_cache:WARNING] (kernel_cache.py:350): Found kernel 'dequantize_rowwise_kernel' in memory cache. For better performance, consider using `@tilelang.jit` instead of direct kernel caching.
  NKI skipped (not available)
Running case: {'rows': 4096, 'cols': 8192}, dtype=int8
2026-10-01 05:11:37,857 WARNING:Tunable parameters ['CHUNK', 'threads'] already provided during auto-tuning. Skipping compilation and using direct JIT
2026-10-01 05:11:37  [TileLang:tilelang.cache.kernel_cache:WARNING] (kernel_cache.py:350): Found kernel 'dequantize_rowwise_kernel' in memory cache. For better performance, consider using `@tilelang.jit` instead of direct kernel caching.
  NKI skipped (not available)
Timing results  → /projects/kzhou6/bcui2/research/tilebench/Tilebench-gh200/results/GH200/logs/time_measurement_logs/dequantize_rowwise_default_triton-cutile-tilelang.json
Autotune log    → /projects/kzhou6/bcui2/research/tilebench/Tilebench-gh200/results/GH200/logs/autotune_logs/dequantize_rowwise_default_triton-cutile-tilelang.json
TileLang autotuner log → /projects/kzhou6/bcui2/research/tilebench/Tilebench-gh200/results/GH200/logs/tilelang_autotuner/dequantize_rowwise_default_triton-cutile-tilelang.log
Provenance      → /projects/kzhou6/bcui2/research/tilebench/Tilebench-gh200/results/GH200/logs/provenance/dequantize_rowwise_default_triton-cutile-tilelang.json

Summary:
Params                 |    Dtype |  Torch(ms) |   Triton(ms) |   cuTile(ms) | TileLang(ms) |  Speedup(T) |  Speedup(C) | Speedup(TL)
-------------------------------------------------------------------------------------------------------------------------------------
cols=512, rows=512     | int8     |     0.0076 |       0.0018 |       0.0022 |       0.0018 |        4.09 |        3.42 |        4.14
cols=1024, rows=512    | int8     |     0.0084 |       0.0021 |       0.0026 |       0.0020 |        3.99 |        3.24 |        4.14
cols=2048, rows=512    | int8     |     0.0106 |       0.0027 |       0.0033 |       0.0030 |        3.89 |        3.20 |        3.59
cols=4096, rows=512    | int8     |     0.0168 |       0.0042 |       0.0051 |       0.0044 |        3.98 |        3.27 |        3.83
cols=8192, rows=512    | int8     |     0.0299 |       0.0066 |       0.0076 |       0.0067 |        4.51 |        3.93 |        4.46
cols=512, rows=1024    | int8     |     0.0085 |       0.0022 |       0.0028 |       0.0022 |        3.85 |        3.08 |        3.91
cols=1024, rows=1024   | int8     |     0.0110 |       0.0029 |       0.0035 |       0.0028 |        3.83 |        3.13 |        3.91
cols=2048, rows=1024   | int8     |     0.0169 |       0.0046 |       0.0051 |       0.0044 |        3.64 |        3.31 |        3.87
cols=4096, rows=1024   | int8     |     0.0300 |       0.0070 |       0.0079 |       0.0070 |        4.30 |        3.79 |        4.28
cols=8192, rows=1024   | int8     |     0.0637 |       0.0120 |       0.0130 |       0.0119 |        5.31 |        4.91 |        5.37
cols=512, rows=2048    | int8     |     0.0105 |       0.0030 |       0.0035 |       0.0030 |        3.49 |        3.04 |        3.46
cols=1024, rows=2048   | int8     |     0.0167 |       0.0042 |       0.0050 |       0.0041 |        3.95 |        3.32 |        4.05
cols=2048, rows=2048   | int8     |     0.0303 |       0.0069 |       0.0080 |       0.0071 |        4.37 |        3.81 |        4.30
cols=4096, rows=2048   | int8     |     0.0635 |       0.0119 |       0.0132 |       0.0118 |        5.33 |        4.83 |        5.37
cols=8192, rows=2048   | int8     |     0.1371 |       0.0219 |       0.0240 |       0.0220 |        6.25 |        5.72 |        6.24
cols=512, rows=4096    | int8     |     0.0168 |       0.0042 |       0.0054 |       0.0043 |        3.97 |        3.12 |        3.93
cols=1024, rows=4096   | int8     |     0.0303 |       0.0069 |       0.0079 |       0.0068 |        4.39 |        3.84 |        4.45
cols=2048, rows=4096   | int8     |     0.0635 |       0.0119 |       0.0135 |       0.0121 |        5.35 |        4.70 |        5.27
cols=4096, rows=4096   | int8     |     0.1369 |       0.0217 |       0.0241 |       0.0218 |        6.31 |        5.68 |        6.27
cols=8192, rows=4096   | int8     |     0.2635 |       0.0420 |       0.0448 |       0.0419 |        6.27 |        5.88 |        6.30
Summary CSV     → /projects/kzhou6/bcui2/research/tilebench/Tilebench-gh200/results/GH200/csv/dequantize_rowwise_default.csv
