GPU/result namespace: GH200 (detected device: NVIDIA GH200 480GB, arch: hopper)
Starting benchmark for operator: destindex
Tile-language backends: torch (baseline) + cutile, tilelang, triton
  NKI not selected (--tile-language)
Running case: {'batch_size': 1, 'kv_nope_head_num': 12, 'kv_rope_head_num': 1, 'kv_nope_head_dim': 128, 'kv_rope_head_dim': 64, 'seq_len': 2048}, dtype=fp16
2026-10-01 05:11:42,643 WARNING:Tunable parameters ['BLOCK_SIZE', 'threads'] already provided during auto-tuning. Skipping compilation and using direct JIT
2026-10-01 05:11:42,691 WARNING:Tunable parameters ['BLOCK_SIZE', 'threads'] already provided during auto-tuning. Skipping compilation and using direct JIT
  NKI skipped (not available)
Running case: {'batch_size': 1, 'kv_nope_head_num': 12, 'kv_rope_head_num': 1, 'kv_nope_head_dim': 128, 'kv_rope_head_dim': 64, 'seq_len': 2048}, dtype=bf16
2026-10-01 05:11:43,561 WARNING:Tunable parameters ['BLOCK_SIZE', 'threads'] already provided during auto-tuning. Skipping compilation and using direct JIT
2026-10-01 05:11:43,616 WARNING:Tunable parameters ['BLOCK_SIZE', 'threads'] already provided during auto-tuning. Skipping compilation and using direct JIT
  NKI skipped (not available)
Running case: {'batch_size': 1, 'kv_nope_head_num': 12, 'kv_rope_head_num': 1, 'kv_nope_head_dim': 128, 'kv_rope_head_dim': 64, 'seq_len': 2048}, dtype=fp32
2026-10-01 05:11:44,402 WARNING:Tunable parameters ['BLOCK_SIZE', 'threads'] already provided during auto-tuning. Skipping compilation and using direct JIT
2026-10-01 05:11:44,462 WARNING:Tunable parameters ['BLOCK_SIZE', 'threads'] already provided during auto-tuning. Skipping compilation and using direct JIT
  NKI skipped (not available)
Running case: {'batch_size': 1, 'kv_nope_head_num': 12, 'kv_rope_head_num': 1, 'kv_nope_head_dim': 128, 'kv_rope_head_dim': 64, 'seq_len': 2048}, dtype=int8
2026-10-01 05:11:45,178 WARNING:Tunable parameters ['BLOCK_SIZE', 'threads'] already provided during auto-tuning. Skipping compilation and using direct JIT
2026-10-01 05:11:45,224 WARNING:Tunable parameters ['BLOCK_SIZE', 'threads'] already provided during auto-tuning. Skipping compilation and using direct JIT
  NKI skipped (not available)
Running case: {'batch_size': 1, 'kv_nope_head_num': 12, 'kv_rope_head_num': 1, 'kv_nope_head_dim': 128, 'kv_rope_head_dim': 64, 'seq_len': 4096}, dtype=fp16
2026-10-01 05:11:45,354 WARNING:Tunable parameters ['BLOCK_SIZE', 'threads'] already provided during auto-tuning. Skipping compilation and using direct JIT
2026-10-01 05:11:45,404 WARNING:Tunable parameters ['BLOCK_SIZE', 'threads'] already provided during auto-tuning. Skipping compilation and using direct JIT
  NKI skipped (not available)
Running case: {'batch_size': 1, 'kv_nope_head_num': 12, 'kv_rope_head_num': 1, 'kv_nope_head_dim': 128, 'kv_rope_head_dim': 64, 'seq_len': 4096}, dtype=bf16
2026-10-01 05:11:45,534 WARNING:Tunable parameters ['BLOCK_SIZE', 'threads'] already provided during auto-tuning. Skipping compilation and using direct JIT
2026-10-01 05:11:45,590 WARNING:Tunable parameters ['BLOCK_SIZE', 'threads'] already provided during auto-tuning. Skipping compilation and using direct JIT
  NKI skipped (not available)
Running case: {'batch_size': 1, 'kv_nope_head_num': 12, 'kv_rope_head_num': 1, 'kv_nope_head_dim': 128, 'kv_rope_head_dim': 64, 'seq_len': 4096}, dtype=fp32
2026-10-01 05:11:45,711 WARNING:Tunable parameters ['BLOCK_SIZE', 'threads'] already provided during auto-tuning. Skipping compilation and using direct JIT
2026-10-01 05:11:45,758 WARNING:Tunable parameters ['BLOCK_SIZE', 'threads'] already provided during auto-tuning. Skipping compilation and using direct JIT
  NKI skipped (not available)
Running case: {'batch_size': 1, 'kv_nope_head_num': 12, 'kv_rope_head_num': 1, 'kv_nope_head_dim': 128, 'kv_rope_head_dim': 64, 'seq_len': 4096}, dtype=int8
2026-10-01 05:11:45,870 WARNING:Tunable parameters ['BLOCK_SIZE', 'threads'] already provided during auto-tuning. Skipping compilation and using direct JIT
2026-10-01 05:11:45,912 WARNING:Tunable parameters ['BLOCK_SIZE', 'threads'] already provided during auto-tuning. Skipping compilation and using direct JIT
  NKI skipped (not available)
Running case: {'batch_size': 1, 'kv_nope_head_num': 12, 'kv_rope_head_num': 1, 'kv_nope_head_dim': 128, 'kv_rope_head_dim': 64, 'seq_len': 6144}, dtype=fp16
2026-10-01 05:11:46,036 WARNING:Tunable parameters ['BLOCK_SIZE', 'threads'] already provided during auto-tuning. Skipping compilation and using direct JIT
2026-10-01 05:11:46,092 WARNING:Tunable parameters ['BLOCK_SIZE', 'threads'] already provided during auto-tuning. Skipping compilation and using direct JIT
  NKI skipped (not available)
Running case: {'batch_size': 1, 'kv_nope_head_num': 12, 'kv_rope_head_num': 1, 'kv_nope_head_dim': 128, 'kv_rope_head_dim': 64, 'seq_len': 6144}, dtype=bf16
2026-10-01 05:11:46,213 WARNING:Tunable parameters ['BLOCK_SIZE', 'threads'] already provided during auto-tuning. Skipping compilation and using direct JIT
2026-10-01 05:11:46,255 WARNING:Tunable parameters ['BLOCK_SIZE', 'threads'] already provided during auto-tuning. Skipping compilation and using direct JIT
  NKI skipped (not available)
Running case: {'batch_size': 1, 'kv_nope_head_num': 12, 'kv_rope_head_num': 1, 'kv_nope_head_dim': 128, 'kv_rope_head_dim': 64, 'seq_len': 6144}, dtype=fp32
2026-10-01 05:11:46,370 WARNING:Tunable parameters ['BLOCK_SIZE', 'threads'] already provided during auto-tuning. Skipping compilation and using direct JIT
2026-10-01 05:11:46,412 WARNING:Tunable parameters ['BLOCK_SIZE', 'threads'] already provided during auto-tuning. Skipping compilation and using direct JIT
  NKI skipped (not available)
Running case: {'batch_size': 1, 'kv_nope_head_num': 12, 'kv_rope_head_num': 1, 'kv_nope_head_dim': 128, 'kv_rope_head_dim': 64, 'seq_len': 6144}, dtype=int8
2026-10-01 05:11:46,533 WARNING:Tunable parameters ['BLOCK_SIZE', 'threads'] already provided during auto-tuning. Skipping compilation and using direct JIT
2026-10-01 05:11:46,578 WARNING:Tunable parameters ['BLOCK_SIZE', 'threads'] already provided during auto-tuning. Skipping compilation and using direct JIT
  NKI skipped (not available)
Running case: {'batch_size': 1, 'kv_nope_head_num': 12, 'kv_rope_head_num': 1, 'kv_nope_head_dim': 128, 'kv_rope_head_dim': 64, 'seq_len': 8192}, dtype=fp16
2026-10-01 05:11:46,706 WARNING:Tunable parameters ['BLOCK_SIZE', 'threads'] already provided during auto-tuning. Skipping compilation and using direct JIT
2026-10-01 05:11:46,755 WARNING:Tunable parameters ['BLOCK_SIZE', 'threads'] already provided during auto-tuning. Skipping compilation and using direct JIT
  NKI skipped (not available)
Running case: {'batch_size': 1, 'kv_nope_head_num': 12, 'kv_rope_head_num': 1, 'kv_nope_head_dim': 128, 'kv_rope_head_dim': 64, 'seq_len': 8192}, dtype=bf16
2026-10-01 05:11:46,928 WARNING:Tunable parameters ['BLOCK_SIZE', 'threads'] already provided during auto-tuning. Skipping compilation and using direct JIT
2026-10-01 05:11:46,970 WARNING:Tunable parameters ['BLOCK_SIZE', 'threads'] already provided during auto-tuning. Skipping compilation and using direct JIT
  NKI skipped (not available)
Running case: {'batch_size': 1, 'kv_nope_head_num': 12, 'kv_rope_head_num': 1, 'kv_nope_head_dim': 128, 'kv_rope_head_dim': 64, 'seq_len': 8192}, dtype=fp32
2026-10-01 05:11:47,090 WARNING:Tunable parameters ['BLOCK_SIZE', 'threads'] already provided during auto-tuning. Skipping compilation and using direct JIT
2026-10-01 05:11:47,136 WARNING:Tunable parameters ['BLOCK_SIZE', 'threads'] already provided during auto-tuning. Skipping compilation and using direct JIT
  NKI skipped (not available)
Running case: {'batch_size': 1, 'kv_nope_head_num': 12, 'kv_rope_head_num': 1, 'kv_nope_head_dim': 128, 'kv_rope_head_dim': 64, 'seq_len': 8192}, dtype=int8
2026-10-01 05:11:47,250 WARNING:Tunable parameters ['BLOCK_SIZE', 'threads'] already provided during auto-tuning. Skipping compilation and using direct JIT
2026-10-01 05:11:47,291 WARNING:Tunable parameters ['BLOCK_SIZE', 'threads'] already provided during auto-tuning. Skipping compilation and using direct JIT
  NKI skipped (not available)
Running case: {'batch_size': 1, 'kv_nope_head_num': 12, 'kv_rope_head_num': 1, 'kv_nope_head_dim': 128, 'kv_rope_head_dim': 64, 'seq_len': 10240}, dtype=fp16
2026-10-01 05:11:47,405 WARNING:Tunable parameters ['BLOCK_SIZE', 'threads'] already provided during auto-tuning. Skipping compilation and using direct JIT
2026-10-01 05:11:47,450 WARNING:Tunable parameters ['BLOCK_SIZE', 'threads'] already provided during auto-tuning. Skipping compilation and using direct JIT
  NKI skipped (not available)
Running case: {'batch_size': 1, 'kv_nope_head_num': 12, 'kv_rope_head_num': 1, 'kv_nope_head_dim': 128, 'kv_rope_head_dim': 64, 'seq_len': 10240}, dtype=bf16
2026-10-01 05:11:47,569 WARNING:Tunable parameters ['BLOCK_SIZE', 'threads'] already provided during auto-tuning. Skipping compilation and using direct JIT
2026-10-01 05:11:47,611 WARNING:Tunable parameters ['BLOCK_SIZE', 'threads'] already provided during auto-tuning. Skipping compilation and using direct JIT
  NKI skipped (not available)
Running case: {'batch_size': 1, 'kv_nope_head_num': 12, 'kv_rope_head_num': 1, 'kv_nope_head_dim': 128, 'kv_rope_head_dim': 64, 'seq_len': 10240}, dtype=fp32
2026-10-01 05:11:47,734 WARNING:Tunable parameters ['BLOCK_SIZE', 'threads'] already provided during auto-tuning. Skipping compilation and using direct JIT
2026-10-01 05:11:47,781 WARNING:Tunable parameters ['BLOCK_SIZE', 'threads'] already provided during auto-tuning. Skipping compilation and using direct JIT
  NKI skipped (not available)
Running case: {'batch_size': 1, 'kv_nope_head_num': 12, 'kv_rope_head_num': 1, 'kv_nope_head_dim': 128, 'kv_rope_head_dim': 64, 'seq_len': 10240}, dtype=int8
2026-10-01 05:11:47,899 WARNING:Tunable parameters ['BLOCK_SIZE', 'threads'] already provided during auto-tuning. Skipping compilation and using direct JIT
2026-10-01 05:11:47,945 WARNING:Tunable parameters ['BLOCK_SIZE', 'threads'] already provided during auto-tuning. Skipping compilation and using direct JIT
  NKI skipped (not available)
Running case: {'batch_size': 1, 'kv_nope_head_num': 12, 'kv_rope_head_num': 1, 'kv_nope_head_dim': 128, 'kv_rope_head_dim': 64, 'seq_len': 12288}, dtype=fp16
2026-10-01 05:11:48,064 WARNING:Tunable parameters ['BLOCK_SIZE', 'threads'] already provided during auto-tuning. Skipping compilation and using direct JIT
2026-10-01 05:11:48,107 WARNING:Tunable parameters ['BLOCK_SIZE', 'threads'] already provided during auto-tuning. Skipping compilation and using direct JIT
  NKI skipped (not available)
Running case: {'batch_size': 1, 'kv_nope_head_num': 12, 'kv_rope_head_num': 1, 'kv_nope_head_dim': 128, 'kv_rope_head_dim': 64, 'seq_len': 12288}, dtype=bf16
2026-10-01 05:11:48,226 WARNING:Tunable parameters ['BLOCK_SIZE', 'threads'] already provided during auto-tuning. Skipping compilation and using direct JIT
2026-10-01 05:11:48,276 WARNING:Tunable parameters ['BLOCK_SIZE', 'threads'] already provided during auto-tuning. Skipping compilation and using direct JIT
  NKI skipped (not available)
Running case: {'batch_size': 1, 'kv_nope_head_num': 12, 'kv_rope_head_num': 1, 'kv_nope_head_dim': 128, 'kv_rope_head_dim': 64, 'seq_len': 12288}, dtype=fp32
2026-10-01 05:11:48,415 WARNING:Tunable parameters ['BLOCK_SIZE', 'threads'] already provided during auto-tuning. Skipping compilation and using direct JIT
2026-10-01 05:11:48,478 WARNING:Tunable parameters ['BLOCK_SIZE', 'threads'] already provided during auto-tuning. Skipping compilation and using direct JIT
  NKI skipped (not available)
Running case: {'batch_size': 1, 'kv_nope_head_num': 12, 'kv_rope_head_num': 1, 'kv_nope_head_dim': 128, 'kv_rope_head_dim': 64, 'seq_len': 12288}, dtype=int8
2026-10-01 05:11:48,603 WARNING:Tunable parameters ['BLOCK_SIZE', 'threads'] already provided during auto-tuning. Skipping compilation and using direct JIT
2026-10-01 05:11:48,648 WARNING:Tunable parameters ['BLOCK_SIZE', 'threads'] already provided during auto-tuning. Skipping compilation and using direct JIT
  NKI skipped (not available)
Running case: {'batch_size': 1, 'kv_nope_head_num': 12, 'kv_rope_head_num': 1, 'kv_nope_head_dim': 128, 'kv_rope_head_dim': 64, 'seq_len': 14336}, dtype=fp16
2026-10-01 05:11:48,777 WARNING:Tunable parameters ['BLOCK_SIZE', 'threads'] already provided during auto-tuning. Skipping compilation and using direct JIT
2026-10-01 05:11:48,823 WARNING:Tunable parameters ['BLOCK_SIZE', 'threads'] already provided during auto-tuning. Skipping compilation and using direct JIT
  NKI skipped (not available)
Running case: {'batch_size': 1, 'kv_nope_head_num': 12, 'kv_rope_head_num': 1, 'kv_nope_head_dim': 128, 'kv_rope_head_dim': 64, 'seq_len': 14336}, dtype=bf16
2026-10-01 05:11:48,948 WARNING:Tunable parameters ['BLOCK_SIZE', 'threads'] already provided during auto-tuning. Skipping compilation and using direct JIT
2026-10-01 05:11:48,997 WARNING:Tunable parameters ['BLOCK_SIZE', 'threads'] already provided during auto-tuning. Skipping compilation and using direct JIT
  NKI skipped (not available)
Running case: {'batch_size': 1, 'kv_nope_head_num': 12, 'kv_rope_head_num': 1, 'kv_nope_head_dim': 128, 'kv_rope_head_dim': 64, 'seq_len': 14336}, dtype=fp32
2026-10-01 05:11:49,127 WARNING:Tunable parameters ['BLOCK_SIZE', 'threads'] already provided during auto-tuning. Skipping compilation and using direct JIT
2026-10-01 05:11:49,179 WARNING:Tunable parameters ['BLOCK_SIZE', 'threads'] already provided during auto-tuning. Skipping compilation and using direct JIT
  NKI skipped (not available)
Running case: {'batch_size': 1, 'kv_nope_head_num': 12, 'kv_rope_head_num': 1, 'kv_nope_head_dim': 128, 'kv_rope_head_dim': 64, 'seq_len': 14336}, dtype=int8
2026-10-01 05:11:49,301 WARNING:Tunable parameters ['BLOCK_SIZE', 'threads'] already provided during auto-tuning. Skipping compilation and using direct JIT
2026-10-01 05:11:49,345 WARNING:Tunable parameters ['BLOCK_SIZE', 'threads'] already provided during auto-tuning. Skipping compilation and using direct JIT
  NKI skipped (not available)
Running case: {'batch_size': 1, 'kv_nope_head_num': 12, 'kv_rope_head_num': 1, 'kv_nope_head_dim': 128, 'kv_rope_head_dim': 64, 'seq_len': 16384}, dtype=fp16
2026-10-01 05:11:49,468 WARNING:Tunable parameters ['BLOCK_SIZE', 'threads'] already provided during auto-tuning. Skipping compilation and using direct JIT
2026-10-01 05:11:49,510 WARNING:Tunable parameters ['BLOCK_SIZE', 'threads'] already provided during auto-tuning. Skipping compilation and using direct JIT
  NKI skipped (not available)
Running case: {'batch_size': 1, 'kv_nope_head_num': 12, 'kv_rope_head_num': 1, 'kv_nope_head_dim': 128, 'kv_rope_head_dim': 64, 'seq_len': 16384}, dtype=bf16
2026-10-01 05:11:49,636 WARNING:Tunable parameters ['BLOCK_SIZE', 'threads'] already provided during auto-tuning. Skipping compilation and using direct JIT
2026-10-01 05:11:49,679 WARNING:Tunable parameters ['BLOCK_SIZE', 'threads'] already provided during auto-tuning. Skipping compilation and using direct JIT
  NKI skipped (not available)
Running case: {'batch_size': 1, 'kv_nope_head_num': 12, 'kv_rope_head_num': 1, 'kv_nope_head_dim': 128, 'kv_rope_head_dim': 64, 'seq_len': 16384}, dtype=fp32
2026-10-01 05:11:49,800 WARNING:Tunable parameters ['BLOCK_SIZE', 'threads'] already provided during auto-tuning. Skipping compilation and using direct JIT
2026-10-01 05:11:49,846 WARNING:Tunable parameters ['BLOCK_SIZE', 'threads'] already provided during auto-tuning. Skipping compilation and using direct JIT
  NKI skipped (not available)
Running case: {'batch_size': 1, 'kv_nope_head_num': 12, 'kv_rope_head_num': 1, 'kv_nope_head_dim': 128, 'kv_rope_head_dim': 64, 'seq_len': 16384}, dtype=int8
2026-10-01 05:11:49,970 WARNING:Tunable parameters ['BLOCK_SIZE', 'threads'] already provided during auto-tuning. Skipping compilation and using direct JIT
2026-10-01 05:11:50,012 WARNING:Tunable parameters ['BLOCK_SIZE', 'threads'] already provided during auto-tuning. Skipping compilation and using direct JIT
  NKI skipped (not available)
Running case: {'batch_size': 1, 'kv_nope_head_num': 12, 'kv_rope_head_num': 1, 'kv_nope_head_dim': 128, 'kv_rope_head_dim': 64, 'seq_len': 18432}, dtype=fp16
2026-10-01 05:11:50,142 WARNING:Tunable parameters ['BLOCK_SIZE', 'threads'] already provided during auto-tuning. Skipping compilation and using direct JIT
2026-10-01 05:11:50,186 WARNING:Tunable parameters ['BLOCK_SIZE', 'threads'] already provided during auto-tuning. Skipping compilation and using direct JIT
  NKI skipped (not available)
Running case: {'batch_size': 1, 'kv_nope_head_num': 12, 'kv_rope_head_num': 1, 'kv_nope_head_dim': 128, 'kv_rope_head_dim': 64, 'seq_len': 18432}, dtype=bf16
2026-10-01 05:11:50,314 WARNING:Tunable parameters ['BLOCK_SIZE', 'threads'] already provided during auto-tuning. Skipping compilation and using direct JIT
2026-10-01 05:11:50,356 WARNING:Tunable parameters ['BLOCK_SIZE', 'threads'] already provided during auto-tuning. Skipping compilation and using direct JIT
  NKI skipped (not available)
Running case: {'batch_size': 1, 'kv_nope_head_num': 12, 'kv_rope_head_num': 1, 'kv_nope_head_dim': 128, 'kv_rope_head_dim': 64, 'seq_len': 18432}, dtype=fp32
2026-10-01 05:11:50,481 WARNING:Tunable parameters ['BLOCK_SIZE', 'threads'] already provided during auto-tuning. Skipping compilation and using direct JIT
2026-10-01 05:11:50,524 WARNING:Tunable parameters ['BLOCK_SIZE', 'threads'] already provided during auto-tuning. Skipping compilation and using direct JIT
  NKI skipped (not available)
Running case: {'batch_size': 1, 'kv_nope_head_num': 12, 'kv_rope_head_num': 1, 'kv_nope_head_dim': 128, 'kv_rope_head_dim': 64, 'seq_len': 18432}, dtype=int8
2026-10-01 05:11:50,644 WARNING:Tunable parameters ['BLOCK_SIZE', 'threads'] already provided during auto-tuning. Skipping compilation and using direct JIT
2026-10-01 05:11:50,687 WARNING:Tunable parameters ['BLOCK_SIZE', 'threads'] already provided during auto-tuning. Skipping compilation and using direct JIT
  NKI skipped (not available)
Running case: {'batch_size': 1, 'kv_nope_head_num': 12, 'kv_rope_head_num': 1, 'kv_nope_head_dim': 128, 'kv_rope_head_dim': 64, 'seq_len': 20480}, dtype=fp16
2026-10-01 05:11:50,811 WARNING:Tunable parameters ['BLOCK_SIZE', 'threads'] already provided during auto-tuning. Skipping compilation and using direct JIT
2026-10-01 05:11:50,853 WARNING:Tunable parameters ['BLOCK_SIZE', 'threads'] already provided during auto-tuning. Skipping compilation and using direct JIT
  NKI skipped (not available)
Running case: {'batch_size': 1, 'kv_nope_head_num': 12, 'kv_rope_head_num': 1, 'kv_nope_head_dim': 128, 'kv_rope_head_dim': 64, 'seq_len': 20480}, dtype=bf16
2026-10-01 05:11:50,980 WARNING:Tunable parameters ['BLOCK_SIZE', 'threads'] already provided during auto-tuning. Skipping compilation and using direct JIT
2026-10-01 05:11:51,025 WARNING:Tunable parameters ['BLOCK_SIZE', 'threads'] already provided during auto-tuning. Skipping compilation and using direct JIT
  NKI skipped (not available)
Running case: {'batch_size': 1, 'kv_nope_head_num': 12, 'kv_rope_head_num': 1, 'kv_nope_head_dim': 128, 'kv_rope_head_dim': 64, 'seq_len': 20480}, dtype=fp32
2026-10-01 05:11:51,157 WARNING:Tunable parameters ['BLOCK_SIZE', 'threads'] already provided during auto-tuning. Skipping compilation and using direct JIT
2026-10-01 05:11:51,197 WARNING:Tunable parameters ['BLOCK_SIZE', 'threads'] already provided during auto-tuning. Skipping compilation and using direct JIT
  NKI skipped (not available)
Running case: {'batch_size': 1, 'kv_nope_head_num': 12, 'kv_rope_head_num': 1, 'kv_nope_head_dim': 128, 'kv_rope_head_dim': 64, 'seq_len': 20480}, dtype=int8
2026-10-01 05:11:51,322 WARNING:Tunable parameters ['BLOCK_SIZE', 'threads'] already provided during auto-tuning. Skipping compilation and using direct JIT
2026-10-01 05:11:51,362 WARNING:Tunable parameters ['BLOCK_SIZE', 'threads'] already provided during auto-tuning. Skipping compilation and using direct JIT
  NKI skipped (not available)
Running case: {'batch_size': 1, 'kv_nope_head_num': 12, 'kv_rope_head_num': 1, 'kv_nope_head_dim': 128, 'kv_rope_head_dim': 64, 'seq_len': 22528}, dtype=fp16
2026-10-01 05:11:51,487 WARNING:Tunable parameters ['BLOCK_SIZE', 'threads'] already provided during auto-tuning. Skipping compilation and using direct JIT
2026-10-01 05:11:51,533 WARNING:Tunable parameters ['BLOCK_SIZE', 'threads'] already provided during auto-tuning. Skipping compilation and using direct JIT
  NKI skipped (not available)
Running case: {'batch_size': 1, 'kv_nope_head_num': 12, 'kv_rope_head_num': 1, 'kv_nope_head_dim': 128, 'kv_rope_head_dim': 64, 'seq_len': 22528}, dtype=bf16
2026-10-01 05:11:51,659 WARNING:Tunable parameters ['BLOCK_SIZE', 'threads'] already provided during auto-tuning. Skipping compilation and using direct JIT
2026-10-01 05:11:51,701 WARNING:Tunable parameters ['BLOCK_SIZE', 'threads'] already provided during auto-tuning. Skipping compilation and using direct JIT
  NKI skipped (not available)
Running case: {'batch_size': 1, 'kv_nope_head_num': 12, 'kv_rope_head_num': 1, 'kv_nope_head_dim': 128, 'kv_rope_head_dim': 64, 'seq_len': 22528}, dtype=fp32
2026-10-01 05:11:51,829 WARNING:Tunable parameters ['BLOCK_SIZE', 'threads'] already provided during auto-tuning. Skipping compilation and using direct JIT
2026-10-01 05:11:51,869 WARNING:Tunable parameters ['BLOCK_SIZE', 'threads'] already provided during auto-tuning. Skipping compilation and using direct JIT
  NKI skipped (not available)
Running case: {'batch_size': 1, 'kv_nope_head_num': 12, 'kv_rope_head_num': 1, 'kv_nope_head_dim': 128, 'kv_rope_head_dim': 64, 'seq_len': 22528}, dtype=int8
2026-10-01 05:11:51,991 WARNING:Tunable parameters ['BLOCK_SIZE', 'threads'] already provided during auto-tuning. Skipping compilation and using direct JIT
2026-10-01 05:11:52,035 WARNING:Tunable parameters ['BLOCK_SIZE', 'threads'] already provided during auto-tuning. Skipping compilation and using direct JIT
  NKI skipped (not available)
Running case: {'batch_size': 1, 'kv_nope_head_num': 12, 'kv_rope_head_num': 1, 'kv_nope_head_dim': 128, 'kv_rope_head_dim': 64, 'seq_len': 24576}, dtype=fp16
2026-10-01 05:11:52,157 WARNING:Tunable parameters ['BLOCK_SIZE', 'threads'] already provided during auto-tuning. Skipping compilation and using direct JIT
2026-10-01 05:11:52,203 WARNING:Tunable parameters ['BLOCK_SIZE', 'threads'] already provided during auto-tuning. Skipping compilation and using direct JIT
  NKI skipped (not available)
Running case: {'batch_size': 1, 'kv_nope_head_num': 12, 'kv_rope_head_num': 1, 'kv_nope_head_dim': 128, 'kv_rope_head_dim': 64, 'seq_len': 24576}, dtype=bf16
2026-10-01 05:11:52,331 WARNING:Tunable parameters ['BLOCK_SIZE', 'threads'] already provided during auto-tuning. Skipping compilation and using direct JIT
2026-10-01 05:11:52,364 WARNING:Tunable parameters ['BLOCK_SIZE', 'threads'] already provided during auto-tuning. Skipping compilation and using direct JIT
  NKI skipped (not available)
Running case: {'batch_size': 1, 'kv_nope_head_num': 12, 'kv_rope_head_num': 1, 'kv_nope_head_dim': 128, 'kv_rope_head_dim': 64, 'seq_len': 24576}, dtype=fp32
2026-10-01 05:11:52,482 WARNING:Tunable parameters ['BLOCK_SIZE', 'threads'] already provided during auto-tuning. Skipping compilation and using direct JIT
2026-10-01 05:11:52,514 WARNING:Tunable parameters ['BLOCK_SIZE', 'threads'] already provided during auto-tuning. Skipping compilation and using direct JIT
  NKI skipped (not available)
Running case: {'batch_size': 1, 'kv_nope_head_num': 12, 'kv_rope_head_num': 1, 'kv_nope_head_dim': 128, 'kv_rope_head_dim': 64, 'seq_len': 24576}, dtype=int8
2026-10-01 05:11:52,634 WARNING:Tunable parameters ['BLOCK_SIZE', 'threads'] already provided during auto-tuning. Skipping compilation and using direct JIT
2026-10-01 05:11:52,667 WARNING:Tunable parameters ['BLOCK_SIZE', 'threads'] already provided during auto-tuning. Skipping compilation and using direct JIT
  NKI skipped (not available)
Running case: {'batch_size': 1, 'kv_nope_head_num': 12, 'kv_rope_head_num': 1, 'kv_nope_head_dim': 128, 'kv_rope_head_dim': 64, 'seq_len': 26624}, dtype=fp16
2026-10-01 05:11:52,784 WARNING:Tunable parameters ['BLOCK_SIZE', 'threads'] already provided during auto-tuning. Skipping compilation and using direct JIT
2026-10-01 05:11:52,808 WARNING:Tunable parameters ['BLOCK_SIZE', 'threads'] already provided during auto-tuning. Skipping compilation and using direct JIT
  NKI skipped (not available)
Running case: {'batch_size': 1, 'kv_nope_head_num': 12, 'kv_rope_head_num': 1, 'kv_nope_head_dim': 128, 'kv_rope_head_dim': 64, 'seq_len': 26624}, dtype=bf16
2026-10-01 05:11:52,917 WARNING:Tunable parameters ['BLOCK_SIZE', 'threads'] already provided during auto-tuning. Skipping compilation and using direct JIT
2026-10-01 05:11:52,942 WARNING:Tunable parameters ['BLOCK_SIZE', 'threads'] already provided during auto-tuning. Skipping compilation and using direct JIT
  NKI skipped (not available)
Running case: {'batch_size': 1, 'kv_nope_head_num': 12, 'kv_rope_head_num': 1, 'kv_nope_head_dim': 128, 'kv_rope_head_dim': 64, 'seq_len': 26624}, dtype=fp32
2026-10-01 05:11:53,051 WARNING:Tunable parameters ['BLOCK_SIZE', 'threads'] already provided during auto-tuning. Skipping compilation and using direct JIT
2026-10-01 05:11:53,072 WARNING:Tunable parameters ['BLOCK_SIZE', 'threads'] already provided during auto-tuning. Skipping compilation and using direct JIT
  NKI skipped (not available)
Running case: {'batch_size': 1, 'kv_nope_head_num': 12, 'kv_rope_head_num': 1, 'kv_nope_head_dim': 128, 'kv_rope_head_dim': 64, 'seq_len': 26624}, dtype=int8
2026-10-01 05:11:53,177 WARNING:Tunable parameters ['BLOCK_SIZE', 'threads'] already provided during auto-tuning. Skipping compilation and using direct JIT
2026-10-01 05:11:53,197 WARNING:Tunable parameters ['BLOCK_SIZE', 'threads'] already provided during auto-tuning. Skipping compilation and using direct JIT
  NKI skipped (not available)
Running case: {'batch_size': 1, 'kv_nope_head_num': 12, 'kv_rope_head_num': 1, 'kv_nope_head_dim': 128, 'kv_rope_head_dim': 64, 'seq_len': 28672}, dtype=fp16
2026-10-01 05:11:53,306 WARNING:Tunable parameters ['BLOCK_SIZE', 'threads'] already provided during auto-tuning. Skipping compilation and using direct JIT
2026-10-01 05:11:53,330 WARNING:Tunable parameters ['BLOCK_SIZE', 'threads'] already provided during auto-tuning. Skipping compilation and using direct JIT
  NKI skipped (not available)
Running case: {'batch_size': 1, 'kv_nope_head_num': 12, 'kv_rope_head_num': 1, 'kv_nope_head_dim': 128, 'kv_rope_head_dim': 64, 'seq_len': 28672}, dtype=bf16
2026-10-01 05:11:53,434 WARNING:Tunable parameters ['BLOCK_SIZE', 'threads'] already provided during auto-tuning. Skipping compilation and using direct JIT
2026-10-01 05:11:53,457 WARNING:Tunable parameters ['BLOCK_SIZE', 'threads'] already provided during auto-tuning. Skipping compilation and using direct JIT
  NKI skipped (not available)
Running case: {'batch_size': 1, 'kv_nope_head_num': 12, 'kv_rope_head_num': 1, 'kv_nope_head_dim': 128, 'kv_rope_head_dim': 64, 'seq_len': 28672}, dtype=fp32
2026-10-01 05:11:53,567 WARNING:Tunable parameters ['BLOCK_SIZE', 'threads'] already provided during auto-tuning. Skipping compilation and using direct JIT
2026-10-01 05:11:53,595 WARNING:Tunable parameters ['BLOCK_SIZE', 'threads'] already provided during auto-tuning. Skipping compilation and using direct JIT
  NKI skipped (not available)
Running case: {'batch_size': 1, 'kv_nope_head_num': 12, 'kv_rope_head_num': 1, 'kv_nope_head_dim': 128, 'kv_rope_head_dim': 64, 'seq_len': 28672}, dtype=int8
2026-10-01 05:11:53,705 WARNING:Tunable parameters ['BLOCK_SIZE', 'threads'] already provided during auto-tuning. Skipping compilation and using direct JIT
2026-10-01 05:11:53,726 WARNING:Tunable parameters ['BLOCK_SIZE', 'threads'] already provided during auto-tuning. Skipping compilation and using direct JIT
  NKI skipped (not available)
Running case: {'batch_size': 1, 'kv_nope_head_num': 12, 'kv_rope_head_num': 1, 'kv_nope_head_dim': 128, 'kv_rope_head_dim': 64, 'seq_len': 30720}, dtype=fp16
2026-10-01 05:11:53,831 WARNING:Tunable parameters ['BLOCK_SIZE', 'threads'] already provided during auto-tuning. Skipping compilation and using direct JIT
2026-10-01 05:11:53,854 WARNING:Tunable parameters ['BLOCK_SIZE', 'threads'] already provided during auto-tuning. Skipping compilation and using direct JIT
  NKI skipped (not available)
Running case: {'batch_size': 1, 'kv_nope_head_num': 12, 'kv_rope_head_num': 1, 'kv_nope_head_dim': 128, 'kv_rope_head_dim': 64, 'seq_len': 30720}, dtype=bf16
2026-10-01 05:11:53,959 WARNING:Tunable parameters ['BLOCK_SIZE', 'threads'] already provided during auto-tuning. Skipping compilation and using direct JIT
2026-10-01 05:11:53,985 WARNING:Tunable parameters ['BLOCK_SIZE', 'threads'] already provided during auto-tuning. Skipping compilation and using direct JIT
  NKI skipped (not available)
Running case: {'batch_size': 1, 'kv_nope_head_num': 12, 'kv_rope_head_num': 1, 'kv_nope_head_dim': 128, 'kv_rope_head_dim': 64, 'seq_len': 30720}, dtype=fp32
2026-10-01 05:11:54,101 WARNING:Tunable parameters ['BLOCK_SIZE', 'threads'] already provided during auto-tuning. Skipping compilation and using direct JIT
2026-10-01 05:11:54,135 WARNING:Tunable parameters ['BLOCK_SIZE', 'threads'] already provided during auto-tuning. Skipping compilation and using direct JIT
  NKI skipped (not available)
Running case: {'batch_size': 1, 'kv_nope_head_num': 12, 'kv_rope_head_num': 1, 'kv_nope_head_dim': 128, 'kv_rope_head_dim': 64, 'seq_len': 30720}, dtype=int8
2026-10-01 05:11:54,252 WARNING:Tunable parameters ['BLOCK_SIZE', 'threads'] already provided during auto-tuning. Skipping compilation and using direct JIT
2026-10-01 05:11:54,280 WARNING:Tunable parameters ['BLOCK_SIZE', 'threads'] already provided during auto-tuning. Skipping compilation and using direct JIT
  NKI skipped (not available)
Running case: {'batch_size': 1, 'kv_nope_head_num': 12, 'kv_rope_head_num': 1, 'kv_nope_head_dim': 128, 'kv_rope_head_dim': 64, 'seq_len': 32768}, dtype=fp16
2026-10-01 05:11:54,388 WARNING:Tunable parameters ['BLOCK_SIZE', 'threads'] already provided during auto-tuning. Skipping compilation and using direct JIT
2026-10-01 05:11:54,417 WARNING:Tunable parameters ['BLOCK_SIZE', 'threads'] already provided during auto-tuning. Skipping compilation and using direct JIT
  NKI skipped (not available)
Running case: {'batch_size': 1, 'kv_nope_head_num': 12, 'kv_rope_head_num': 1, 'kv_nope_head_dim': 128, 'kv_rope_head_dim': 64, 'seq_len': 32768}, dtype=bf16
2026-10-01 05:11:54,533 WARNING:Tunable parameters ['BLOCK_SIZE', 'threads'] already provided during auto-tuning. Skipping compilation and using direct JIT
2026-10-01 05:11:54,564 WARNING:Tunable parameters ['BLOCK_SIZE', 'threads'] already provided during auto-tuning. Skipping compilation and using direct JIT
  NKI skipped (not available)
Running case: {'batch_size': 1, 'kv_nope_head_num': 12, 'kv_rope_head_num': 1, 'kv_nope_head_dim': 128, 'kv_rope_head_dim': 64, 'seq_len': 32768}, dtype=fp32
2026-10-01 05:11:54,693 WARNING:Tunable parameters ['BLOCK_SIZE', 'threads'] already provided during auto-tuning. Skipping compilation and using direct JIT
2026-10-01 05:11:54,719 WARNING:Tunable parameters ['BLOCK_SIZE', 'threads'] already provided during auto-tuning. Skipping compilation and using direct JIT
  NKI skipped (not available)
Running case: {'batch_size': 1, 'kv_nope_head_num': 12, 'kv_rope_head_num': 1, 'kv_nope_head_dim': 128, 'kv_rope_head_dim': 64, 'seq_len': 32768}, dtype=int8
2026-10-01 05:11:54,836 WARNING:Tunable parameters ['BLOCK_SIZE', 'threads'] already provided during auto-tuning. Skipping compilation and using direct JIT
2026-10-01 05:11:54,858 WARNING:Tunable parameters ['BLOCK_SIZE', 'threads'] already provided during auto-tuning. Skipping compilation and using direct JIT
  NKI skipped (not available)
Running case: {'batch_size': 1, 'kv_nope_head_num': 12, 'kv_rope_head_num': 1, 'kv_nope_head_dim': 128, 'kv_rope_head_dim': 64, 'seq_len': 34816}, dtype=fp16
2026-10-01 05:11:54,966 WARNING:Tunable parameters ['BLOCK_SIZE', 'threads'] already provided during auto-tuning. Skipping compilation and using direct JIT
2026-10-01 05:11:54,989 WARNING:Tunable parameters ['BLOCK_SIZE', 'threads'] already provided during auto-tuning. Skipping compilation and using direct JIT
  NKI skipped (not available)
Running case: {'batch_size': 1, 'kv_nope_head_num': 12, 'kv_rope_head_num': 1, 'kv_nope_head_dim': 128, 'kv_rope_head_dim': 64, 'seq_len': 34816}, dtype=bf16
2026-10-01 05:11:55,100 WARNING:Tunable parameters ['BLOCK_SIZE', 'threads'] already provided during auto-tuning. Skipping compilation and using direct JIT
2026-10-01 05:11:55,123 WARNING:Tunable parameters ['BLOCK_SIZE', 'threads'] already provided during auto-tuning. Skipping compilation and using direct JIT
  NKI skipped (not available)
Running case: {'batch_size': 1, 'kv_nope_head_num': 12, 'kv_rope_head_num': 1, 'kv_nope_head_dim': 128, 'kv_rope_head_dim': 64, 'seq_len': 34816}, dtype=fp32
2026-10-01 05:11:55,240 WARNING:Tunable parameters ['BLOCK_SIZE', 'threads'] already provided during auto-tuning. Skipping compilation and using direct JIT
2026-10-01 05:11:55,264 WARNING:Tunable parameters ['BLOCK_SIZE', 'threads'] already provided during auto-tuning. Skipping compilation and using direct JIT
  NKI skipped (not available)
Running case: {'batch_size': 1, 'kv_nope_head_num': 12, 'kv_rope_head_num': 1, 'kv_nope_head_dim': 128, 'kv_rope_head_dim': 64, 'seq_len': 34816}, dtype=int8
2026-10-01 05:11:55,370 WARNING:Tunable parameters ['BLOCK_SIZE', 'threads'] already provided during auto-tuning. Skipping compilation and using direct JIT
2026-10-01 05:11:55,395 WARNING:Tunable parameters ['BLOCK_SIZE', 'threads'] already provided during auto-tuning. Skipping compilation and using direct JIT
  NKI skipped (not available)
Running case: {'batch_size': 1, 'kv_nope_head_num': 12, 'kv_rope_head_num': 1, 'kv_nope_head_dim': 128, 'kv_rope_head_dim': 64, 'seq_len': 36864}, dtype=fp16
2026-10-01 05:11:55,502 WARNING:Tunable parameters ['BLOCK_SIZE', 'threads'] already provided during auto-tuning. Skipping compilation and using direct JIT
2026-10-01 05:11:55,529 WARNING:Tunable parameters ['BLOCK_SIZE', 'threads'] already provided during auto-tuning. Skipping compilation and using direct JIT
  NKI skipped (not available)
Running case: {'batch_size': 1, 'kv_nope_head_num': 12, 'kv_rope_head_num': 1, 'kv_nope_head_dim': 128, 'kv_rope_head_dim': 64, 'seq_len': 36864}, dtype=bf16
2026-10-01 05:11:55,641 WARNING:Tunable parameters ['BLOCK_SIZE', 'threads'] already provided during auto-tuning. Skipping compilation and using direct JIT
2026-10-01 05:11:55,681 WARNING:Tunable parameters ['BLOCK_SIZE', 'threads'] already provided during auto-tuning. Skipping compilation and using direct JIT
  NKI skipped (not available)
Running case: {'batch_size': 1, 'kv_nope_head_num': 12, 'kv_rope_head_num': 1, 'kv_nope_head_dim': 128, 'kv_rope_head_dim': 64, 'seq_len': 36864}, dtype=fp32
2026-10-01 05:11:55,797 WARNING:Tunable parameters ['BLOCK_SIZE', 'threads'] already provided during auto-tuning. Skipping compilation and using direct JIT
2026-10-01 05:11:55,837 WARNING:Tunable parameters ['BLOCK_SIZE', 'threads'] already provided during auto-tuning. Skipping compilation and using direct JIT
  NKI skipped (not available)
Running case: {'batch_size': 1, 'kv_nope_head_num': 12, 'kv_rope_head_num': 1, 'kv_nope_head_dim': 128, 'kv_rope_head_dim': 64, 'seq_len': 36864}, dtype=int8
2026-10-01 05:11:55,964 WARNING:Tunable parameters ['BLOCK_SIZE', 'threads'] already provided during auto-tuning. Skipping compilation and using direct JIT
2026-10-01 05:11:55,990 WARNING:Tunable parameters ['BLOCK_SIZE', 'threads'] already provided during auto-tuning. Skipping compilation and using direct JIT
  NKI skipped (not available)
Running case: {'batch_size': 1, 'kv_nope_head_num': 12, 'kv_rope_head_num': 1, 'kv_nope_head_dim': 128, 'kv_rope_head_dim': 64, 'seq_len': 38912}, dtype=fp16
2026-10-01 05:11:56,099 WARNING:Tunable parameters ['BLOCK_SIZE', 'threads'] already provided during auto-tuning. Skipping compilation and using direct JIT
2026-10-01 05:11:56,134 WARNING:Tunable parameters ['BLOCK_SIZE', 'threads'] already provided during auto-tuning. Skipping compilation and using direct JIT
  NKI skipped (not available)
Running case: {'batch_size': 1, 'kv_nope_head_num': 12, 'kv_rope_head_num': 1, 'kv_nope_head_dim': 128, 'kv_rope_head_dim': 64, 'seq_len': 38912}, dtype=bf16
2026-10-01 05:11:56,266 WARNING:Tunable parameters ['BLOCK_SIZE', 'threads'] already provided during auto-tuning. Skipping compilation and using direct JIT
2026-10-01 05:11:56,308 WARNING:Tunable parameters ['BLOCK_SIZE', 'threads'] already provided during auto-tuning. Skipping compilation and using direct JIT
  NKI skipped (not available)
Running case: {'batch_size': 1, 'kv_nope_head_num': 12, 'kv_rope_head_num': 1, 'kv_nope_head_dim': 128, 'kv_rope_head_dim': 64, 'seq_len': 38912}, dtype=fp32
2026-10-01 05:11:56,423 WARNING:Tunable parameters ['BLOCK_SIZE', 'threads'] already provided during auto-tuning. Skipping compilation and using direct JIT
2026-10-01 05:11:56,449 WARNING:Tunable parameters ['BLOCK_SIZE', 'threads'] already provided during auto-tuning. Skipping compilation and using direct JIT
  NKI skipped (not available)
Running case: {'batch_size': 1, 'kv_nope_head_num': 12, 'kv_rope_head_num': 1, 'kv_nope_head_dim': 128, 'kv_rope_head_dim': 64, 'seq_len': 38912}, dtype=int8
2026-10-01 05:11:56,561 WARNING:Tunable parameters ['BLOCK_SIZE', 'threads'] already provided during auto-tuning. Skipping compilation and using direct JIT
2026-10-01 05:11:56,594 WARNING:Tunable parameters ['BLOCK_SIZE', 'threads'] already provided during auto-tuning. Skipping compilation and using direct JIT
  NKI skipped (not available)
Running case: {'batch_size': 1, 'kv_nope_head_num': 12, 'kv_rope_head_num': 1, 'kv_nope_head_dim': 128, 'kv_rope_head_dim': 64, 'seq_len': 40960}, dtype=fp16
2026-10-01 05:11:56,708 WARNING:Tunable parameters ['BLOCK_SIZE', 'threads'] already provided during auto-tuning. Skipping compilation and using direct JIT
2026-10-01 05:11:56,735 WARNING:Tunable parameters ['BLOCK_SIZE', 'threads'] already provided during auto-tuning. Skipping compilation and using direct JIT
  NKI skipped (not available)
Running case: {'batch_size': 1, 'kv_nope_head_num': 12, 'kv_rope_head_num': 1, 'kv_nope_head_dim': 128, 'kv_rope_head_dim': 64, 'seq_len': 40960}, dtype=bf16
2026-10-01 05:11:56,847 WARNING:Tunable parameters ['BLOCK_SIZE', 'threads'] already provided during auto-tuning. Skipping compilation and using direct JIT
2026-10-01 05:11:56,884 WARNING:Tunable parameters ['BLOCK_SIZE', 'threads'] already provided during auto-tuning. Skipping compilation and using direct JIT
  NKI skipped (not available)
Running case: {'batch_size': 1, 'kv_nope_head_num': 12, 'kv_rope_head_num': 1, 'kv_nope_head_dim': 128, 'kv_rope_head_dim': 64, 'seq_len': 40960}, dtype=fp32
2026-10-01 05:11:57,020 WARNING:Tunable parameters ['BLOCK_SIZE', 'threads'] already provided during auto-tuning. Skipping compilation and using direct JIT
2026-10-01 05:11:57,044 WARNING:Tunable parameters ['BLOCK_SIZE', 'threads'] already provided during auto-tuning. Skipping compilation and using direct JIT
  NKI skipped (not available)
Running case: {'batch_size': 1, 'kv_nope_head_num': 12, 'kv_rope_head_num': 1, 'kv_nope_head_dim': 128, 'kv_rope_head_dim': 64, 'seq_len': 40960}, dtype=int8
2026-10-01 05:11:57,155 WARNING:Tunable parameters ['BLOCK_SIZE', 'threads'] already provided during auto-tuning. Skipping compilation and using direct JIT
2026-10-01 05:11:57,179 WARNING:Tunable parameters ['BLOCK_SIZE', 'threads'] already provided during auto-tuning. Skipping compilation and using direct JIT
  NKI skipped (not available)
Timing results  → /projects/kzhou6/bcui2/research/tilebench/Tilebench-gh200/results/GH200/logs/time_measurement_logs/destindex_default_triton-cutile-tilelang.json
Autotune log    → /projects/kzhou6/bcui2/research/tilebench/Tilebench-gh200/results/GH200/logs/autotune_logs/destindex_default_triton-cutile-tilelang.json
TileLang autotuner log → /projects/kzhou6/bcui2/research/tilebench/Tilebench-gh200/results/GH200/logs/tilelang_autotuner/destindex_default_triton-cutile-tilelang.log
Provenance      → /projects/kzhou6/bcui2/research/tilebench/Tilebench-gh200/results/GH200/logs/provenance/destindex_default_triton-cutile-tilelang.json

Summary:
Params          |    Dtype |  Torch(ms) |   Triton(ms) |   cuTile(ms) | TileLang(ms) |  Speedup(T) |  Speedup(C) | Speedup(TL)
------------------------------------------------------------------------------------------------------------------------------
seq_len=2048    | fp16     |     0.0166 |       0.0072 |       0.0108 |       0.0087 |        2.31 |        1.54 |        1.90
seq_len=2048    | bf16     |     0.0168 |       0.0075 |       0.0109 |       0.0090 |        2.25 |        1.55 |        1.87
seq_len=2048    | fp32     |     0.0181 |       0.0113 |       0.0138 |       0.0129 |        1.59 |        1.31 |        1.40
seq_len=2048    | int8     |     0.0156 |       0.0053 |       0.0099 |       0.0075 |        2.93 |        1.59 |        2.09
seq_len=4096    | fp16     |     0.0267 |       0.0113 |       0.0177 |       0.0134 |        2.36 |        1.51 |        1.99
seq_len=4096    | bf16     |     0.0268 |       0.0117 |       0.0174 |       0.0135 |        2.30 |        1.54 |        1.99
seq_len=4096    | fp32     |     0.0302 |       0.0190 |       0.0227 |       0.0209 |        1.59 |        1.33 |        1.45
seq_len=4096    | int8     |     0.0251 |       0.0075 |       0.0159 |       0.0104 |        3.36 |        1.58 |        2.41
seq_len=6144    | fp16     |     0.0370 |       0.0153 |       0.0241 |       0.0181 |        2.43 |        1.53 |        2.05
seq_len=6144    | bf16     |     0.0370 |       0.0155 |       0.0241 |       0.0182 |        2.39 |        1.54 |        2.03
seq_len=6144    | fp32     |     0.0417 |       0.0266 |       0.0308 |       0.0285 |        1.56 |        1.35 |        1.46
seq_len=6144    | int8     |     0.0340 |       0.0097 |       0.0220 |       0.0137 |        3.51 |        1.55 |        2.48
seq_len=8192    | fp16     |     0.0476 |       0.0191 |       0.0311 |       0.0230 |        2.49 |        1.53 |        2.07
seq_len=8192    | bf16     |     0.0471 |       0.0195 |       0.0312 |       0.0224 |        2.42 |        1.51 |        2.10
seq_len=8192    | fp32     |     0.0526 |       0.0342 |       0.0393 |       0.0354 |        1.54 |        1.34 |        1.48
seq_len=8192    | int8     |     0.0433 |       0.0120 |       0.0284 |       0.0166 |        3.62 |        1.52 |        2.60
seq_len=10240   | fp16     |     0.0570 |       0.0228 |       0.0375 |       0.0271 |        2.50 |        1.52 |        2.10
seq_len=10240   | bf16     |     0.0574 |       0.0229 |       0.0373 |       0.0267 |        2.51 |        1.54 |        2.15
seq_len=10240   | fp32     |     0.0635 |       0.0418 |       0.0474 |       0.0439 |        1.52 |        1.34 |        1.44
seq_len=10240   | int8     |     0.0522 |       0.0143 |       0.0342 |       0.0203 |        3.65 |        1.53 |        2.57
seq_len=12288   | fp16     |     0.0673 |       0.0268 |       0.0441 |       0.0314 |        2.51 |        1.53 |        2.14
seq_len=12288   | bf16     |     0.0674 |       0.0267 |       0.0445 |       0.0314 |        2.53 |        1.52 |        2.14
seq_len=12288   | fp32     |     0.0748 |       0.0488 |       0.0552 |       0.0503 |        1.53 |        1.35 |        1.49
seq_len=12288   | int8     |     0.0620 |       0.0165 |       0.0410 |       0.0230 |        3.75 |        1.51 |        2.69
seq_len=14336   | fp16     |     0.0766 |       0.0305 |       0.0509 |       0.0354 |        2.51 |        1.50 |        2.16
seq_len=14336   | bf16     |     0.0769 |       0.0308 |       0.0511 |       0.0355 |        2.50 |        1.50 |        2.16
seq_len=14336   | fp32     |     0.0854 |       0.0565 |       0.0644 |       0.0585 |        1.51 |        1.33 |        1.46
seq_len=14336   | int8     |     0.0708 |       0.0185 |       0.0465 |       0.0264 |        3.83 |        1.52 |        2.68
seq_len=16384   | fp16     |     0.0873 |       0.0341 |       0.0574 |       0.0395 |        2.56 |        1.52 |        2.21
seq_len=16384   | bf16     |     0.0869 |       0.0338 |       0.0581 |       0.0393 |        2.57 |        1.50 |        2.21
seq_len=16384   | fp32     |     0.0965 |       0.0639 |       0.0724 |       0.0653 |        1.51 |        1.33 |        1.48
seq_len=16384   | int8     |     0.0800 |       0.0211 |       0.0526 |       0.0302 |        3.80 |        1.52 |        2.65
seq_len=18432   | fp16     |     0.0987 |       0.0377 |       0.0640 |       0.0439 |        2.62 |        1.54 |        2.25
seq_len=18432   | bf16     |     0.0986 |       0.0385 |       0.0641 |       0.0444 |        2.56 |        1.54 |        2.22
seq_len=18432   | fp32     |     0.1093 |       0.0713 |       0.0800 |       0.0730 |        1.53 |        1.37 |        1.50
seq_len=18432   | int8     |     0.0910 |       0.0228 |       0.0585 |       0.0325 |        3.99 |        1.56 |        2.80
seq_len=20480   | fp16     |     0.1086 |       0.0422 |       0.0705 |       0.0483 |        2.57 |        1.54 |        2.25
seq_len=20480   | bf16     |     0.1088 |       0.0424 |       0.0708 |       0.0481 |        2.57 |        1.54 |        2.26
seq_len=20480   | fp32     |     0.1210 |       0.0786 |       0.0889 |       0.0804 |        1.54 |        1.36 |        1.50
seq_len=20480   | int8     |     0.1007 |       0.0249 |       0.0649 |       0.0354 |        4.05 |        1.55 |        2.84
seq_len=22528   | fp16     |     0.1187 |       0.0453 |       0.0775 |       0.0528 |        2.62 |        1.53 |        2.25
seq_len=22528   | bf16     |     0.1187 |       0.0457 |       0.0775 |       0.0527 |        2.60 |        1.53 |        2.25
seq_len=22528   | fp32     |     0.1320 |       0.0860 |       0.0976 |       0.0878 |        1.53 |        1.35 |        1.50
seq_len=22528   | int8     |     0.1095 |       0.0276 |       0.0706 |       0.0388 |        3.96 |        1.55 |        2.82
seq_len=24576   | fp16     |     0.1296 |       0.0493 |       0.0844 |       0.0568 |        2.63 |        1.54 |        2.28
seq_len=24576   | bf16     |     0.1290 |       0.0490 |       0.0848 |       0.0569 |        2.63 |        1.52 |        2.27
seq_len=24576   | fp32     |     0.1430 |       0.0937 |       0.1056 |       0.0957 |        1.53 |        1.35 |        1.49
seq_len=24576   | int8     |     0.1184 |       0.0291 |       0.0769 |       0.0419 |        4.07 |        1.54 |        2.82
seq_len=26624   | fp16     |     0.1392 |       0.0526 |       0.0908 |       0.0607 |        2.65 |        1.53 |        2.29
seq_len=26624   | bf16     |     0.1390 |       0.0529 |       0.0911 |       0.0610 |        2.63 |        1.53 |        2.28
seq_len=26624   | fp32     |     0.1550 |       0.1010 |       0.1146 |       0.1028 |        1.53 |        1.35 |        1.51
seq_len=26624   | int8     |     0.1280 |       0.0313 |       0.0833 |       0.0446 |        4.09 |        1.54 |        2.87
seq_len=28672   | fp16     |     0.1489 |       0.0565 |       0.0981 |       0.0654 |        2.63 |        1.52 |        2.28
seq_len=28672   | bf16     |     0.1488 |       0.0563 |       0.0978 |       0.0650 |        2.64 |        1.52 |        2.29
seq_len=28672   | fp32     |     0.1656 |       0.1084 |       0.1227 |       0.1108 |        1.53 |        1.35 |        1.50
seq_len=28672   | int8     |     0.1369 |       0.0343 |       0.0891 |       0.0478 |        3.99 |        1.54 |        2.87
seq_len=30720   | fp16     |     0.1591 |       0.0601 |       0.1048 |       0.0695 |        2.65 |        1.52 |        2.29
seq_len=30720   | bf16     |     0.1586 |       0.0605 |       0.1045 |       0.0692 |        2.62 |        1.52 |        2.29
seq_len=30720   | fp32     |     0.1765 |       0.1163 |       0.1318 |       0.1172 |        1.52 |        1.34 |        1.51
seq_len=30720   | int8     |     0.1465 |       0.0364 |       0.0957 |       0.0505 |        4.02 |        1.53 |        2.90
seq_len=32768   | fp16     |     0.1692 |       0.0640 |       0.1113 |       0.0733 |        2.64 |        1.52 |        2.31
seq_len=32768   | bf16     |     0.1697 |       0.0641 |       0.1122 |       0.0735 |        2.65 |        1.51 |        2.31
seq_len=32768   | fp32     |     0.1880 |       0.1233 |       0.1384 |       0.1257 |        1.52 |        1.36 |        1.50
seq_len=32768   | int8     |     0.1554 |       0.0373 |       0.1015 |       0.0539 |        4.17 |        1.53 |        2.88
seq_len=34816   | fp16     |     0.1806 |       0.0672 |       0.1184 |       0.0777 |        2.69 |        1.53 |        2.32
seq_len=34816   | bf16     |     0.1806 |       0.0672 |       0.1182 |       0.0776 |        2.69 |        1.53 |        2.33
seq_len=34816   | fp32     |     0.2004 |       0.1301 |       0.1469 |       0.1329 |        1.54 |        1.36 |        1.51
seq_len=34816   | int8     |     0.1657 |       0.0401 |       0.1077 |       0.0570 |        4.14 |        1.54 |        2.91
seq_len=36864   | fp16     |     0.1896 |       0.0711 |       0.1243 |       0.0820 |        2.67 |        1.53 |        2.31
seq_len=36864   | bf16     |     0.1905 |       0.0706 |       0.1250 |       0.0818 |        2.70 |        1.52 |        2.33
seq_len=36864   | fp32     |     0.2121 |       0.1389 |       0.1546 |       0.1412 |        1.53 |        1.37 |        1.50
seq_len=36864   | int8     |     0.1751 |       0.0416 |       0.1142 |       0.0601 |        4.21 |        1.53 |        2.91
seq_len=38912   | fp16     |     0.1997 |       0.0749 |       0.1310 |       0.0867 |        2.67 |        1.52 |        2.30
seq_len=38912   | bf16     |     0.2005 |       0.0750 |       0.1315 |       0.0863 |        2.67 |        1.52 |        2.32
seq_len=38912   | fp32     |     0.2230 |       0.1455 |       0.1643 |       0.1475 |        1.53 |        1.36 |        1.51
seq_len=38912   | int8     |     0.1850 |       0.0442 |       0.1204 |       0.0631 |        4.19 |        1.54 |        2.93
seq_len=40960   | fp16     |     0.2096 |       0.0788 |       0.1379 |       0.0910 |        2.66 |        1.52 |        2.30
seq_len=40960   | bf16     |     0.2100 |       0.0790 |       0.1379 |       0.0911 |        2.66 |        1.52 |        2.31
seq_len=40960   | fp32     |     0.2341 |       0.1522 |       0.1723 |       0.1551 |        1.54 |        1.36 |        1.51
seq_len=40960   | int8     |     0.1941 |       0.0460 |       0.1263 |       0.0664 |        4.22 |        1.54 |        2.92
Summary CSV     → /projects/kzhou6/bcui2/research/tilebench/Tilebench-gh200/results/GH200/csv/destindex_default.csv
