GPU/result namespace: GH200 (detected device: NVIDIA GH200 480GB, arch: hopper)
Starting benchmark for operator: dropout
Tile-language backends: torch (baseline) + cutile, tilelang, triton
  NKI not selected (--tile-language)
Running case: {'p': 0.5, 'n': 1048576}, dtype=fp16
2026-10-01 05:12:02,359 WARNING:Tunable parameters ['BLOCK_SIZE', 'threads'] already provided during auto-tuning. Skipping compilation and using direct JIT
  NKI skipped (not available)
Running case: {'p': 0.5, 'n': 1048576}, dtype=bf16
2026-10-01 05:12:02,574 WARNING:Tunable parameters ['BLOCK_SIZE', 'threads'] already provided during auto-tuning. Skipping compilation and using direct JIT
  NKI skipped (not available)
Running case: {'p': 0.5, 'n': 1048576}, dtype=fp32
2026-10-01 05:12:02,824 WARNING:Tunable parameters ['BLOCK_SIZE', 'threads'] already provided during auto-tuning. Skipping compilation and using direct JIT
  NKI skipped (not available)
Running case: {'p': 0.5, 'n': 2097152}, dtype=fp16
2026-10-01 05:12:02,911 WARNING:Tunable parameters ['BLOCK_SIZE', 'threads'] already provided during auto-tuning. Skipping compilation and using direct JIT
  NKI skipped (not available)
Running case: {'p': 0.5, 'n': 2097152}, dtype=bf16
2026-10-01 05:12:03,003 WARNING:Tunable parameters ['BLOCK_SIZE', 'threads'] already provided during auto-tuning. Skipping compilation and using direct JIT
  NKI skipped (not available)
Running case: {'p': 0.5, 'n': 2097152}, dtype=fp32
2026-10-01 05:12:03,094 WARNING:Tunable parameters ['BLOCK_SIZE', 'threads'] already provided during auto-tuning. Skipping compilation and using direct JIT
  NKI skipped (not available)
Running case: {'p': 0.5, 'n': 3145728}, dtype=fp16
2026-10-01 05:12:03,196 WARNING:Tunable parameters ['BLOCK_SIZE', 'threads'] already provided during auto-tuning. Skipping compilation and using direct JIT
  NKI skipped (not available)
Running case: {'p': 0.5, 'n': 3145728}, dtype=bf16
2026-10-01 05:12:03,283 WARNING:Tunable parameters ['BLOCK_SIZE', 'threads'] already provided during auto-tuning. Skipping compilation and using direct JIT
  NKI skipped (not available)
Running case: {'p': 0.5, 'n': 3145728}, dtype=fp32
2026-10-01 05:12:03,371 WARNING:Tunable parameters ['BLOCK_SIZE', 'threads'] already provided during auto-tuning. Skipping compilation and using direct JIT
  NKI skipped (not available)
Running case: {'p': 0.5, 'n': 4194304}, dtype=fp16
2026-10-01 05:12:03,459 WARNING:Tunable parameters ['BLOCK_SIZE', 'threads'] already provided during auto-tuning. Skipping compilation and using direct JIT
  NKI skipped (not available)
Running case: {'p': 0.5, 'n': 4194304}, dtype=bf16
2026-10-01 05:12:03,547 WARNING:Tunable parameters ['BLOCK_SIZE', 'threads'] already provided during auto-tuning. Skipping compilation and using direct JIT
  NKI skipped (not available)
Running case: {'p': 0.5, 'n': 4194304}, dtype=fp32
2026-10-01 05:12:03,654 WARNING:Tunable parameters ['BLOCK_SIZE', 'threads'] already provided during auto-tuning. Skipping compilation and using direct JIT
  NKI skipped (not available)
Running case: {'p': 0.5, 'n': 5242880}, dtype=fp16
2026-10-01 05:12:03,748 WARNING:Tunable parameters ['BLOCK_SIZE', 'threads'] already provided during auto-tuning. Skipping compilation and using direct JIT
  NKI skipped (not available)
Running case: {'p': 0.5, 'n': 5242880}, dtype=bf16
2026-10-01 05:12:03,834 WARNING:Tunable parameters ['BLOCK_SIZE', 'threads'] already provided during auto-tuning. Skipping compilation and using direct JIT
  NKI skipped (not available)
Running case: {'p': 0.5, 'n': 5242880}, dtype=fp32
2026-10-01 05:12:03,929 WARNING:Tunable parameters ['BLOCK_SIZE', 'threads'] already provided during auto-tuning. Skipping compilation and using direct JIT
  NKI skipped (not available)
Running case: {'p': 0.5, 'n': 6291456}, dtype=fp16
2026-10-01 05:12:04,019 WARNING:Tunable parameters ['BLOCK_SIZE', 'threads'] already provided during auto-tuning. Skipping compilation and using direct JIT
  NKI skipped (not available)
Running case: {'p': 0.5, 'n': 6291456}, dtype=bf16
2026-10-01 05:12:04,117 WARNING:Tunable parameters ['BLOCK_SIZE', 'threads'] already provided during auto-tuning. Skipping compilation and using direct JIT
  NKI skipped (not available)
Running case: {'p': 0.5, 'n': 6291456}, dtype=fp32
2026-10-01 05:12:04,206 WARNING:Tunable parameters ['BLOCK_SIZE', 'threads'] already provided during auto-tuning. Skipping compilation and using direct JIT
  NKI skipped (not available)
Running case: {'p': 0.5, 'n': 7340032}, dtype=fp16
2026-10-01 05:12:04,290 WARNING:Tunable parameters ['BLOCK_SIZE', 'threads'] already provided during auto-tuning. Skipping compilation and using direct JIT
  NKI skipped (not available)
Running case: {'p': 0.5, 'n': 7340032}, dtype=bf16
2026-10-01 05:12:04,378 WARNING:Tunable parameters ['BLOCK_SIZE', 'threads'] already provided during auto-tuning. Skipping compilation and using direct JIT
  NKI skipped (not available)
Running case: {'p': 0.5, 'n': 7340032}, dtype=fp32
2026-10-01 05:12:04,467 WARNING:Tunable parameters ['BLOCK_SIZE', 'threads'] already provided during auto-tuning. Skipping compilation and using direct JIT
  NKI skipped (not available)
Running case: {'p': 0.5, 'n': 8388608}, dtype=fp16
2026-10-01 05:12:04,556 WARNING:Tunable parameters ['BLOCK_SIZE', 'threads'] already provided during auto-tuning. Skipping compilation and using direct JIT
  NKI skipped (not available)
Running case: {'p': 0.5, 'n': 8388608}, dtype=bf16
2026-10-01 05:12:04,643 WARNING:Tunable parameters ['BLOCK_SIZE', 'threads'] already provided during auto-tuning. Skipping compilation and using direct JIT
  NKI skipped (not available)
Running case: {'p': 0.5, 'n': 8388608}, dtype=fp32
2026-10-01 05:12:04,735 WARNING:Tunable parameters ['BLOCK_SIZE', 'threads'] already provided during auto-tuning. Skipping compilation and using direct JIT
  NKI skipped (not available)
Running case: {'p': 0.5, 'n': 9437184}, dtype=fp16
2026-10-01 05:12:04,824 WARNING:Tunable parameters ['BLOCK_SIZE', 'threads'] already provided during auto-tuning. Skipping compilation and using direct JIT
  NKI skipped (not available)
Running case: {'p': 0.5, 'n': 9437184}, dtype=bf16
2026-10-01 05:12:04,908 WARNING:Tunable parameters ['BLOCK_SIZE', 'threads'] already provided during auto-tuning. Skipping compilation and using direct JIT
  NKI skipped (not available)
Running case: {'p': 0.5, 'n': 9437184}, dtype=fp32
2026-10-01 05:12:04,999 WARNING:Tunable parameters ['BLOCK_SIZE', 'threads'] already provided during auto-tuning. Skipping compilation and using direct JIT
  NKI skipped (not available)
Running case: {'p': 0.5, 'n': 10485760}, dtype=fp16
2026-10-01 05:12:05,088 WARNING:Tunable parameters ['BLOCK_SIZE', 'threads'] already provided during auto-tuning. Skipping compilation and using direct JIT
  NKI skipped (not available)
Running case: {'p': 0.5, 'n': 10485760}, dtype=bf16
2026-10-01 05:12:05,175 WARNING:Tunable parameters ['BLOCK_SIZE', 'threads'] already provided during auto-tuning. Skipping compilation and using direct JIT
  NKI skipped (not available)
Running case: {'p': 0.5, 'n': 10485760}, dtype=fp32
2026-10-01 05:12:05,270 WARNING:Tunable parameters ['BLOCK_SIZE', 'threads'] already provided during auto-tuning. Skipping compilation and using direct JIT
  NKI skipped (not available)
Running case: {'p': 0.5, 'n': 11534336}, dtype=fp16
2026-10-01 05:12:05,362 WARNING:Tunable parameters ['BLOCK_SIZE', 'threads'] already provided during auto-tuning. Skipping compilation and using direct JIT
  NKI skipped (not available)
Running case: {'p': 0.5, 'n': 11534336}, dtype=bf16
2026-10-01 05:12:05,449 WARNING:Tunable parameters ['BLOCK_SIZE', 'threads'] already provided during auto-tuning. Skipping compilation and using direct JIT
  NKI skipped (not available)
Running case: {'p': 0.5, 'n': 11534336}, dtype=fp32
2026-10-01 05:12:05,542 WARNING:Tunable parameters ['BLOCK_SIZE', 'threads'] already provided during auto-tuning. Skipping compilation and using direct JIT
  NKI skipped (not available)
Running case: {'p': 0.5, 'n': 12582912}, dtype=fp16
2026-10-01 05:12:05,630 WARNING:Tunable parameters ['BLOCK_SIZE', 'threads'] already provided during auto-tuning. Skipping compilation and using direct JIT
  NKI skipped (not available)
Running case: {'p': 0.5, 'n': 12582912}, dtype=bf16
2026-10-01 05:12:05,719 WARNING:Tunable parameters ['BLOCK_SIZE', 'threads'] already provided during auto-tuning. Skipping compilation and using direct JIT
  NKI skipped (not available)
Running case: {'p': 0.5, 'n': 12582912}, dtype=fp32
2026-10-01 05:12:05,808 WARNING:Tunable parameters ['BLOCK_SIZE', 'threads'] already provided during auto-tuning. Skipping compilation and using direct JIT
  NKI skipped (not available)
Running case: {'p': 0.5, 'n': 13631488}, dtype=fp16
2026-10-01 05:12:05,914 WARNING:Tunable parameters ['BLOCK_SIZE', 'threads'] already provided during auto-tuning. Skipping compilation and using direct JIT
  NKI skipped (not available)
Running case: {'p': 0.5, 'n': 13631488}, dtype=bf16
2026-10-01 05:12:06,002 WARNING:Tunable parameters ['BLOCK_SIZE', 'threads'] already provided during auto-tuning. Skipping compilation and using direct JIT
  NKI skipped (not available)
Running case: {'p': 0.5, 'n': 13631488}, dtype=fp32
2026-10-01 05:12:06,093 WARNING:Tunable parameters ['BLOCK_SIZE', 'threads'] already provided during auto-tuning. Skipping compilation and using direct JIT
  NKI skipped (not available)
Running case: {'p': 0.5, 'n': 14680064}, dtype=fp16
2026-10-01 05:12:06,185 WARNING:Tunable parameters ['BLOCK_SIZE', 'threads'] already provided during auto-tuning. Skipping compilation and using direct JIT
  NKI skipped (not available)
Running case: {'p': 0.5, 'n': 14680064}, dtype=bf16
2026-10-01 05:12:06,280 WARNING:Tunable parameters ['BLOCK_SIZE', 'threads'] already provided during auto-tuning. Skipping compilation and using direct JIT
  NKI skipped (not available)
Running case: {'p': 0.5, 'n': 14680064}, dtype=fp32
2026-10-01 05:12:06,373 WARNING:Tunable parameters ['BLOCK_SIZE', 'threads'] already provided during auto-tuning. Skipping compilation and using direct JIT
  NKI skipped (not available)
Running case: {'p': 0.5, 'n': 15728640}, dtype=fp16
2026-10-01 05:12:06,460 WARNING:Tunable parameters ['BLOCK_SIZE', 'threads'] already provided during auto-tuning. Skipping compilation and using direct JIT
  NKI skipped (not available)
Running case: {'p': 0.5, 'n': 15728640}, dtype=bf16
2026-10-01 05:12:06,548 WARNING:Tunable parameters ['BLOCK_SIZE', 'threads'] already provided during auto-tuning. Skipping compilation and using direct JIT
  NKI skipped (not available)
Running case: {'p': 0.5, 'n': 15728640}, dtype=fp32
2026-10-01 05:12:06,641 WARNING:Tunable parameters ['BLOCK_SIZE', 'threads'] already provided during auto-tuning. Skipping compilation and using direct JIT
  NKI skipped (not available)
Running case: {'p': 0.5, 'n': 16777216}, dtype=fp16
2026-10-01 05:12:06,731 WARNING:Tunable parameters ['BLOCK_SIZE', 'threads'] already provided during auto-tuning. Skipping compilation and using direct JIT
  NKI skipped (not available)
Running case: {'p': 0.5, 'n': 16777216}, dtype=bf16
2026-10-01 05:12:06,820 WARNING:Tunable parameters ['BLOCK_SIZE', 'threads'] already provided during auto-tuning. Skipping compilation and using direct JIT
  NKI skipped (not available)
Running case: {'p': 0.5, 'n': 16777216}, dtype=fp32
2026-10-01 05:12:06,914 WARNING:Tunable parameters ['BLOCK_SIZE', 'threads'] already provided during auto-tuning. Skipping compilation and using direct JIT
  NKI skipped (not available)
Running case: {'p': 0.5, 'n': 17825792}, dtype=fp16
2026-10-01 05:12:07,003 WARNING:Tunable parameters ['BLOCK_SIZE', 'threads'] already provided during auto-tuning. Skipping compilation and using direct JIT
  NKI skipped (not available)
Running case: {'p': 0.5, 'n': 17825792}, dtype=bf16
2026-10-01 05:12:07,093 WARNING:Tunable parameters ['BLOCK_SIZE', 'threads'] already provided during auto-tuning. Skipping compilation and using direct JIT
  NKI skipped (not available)
Running case: {'p': 0.5, 'n': 17825792}, dtype=fp32
2026-10-01 05:12:07,184 WARNING:Tunable parameters ['BLOCK_SIZE', 'threads'] already provided during auto-tuning. Skipping compilation and using direct JIT
  NKI skipped (not available)
Running case: {'p': 0.5, 'n': 18874368}, dtype=fp16
2026-10-01 05:12:07,275 WARNING:Tunable parameters ['BLOCK_SIZE', 'threads'] already provided during auto-tuning. Skipping compilation and using direct JIT
  NKI skipped (not available)
Running case: {'p': 0.5, 'n': 18874368}, dtype=bf16
2026-10-01 05:12:07,363 WARNING:Tunable parameters ['BLOCK_SIZE', 'threads'] already provided during auto-tuning. Skipping compilation and using direct JIT
  NKI skipped (not available)
Running case: {'p': 0.5, 'n': 18874368}, dtype=fp32
2026-10-01 05:12:07,456 WARNING:Tunable parameters ['BLOCK_SIZE', 'threads'] already provided during auto-tuning. Skipping compilation and using direct JIT
  NKI skipped (not available)
Running case: {'p': 0.5, 'n': 19922944}, dtype=fp16
2026-10-01 05:12:07,548 WARNING:Tunable parameters ['BLOCK_SIZE', 'threads'] already provided during auto-tuning. Skipping compilation and using direct JIT
  NKI skipped (not available)
Running case: {'p': 0.5, 'n': 19922944}, dtype=bf16
2026-10-01 05:12:07,640 WARNING:Tunable parameters ['BLOCK_SIZE', 'threads'] already provided during auto-tuning. Skipping compilation and using direct JIT
  NKI skipped (not available)
Running case: {'p': 0.5, 'n': 19922944}, dtype=fp32
2026-10-01 05:12:07,735 WARNING:Tunable parameters ['BLOCK_SIZE', 'threads'] already provided during auto-tuning. Skipping compilation and using direct JIT
  NKI skipped (not available)
Running case: {'p': 0.5, 'n': 20971520}, dtype=fp16
2026-10-01 05:12:07,825 WARNING:Tunable parameters ['BLOCK_SIZE', 'threads'] already provided during auto-tuning. Skipping compilation and using direct JIT
  NKI skipped (not available)
Running case: {'p': 0.5, 'n': 20971520}, dtype=bf16
2026-10-01 05:12:07,913 WARNING:Tunable parameters ['BLOCK_SIZE', 'threads'] already provided during auto-tuning. Skipping compilation and using direct JIT
  NKI skipped (not available)
Running case: {'p': 0.5, 'n': 20971520}, dtype=fp32
2026-10-01 05:12:08,009 WARNING:Tunable parameters ['BLOCK_SIZE', 'threads'] already provided during auto-tuning. Skipping compilation and using direct JIT
  NKI skipped (not available)
Timing results  → /projects/kzhou6/bcui2/research/tilebench/Tilebench-gh200/results/GH200/logs/time_measurement_logs/dropout_default_triton-cutile-tilelang.json
Autotune log    → /projects/kzhou6/bcui2/research/tilebench/Tilebench-gh200/results/GH200/logs/autotune_logs/dropout_default_triton-cutile-tilelang.json
TileLang autotuner log → /projects/kzhou6/bcui2/research/tilebench/Tilebench-gh200/results/GH200/logs/tilelang_autotuner/dropout_default_triton-cutile-tilelang.log
Provenance      → /projects/kzhou6/bcui2/research/tilebench/Tilebench-gh200/results/GH200/logs/provenance/dropout_default_triton-cutile-tilelang.json

Summary:
Params       |    Dtype |  Torch(ms) |   Triton(ms) |   cuTile(ms) | TileLang(ms) |  Speedup(T) |  Speedup(C) | Speedup(TL)
---------------------------------------------------------------------------------------------------------------------------
n=1048576    | fp16     |     0.0059 |       0.0044 |       0.0040 |       0.0039 |        1.34 |        1.46 |        1.50
n=1048576    | bf16     |     0.0058 |       0.0042 |       0.0041 |       0.0040 |        1.39 |        1.42 |        1.44
n=1048576    | fp32     |     0.0080 |       0.0062 |       0.0065 |       0.0058 |        1.29 |        1.22 |        1.37
n=2097152    | fp16     |     0.0084 |       0.0059 |       0.0060 |       0.0058 |        1.43 |        1.41 |        1.45
n=2097152    | bf16     |     0.0085 |       0.0062 |       0.0058 |       0.0058 |        1.38 |        1.46 |        1.48
n=2097152    | fp32     |     0.0129 |       0.0094 |       0.0103 |       0.0098 |        1.37 |        1.26 |        1.31
n=3145728    | fp16     |     0.0117 |       0.0079 |       0.0080 |       0.0080 |        1.47 |        1.46 |        1.45
n=3145728    | bf16     |     0.0112 |       0.0078 |       0.0082 |       0.0078 |        1.45 |        1.36 |        1.44
n=3145728    | fp32     |     0.0185 |       0.0136 |       0.0140 |       0.0135 |        1.36 |        1.32 |        1.37
n=4194304    | fp16     |     0.0137 |       0.0100 |       0.0099 |       0.0101 |        1.37 |        1.39 |        1.36
n=4194304    | bf16     |     0.0139 |       0.0098 |       0.0101 |       0.0097 |        1.42 |        1.37 |        1.43
n=4194304    | fp32     |     0.0248 |       0.0175 |       0.0175 |       0.0173 |        1.42 |        1.41 |        1.43
n=5242880    | fp16     |     0.0166 |       0.0117 |       0.0121 |       0.0120 |        1.42 |        1.36 |        1.38
n=5242880    | bf16     |     0.0163 |       0.0120 |       0.0121 |       0.0118 |        1.36 |        1.35 |        1.38
n=5242880    | fp32     |     0.0303 |       0.0218 |       0.0214 |       0.0217 |        1.39 |        1.41 |        1.39
n=6291456    | fp16     |     0.0196 |       0.0140 |       0.0140 |       0.0145 |        1.40 |        1.40 |        1.35
n=6291456    | bf16     |     0.0199 |       0.0138 |       0.0141 |       0.0137 |        1.44 |        1.40 |        1.44
n=6291456    | fp32     |     0.0359 |       0.0241 |       0.0249 |       0.0242 |        1.49 |        1.44 |        1.48
n=7340032    | fp16     |     0.0218 |       0.0159 |       0.0159 |       0.0155 |        1.37 |        1.38 |        1.41
n=7340032    | bf16     |     0.0224 |       0.0153 |       0.0157 |       0.0154 |        1.46 |        1.42 |        1.45
n=7340032    | fp32     |     0.0427 |       0.0279 |       0.0285 |       0.0285 |        1.53 |        1.50 |        1.50
n=8388608    | fp16     |     0.0250 |       0.0168 |       0.0171 |       0.0174 |        1.49 |        1.46 |        1.44
n=8388608    | bf16     |     0.0245 |       0.0173 |       0.0177 |       0.0171 |        1.41 |        1.38 |        1.43
n=8388608    | fp32     |     0.0483 |       0.0313 |       0.0325 |       0.0313 |        1.54 |        1.49 |        1.54
n=9437184    | fp16     |     0.0287 |       0.0196 |       0.0201 |       0.0195 |        1.47 |        1.43 |        1.48
n=9437184    | bf16     |     0.0278 |       0.0200 |       0.0196 |       0.0193 |        1.39 |        1.42 |        1.44
n=9437184    | fp32     |     0.0555 |       0.0346 |       0.0361 |       0.0349 |        1.60 |        1.54 |        1.59
n=10485760   | fp16     |     0.0312 |       0.0211 |       0.0213 |       0.0214 |        1.48 |        1.46 |        1.46
n=10485760   | bf16     |     0.0313 |       0.0219 |       0.0220 |       0.0210 |        1.43 |        1.42 |        1.49
n=10485760   | fp32     |     0.0616 |       0.0383 |       0.0388 |       0.0381 |        1.61 |        1.59 |        1.62
n=11534336   | fp16     |     0.0336 |       0.0228 |       0.0238 |       0.0229 |        1.47 |        1.41 |        1.47
n=11534336   | bf16     |     0.0344 |       0.0232 |       0.0235 |       0.0230 |        1.48 |        1.46 |        1.49
n=11534336   | fp32     |     0.0682 |       0.0423 |       0.0426 |       0.0412 |        1.61 |        1.60 |        1.66
n=12582912   | fp16     |     0.0369 |       0.0246 |       0.0249 |       0.0243 |        1.50 |        1.48 |        1.52
n=12582912   | bf16     |     0.0366 |       0.0246 |       0.0249 |       0.0248 |        1.49 |        1.47 |        1.48
n=12582912   | fp32     |     0.0734 |       0.0452 |       0.0465 |       0.0450 |        1.62 |        1.58 |        1.63
n=13631488   | fp16     |     0.0413 |       0.0275 |       0.0271 |       0.0265 |        1.50 |        1.52 |        1.56
n=13631488   | bf16     |     0.0409 |       0.0268 |       0.0282 |       0.0270 |        1.53 |        1.45 |        1.51
n=13631488   | fp32     |     0.0798 |       0.0485 |       0.0494 |       0.0489 |        1.64 |        1.61 |        1.63
n=14680064   | fp16     |     0.0440 |       0.0286 |       0.0280 |       0.0290 |        1.54 |        1.57 |        1.52
n=14680064   | bf16     |     0.0438 |       0.0286 |       0.0287 |       0.0281 |        1.53 |        1.53 |        1.56
n=14680064   | fp32     |     0.0850 |       0.0520 |       0.0519 |       0.0516 |        1.63 |        1.64 |        1.65
n=15728640   | fp16     |     0.0461 |       0.0310 |       0.0310 |       0.0299 |        1.49 |        1.48 |        1.54
n=15728640   | bf16     |     0.0470 |       0.0299 |       0.0302 |       0.0299 |        1.57 |        1.56 |        1.58
n=15728640   | fp32     |     0.0908 |       0.0551 |       0.0552 |       0.0555 |        1.65 |        1.64 |        1.64
n=16777216   | fp16     |     0.0497 |       0.0312 |       0.0319 |       0.0313 |        1.59 |        1.56 |        1.59
n=16777216   | bf16     |     0.0491 |       0.0320 |       0.0317 |       0.0320 |        1.53 |        1.55 |        1.53
n=16777216   | fp32     |     0.0962 |       0.0589 |       0.0597 |       0.0591 |        1.63 |        1.61 |        1.63
n=17825792   | fp16     |     0.0530 |       0.0331 |       0.0340 |       0.0331 |        1.60 |        1.56 |        1.60
n=17825792   | bf16     |     0.0533 |       0.0333 |       0.0337 |       0.0339 |        1.60 |        1.58 |        1.57
n=17825792   | fp32     |     0.1022 |       0.0624 |       0.0625 |       0.0623 |        1.64 |        1.64 |        1.64
n=18874368   | fp16     |     0.0563 |       0.0353 |       0.0355 |       0.0351 |        1.60 |        1.59 |        1.60
n=18874368   | bf16     |     0.0556 |       0.0355 |       0.0354 |       0.0350 |        1.57 |        1.57 |        1.59
n=18874368   | fp32     |     0.1078 |       0.0652 |       0.0659 |       0.0658 |        1.65 |        1.63 |        1.64
n=19922944   | fp16     |     0.0593 |       0.0373 |       0.0382 |       0.0367 |        1.59 |        1.56 |        1.62
n=19922944   | bf16     |     0.0588 |       0.0364 |       0.0370 |       0.0362 |        1.62 |        1.59 |        1.62
n=19922944   | fp32     |     0.1139 |       0.0693 |       0.0692 |       0.0691 |        1.64 |        1.65 |        1.65
n=20971520   | fp16     |     0.0622 |       0.0382 |       0.0391 |       0.0378 |        1.63 |        1.59 |        1.65
n=20971520   | bf16     |     0.0625 |       0.0380 |       0.0395 |       0.0383 |        1.64 |        1.58 |        1.63
n=20971520   | fp32     |     0.1198 |       0.0730 |       0.0730 |       0.0723 |        1.64 |        1.64 |        1.66
Summary CSV     → /projects/kzhou6/bcui2/research/tilebench/Tilebench-gh200/results/GH200/csv/dropout_default.csv
