GPU/result namespace: GH200 (detected device: NVIDIA GH200 480GB, arch: hopper)
Starting benchmark for operator: flash_decode
Tile-language backends: torch (baseline) + cutile, tilelang, triton
  NKI not selected (--tile-language)
Running case: {'batch': 2, 'heads': 8, 'head_dim': 128, 'block_seq': 128, 'seq_len': 2048}, dtype=fp32
2026-10-01 05:12:30,867 WARNING:Tunable parameters ['threads', 'num_stages'] already provided during auto-tuning. Skipping compilation and using direct JIT
  NKI skipped (not available)
Running case: {'batch': 2, 'heads': 8, 'head_dim': 128, 'block_seq': 128, 'seq_len': 4096}, dtype=fp32
2026-10-01 05:12:31,127 WARNING:Tunable parameters ['threads', 'num_stages'] already provided during auto-tuning. Skipping compilation and using direct JIT
  NKI skipped (not available)
Running case: {'batch': 2, 'heads': 8, 'head_dim': 128, 'block_seq': 128, 'seq_len': 6144}, dtype=fp32
2026-10-01 05:12:31,345 WARNING:Tunable parameters ['threads', 'num_stages'] already provided during auto-tuning. Skipping compilation and using direct JIT
  NKI skipped (not available)
Running case: {'batch': 2, 'heads': 8, 'head_dim': 128, 'block_seq': 128, 'seq_len': 8192}, dtype=fp32
2026-10-01 05:12:31,564 WARNING:Tunable parameters ['threads', 'num_stages'] already provided during auto-tuning. Skipping compilation and using direct JIT
  NKI skipped (not available)
Running case: {'batch': 2, 'heads': 8, 'head_dim': 128, 'block_seq': 128, 'seq_len': 10240}, dtype=fp32
2026-10-01 05:12:31,775 WARNING:Tunable parameters ['threads', 'num_stages'] already provided during auto-tuning. Skipping compilation and using direct JIT
  NKI skipped (not available)
Running case: {'batch': 2, 'heads': 8, 'head_dim': 128, 'block_seq': 128, 'seq_len': 12288}, dtype=fp32
2026-10-01 05:12:31,980 WARNING:Tunable parameters ['threads', 'num_stages'] already provided during auto-tuning. Skipping compilation and using direct JIT
  NKI skipped (not available)
Running case: {'batch': 2, 'heads': 8, 'head_dim': 128, 'block_seq': 128, 'seq_len': 14336}, dtype=fp32
2026-10-01 05:12:32,187 WARNING:Tunable parameters ['threads', 'num_stages'] already provided during auto-tuning. Skipping compilation and using direct JIT
  NKI skipped (not available)
Running case: {'batch': 2, 'heads': 8, 'head_dim': 128, 'block_seq': 128, 'seq_len': 16384}, dtype=fp32
2026-10-01 05:12:32,388 WARNING:Tunable parameters ['threads', 'num_stages'] already provided during auto-tuning. Skipping compilation and using direct JIT
  NKI skipped (not available)
Running case: {'batch': 2, 'heads': 8, 'head_dim': 128, 'block_seq': 128, 'seq_len': 18432}, dtype=fp32
2026-10-01 05:12:32,570 WARNING:Tunable parameters ['threads', 'num_stages'] already provided during auto-tuning. Skipping compilation and using direct JIT
  NKI skipped (not available)
Running case: {'batch': 2, 'heads': 8, 'head_dim': 128, 'block_seq': 128, 'seq_len': 20480}, dtype=fp32
2026-10-01 05:12:32,747 WARNING:Tunable parameters ['threads', 'num_stages'] already provided during auto-tuning. Skipping compilation and using direct JIT
  NKI skipped (not available)
Running case: {'batch': 2, 'heads': 8, 'head_dim': 128, 'block_seq': 128, 'seq_len': 22528}, dtype=fp32
2026-10-01 05:12:32,938 WARNING:Tunable parameters ['threads', 'num_stages'] already provided during auto-tuning. Skipping compilation and using direct JIT
  NKI skipped (not available)
Running case: {'batch': 2, 'heads': 8, 'head_dim': 128, 'block_seq': 128, 'seq_len': 24576}, dtype=fp32
2026-10-01 05:12:33,126 WARNING:Tunable parameters ['threads', 'num_stages'] already provided during auto-tuning. Skipping compilation and using direct JIT
  NKI skipped (not available)
Running case: {'batch': 2, 'heads': 8, 'head_dim': 128, 'block_seq': 128, 'seq_len': 26624}, dtype=fp32
2026-10-01 05:12:33,319 WARNING:Tunable parameters ['threads', 'num_stages'] already provided during auto-tuning. Skipping compilation and using direct JIT
  NKI skipped (not available)
Running case: {'batch': 2, 'heads': 8, 'head_dim': 128, 'block_seq': 128, 'seq_len': 28672}, dtype=fp32
2026-10-01 05:12:33,534 WARNING:Tunable parameters ['threads', 'num_stages'] already provided during auto-tuning. Skipping compilation and using direct JIT
  NKI skipped (not available)
Running case: {'batch': 2, 'heads': 8, 'head_dim': 128, 'block_seq': 128, 'seq_len': 30720}, dtype=fp32
2026-10-01 05:12:33,757 WARNING:Tunable parameters ['threads', 'num_stages'] already provided during auto-tuning. Skipping compilation and using direct JIT
  NKI skipped (not available)
Running case: {'batch': 2, 'heads': 8, 'head_dim': 128, 'block_seq': 128, 'seq_len': 32768}, dtype=fp32
2026-10-01 05:12:33,963 WARNING:Tunable parameters ['threads', 'num_stages'] already provided during auto-tuning. Skipping compilation and using direct JIT
  NKI skipped (not available)
Running case: {'batch': 2, 'heads': 8, 'head_dim': 128, 'block_seq': 128, 'seq_len': 34816}, dtype=fp32
2026-10-01 05:12:34,199 WARNING:Tunable parameters ['threads', 'num_stages'] already provided during auto-tuning. Skipping compilation and using direct JIT
  NKI skipped (not available)
Running case: {'batch': 2, 'heads': 8, 'head_dim': 128, 'block_seq': 128, 'seq_len': 36864}, dtype=fp32
2026-10-01 05:12:34,400 WARNING:Tunable parameters ['threads', 'num_stages'] already provided during auto-tuning. Skipping compilation and using direct JIT
  NKI skipped (not available)
Running case: {'batch': 2, 'heads': 8, 'head_dim': 128, 'block_seq': 128, 'seq_len': 38912}, dtype=fp32
2026-10-01 05:12:34,616 WARNING:Tunable parameters ['threads', 'num_stages'] already provided during auto-tuning. Skipping compilation and using direct JIT
  NKI skipped (not available)
Running case: {'batch': 2, 'heads': 8, 'head_dim': 128, 'block_seq': 128, 'seq_len': 40960}, dtype=fp32
2026-10-01 05:12:34,821 WARNING:Tunable parameters ['threads', 'num_stages'] already provided during auto-tuning. Skipping compilation and using direct JIT
  NKI skipped (not available)
Timing results  → /projects/kzhou6/bcui2/research/tilebench/Tilebench-gh200/results/GH200/logs/time_measurement_logs/flash_decode_default_triton-cutile-tilelang.json
Autotune log    → /projects/kzhou6/bcui2/research/tilebench/Tilebench-gh200/results/GH200/logs/autotune_logs/flash_decode_default_triton-cutile-tilelang.json
TileLang autotuner log → /projects/kzhou6/bcui2/research/tilebench/Tilebench-gh200/results/GH200/logs/tilelang_autotuner/flash_decode_default_triton-cutile-tilelang.log
Provenance      → /projects/kzhou6/bcui2/research/tilebench/Tilebench-gh200/results/GH200/logs/provenance/flash_decode_default_triton-cutile-tilelang.json

Summary:
Params          |    Dtype |  Torch(ms) |   Triton(ms) |   cuTile(ms) | TileLang(ms) |  Speedup(T) |  Speedup(C) | Speedup(TL)
------------------------------------------------------------------------------------------------------------------------------
seq_len=2048    | fp32     |     0.0305 |       0.0039 |       0.0038 |       0.0038 |        7.92 |        8.01 |        8.01
seq_len=4096    | fp32     |     0.0315 |       0.0057 |       0.0120 |       0.0057 |        5.50 |        2.63 |        5.57
seq_len=6144    | fp32     |     0.0323 |       0.0076 |       0.0193 |       0.0077 |        4.25 |        1.67 |        4.21
seq_len=8192    | fp32     |     0.0308 |       0.0099 |       0.0267 |       0.0095 |        3.11 |        1.15 |        3.24
seq_len=10240   | fp32     |     0.0323 |       0.0114 |       0.0343 |       0.0113 |        2.85 |        0.94 |        2.86
seq_len=12288   | fp32     |     0.0323 |       0.0133 |       0.0421 |       0.0130 |        2.43 |        0.77 |        2.48
seq_len=14336   | fp32     |     0.0335 |       0.0155 |       0.0494 |       0.0151 |        2.16 |        0.68 |        2.23
seq_len=16384   | fp32     |     0.0324 |       0.0174 |       0.0567 |       0.0173 |        1.86 |        0.57 |        1.87
seq_len=18432   | fp32     |     0.0343 |       0.0191 |       0.0646 |       0.0190 |        1.79 |        0.53 |        1.80
seq_len=20480   | fp32     |     0.0345 |       0.0210 |       0.0720 |       0.0206 |        1.64 |        0.48 |        1.67
seq_len=22528   | fp32     |     0.0349 |       0.0230 |       0.0788 |       0.0228 |        1.52 |        0.44 |        1.53
seq_len=24576   | fp32     |     0.0354 |       0.0246 |       0.0861 |       0.0245 |        1.44 |        0.41 |        1.45
seq_len=26624   | fp32     |     0.0366 |       0.0266 |       0.0943 |       0.0262 |        1.38 |        0.39 |        1.40
seq_len=28672   | fp32     |     0.0367 |       0.0283 |       0.1015 |       0.0282 |        1.30 |        0.36 |        1.30
seq_len=30720   | fp32     |     0.0377 |       0.0300 |       0.1087 |       0.0298 |        1.26 |        0.35 |        1.27
seq_len=32768   | fp32     |     0.0373 |       0.0323 |       0.1166 |       0.0318 |        1.16 |        0.32 |        1.17
seq_len=34816   | fp32     |     0.0389 |       0.0339 |       0.1235 |       0.0336 |        1.15 |        0.32 |        1.16
seq_len=36864   | fp32     |     0.0392 |       0.0360 |       0.1313 |       0.0354 |        1.09 |        0.30 |        1.11
seq_len=38912   | fp32     |     0.0400 |       0.0378 |       0.1386 |       0.0377 |        1.06 |        0.29 |        1.06
seq_len=40960   | fp32     |     0.0396 |       0.0399 |       0.1466 |       0.0391 |        0.99 |        0.27 |        1.01
Summary CSV     → /projects/kzhou6/bcui2/research/tilebench/Tilebench-gh200/results/GH200/csv/flash_decode_default.csv
