GPU/result namespace: GH200 (detected device: NVIDIA GH200 480GB, arch: hopper)
Starting benchmark for operator: flash_attention
Tile-language backends: torch (baseline) + cutile, tilelang, triton
  NKI not selected (--tile-language)
Running case: {'batch_size': 4, 'n_heads': 32, 'head_dim': 128, 'causal': True, 'seq_len': 1024}, dtype=fp16
2026-10-01 05:12:12,852 WARNING:Tunable parameters ['BLOCK_M', 'BLOCK_N', 'threads'] already provided during auto-tuning. Skipping compilation and using direct JIT
  NKI skipped (not available)
Running case: {'batch_size': 4, 'n_heads': 32, 'head_dim': 128, 'causal': True, 'seq_len': 2048}, dtype=fp16
2026-10-01 05:12:13,127 WARNING:Tunable parameters ['BLOCK_M', 'BLOCK_N', 'threads'] already provided during auto-tuning. Skipping compilation and using direct JIT
  NKI skipped (not available)
Running case: {'batch_size': 4, 'n_heads': 32, 'head_dim': 128, 'causal': True, 'seq_len': 3072}, dtype=fp16
2026-10-01 05:12:13,399 WARNING:Tunable parameters ['BLOCK_M', 'BLOCK_N', 'threads'] already provided during auto-tuning. Skipping compilation and using direct JIT
  NKI skipped (not available)
Running case: {'batch_size': 4, 'n_heads': 32, 'head_dim': 128, 'causal': True, 'seq_len': 4096}, dtype=fp16
2026-10-01 05:12:13,688 WARNING:Tunable parameters ['BLOCK_M', 'BLOCK_N', 'threads'] already provided during auto-tuning. Skipping compilation and using direct JIT
  NKI skipped (not available)
Running case: {'batch_size': 4, 'n_heads': 32, 'head_dim': 128, 'causal': True, 'seq_len': 5120}, dtype=fp16
2026-10-01 05:12:13,997 WARNING:Tunable parameters ['BLOCK_M', 'BLOCK_N', 'threads'] already provided during auto-tuning. Skipping compilation and using direct JIT
  NKI skipped (not available)
Running case: {'batch_size': 4, 'n_heads': 32, 'head_dim': 128, 'causal': True, 'seq_len': 6144}, dtype=fp16
2026-10-01 05:12:14,350 WARNING:Tunable parameters ['BLOCK_M', 'BLOCK_N', 'threads'] already provided during auto-tuning. Skipping compilation and using direct JIT
  NKI skipped (not available)
Running case: {'batch_size': 4, 'n_heads': 32, 'head_dim': 128, 'causal': True, 'seq_len': 7168}, dtype=fp16
2026-10-01 05:12:14,745 WARNING:Tunable parameters ['BLOCK_M', 'BLOCK_N', 'threads'] already provided during auto-tuning. Skipping compilation and using direct JIT
  NKI skipped (not available)
Running case: {'batch_size': 4, 'n_heads': 32, 'head_dim': 128, 'causal': True, 'seq_len': 8192}, dtype=fp16
2026-10-01 05:12:15,171 WARNING:Tunable parameters ['BLOCK_M', 'BLOCK_N', 'threads'] already provided during auto-tuning. Skipping compilation and using direct JIT
  NKI skipped (not available)
Running case: {'batch_size': 4, 'n_heads': 32, 'head_dim': 128, 'causal': True, 'seq_len': 9216}, dtype=fp16
2026-10-01 05:12:15,661 WARNING:Tunable parameters ['BLOCK_M', 'BLOCK_N', 'threads'] already provided during auto-tuning. Skipping compilation and using direct JIT
  NKI skipped (not available)
Running case: {'batch_size': 4, 'n_heads': 32, 'head_dim': 128, 'causal': True, 'seq_len': 10240}, dtype=fp16
2026-10-01 05:12:16,188 WARNING:Tunable parameters ['BLOCK_M', 'BLOCK_N', 'threads'] already provided during auto-tuning. Skipping compilation and using direct JIT
  NKI skipped (not available)
Running case: {'batch_size': 4, 'n_heads': 32, 'head_dim': 128, 'causal': True, 'seq_len': 11264}, dtype=fp16
2026-10-01 05:12:16,786 WARNING:Tunable parameters ['BLOCK_M', 'BLOCK_N', 'threads'] already provided during auto-tuning. Skipping compilation and using direct JIT
  NKI skipped (not available)
Running case: {'batch_size': 4, 'n_heads': 32, 'head_dim': 128, 'causal': True, 'seq_len': 12288}, dtype=fp16
2026-10-01 05:12:17,473 WARNING:Tunable parameters ['BLOCK_M', 'BLOCK_N', 'threads'] already provided during auto-tuning. Skipping compilation and using direct JIT
  NKI skipped (not available)
Running case: {'batch_size': 4, 'n_heads': 32, 'head_dim': 128, 'causal': True, 'seq_len': 13312}, dtype=fp16
2026-10-01 05:12:18,214 WARNING:Tunable parameters ['BLOCK_M', 'BLOCK_N', 'threads'] already provided during auto-tuning. Skipping compilation and using direct JIT
  NKI skipped (not available)
Running case: {'batch_size': 4, 'n_heads': 32, 'head_dim': 128, 'causal': True, 'seq_len': 14336}, dtype=fp16
2026-10-01 05:12:19,046 WARNING:Tunable parameters ['BLOCK_M', 'BLOCK_N', 'threads'] already provided during auto-tuning. Skipping compilation and using direct JIT
  NKI skipped (not available)
Running case: {'batch_size': 4, 'n_heads': 32, 'head_dim': 128, 'causal': True, 'seq_len': 15360}, dtype=fp16
2026-10-01 05:12:19,974 WARNING:Tunable parameters ['BLOCK_M', 'BLOCK_N', 'threads'] already provided during auto-tuning. Skipping compilation and using direct JIT
  NKI skipped (not available)
Running case: {'batch_size': 4, 'n_heads': 32, 'head_dim': 128, 'causal': True, 'seq_len': 16384}, dtype=fp16
2026-10-01 05:12:20,957 WARNING:Tunable parameters ['BLOCK_M', 'BLOCK_N', 'threads'] already provided during auto-tuning. Skipping compilation and using direct JIT
  NKI skipped (not available)
Running case: {'batch_size': 4, 'n_heads': 32, 'head_dim': 128, 'causal': True, 'seq_len': 17408}, dtype=fp16
2026-10-01 05:12:22,050 WARNING:Tunable parameters ['BLOCK_M', 'BLOCK_N', 'threads'] already provided during auto-tuning. Skipping compilation and using direct JIT
  NKI skipped (not available)
Running case: {'batch_size': 4, 'n_heads': 32, 'head_dim': 128, 'causal': True, 'seq_len': 18432}, dtype=fp16
2026-10-01 05:12:23,310 WARNING:Tunable parameters ['BLOCK_M', 'BLOCK_N', 'threads'] already provided during auto-tuning. Skipping compilation and using direct JIT
  NKI skipped (not available)
Running case: {'batch_size': 4, 'n_heads': 32, 'head_dim': 128, 'causal': True, 'seq_len': 19456}, dtype=fp16
2026-10-01 05:12:24,632 WARNING:Tunable parameters ['BLOCK_M', 'BLOCK_N', 'threads'] already provided during auto-tuning. Skipping compilation and using direct JIT
  NKI skipped (not available)
Running case: {'batch_size': 4, 'n_heads': 32, 'head_dim': 128, 'causal': True, 'seq_len': 20480}, dtype=fp16
2026-10-01 05:12:26,099 WARNING:Tunable parameters ['BLOCK_M', 'BLOCK_N', 'threads'] already provided during auto-tuning. Skipping compilation and using direct JIT
  NKI skipped (not available)
Timing results  → /projects/kzhou6/bcui2/research/tilebench/Tilebench-gh200/results/GH200/logs/time_measurement_logs/flash_attention_default_triton-cutile-tilelang.json
Autotune log    → /projects/kzhou6/bcui2/research/tilebench/Tilebench-gh200/results/GH200/logs/autotune_logs/flash_attention_default_triton-cutile-tilelang.json
TileLang autotuner log → /projects/kzhou6/bcui2/research/tilebench/Tilebench-gh200/results/GH200/logs/tilelang_autotuner/flash_attention_default_triton-cutile-tilelang.log
Provenance      → /projects/kzhou6/bcui2/research/tilebench/Tilebench-gh200/results/GH200/logs/provenance/flash_attention_default_triton-cutile-tilelang.json

Summary:
Params          |    Dtype |  Torch(ms) |   Triton(ms) |   cuTile(ms) | TileLang(ms) |  Speedup(T) |  Speedup(C) | Speedup(TL)
------------------------------------------------------------------------------------------------------------------------------
seq_len=1024    | fp16     |     0.0842 |       0.1574 |       0.1343 |       0.2477 |        0.53 |        0.63 |        0.34
seq_len=2048    | fp16     |     0.2742 |       0.4958 |       0.4285 |       0.7692 |        0.55 |        0.64 |        0.36
seq_len=3072    | fp16     |     0.5527 |       1.0195 |       0.8752 |       1.5555 |        0.54 |        0.63 |        0.36
seq_len=4096    | fp16     |     0.9221 |       1.7285 |       1.4837 |       2.5814 |        0.53 |        0.62 |        0.36
seq_len=5120    | fp16     |     1.3814 |       2.6290 |       2.2495 |       3.8349 |        0.53 |        0.61 |        0.36
seq_len=6144    | fp16     |     1.9329 |       3.6761 |       3.1393 |       5.4024 |        0.53 |        0.62 |        0.36
seq_len=7168    | fp16     |     2.5630 |       4.9281 |       4.2145 |       7.2449 |        0.52 |        0.61 |        0.35
seq_len=8192    | fp16     |     3.3110 |       6.3863 |       5.4703 |       9.3685 |        0.52 |        0.61 |        0.35
seq_len=9216    | fp16     |     4.1714 |       8.0994 |       6.8657 |      11.7436 |        0.52 |        0.61 |        0.36
seq_len=10240   | fp16     |     5.0841 |       9.8106 |       8.3738 |      14.4064 |        0.52 |        0.61 |        0.35
seq_len=11264   | fp16     |     6.0933 |      11.8177 |      10.0988 |      17.3650 |        0.52 |        0.60 |        0.35
seq_len=12288   | fp16     |     7.2099 |      14.1636 |      12.0764 |      20.5361 |        0.51 |        0.60 |        0.35
seq_len=13312   | fp16     |     8.4357 |      16.5469 |      14.1157 |      23.9896 |        0.51 |        0.60 |        0.35
seq_len=14336   | fp16     |     9.7536 |      19.1423 |      16.3566 |      27.9314 |        0.51 |        0.60 |        0.35
seq_len=15360   | fp16     |    11.7403 |      22.0278 |      18.7899 |      31.9815 |        0.53 |        0.62 |        0.37
seq_len=16384   | fp16     |    12.8979 |      24.9972 |      21.0516 |      36.2875 |        0.52 |        0.61 |        0.36
seq_len=17408   | fp16     |    15.1161 |      28.0175 |      23.6811 |      40.6396 |        0.54 |        0.64 |        0.37
seq_len=18432   | fp16     |    16.8363 |      31.3063 |      26.4211 |      45.7321 |        0.54 |        0.64 |        0.37
seq_len=19456   | fp16     |    18.6807 |      34.8937 |      29.4599 |      50.5603 |        0.54 |        0.63 |        0.37
seq_len=20480   | fp16     |    20.7506 |      38.5193 |      32.5236 |      55.9680 |        0.54 |        0.64 |        0.37
Summary CSV     → /projects/kzhou6/bcui2/research/tilebench/Tilebench-gh200/results/GH200/csv/flash_attention_default.csv
