GPU/result namespace: GH200 (detected device: NVIDIA GH200 480GB, arch: hopper)
Starting benchmark for operator: fused_activation
Tile-language backends: torch (baseline) + cutile, tilelang, triton
  NKI not selected (--tile-language)
Running case: {'n': 1048576}, dtype=fp32
2026-10-01 05:12:38,409 WARNING:Tunable parameters ['BLOCK_SIZE', 'threads'] already provided during auto-tuning. Skipping compilation and using direct JIT
  NKI skipped (not available)
Running case: {'n': 2097152}, dtype=fp32
2026-10-01 05:12:38,502 WARNING:Tunable parameters ['BLOCK_SIZE', 'threads'] already provided during auto-tuning. Skipping compilation and using direct JIT
  NKI skipped (not available)
Running case: {'n': 3145728}, dtype=fp32
2026-10-01 05:12:38,591 WARNING:Tunable parameters ['BLOCK_SIZE', 'threads'] already provided during auto-tuning. Skipping compilation and using direct JIT
  NKI skipped (not available)
Running case: {'n': 4194304}, dtype=fp32
2026-10-01 05:12:38,677 WARNING:Tunable parameters ['BLOCK_SIZE', 'threads'] already provided during auto-tuning. Skipping compilation and using direct JIT
  NKI skipped (not available)
Running case: {'n': 5242880}, dtype=fp32
2026-10-01 05:12:38,774 WARNING:Tunable parameters ['BLOCK_SIZE', 'threads'] already provided during auto-tuning. Skipping compilation and using direct JIT
  NKI skipped (not available)
Running case: {'n': 6291456}, dtype=fp32
2026-10-01 05:12:38,862 WARNING:Tunable parameters ['BLOCK_SIZE', 'threads'] already provided during auto-tuning. Skipping compilation and using direct JIT
  NKI skipped (not available)
Running case: {'n': 7340032}, dtype=fp32
2026-10-01 05:12:38,951 WARNING:Tunable parameters ['BLOCK_SIZE', 'threads'] already provided during auto-tuning. Skipping compilation and using direct JIT
  NKI skipped (not available)
Running case: {'n': 8388608}, dtype=fp32
2026-10-01 05:12:39,040 WARNING:Tunable parameters ['BLOCK_SIZE', 'threads'] already provided during auto-tuning. Skipping compilation and using direct JIT
  NKI skipped (not available)
Running case: {'n': 9437184}, dtype=fp32
2026-10-01 05:12:39,151 WARNING:Tunable parameters ['BLOCK_SIZE', 'threads'] already provided during auto-tuning. Skipping compilation and using direct JIT
  NKI skipped (not available)
Running case: {'n': 10485760}, dtype=fp32
2026-10-01 05:12:39,244 WARNING:Tunable parameters ['BLOCK_SIZE', 'threads'] already provided during auto-tuning. Skipping compilation and using direct JIT
  NKI skipped (not available)
Running case: {'n': 11534336}, dtype=fp32
2026-10-01 05:12:39,336 WARNING:Tunable parameters ['BLOCK_SIZE', 'threads'] already provided during auto-tuning. Skipping compilation and using direct JIT
  NKI skipped (not available)
Running case: {'n': 12582912}, dtype=fp32
2026-10-01 05:12:39,428 WARNING:Tunable parameters ['BLOCK_SIZE', 'threads'] already provided during auto-tuning. Skipping compilation and using direct JIT
  NKI skipped (not available)
Running case: {'n': 13631488}, dtype=fp32
2026-10-01 05:12:39,519 WARNING:Tunable parameters ['BLOCK_SIZE', 'threads'] already provided during auto-tuning. Skipping compilation and using direct JIT
  NKI skipped (not available)
Running case: {'n': 14680064}, dtype=fp32
2026-10-01 05:12:39,610 WARNING:Tunable parameters ['BLOCK_SIZE', 'threads'] already provided during auto-tuning. Skipping compilation and using direct JIT
  NKI skipped (not available)
Running case: {'n': 15728640}, dtype=fp32
2026-10-01 05:12:39,705 WARNING:Tunable parameters ['BLOCK_SIZE', 'threads'] already provided during auto-tuning. Skipping compilation and using direct JIT
  NKI skipped (not available)
Running case: {'n': 16777216}, dtype=fp32
2026-10-01 05:12:39,798 WARNING:Tunable parameters ['BLOCK_SIZE', 'threads'] already provided during auto-tuning. Skipping compilation and using direct JIT
  NKI skipped (not available)
Running case: {'n': 17825792}, dtype=fp32
2026-10-01 05:12:39,893 WARNING:Tunable parameters ['BLOCK_SIZE', 'threads'] already provided during auto-tuning. Skipping compilation and using direct JIT
  NKI skipped (not available)
Running case: {'n': 18874368}, dtype=fp32
2026-10-01 05:12:39,989 WARNING:Tunable parameters ['BLOCK_SIZE', 'threads'] already provided during auto-tuning. Skipping compilation and using direct JIT
  NKI skipped (not available)
Running case: {'n': 19922944}, dtype=fp32
2026-10-01 05:12:40,084 WARNING:Tunable parameters ['BLOCK_SIZE', 'threads'] already provided during auto-tuning. Skipping compilation and using direct JIT
  NKI skipped (not available)
Running case: {'n': 20971520}, dtype=fp32
2026-10-01 05:12:40,187 WARNING:Tunable parameters ['BLOCK_SIZE', 'threads'] already provided during auto-tuning. Skipping compilation and using direct JIT
  NKI skipped (not available)
Timing results  → /projects/kzhou6/bcui2/research/tilebench/Tilebench-gh200/results/GH200/logs/time_measurement_logs/fused_activation_default_triton-cutile-tilelang.json
Autotune log    → /projects/kzhou6/bcui2/research/tilebench/Tilebench-gh200/results/GH200/logs/autotune_logs/fused_activation_default_triton-cutile-tilelang.json
TileLang autotuner log → /projects/kzhou6/bcui2/research/tilebench/Tilebench-gh200/results/GH200/logs/tilelang_autotuner/fused_activation_default_triton-cutile-tilelang.log
Provenance      → /projects/kzhou6/bcui2/research/tilebench/Tilebench-gh200/results/GH200/logs/provenance/fused_activation_default_triton-cutile-tilelang.json

Summary:
Params       |    Dtype |  Torch(ms) |   Triton(ms) |   cuTile(ms) | TileLang(ms) |  Speedup(T) |  Speedup(C) | Speedup(TL)
---------------------------------------------------------------------------------------------------------------------------
n=1048576    | fp32     |     0.0126 |       0.0075 |       0.0079 |       0.0082 |        1.70 |        1.59 |        1.53
n=2097152    | fp32     |     0.0193 |       0.0125 |       0.0130 |       0.0130 |        1.54 |        1.48 |        1.48
n=3145728    | fp32     |     0.0272 |       0.0187 |       0.0180 |       0.0189 |        1.46 |        1.51 |        1.44
n=4194304    | fp32     |     0.0353 |       0.0225 |       0.0228 |       0.0223 |        1.57 |        1.55 |        1.59
n=5242880    | fp32     |     0.0450 |       0.0270 |       0.0275 |       0.0281 |        1.67 |        1.64 |        1.60
n=6291456    | fp32     |     0.0562 |       0.0331 |       0.0324 |       0.0331 |        1.70 |        1.73 |        1.70
n=7340032    | fp32     |     0.0655 |       0.0376 |       0.0377 |       0.0379 |        1.74 |        1.74 |        1.73
n=8388608    | fp32     |     0.0768 |       0.0422 |       0.0423 |       0.0428 |        1.82 |        1.81 |        1.79
n=9437184    | fp32     |     0.0885 |       0.0458 |       0.0462 |       0.0463 |        1.93 |        1.92 |        1.91
n=10485760   | fp32     |     0.0985 |       0.0504 |       0.0508 |       0.0505 |        1.96 |        1.94 |        1.95
n=11534336   | fp32     |     0.1086 |       0.0549 |       0.0548 |       0.0547 |        1.98 |        1.98 |        1.98
n=12582912   | fp32     |     0.1168 |       0.0592 |       0.0595 |       0.0595 |        1.97 |        1.96 |        1.96
n=13631488   | fp32     |     0.1261 |       0.0641 |       0.0639 |       0.0641 |        1.97 |        1.97 |        1.97
n=14680064   | fp32     |     0.1349 |       0.0681 |       0.0684 |       0.0683 |        1.98 |        1.97 |        1.98
n=15728640   | fp32     |     0.1458 |       0.0728 |       0.0729 |       0.0727 |        2.00 |        2.00 |        2.01
n=16777216   | fp32     |     0.1541 |       0.0771 |       0.0769 |       0.0772 |        2.00 |        2.00 |        2.00
n=17825792   | fp32     |     0.1630 |       0.0815 |       0.0820 |       0.0819 |        2.00 |        1.99 |        1.99
n=18874368   | fp32     |     0.1724 |       0.0861 |       0.0861 |       0.0863 |        2.00 |        2.00 |        2.00
n=19922944   | fp32     |     0.1814 |       0.0910 |       0.0914 |       0.0913 |        1.99 |        1.98 |        1.99
n=20971520   | fp32     |     0.1898 |       0.0956 |       0.0957 |       0.0957 |        1.99 |        1.98 |        1.98
Summary CSV     → /projects/kzhou6/bcui2/research/tilebench/Tilebench-gh200/results/GH200/csv/fused_activation_default.csv
