GPU/result namespace: GH200 (detected device: NVIDIA GH200 480GB, arch: hopper)
Starting benchmark for operator: gaussian_blur
Tile-language backends: torch (baseline) + cutile, tilelang, triton
  NKI not selected (--tile-language)
Running case: {'kernel_rows': 7, 'kernel_cols': 7, 'input_rows': 512}, dtype=fp16
2026-10-01 05:12:43,978 WARNING:Tunable parameters ['BLOCK_R', 'BLOCK_C', 'threads'] already provided during auto-tuning. Skipping compilation and using direct JIT
  NKI skipped (not available)
Running case: {'kernel_rows': 7, 'kernel_cols': 7, 'input_rows': 512}, dtype=fp32
2026-10-01 05:12:44,321 WARNING:Tunable parameters ['BLOCK_R', 'BLOCK_C', 'threads'] already provided during auto-tuning. Skipping compilation and using direct JIT
  NKI skipped (not available)
Running case: {'kernel_rows': 7, 'kernel_cols': 7, 'input_rows': 1024}, dtype=fp16
2026-10-01 05:12:44,558 WARNING:Tunable parameters ['BLOCK_R', 'BLOCK_C', 'threads'] already provided during auto-tuning. Skipping compilation and using direct JIT
  NKI skipped (not available)
Running case: {'kernel_rows': 7, 'kernel_cols': 7, 'input_rows': 1024}, dtype=fp32
2026-10-01 05:12:44,655 WARNING:Tunable parameters ['BLOCK_R', 'BLOCK_C', 'threads'] already provided during auto-tuning. Skipping compilation and using direct JIT
  NKI skipped (not available)
Running case: {'kernel_rows': 7, 'kernel_cols': 7, 'input_rows': 1536}, dtype=fp16
2026-10-01 05:12:44,889 WARNING:Tunable parameters ['BLOCK_R', 'BLOCK_C', 'threads'] already provided during auto-tuning. Skipping compilation and using direct JIT
  NKI skipped (not available)
Running case: {'kernel_rows': 7, 'kernel_cols': 7, 'input_rows': 1536}, dtype=fp32
2026-10-01 05:12:44,991 WARNING:Tunable parameters ['BLOCK_R', 'BLOCK_C', 'threads'] already provided during auto-tuning. Skipping compilation and using direct JIT
  NKI skipped (not available)
Running case: {'kernel_rows': 7, 'kernel_cols': 7, 'input_rows': 2048}, dtype=fp16
2026-10-01 05:12:45,220 WARNING:Tunable parameters ['BLOCK_R', 'BLOCK_C', 'threads'] already provided during auto-tuning. Skipping compilation and using direct JIT
  NKI skipped (not available)
Running case: {'kernel_rows': 7, 'kernel_cols': 7, 'input_rows': 2048}, dtype=fp32
2026-10-01 05:12:45,331 WARNING:Tunable parameters ['BLOCK_R', 'BLOCK_C', 'threads'] already provided during auto-tuning. Skipping compilation and using direct JIT
  NKI skipped (not available)
Running case: {'kernel_rows': 7, 'kernel_cols': 7, 'input_rows': 2560}, dtype=fp16
2026-10-01 05:12:45,609 WARNING:Tunable parameters ['BLOCK_R', 'BLOCK_C', 'threads'] already provided during auto-tuning. Skipping compilation and using direct JIT
  NKI skipped (not available)
Running case: {'kernel_rows': 7, 'kernel_cols': 7, 'input_rows': 2560}, dtype=fp32
2026-10-01 05:12:45,732 WARNING:Tunable parameters ['BLOCK_R', 'BLOCK_C', 'threads'] already provided during auto-tuning. Skipping compilation and using direct JIT
  NKI skipped (not available)
Running case: {'kernel_rows': 7, 'kernel_cols': 7, 'input_rows': 3072}, dtype=fp16
2026-10-01 05:12:45,979 WARNING:Tunable parameters ['BLOCK_R', 'BLOCK_C', 'threads'] already provided during auto-tuning. Skipping compilation and using direct JIT
  NKI skipped (not available)
Running case: {'kernel_rows': 7, 'kernel_cols': 7, 'input_rows': 3072}, dtype=fp32
2026-10-01 05:12:46,118 WARNING:Tunable parameters ['BLOCK_R', 'BLOCK_C', 'threads'] already provided during auto-tuning. Skipping compilation and using direct JIT
  NKI skipped (not available)
Running case: {'kernel_rows': 7, 'kernel_cols': 7, 'input_rows': 3584}, dtype=fp16
2026-10-01 05:12:46,426 WARNING:Tunable parameters ['BLOCK_R', 'BLOCK_C', 'threads'] already provided during auto-tuning. Skipping compilation and using direct JIT
  NKI skipped (not available)
Running case: {'kernel_rows': 7, 'kernel_cols': 7, 'input_rows': 3584}, dtype=fp32
2026-10-01 05:12:46,586 WARNING:Tunable parameters ['BLOCK_R', 'BLOCK_C', 'threads'] already provided during auto-tuning. Skipping compilation and using direct JIT
  NKI skipped (not available)
Running case: {'kernel_rows': 7, 'kernel_cols': 7, 'input_rows': 4096}, dtype=fp16
2026-10-01 05:12:46,859 WARNING:Tunable parameters ['BLOCK_R', 'BLOCK_C', 'threads'] already provided during auto-tuning. Skipping compilation and using direct JIT
  NKI skipped (not available)
Running case: {'kernel_rows': 7, 'kernel_cols': 7, 'input_rows': 4096}, dtype=fp32
2026-10-01 05:12:47,042 WARNING:Tunable parameters ['BLOCK_R', 'BLOCK_C', 'threads'] already provided during auto-tuning. Skipping compilation and using direct JIT
  NKI skipped (not available)
Running case: {'kernel_rows': 7, 'kernel_cols': 7, 'input_rows': 4608}, dtype=fp16
2026-10-01 05:12:47,297 WARNING:Tunable parameters ['BLOCK_R', 'BLOCK_C', 'threads'] already provided during auto-tuning. Skipping compilation and using direct JIT
  NKI skipped (not available)
Running case: {'kernel_rows': 7, 'kernel_cols': 7, 'input_rows': 4608}, dtype=fp32
2026-10-01 05:12:47,500 WARNING:Tunable parameters ['BLOCK_R', 'BLOCK_C', 'threads'] already provided during auto-tuning. Skipping compilation and using direct JIT
  NKI skipped (not available)
Running case: {'kernel_rows': 7, 'kernel_cols': 7, 'input_rows': 5120}, dtype=fp16
2026-10-01 05:12:47,772 WARNING:Tunable parameters ['BLOCK_R', 'BLOCK_C', 'threads'] already provided during auto-tuning. Skipping compilation and using direct JIT
  NKI skipped (not available)
Running case: {'kernel_rows': 7, 'kernel_cols': 7, 'input_rows': 5120}, dtype=fp32
2026-10-01 05:12:48,014 WARNING:Tunable parameters ['BLOCK_R', 'BLOCK_C', 'threads'] already provided during auto-tuning. Skipping compilation and using direct JIT
  NKI skipped (not available)
Running case: {'kernel_rows': 7, 'kernel_cols': 7, 'input_rows': 5632}, dtype=fp16
2026-10-01 05:12:48,288 WARNING:Tunable parameters ['BLOCK_R', 'BLOCK_C', 'threads'] already provided during auto-tuning. Skipping compilation and using direct JIT
  NKI skipped (not available)
Running case: {'kernel_rows': 7, 'kernel_cols': 7, 'input_rows': 5632}, dtype=fp32
2026-10-01 05:12:48,550 WARNING:Tunable parameters ['BLOCK_R', 'BLOCK_C', 'threads'] already provided during auto-tuning. Skipping compilation and using direct JIT
  NKI skipped (not available)
Running case: {'kernel_rows': 7, 'kernel_cols': 7, 'input_rows': 6144}, dtype=fp16
2026-10-01 05:12:48,820 WARNING:Tunable parameters ['BLOCK_R', 'BLOCK_C', 'threads'] already provided during auto-tuning. Skipping compilation and using direct JIT
  NKI skipped (not available)
Running case: {'kernel_rows': 7, 'kernel_cols': 7, 'input_rows': 6144}, dtype=fp32
2026-10-01 05:12:49,112 WARNING:Tunable parameters ['BLOCK_R', 'BLOCK_C', 'threads'] already provided during auto-tuning. Skipping compilation and using direct JIT
  NKI skipped (not available)
Running case: {'kernel_rows': 7, 'kernel_cols': 7, 'input_rows': 6656}, dtype=fp16
2026-10-01 05:12:49,398 WARNING:Tunable parameters ['BLOCK_R', 'BLOCK_C', 'threads'] already provided during auto-tuning. Skipping compilation and using direct JIT
  NKI skipped (not available)
Running case: {'kernel_rows': 7, 'kernel_cols': 7, 'input_rows': 6656}, dtype=fp32
2026-10-01 05:12:49,724 WARNING:Tunable parameters ['BLOCK_R', 'BLOCK_C', 'threads'] already provided during auto-tuning. Skipping compilation and using direct JIT
  NKI skipped (not available)
Running case: {'kernel_rows': 7, 'kernel_cols': 7, 'input_rows': 7168}, dtype=fp16
2026-10-01 05:12:50,042 WARNING:Tunable parameters ['BLOCK_R', 'BLOCK_C', 'threads'] already provided during auto-tuning. Skipping compilation and using direct JIT
  NKI skipped (not available)
Running case: {'kernel_rows': 7, 'kernel_cols': 7, 'input_rows': 7168}, dtype=fp32
2026-10-01 05:12:50,417 WARNING:Tunable parameters ['BLOCK_R', 'BLOCK_C', 'threads'] already provided during auto-tuning. Skipping compilation and using direct JIT
  NKI skipped (not available)
Running case: {'kernel_rows': 7, 'kernel_cols': 7, 'input_rows': 7680}, dtype=fp16
2026-10-01 05:12:50,816 WARNING:Tunable parameters ['BLOCK_R', 'BLOCK_C', 'threads'] already provided during auto-tuning. Skipping compilation and using direct JIT
  NKI skipped (not available)
Running case: {'kernel_rows': 7, 'kernel_cols': 7, 'input_rows': 7680}, dtype=fp32
2026-10-01 05:12:51,234 WARNING:Tunable parameters ['BLOCK_R', 'BLOCK_C', 'threads'] already provided during auto-tuning. Skipping compilation and using direct JIT
  NKI skipped (not available)
Running case: {'kernel_rows': 7, 'kernel_cols': 7, 'input_rows': 8192}, dtype=fp16
2026-10-01 05:12:51,582 WARNING:Tunable parameters ['BLOCK_R', 'BLOCK_C', 'threads'] already provided during auto-tuning. Skipping compilation and using direct JIT
  NKI skipped (not available)
Running case: {'kernel_rows': 7, 'kernel_cols': 7, 'input_rows': 8192}, dtype=fp32
2026-10-01 05:12:52,069 WARNING:Tunable parameters ['BLOCK_R', 'BLOCK_C', 'threads'] already provided during auto-tuning. Skipping compilation and using direct JIT
  NKI skipped (not available)
Running case: {'kernel_rows': 7, 'kernel_cols': 7, 'input_rows': 8704}, dtype=fp16
2026-10-01 05:12:52,417 WARNING:Tunable parameters ['BLOCK_R', 'BLOCK_C', 'threads'] already provided during auto-tuning. Skipping compilation and using direct JIT
  NKI skipped (not available)
Running case: {'kernel_rows': 7, 'kernel_cols': 7, 'input_rows': 8704}, dtype=fp32
2026-10-01 05:12:52,909 WARNING:Tunable parameters ['BLOCK_R', 'BLOCK_C', 'threads'] already provided during auto-tuning. Skipping compilation and using direct JIT
  NKI skipped (not available)
Running case: {'kernel_rows': 7, 'kernel_cols': 7, 'input_rows': 9216}, dtype=fp16
2026-10-01 05:12:53,215 WARNING:Tunable parameters ['BLOCK_R', 'BLOCK_C', 'threads'] already provided during auto-tuning. Skipping compilation and using direct JIT
  NKI skipped (not available)
Running case: {'kernel_rows': 7, 'kernel_cols': 7, 'input_rows': 9216}, dtype=fp32
2026-10-01 05:12:53,757 WARNING:Tunable parameters ['BLOCK_R', 'BLOCK_C', 'threads'] already provided during auto-tuning. Skipping compilation and using direct JIT
  NKI skipped (not available)
Running case: {'kernel_rows': 7, 'kernel_cols': 7, 'input_rows': 9728}, dtype=fp16
2026-10-01 05:12:54,082 WARNING:Tunable parameters ['BLOCK_R', 'BLOCK_C', 'threads'] already provided during auto-tuning. Skipping compilation and using direct JIT
  NKI skipped (not available)
Running case: {'kernel_rows': 7, 'kernel_cols': 7, 'input_rows': 9728}, dtype=fp32
2026-10-01 05:12:54,681 WARNING:Tunable parameters ['BLOCK_R', 'BLOCK_C', 'threads'] already provided during auto-tuning. Skipping compilation and using direct JIT
  NKI skipped (not available)
Running case: {'kernel_rows': 7, 'kernel_cols': 7, 'input_rows': 10240}, dtype=fp16
2026-10-01 05:12:55,121 WARNING:Tunable parameters ['BLOCK_R', 'BLOCK_C', 'threads'] already provided during auto-tuning. Skipping compilation and using direct JIT
  NKI skipped (not available)
Running case: {'kernel_rows': 7, 'kernel_cols': 7, 'input_rows': 10240}, dtype=fp32
2026-10-01 05:12:55,788 WARNING:Tunable parameters ['BLOCK_R', 'BLOCK_C', 'threads'] already provided during auto-tuning. Skipping compilation and using direct JIT
  NKI skipped (not available)
Timing results  → /projects/kzhou6/bcui2/research/tilebench/Tilebench-gh200/results/GH200/logs/time_measurement_logs/gaussian_blur_default_triton-cutile-tilelang.json
Autotune log    → /projects/kzhou6/bcui2/research/tilebench/Tilebench-gh200/results/GH200/logs/autotune_logs/gaussian_blur_default_triton-cutile-tilelang.json
TileLang autotuner log → /projects/kzhou6/bcui2/research/tilebench/Tilebench-gh200/results/GH200/logs/tilelang_autotuner/gaussian_blur_default_triton-cutile-tilelang.log
Provenance      → /projects/kzhou6/bcui2/research/tilebench/Tilebench-gh200/results/GH200/logs/provenance/gaussian_blur_default_triton-cutile-tilelang.json

Summary:
Params             |    Dtype |  Torch(ms) |   Triton(ms) |   cuTile(ms) | TileLang(ms) |  Speedup(T) |  Speedup(C) | Speedup(TL)
---------------------------------------------------------------------------------------------------------------------------------
input_rows=512     | fp16     |     0.0184 |       0.0052 |       0.0087 |       0.0127 |        3.56 |        2.12 |        1.44
input_rows=512     | fp32     |     0.1617 |       0.0060 |       0.0060 |       0.0073 |       27.12 |       26.79 |       22.26
input_rows=1024    | fp16     |     0.0622 |       0.0143 |       0.0278 |       0.0500 |        4.35 |        2.24 |        1.24
input_rows=1024    | fp32     |     0.6009 |       0.0171 |       0.0179 |       0.0254 |       35.08 |       33.55 |       23.68
input_rows=1536    | fp16     |     0.1367 |       0.0290 |       0.0577 |       0.1239 |        4.72 |        2.37 |        1.10
input_rows=1536    | fp32     |     1.3117 |       0.0345 |       0.0366 |       0.0551 |       37.97 |       35.87 |       23.83
input_rows=2048    | fp16     |     0.2398 |       0.0494 |       0.1007 |       0.1976 |        4.85 |        2.38 |        1.21
input_rows=2048    | fp32     |     2.3213 |       0.0588 |       0.0625 |       0.0964 |       39.47 |       37.14 |       24.07
input_rows=2560    | fp16     |     0.3682 |       0.0758 |       0.1547 |       0.3467 |        4.86 |        2.38 |        1.06
input_rows=2560    | fp32     |     3.6220 |       0.0914 |       0.0980 |       0.1503 |       39.62 |       36.96 |       24.11
input_rows=3072    | fp16     |     0.5316 |       0.1090 |       0.2208 |       0.5001 |        4.88 |        2.41 |        1.06
input_rows=3072    | fp32     |     5.1972 |       0.1302 |       0.1394 |       0.2167 |       39.93 |       37.27 |       23.99
input_rows=3584    | fp16     |     0.7235 |       0.1479 |       0.2991 |       0.6771 |        4.89 |        2.42 |        1.07
input_rows=3584    | fp32     |     7.0709 |       0.1770 |       0.1894 |       0.2936 |       39.95 |       37.33 |       24.08
input_rows=4096    | fp16     |     0.9461 |       0.1919 |       0.3880 |       0.7976 |        4.93 |        2.44 |        1.19
input_rows=4096    | fp32     |     9.2318 |       0.2300 |       0.2471 |       0.3769 |       40.14 |       37.36 |       24.49
input_rows=4608    | fp16     |     1.1956 |       0.2428 |       0.4941 |       1.1201 |        4.92 |        2.42 |        1.07
input_rows=4608    | fp32     |    11.6439 |       0.2899 |       0.3114 |       0.4852 |       40.17 |       37.40 |       24.00
input_rows=5120    | fp16     |     1.4653 |       0.3003 |       0.6323 |       1.3798 |        4.88 |        2.32 |        1.06
input_rows=5120    | fp32     |    14.3634 |       0.3552 |       0.3823 |       0.5969 |       40.43 |       37.58 |       24.06
input_rows=5632    | fp16     |     1.7768 |       0.3590 |       0.7328 |       1.6759 |        4.95 |        2.42 |        1.06
input_rows=5632    | fp32     |    17.3946 |       0.4288 |       0.4591 |       0.7206 |       40.57 |       37.89 |       24.14
input_rows=6144    | fp16     |     2.1156 |       0.4250 |       0.8673 |       2.0006 |        4.98 |        2.44 |        1.06
input_rows=6144    | fp32     |    20.5304 |       0.5082 |       0.5444 |       0.8547 |       40.39 |       37.71 |       24.02
input_rows=6656    | fp16     |     2.4884 |       0.4994 |       1.0159 |       2.3211 |        4.98 |        2.45 |        1.07
input_rows=6656    | fp32     |    24.0880 |       0.5978 |       0.6363 |       1.0044 |       40.30 |       37.86 |       23.98
input_rows=7168    | fp16     |     2.8823 |       0.5746 |       1.1800 |       2.7041 |        5.02 |        2.44 |        1.07
input_rows=7168    | fp32     |    27.9304 |       0.6887 |       0.7379 |       1.1645 |       40.56 |       37.85 |       23.98
input_rows=7680    | fp16     |     3.2947 |       0.6578 |       1.3525 |       3.1195 |        5.01 |        2.44 |        1.06
input_rows=7680    | fp32     |    32.0028 |       0.7909 |       0.8453 |       1.3333 |       40.46 |       37.86 |       24.00
input_rows=8192    | fp16     |     3.7572 |       0.7485 |       1.5411 |       3.1951 |        5.02 |        2.44 |        1.18
input_rows=8192    | fp32     |    36.4137 |       0.8995 |       0.9571 |       1.5022 |       40.48 |       38.05 |       24.24
input_rows=8704    | fp16     |     4.2408 |       0.8484 |       1.7406 |       4.0046 |        5.00 |        2.44 |        1.06
input_rows=8704    | fp32     |    41.1009 |       1.0105 |       1.0777 |       1.7125 |       40.67 |       38.14 |       24.00
input_rows=9216    | fp16     |     4.7568 |       0.9459 |       1.9485 |       4.4921 |        5.03 |        2.44 |        1.06
input_rows=9216    | fp32     |    46.1042 |       1.1344 |       1.2070 |       1.9219 |       40.64 |       38.20 |       23.99
input_rows=9728    | fp16     |     5.3039 |       1.0504 |       2.1708 |       4.9747 |        5.05 |        2.44 |        1.07
input_rows=9728    | fp32     |    51.3632 |       1.2607 |       1.3469 |       2.1449 |       40.74 |       38.13 |       23.95
input_rows=10240   | fp16     |     5.8567 |       1.1612 |       2.4015 |       5.5116 |        5.04 |        2.44 |        1.06
input_rows=10240   | fp32     |    56.8907 |       1.3974 |       1.4863 |       2.3626 |       40.71 |       38.28 |       24.08
Summary CSV     → /projects/kzhou6/bcui2/research/tilebench/Tilebench-gh200/results/GH200/csv/gaussian_blur_default.csv
