GPU/result namespace: GH200 (detected device: NVIDIA GH200 480GB, arch: hopper)
Starting benchmark for operator: histogramming
Tile-language backends: torch (baseline) + cutile, tilelang, triton
  NKI not selected (--tile-language)
Running case: {'N': 262144, 'num_bins': 64}, dtype=int32
2026-10-01 05:13:00,562 WARNING:Tunable parameters ['BLOCK_SIZE', 'threads'] already provided during auto-tuning. Skipping compilation and using direct JIT
2026-10-01 05:13:00,625 WARNING:Tunable parameters ['BLOCK_ROWS', 'BLOCK_BINS', 'threads'] already provided during auto-tuning. Skipping compilation and using direct JIT
  NKI skipped (not available)
Running case: {'N': 262144, 'num_bins': 256}, dtype=int32
2026-10-01 05:13:00,827 WARNING:Tunable parameters ['BLOCK_SIZE', 'threads'] already provided during auto-tuning. Skipping compilation and using direct JIT
2026-10-01 05:13:00,912 WARNING:Tunable parameters ['BLOCK_ROWS', 'BLOCK_BINS', 'threads'] already provided during auto-tuning. Skipping compilation and using direct JIT
  NKI skipped (not available)
Running case: {'N': 262144, 'num_bins': 1024}, dtype=int32
2026-10-01 05:13:01,105 WARNING:Tunable parameters ['BLOCK_SIZE', 'threads'] already provided during auto-tuning. Skipping compilation and using direct JIT
2026-10-01 05:13:01,149 WARNING:Tunable parameters ['BLOCK_ROWS', 'BLOCK_BINS', 'threads'] already provided during auto-tuning. Skipping compilation and using direct JIT
  NKI skipped (not available)
Running case: {'N': 262144, 'num_bins': 4096}, dtype=int32
2026-10-01 05:13:01,326 WARNING:Tunable parameters ['BLOCK_SIZE', 'threads'] already provided during auto-tuning. Skipping compilation and using direct JIT
2026-10-01 05:13:01,367 WARNING:Tunable parameters ['BLOCK_ROWS', 'BLOCK_BINS', 'threads'] already provided during auto-tuning. Skipping compilation and using direct JIT
  NKI skipped (not available)
Running case: {'N': 1048576, 'num_bins': 64}, dtype=int32
2026-10-01 05:13:01,547 WARNING:Tunable parameters ['BLOCK_SIZE', 'threads'] already provided during auto-tuning. Skipping compilation and using direct JIT
  NKI skipped (not available)
Running case: {'N': 1048576, 'num_bins': 256}, dtype=int32
2026-10-01 05:13:01,729 WARNING:Tunable parameters ['BLOCK_SIZE', 'threads'] already provided during auto-tuning. Skipping compilation and using direct JIT
  NKI skipped (not available)
Running case: {'N': 1048576, 'num_bins': 1024}, dtype=int32
2026-10-01 05:13:01,928 WARNING:Tunable parameters ['BLOCK_SIZE', 'threads'] already provided during auto-tuning. Skipping compilation and using direct JIT
  NKI skipped (not available)
Running case: {'N': 1048576, 'num_bins': 4096}, dtype=int32
2026-10-01 05:13:02,121 WARNING:Tunable parameters ['BLOCK_SIZE', 'threads'] already provided during auto-tuning. Skipping compilation and using direct JIT
  NKI skipped (not available)
Running case: {'N': 4194304, 'num_bins': 64}, dtype=int32
2026-10-01 05:13:02,307 WARNING:Tunable parameters ['BLOCK_SIZE', 'threads'] already provided during auto-tuning. Skipping compilation and using direct JIT
  NKI skipped (not available)
Running case: {'N': 4194304, 'num_bins': 256}, dtype=int32
2026-10-01 05:13:02,491 WARNING:Tunable parameters ['BLOCK_SIZE', 'threads'] already provided during auto-tuning. Skipping compilation and using direct JIT
  NKI skipped (not available)
Running case: {'N': 4194304, 'num_bins': 1024}, dtype=int32
2026-10-01 05:13:02,679 WARNING:Tunable parameters ['BLOCK_SIZE', 'threads'] already provided during auto-tuning. Skipping compilation and using direct JIT
  NKI skipped (not available)
Running case: {'N': 4194304, 'num_bins': 4096}, dtype=int32
2026-10-01 05:13:02,873 WARNING:Tunable parameters ['BLOCK_SIZE', 'threads'] already provided during auto-tuning. Skipping compilation and using direct JIT
  NKI skipped (not available)
Running case: {'N': 16777216, 'num_bins': 64}, dtype=int32
2026-10-01 05:13:03,079 WARNING:Tunable parameters ['BLOCK_SIZE', 'threads'] already provided during auto-tuning. Skipping compilation and using direct JIT
  NKI skipped (not available)
Running case: {'N': 16777216, 'num_bins': 256}, dtype=int32
2026-10-01 05:13:03,271 WARNING:Tunable parameters ['BLOCK_SIZE', 'threads'] already provided during auto-tuning. Skipping compilation and using direct JIT
  NKI skipped (not available)
Running case: {'N': 16777216, 'num_bins': 1024}, dtype=int32
2026-10-01 05:13:03,458 WARNING:Tunable parameters ['BLOCK_SIZE', 'threads'] already provided during auto-tuning. Skipping compilation and using direct JIT
  NKI skipped (not available)
Running case: {'N': 16777216, 'num_bins': 4096}, dtype=int32
2026-10-01 05:13:03,647 WARNING:Tunable parameters ['BLOCK_SIZE', 'threads'] already provided during auto-tuning. Skipping compilation and using direct JIT
  NKI skipped (not available)
Running case: {'N': 67108864, 'num_bins': 64}, dtype=int32
2026-10-01 05:13:03,867 WARNING:Tunable parameters ['BLOCK_SIZE', 'threads'] already provided during auto-tuning. Skipping compilation and using direct JIT
  NKI skipped (not available)
Running case: {'N': 67108864, 'num_bins': 256}, dtype=int32
2026-10-01 05:13:04,086 WARNING:Tunable parameters ['BLOCK_SIZE', 'threads'] already provided during auto-tuning. Skipping compilation and using direct JIT
  NKI skipped (not available)
Running case: {'N': 67108864, 'num_bins': 1024}, dtype=int32
2026-10-01 05:13:04,302 WARNING:Tunable parameters ['BLOCK_SIZE', 'threads'] already provided during auto-tuning. Skipping compilation and using direct JIT
  NKI skipped (not available)
Running case: {'N': 67108864, 'num_bins': 4096}, dtype=int32
2026-10-01 05:13:04,526 WARNING:Tunable parameters ['BLOCK_SIZE', 'threads'] already provided during auto-tuning. Skipping compilation and using direct JIT
  NKI skipped (not available)
Timing results  → /projects/kzhou6/bcui2/research/tilebench/Tilebench-gh200/results/GH200/logs/time_measurement_logs/histogramming_default_triton-cutile-tilelang.json
Autotune log    → /projects/kzhou6/bcui2/research/tilebench/Tilebench-gh200/results/GH200/logs/autotune_logs/histogramming_default_triton-cutile-tilelang.json
TileLang autotuner log → /projects/kzhou6/bcui2/research/tilebench/Tilebench-gh200/results/GH200/logs/tilelang_autotuner/histogramming_default_triton-cutile-tilelang.log
Provenance      → /projects/kzhou6/bcui2/research/tilebench/Tilebench-gh200/results/GH200/logs/provenance/histogramming_default_triton-cutile-tilelang.json

Summary:
Params                      |    Dtype |  Torch(ms) |   Triton(ms) |   cuTile(ms) | TileLang(ms) |  Speedup(T) |  Speedup(C) | Speedup(TL)
------------------------------------------------------------------------------------------------------------------------------------------
N=262144, num_bins=64       | int32    |     0.0228 |       0.0251 |       0.0157 |       0.0067 |        0.91 |        1.45 |        3.40
N=262144, num_bins=256      | int32    |     0.0232 |       0.0272 |       0.0155 |       0.0073 |        0.85 |        1.50 |        3.19
N=262144, num_bins=1024     | int32    |     0.0261 |       0.0287 |       0.0160 |       0.0077 |        0.91 |        1.63 |        3.37
N=262144, num_bins=4096     | int32    |     0.0307 |       0.0278 |       0.0168 |       0.0094 |        1.11 |        1.83 |        3.26
N=1048576, num_bins=64      | int32    |     0.0289 |       0.0457 |       0.0379 |       0.0092 |        0.63 |        0.76 |        3.16
N=1048576, num_bins=256     | int32    |     0.0288 |       0.0482 |       0.0374 |       0.0090 |        0.60 |        0.77 |        3.20
N=1048576, num_bins=1024    | int32    |     0.0335 |       0.0494 |       0.0379 |       0.0096 |        0.68 |        0.88 |        3.49
N=1048576, num_bins=4096    | int32    |     0.0431 |       0.0488 |       0.0392 |       0.0109 |        0.88 |        1.10 |        3.95
N=4194304, num_bins=64      | int32    |     0.0666 |       0.1284 |       0.1256 |       0.0154 |        0.52 |        0.53 |        4.31
N=4194304, num_bins=256     | int32    |     0.0644 |       0.1304 |       0.1259 |       0.0163 |        0.49 |        0.51 |        3.95
N=4194304, num_bins=1024    | int32    |     0.0659 |       0.1327 |       0.1274 |       0.0166 |        0.50 |        0.52 |        3.96
N=4194304, num_bins=4096    | int32    |     0.0896 |       0.1313 |       0.1267 |       0.0177 |        0.68 |        0.71 |        5.06
N=16777216, num_bins=64     | int32    |     0.2485 |       0.4600 |       0.4794 |       0.0440 |        0.54 |        0.52 |        5.65
N=16777216, num_bins=256    | int32    |     0.2350 |       0.4581 |       0.4741 |       0.0447 |        0.51 |        0.50 |        5.26
N=16777216, num_bins=1024   | int32    |     0.2362 |       0.4622 |       0.4824 |       0.0454 |        0.51 |        0.49 |        5.20
N=16777216, num_bins=4096   | int32    |     0.2547 |       0.4786 |       0.4842 |       0.0473 |        0.53 |        0.53 |        5.39
N=67108864, num_bins=64     | int32    |     0.9035 |       1.7828 |       1.8960 |       0.1250 |        0.51 |        0.48 |        7.23
N=67108864, num_bins=256    | int32    |     0.8360 |       1.7763 |       1.8729 |       0.1257 |        0.47 |        0.45 |        6.65
N=67108864, num_bins=1024   | int32    |     0.8270 |       1.7677 |       1.8839 |       0.1259 |        0.47 |        0.44 |        6.57
N=67108864, num_bins=4096   | int32    |     0.8467 |       1.7910 |       1.8829 |       0.1281 |        0.47 |        0.45 |        6.61
Summary CSV     → /projects/kzhou6/bcui2/research/tilebench/Tilebench-gh200/results/GH200/csv/histogramming_default.csv
