GPU/result namespace: GH200 (detected device: NVIDIA GH200 480GB, arch: hopper)
Starting benchmark for operator: interleave
Tile-language backends: torch (baseline) + cutile, tilelang, triton
  NKI not selected (--tile-language)
Running case: {'n': 1000000}, dtype=fp16
2026-10-01 05:13:09,410 WARNING:Tunable parameters ['BLOCK_SIZE', 'threads'] already provided during auto-tuning. Skipping compilation and using direct JIT
  NKI skipped (not available)
Running case: {'n': 1000000}, dtype=bf16
2026-10-01 05:13:09,600 WARNING:Tunable parameters ['BLOCK_SIZE', 'threads'] already provided during auto-tuning. Skipping compilation and using direct JIT
  NKI skipped (not available)
Running case: {'n': 1000000}, dtype=fp32
2026-10-01 05:13:09,819 WARNING:Tunable parameters ['BLOCK_SIZE', 'threads'] already provided during auto-tuning. Skipping compilation and using direct JIT
  NKI skipped (not available)
Running case: {'n': 1000000}, dtype=int8
2026-10-01 05:13:10,006 WARNING:Tunable parameters ['BLOCK_SIZE', 'threads'] already provided during auto-tuning. Skipping compilation and using direct JIT
  NKI skipped (not available)
Running case: {'n': 2000000}, dtype=fp16
2026-10-01 05:13:10,088 WARNING:Tunable parameters ['BLOCK_SIZE', 'threads'] already provided during auto-tuning. Skipping compilation and using direct JIT
  NKI skipped (not available)
Running case: {'n': 2000000}, dtype=bf16
2026-10-01 05:13:10,180 WARNING:Tunable parameters ['BLOCK_SIZE', 'threads'] already provided during auto-tuning. Skipping compilation and using direct JIT
  NKI skipped (not available)
Running case: {'n': 2000000}, dtype=fp32
2026-10-01 05:13:10,264 WARNING:Tunable parameters ['BLOCK_SIZE', 'threads'] already provided during auto-tuning. Skipping compilation and using direct JIT
  NKI skipped (not available)
Running case: {'n': 2000000}, dtype=int8
2026-10-01 05:13:10,347 WARNING:Tunable parameters ['BLOCK_SIZE', 'threads'] already provided during auto-tuning. Skipping compilation and using direct JIT
  NKI skipped (not available)
Running case: {'n': 3000000}, dtype=fp16
2026-10-01 05:13:10,428 WARNING:Tunable parameters ['BLOCK_SIZE', 'threads'] already provided during auto-tuning. Skipping compilation and using direct JIT
  NKI skipped (not available)
Running case: {'n': 3000000}, dtype=bf16
2026-10-01 05:13:10,511 WARNING:Tunable parameters ['BLOCK_SIZE', 'threads'] already provided during auto-tuning. Skipping compilation and using direct JIT
  NKI skipped (not available)
Running case: {'n': 3000000}, dtype=fp32
2026-10-01 05:13:10,596 WARNING:Tunable parameters ['BLOCK_SIZE', 'threads'] already provided during auto-tuning. Skipping compilation and using direct JIT
  NKI skipped (not available)
Running case: {'n': 3000000}, dtype=int8
2026-10-01 05:13:10,678 WARNING:Tunable parameters ['BLOCK_SIZE', 'threads'] already provided during auto-tuning. Skipping compilation and using direct JIT
  NKI skipped (not available)
Running case: {'n': 4000000}, dtype=fp16
2026-10-01 05:13:10,760 WARNING:Tunable parameters ['BLOCK_SIZE', 'threads'] already provided during auto-tuning. Skipping compilation and using direct JIT
  NKI skipped (not available)
Running case: {'n': 4000000}, dtype=bf16
2026-10-01 05:13:10,863 WARNING:Tunable parameters ['BLOCK_SIZE', 'threads'] already provided during auto-tuning. Skipping compilation and using direct JIT
  NKI skipped (not available)
Running case: {'n': 4000000}, dtype=fp32
2026-10-01 05:13:10,967 WARNING:Tunable parameters ['BLOCK_SIZE', 'threads'] already provided during auto-tuning. Skipping compilation and using direct JIT
  NKI skipped (not available)
Running case: {'n': 4000000}, dtype=int8
2026-10-01 05:13:11,064 WARNING:Tunable parameters ['BLOCK_SIZE', 'threads'] already provided during auto-tuning. Skipping compilation and using direct JIT
  NKI skipped (not available)
Running case: {'n': 5000000}, dtype=fp16
2026-10-01 05:13:11,148 WARNING:Tunable parameters ['BLOCK_SIZE', 'threads'] already provided during auto-tuning. Skipping compilation and using direct JIT
  NKI skipped (not available)
Running case: {'n': 5000000}, dtype=bf16
2026-10-01 05:13:11,235 WARNING:Tunable parameters ['BLOCK_SIZE', 'threads'] already provided during auto-tuning. Skipping compilation and using direct JIT
  NKI skipped (not available)
Running case: {'n': 5000000}, dtype=fp32
2026-10-01 05:13:11,323 WARNING:Tunable parameters ['BLOCK_SIZE', 'threads'] already provided during auto-tuning. Skipping compilation and using direct JIT
  NKI skipped (not available)
Running case: {'n': 5000000}, dtype=int8
2026-10-01 05:13:11,408 WARNING:Tunable parameters ['BLOCK_SIZE', 'threads'] already provided during auto-tuning. Skipping compilation and using direct JIT
  NKI skipped (not available)
Running case: {'n': 6000000}, dtype=fp16
2026-10-01 05:13:11,495 WARNING:Tunable parameters ['BLOCK_SIZE', 'threads'] already provided during auto-tuning. Skipping compilation and using direct JIT
  NKI skipped (not available)
Running case: {'n': 6000000}, dtype=bf16
2026-10-01 05:13:11,584 WARNING:Tunable parameters ['BLOCK_SIZE', 'threads'] already provided during auto-tuning. Skipping compilation and using direct JIT
  NKI skipped (not available)
Running case: {'n': 6000000}, dtype=fp32
2026-10-01 05:13:11,674 WARNING:Tunable parameters ['BLOCK_SIZE', 'threads'] already provided during auto-tuning. Skipping compilation and using direct JIT
  NKI skipped (not available)
Running case: {'n': 6000000}, dtype=int8
2026-10-01 05:13:11,758 WARNING:Tunable parameters ['BLOCK_SIZE', 'threads'] already provided during auto-tuning. Skipping compilation and using direct JIT
  NKI skipped (not available)
Running case: {'n': 7000000}, dtype=fp16
2026-10-01 05:13:11,846 WARNING:Tunable parameters ['BLOCK_SIZE', 'threads'] already provided during auto-tuning. Skipping compilation and using direct JIT
  NKI skipped (not available)
Running case: {'n': 7000000}, dtype=bf16
2026-10-01 05:13:11,935 WARNING:Tunable parameters ['BLOCK_SIZE', 'threads'] already provided during auto-tuning. Skipping compilation and using direct JIT
  NKI skipped (not available)
Running case: {'n': 7000000}, dtype=fp32
2026-10-01 05:13:12,022 WARNING:Tunable parameters ['BLOCK_SIZE', 'threads'] already provided during auto-tuning. Skipping compilation and using direct JIT
  NKI skipped (not available)
Running case: {'n': 7000000}, dtype=int8
2026-10-01 05:13:12,106 WARNING:Tunable parameters ['BLOCK_SIZE', 'threads'] already provided during auto-tuning. Skipping compilation and using direct JIT
  NKI skipped (not available)
Running case: {'n': 8000000}, dtype=fp16
2026-10-01 05:13:12,192 WARNING:Tunable parameters ['BLOCK_SIZE', 'threads'] already provided during auto-tuning. Skipping compilation and using direct JIT
  NKI skipped (not available)
Running case: {'n': 8000000}, dtype=bf16
2026-10-01 05:13:12,277 WARNING:Tunable parameters ['BLOCK_SIZE', 'threads'] already provided during auto-tuning. Skipping compilation and using direct JIT
  NKI skipped (not available)
Running case: {'n': 8000000}, dtype=fp32
2026-10-01 05:13:12,367 WARNING:Tunable parameters ['BLOCK_SIZE', 'threads'] already provided during auto-tuning. Skipping compilation and using direct JIT
  NKI skipped (not available)
Running case: {'n': 8000000}, dtype=int8
2026-10-01 05:13:12,453 WARNING:Tunable parameters ['BLOCK_SIZE', 'threads'] already provided during auto-tuning. Skipping compilation and using direct JIT
  NKI skipped (not available)
Running case: {'n': 9000000}, dtype=fp16
2026-10-01 05:13:12,538 WARNING:Tunable parameters ['BLOCK_SIZE', 'threads'] already provided during auto-tuning. Skipping compilation and using direct JIT
  NKI skipped (not available)
Running case: {'n': 9000000}, dtype=bf16
2026-10-01 05:13:12,628 WARNING:Tunable parameters ['BLOCK_SIZE', 'threads'] already provided during auto-tuning. Skipping compilation and using direct JIT
  NKI skipped (not available)
Running case: {'n': 9000000}, dtype=fp32
2026-10-01 05:13:12,716 WARNING:Tunable parameters ['BLOCK_SIZE', 'threads'] already provided during auto-tuning. Skipping compilation and using direct JIT
  NKI skipped (not available)
Running case: {'n': 9000000}, dtype=int8
2026-10-01 05:13:12,803 WARNING:Tunable parameters ['BLOCK_SIZE', 'threads'] already provided during auto-tuning. Skipping compilation and using direct JIT
  NKI skipped (not available)
Running case: {'n': 10000000}, dtype=fp16
2026-10-01 05:13:12,891 WARNING:Tunable parameters ['BLOCK_SIZE', 'threads'] already provided during auto-tuning. Skipping compilation and using direct JIT
  NKI skipped (not available)
Running case: {'n': 10000000}, dtype=bf16
2026-10-01 05:13:12,978 WARNING:Tunable parameters ['BLOCK_SIZE', 'threads'] already provided during auto-tuning. Skipping compilation and using direct JIT
  NKI skipped (not available)
Running case: {'n': 10000000}, dtype=fp32
2026-10-01 05:13:13,070 WARNING:Tunable parameters ['BLOCK_SIZE', 'threads'] already provided during auto-tuning. Skipping compilation and using direct JIT
  NKI skipped (not available)
Running case: {'n': 10000000}, dtype=int8
2026-10-01 05:13:13,158 WARNING:Tunable parameters ['BLOCK_SIZE', 'threads'] already provided during auto-tuning. Skipping compilation and using direct JIT
  NKI skipped (not available)
Running case: {'n': 11000000}, dtype=fp16
2026-10-01 05:13:13,247 WARNING:Tunable parameters ['BLOCK_SIZE', 'threads'] already provided during auto-tuning. Skipping compilation and using direct JIT
  NKI skipped (not available)
Running case: {'n': 11000000}, dtype=bf16
2026-10-01 05:13:13,338 WARNING:Tunable parameters ['BLOCK_SIZE', 'threads'] already provided during auto-tuning. Skipping compilation and using direct JIT
  NKI skipped (not available)
Running case: {'n': 11000000}, dtype=fp32
2026-10-01 05:13:13,433 WARNING:Tunable parameters ['BLOCK_SIZE', 'threads'] already provided during auto-tuning. Skipping compilation and using direct JIT
  NKI skipped (not available)
Running case: {'n': 11000000}, dtype=int8
2026-10-01 05:13:13,519 WARNING:Tunable parameters ['BLOCK_SIZE', 'threads'] already provided during auto-tuning. Skipping compilation and using direct JIT
  NKI skipped (not available)
Running case: {'n': 12000000}, dtype=fp16
2026-10-01 05:13:13,607 WARNING:Tunable parameters ['BLOCK_SIZE', 'threads'] already provided during auto-tuning. Skipping compilation and using direct JIT
  NKI skipped (not available)
Running case: {'n': 12000000}, dtype=bf16
2026-10-01 05:13:13,699 WARNING:Tunable parameters ['BLOCK_SIZE', 'threads'] already provided during auto-tuning. Skipping compilation and using direct JIT
  NKI skipped (not available)
Running case: {'n': 12000000}, dtype=fp32
2026-10-01 05:13:13,793 WARNING:Tunable parameters ['BLOCK_SIZE', 'threads'] already provided during auto-tuning. Skipping compilation and using direct JIT
  NKI skipped (not available)
Running case: {'n': 12000000}, dtype=int8
2026-10-01 05:13:13,888 WARNING:Tunable parameters ['BLOCK_SIZE', 'threads'] already provided during auto-tuning. Skipping compilation and using direct JIT
  NKI skipped (not available)
Running case: {'n': 13000000}, dtype=fp16
2026-10-01 05:13:13,979 WARNING:Tunable parameters ['BLOCK_SIZE', 'threads'] already provided during auto-tuning. Skipping compilation and using direct JIT
  NKI skipped (not available)
Running case: {'n': 13000000}, dtype=bf16
2026-10-01 05:13:14,067 WARNING:Tunable parameters ['BLOCK_SIZE', 'threads'] already provided during auto-tuning. Skipping compilation and using direct JIT
  NKI skipped (not available)
Running case: {'n': 13000000}, dtype=fp32
2026-10-01 05:13:14,161 WARNING:Tunable parameters ['BLOCK_SIZE', 'threads'] already provided during auto-tuning. Skipping compilation and using direct JIT
  NKI skipped (not available)
Running case: {'n': 13000000}, dtype=int8
2026-10-01 05:13:14,250 WARNING:Tunable parameters ['BLOCK_SIZE', 'threads'] already provided during auto-tuning. Skipping compilation and using direct JIT
  NKI skipped (not available)
Running case: {'n': 14000000}, dtype=fp16
2026-10-01 05:13:14,359 WARNING:Tunable parameters ['BLOCK_SIZE', 'threads'] already provided during auto-tuning. Skipping compilation and using direct JIT
  NKI skipped (not available)
Running case: {'n': 14000000}, dtype=bf16
2026-10-01 05:13:14,454 WARNING:Tunable parameters ['BLOCK_SIZE', 'threads'] already provided during auto-tuning. Skipping compilation and using direct JIT
  NKI skipped (not available)
Running case: {'n': 14000000}, dtype=fp32
2026-10-01 05:13:14,558 WARNING:Tunable parameters ['BLOCK_SIZE', 'threads'] already provided during auto-tuning. Skipping compilation and using direct JIT
  NKI skipped (not available)
Running case: {'n': 14000000}, dtype=int8
2026-10-01 05:13:14,647 WARNING:Tunable parameters ['BLOCK_SIZE', 'threads'] already provided during auto-tuning. Skipping compilation and using direct JIT
  NKI skipped (not available)
Running case: {'n': 15000000}, dtype=fp16
2026-10-01 05:13:14,759 WARNING:Tunable parameters ['BLOCK_SIZE', 'threads'] already provided during auto-tuning. Skipping compilation and using direct JIT
  NKI skipped (not available)
Running case: {'n': 15000000}, dtype=bf16
2026-10-01 05:13:14,857 WARNING:Tunable parameters ['BLOCK_SIZE', 'threads'] already provided during auto-tuning. Skipping compilation and using direct JIT
  NKI skipped (not available)
Running case: {'n': 15000000}, dtype=fp32
2026-10-01 05:13:14,959 WARNING:Tunable parameters ['BLOCK_SIZE', 'threads'] already provided during auto-tuning. Skipping compilation and using direct JIT
  NKI skipped (not available)
Running case: {'n': 15000000}, dtype=int8
2026-10-01 05:13:15,052 WARNING:Tunable parameters ['BLOCK_SIZE', 'threads'] already provided during auto-tuning. Skipping compilation and using direct JIT
  NKI skipped (not available)
Running case: {'n': 16000000}, dtype=fp16
2026-10-01 05:13:15,147 WARNING:Tunable parameters ['BLOCK_SIZE', 'threads'] already provided during auto-tuning. Skipping compilation and using direct JIT
  NKI skipped (not available)
Running case: {'n': 16000000}, dtype=bf16
2026-10-01 05:13:15,238 WARNING:Tunable parameters ['BLOCK_SIZE', 'threads'] already provided during auto-tuning. Skipping compilation and using direct JIT
  NKI skipped (not available)
Running case: {'n': 16000000}, dtype=fp32
2026-10-01 05:13:15,335 WARNING:Tunable parameters ['BLOCK_SIZE', 'threads'] already provided during auto-tuning. Skipping compilation and using direct JIT
  NKI skipped (not available)
Running case: {'n': 16000000}, dtype=int8
2026-10-01 05:13:15,425 WARNING:Tunable parameters ['BLOCK_SIZE', 'threads'] already provided during auto-tuning. Skipping compilation and using direct JIT
  NKI skipped (not available)
Running case: {'n': 17000000}, dtype=fp16
2026-10-01 05:13:15,521 WARNING:Tunable parameters ['BLOCK_SIZE', 'threads'] already provided during auto-tuning. Skipping compilation and using direct JIT
  NKI skipped (not available)
Running case: {'n': 17000000}, dtype=bf16
2026-10-01 05:13:15,617 WARNING:Tunable parameters ['BLOCK_SIZE', 'threads'] already provided during auto-tuning. Skipping compilation and using direct JIT
  NKI skipped (not available)
Running case: {'n': 17000000}, dtype=fp32
2026-10-01 05:13:15,715 WARNING:Tunable parameters ['BLOCK_SIZE', 'threads'] already provided during auto-tuning. Skipping compilation and using direct JIT
  NKI skipped (not available)
Running case: {'n': 17000000}, dtype=int8
2026-10-01 05:13:15,820 WARNING:Tunable parameters ['BLOCK_SIZE', 'threads'] already provided during auto-tuning. Skipping compilation and using direct JIT
  NKI skipped (not available)
Running case: {'n': 18000000}, dtype=fp16
2026-10-01 05:13:15,920 WARNING:Tunable parameters ['BLOCK_SIZE', 'threads'] already provided during auto-tuning. Skipping compilation and using direct JIT
  NKI skipped (not available)
Running case: {'n': 18000000}, dtype=bf16
2026-10-01 05:13:16,015 WARNING:Tunable parameters ['BLOCK_SIZE', 'threads'] already provided during auto-tuning. Skipping compilation and using direct JIT
  NKI skipped (not available)
Running case: {'n': 18000000}, dtype=fp32
2026-10-01 05:13:16,115 WARNING:Tunable parameters ['BLOCK_SIZE', 'threads'] already provided during auto-tuning. Skipping compilation and using direct JIT
  NKI skipped (not available)
Running case: {'n': 18000000}, dtype=int8
2026-10-01 05:13:16,211 WARNING:Tunable parameters ['BLOCK_SIZE', 'threads'] already provided during auto-tuning. Skipping compilation and using direct JIT
  NKI skipped (not available)
Running case: {'n': 19000000}, dtype=fp16
2026-10-01 05:13:16,310 WARNING:Tunable parameters ['BLOCK_SIZE', 'threads'] already provided during auto-tuning. Skipping compilation and using direct JIT
  NKI skipped (not available)
Running case: {'n': 19000000}, dtype=bf16
2026-10-01 05:13:16,406 WARNING:Tunable parameters ['BLOCK_SIZE', 'threads'] already provided during auto-tuning. Skipping compilation and using direct JIT
  NKI skipped (not available)
Running case: {'n': 19000000}, dtype=fp32
2026-10-01 05:13:16,511 WARNING:Tunable parameters ['BLOCK_SIZE', 'threads'] already provided during auto-tuning. Skipping compilation and using direct JIT
  NKI skipped (not available)
Running case: {'n': 19000000}, dtype=int8
2026-10-01 05:13:16,603 WARNING:Tunable parameters ['BLOCK_SIZE', 'threads'] already provided during auto-tuning. Skipping compilation and using direct JIT
  NKI skipped (not available)
Running case: {'n': 20000000}, dtype=fp16
2026-10-01 05:13:16,707 WARNING:Tunable parameters ['BLOCK_SIZE', 'threads'] already provided during auto-tuning. Skipping compilation and using direct JIT
  NKI skipped (not available)
Running case: {'n': 20000000}, dtype=bf16
2026-10-01 05:13:16,821 WARNING:Tunable parameters ['BLOCK_SIZE', 'threads'] already provided during auto-tuning. Skipping compilation and using direct JIT
  NKI skipped (not available)
Running case: {'n': 20000000}, dtype=fp32
2026-10-01 05:13:16,931 WARNING:Tunable parameters ['BLOCK_SIZE', 'threads'] already provided during auto-tuning. Skipping compilation and using direct JIT
  NKI skipped (not available)
Running case: {'n': 20000000}, dtype=int8
2026-10-01 05:13:17,024 WARNING:Tunable parameters ['BLOCK_SIZE', 'threads'] already provided during auto-tuning. Skipping compilation and using direct JIT
  NKI skipped (not available)
Timing results  → /projects/kzhou6/bcui2/research/tilebench/Tilebench-gh200/results/GH200/logs/time_measurement_logs/interleave_default_triton-cutile-tilelang.json
Autotune log    → /projects/kzhou6/bcui2/research/tilebench/Tilebench-gh200/results/GH200/logs/autotune_logs/interleave_default_triton-cutile-tilelang.json
TileLang autotuner log → /projects/kzhou6/bcui2/research/tilebench/Tilebench-gh200/results/GH200/logs/tilelang_autotuner/interleave_default_triton-cutile-tilelang.log
Provenance      → /projects/kzhou6/bcui2/research/tilebench/Tilebench-gh200/results/GH200/logs/provenance/interleave_default_triton-cutile-tilelang.json

Summary:
Params       |    Dtype |  Torch(ms) |   Triton(ms) |   cuTile(ms) | TileLang(ms) |  Speedup(T) |  Speedup(C) | Speedup(TL)
---------------------------------------------------------------------------------------------------------------------------
n=1000000    | fp16     |     0.0087 |       0.0040 |       0.0041 |       0.0044 |        2.18 |        2.13 |        2.00
n=1000000    | bf16     |     0.0090 |       0.0042 |       0.0043 |       0.0043 |        2.15 |        2.09 |        2.08
n=1000000    | fp32     |     0.0127 |       0.0065 |       0.0065 |       0.0065 |        1.95 |        1.95 |        1.95
n=1000000    | int8     |     0.0078 |       0.0031 |       0.0030 |       0.0032 |        2.56 |        2.60 |        2.48
n=2000000    | fp16     |     0.0148 |       0.0065 |       0.0067 |       0.0068 |        2.26 |        2.22 |        2.19
n=2000000    | bf16     |     0.0154 |       0.0065 |       0.0065 |       0.0066 |        2.39 |        2.38 |        2.32
n=2000000    | fp32     |     0.0243 |       0.0107 |       0.0117 |       0.0147 |        2.27 |        2.08 |        1.66
n=2000000    | int8     |     0.0128 |       0.0043 |       0.0046 |       0.0043 |        3.00 |        2.76 |        2.96
n=3000000    | fp16     |     0.0217 |       0.0089 |       0.0091 |       0.0099 |        2.42 |        2.37 |        2.18
n=3000000    | bf16     |     0.0233 |       0.0087 |       0.0088 |       0.0101 |        2.69 |        2.64 |        2.29
n=3000000    | fp32     |     0.0343 |       0.0157 |       0.0159 |       0.0187 |        2.18 |        2.15 |        1.84
n=3000000    | int8     |     0.0176 |       0.0057 |       0.0060 |       0.0057 |        3.08 |        2.95 |        3.10
n=4000000    | fp16     |     0.0289 |       0.0113 |       0.0117 |       0.0124 |        2.55 |        2.48 |        2.33
n=4000000    | bf16     |     0.0286 |       0.0113 |       0.0114 |       0.0120 |        2.54 |        2.50 |        2.37
n=4000000    | fp32     |     0.0463 |       0.0203 |       0.0204 |       0.0249 |        2.27 |        2.26 |        1.85
n=4000000    | int8     |     0.0223 |       0.0070 |       0.0072 |       0.0069 |        3.17 |        3.09 |        3.21
n=5000000    | fp16     |     0.0351 |       0.0136 |       0.0138 |       0.0147 |        2.57 |        2.54 |        2.38
n=5000000    | bf16     |     0.0358 |       0.0135 |       0.0138 |       0.0144 |        2.66 |        2.59 |        2.48
n=5000000    | fp32     |     0.0599 |       0.0244 |       0.0246 |       0.0295 |        2.45 |        2.44 |        2.03
n=5000000    | int8     |     0.0269 |       0.0081 |       0.0086 |       0.0082 |        3.34 |        3.13 |        3.30
n=6000000    | fp16     |     0.0411 |       0.0158 |       0.0165 |       0.0178 |        2.60 |        2.50 |        2.31
n=6000000    | bf16     |     0.0413 |       0.0161 |       0.0166 |       0.0173 |        2.56 |        2.50 |        2.40
n=6000000    | fp32     |     0.0725 |       0.0294 |       0.0296 |       0.0343 |        2.47 |        2.45 |        2.12
n=6000000    | int8     |     0.0315 |       0.0093 |       0.0095 |       0.0094 |        3.39 |        3.31 |        3.35
n=7000000    | fp16     |     0.0485 |       0.0186 |       0.0190 |       0.0201 |        2.60 |        2.55 |        2.41
n=7000000    | bf16     |     0.0477 |       0.0183 |       0.0185 |       0.0198 |        2.61 |        2.58 |        2.40
n=7000000    | fp32     |     0.0857 |       0.0332 |       0.0340 |       0.0395 |        2.58 |        2.52 |        2.17
n=7000000    | int8     |     0.0368 |       0.0107 |       0.0106 |       0.0106 |        3.45 |        3.48 |        3.46
n=8000000    | fp16     |     0.0545 |       0.0204 |       0.0208 |       0.0220 |        2.67 |        2.62 |        2.48
n=8000000    | bf16     |     0.0536 |       0.0203 |       0.0204 |       0.0220 |        2.63 |        2.63 |        2.44
n=8000000    | fp32     |     0.0966 |       0.0384 |       0.0382 |       0.0438 |        2.52 |        2.53 |        2.21
n=8000000    | int8     |     0.0418 |       0.0116 |       0.0121 |       0.0115 |        3.62 |        3.46 |        3.62
n=9000000    | fp16     |     0.0606 |       0.0231 |       0.0226 |       0.0243 |        2.62 |        2.68 |        2.50
n=9000000    | bf16     |     0.0610 |       0.0231 |       0.0230 |       0.0236 |        2.64 |        2.65 |        2.58
n=9000000    | fp32     |     0.1064 |       0.0432 |       0.0431 |       0.0493 |        2.47 |        2.47 |        2.16
n=9000000    | int8     |     0.0460 |       0.0126 |       0.0130 |       0.0130 |        3.66 |        3.55 |        3.54
n=10000000   | fp16     |     0.0684 |       0.0248 |       0.0255 |       0.0260 |        2.76 |        2.69 |        2.63
n=10000000   | bf16     |     0.0683 |       0.0249 |       0.0248 |       0.0265 |        2.75 |        2.76 |        2.57
n=10000000   | fp32     |     0.1179 |       0.0465 |       0.0471 |       0.0536 |        2.54 |        2.51 |        2.20
n=10000000   | int8     |     0.0504 |       0.0144 |       0.0139 |       0.0142 |        3.49 |        3.62 |        3.56
n=11000000   | fp16     |     0.0755 |       0.0268 |       0.0281 |       0.0289 |        2.82 |        2.69 |        2.61
n=11000000   | bf16     |     0.0768 |       0.0266 |       0.0277 |       0.0293 |        2.88 |        2.77 |        2.62
n=11000000   | fp32     |     0.1271 |       0.0518 |       0.0512 |       0.0583 |        2.45 |        2.48 |        2.18
n=11000000   | int8     |     0.0557 |       0.0150 |       0.0152 |       0.0151 |        3.72 |        3.67 |        3.70
n=12000000   | fp16     |     0.0836 |       0.0292 |       0.0302 |       0.0318 |        2.87 |        2.77 |        2.63
n=12000000   | bf16     |     0.0846 |       0.0296 |       0.0299 |       0.0308 |        2.85 |        2.83 |        2.74
n=12000000   | fp32     |     0.1383 |       0.0561 |       0.0561 |       0.0656 |        2.47 |        2.46 |        2.11
n=12000000   | int8     |     0.0598 |       0.0163 |       0.0174 |       0.0167 |        3.66 |        3.44 |        3.58
n=13000000   | fp16     |     0.0908 |       0.0316 |       0.0319 |       0.0340 |        2.87 |        2.84 |        2.67
n=13000000   | bf16     |     0.0917 |       0.0324 |       0.0324 |       0.0344 |        2.83 |        2.83 |        2.67
n=13000000   | fp32     |     0.1495 |       0.0606 |       0.0604 |       0.0689 |        2.47 |        2.47 |        2.17
n=13000000   | int8     |     0.0648 |       0.0176 |       0.0177 |       0.0177 |        3.69 |        3.67 |        3.65
n=14000000   | fp16     |     0.0974 |       0.0338 |       0.0340 |       0.0358 |        2.88 |        2.87 |        2.72
n=14000000   | bf16     |     0.0976 |       0.0337 |       0.0339 |       0.0356 |        2.90 |        2.88 |        2.74
n=14000000   | fp32     |     0.1600 |       0.0643 |       0.0651 |       0.0742 |        2.49 |        2.46 |        2.16
n=14000000   | int8     |     0.0684 |       0.0185 |       0.0189 |       0.0190 |        3.69 |        3.61 |        3.60
n=15000000   | fp16     |     0.1038 |       0.0362 |       0.0360 |       0.0376 |        2.86 |        2.88 |        2.76
n=15000000   | bf16     |     0.1039 |       0.0361 |       0.0358 |       0.0375 |        2.88 |        2.90 |        2.77
n=15000000   | fp32     |     0.1709 |       0.0691 |       0.0693 |       0.0777 |        2.47 |        2.47 |        2.20
n=15000000   | int8     |     0.0734 |       0.0197 |       0.0196 |       0.0200 |        3.73 |        3.74 |        3.68
n=16000000   | fp16     |     0.1095 |       0.0388 |       0.0380 |       0.0404 |        2.82 |        2.88 |        2.71
n=16000000   | bf16     |     0.1105 |       0.0377 |       0.0381 |       0.0403 |        2.93 |        2.90 |        2.74
n=16000000   | fp32     |     0.1825 |       0.0737 |       0.0739 |       0.0803 |        2.48 |        2.47 |        2.27
n=16000000   | int8     |     0.0778 |       0.0205 |       0.0213 |       0.0206 |        3.79 |        3.65 |        3.77
n=17000000   | fp16     |     0.1168 |       0.0401 |       0.0409 |       0.0418 |        2.91 |        2.86 |        2.79
n=17000000   | bf16     |     0.1169 |       0.0403 |       0.0412 |       0.0425 |        2.90 |        2.84 |        2.75
n=17000000   | fp32     |     0.1936 |       0.0784 |       0.0782 |       0.0890 |        2.47 |        2.48 |        2.17
n=17000000   | int8     |     0.0831 |       0.0220 |       0.0222 |       0.0221 |        3.77 |        3.75 |        3.76
n=18000000   | fp16     |     0.1228 |       0.0423 |       0.0433 |       0.0443 |        2.90 |        2.84 |        2.77
n=18000000   | bf16     |     0.1225 |       0.0422 |       0.0426 |       0.0444 |        2.90 |        2.88 |        2.76
n=18000000   | fp32     |     0.2041 |       0.0828 |       0.0831 |       0.0926 |        2.46 |        2.46 |        2.20
n=18000000   | int8     |     0.0885 |       0.0237 |       0.0232 |       0.0233 |        3.73 |        3.82 |        3.80
n=19000000   | fp16     |     0.1292 |       0.0455 |       0.0456 |       0.0476 |        2.84 |        2.83 |        2.71
n=19000000   | bf16     |     0.1287 |       0.0457 |       0.0452 |       0.0470 |        2.82 |        2.85 |        2.74
n=19000000   | fp32     |     0.2144 |       0.0871 |       0.0881 |       0.0981 |        2.46 |        2.43 |        2.18
n=19000000   | int8     |     0.0936 |       0.0243 |       0.0244 |       0.0243 |        3.85 |        3.83 |        3.85
n=20000000   | fp16     |     0.1352 |       0.0477 |       0.0480 |       0.0492 |        2.84 |        2.82 |        2.75
n=20000000   | bf16     |     0.1355 |       0.0470 |       0.0475 |       0.0492 |        2.88 |        2.85 |        2.75
n=20000000   | fp32     |     0.2251 |       0.0911 |       0.0915 |       0.1029 |        2.47 |        2.46 |        2.19
n=20000000   | int8     |     0.0982 |       0.0252 |       0.0256 |       0.0254 |        3.89 |        3.84 |        3.86
Summary CSV     → /projects/kzhou6/bcui2/research/tilebench/Tilebench-gh200/results/GH200/csv/interleave_default.csv
