GPU/result namespace: GH200 (detected device: NVIDIA GH200 480GB, arch: hopper)
Starting benchmark for operator: jacobi_stencil_2d
Tile-language backends: torch (baseline) + cutile, tilelang, triton
  NKI not selected (--tile-language)
Running case: {'rows': 512}, dtype=fp16
2026-10-01 05:13:21,748 WARNING:Tunable parameters ['BLOCK_SIZE_R', 'BLOCK_SIZE_C', 'threads'] already provided during auto-tuning. Skipping compilation and using direct JIT
  NKI skipped (not available)
Running case: {'rows': 512}, dtype=bf16
2026-10-01 05:13:22,077 WARNING:Tunable parameters ['BLOCK_SIZE_R', 'BLOCK_SIZE_C', 'threads'] already provided during auto-tuning. Skipping compilation and using direct JIT
  NKI skipped (not available)
Running case: {'rows': 512}, dtype=fp32
2026-10-01 05:13:22,404 WARNING:Tunable parameters ['BLOCK_SIZE_R', 'BLOCK_SIZE_C', 'threads'] already provided during auto-tuning. Skipping compilation and using direct JIT
  NKI skipped (not available)
Running case: {'rows': 1024}, dtype=fp16
2026-10-01 05:13:22,491 WARNING:Tunable parameters ['BLOCK_SIZE_R', 'BLOCK_SIZE_C', 'threads'] already provided during auto-tuning. Skipping compilation and using direct JIT
  NKI skipped (not available)
Running case: {'rows': 1024}, dtype=bf16
2026-10-01 05:13:22,583 WARNING:Tunable parameters ['BLOCK_SIZE_R', 'BLOCK_SIZE_C', 'threads'] already provided during auto-tuning. Skipping compilation and using direct JIT
  NKI skipped (not available)
Running case: {'rows': 1024}, dtype=fp32
2026-10-01 05:13:22,672 WARNING:Tunable parameters ['BLOCK_SIZE_R', 'BLOCK_SIZE_C', 'threads'] already provided during auto-tuning. Skipping compilation and using direct JIT
  NKI skipped (not available)
Running case: {'rows': 1536}, dtype=fp16
2026-10-01 05:13:22,758 WARNING:Tunable parameters ['BLOCK_SIZE_R', 'BLOCK_SIZE_C', 'threads'] already provided during auto-tuning. Skipping compilation and using direct JIT
  NKI skipped (not available)
Running case: {'rows': 1536}, dtype=bf16
2026-10-01 05:13:22,842 WARNING:Tunable parameters ['BLOCK_SIZE_R', 'BLOCK_SIZE_C', 'threads'] already provided during auto-tuning. Skipping compilation and using direct JIT
  NKI skipped (not available)
Running case: {'rows': 1536}, dtype=fp32
2026-10-01 05:13:22,930 WARNING:Tunable parameters ['BLOCK_SIZE_R', 'BLOCK_SIZE_C', 'threads'] already provided during auto-tuning. Skipping compilation and using direct JIT
  NKI skipped (not available)
Running case: {'rows': 2048}, dtype=fp16
2026-10-01 05:13:23,021 WARNING:Tunable parameters ['BLOCK_SIZE_R', 'BLOCK_SIZE_C', 'threads'] already provided during auto-tuning. Skipping compilation and using direct JIT
  NKI skipped (not available)
Running case: {'rows': 2048}, dtype=bf16
2026-10-01 05:13:23,106 WARNING:Tunable parameters ['BLOCK_SIZE_R', 'BLOCK_SIZE_C', 'threads'] already provided during auto-tuning. Skipping compilation and using direct JIT
  NKI skipped (not available)
Running case: {'rows': 2048}, dtype=fp32
2026-10-01 05:13:23,194 WARNING:Tunable parameters ['BLOCK_SIZE_R', 'BLOCK_SIZE_C', 'threads'] already provided during auto-tuning. Skipping compilation and using direct JIT
  NKI skipped (not available)
Running case: {'rows': 2560}, dtype=fp16
2026-10-01 05:13:23,290 WARNING:Tunable parameters ['BLOCK_SIZE_R', 'BLOCK_SIZE_C', 'threads'] already provided during auto-tuning. Skipping compilation and using direct JIT
  NKI skipped (not available)
Running case: {'rows': 2560}, dtype=bf16
2026-10-01 05:13:23,378 WARNING:Tunable parameters ['BLOCK_SIZE_R', 'BLOCK_SIZE_C', 'threads'] already provided during auto-tuning. Skipping compilation and using direct JIT
  NKI skipped (not available)
Running case: {'rows': 2560}, dtype=fp32
2026-10-01 05:13:23,467 WARNING:Tunable parameters ['BLOCK_SIZE_R', 'BLOCK_SIZE_C', 'threads'] already provided during auto-tuning. Skipping compilation and using direct JIT
  NKI skipped (not available)
Running case: {'rows': 3072}, dtype=fp16
2026-10-01 05:13:23,554 WARNING:Tunable parameters ['BLOCK_SIZE_R', 'BLOCK_SIZE_C', 'threads'] already provided during auto-tuning. Skipping compilation and using direct JIT
  NKI skipped (not available)
Running case: {'rows': 3072}, dtype=bf16
2026-10-01 05:13:23,645 WARNING:Tunable parameters ['BLOCK_SIZE_R', 'BLOCK_SIZE_C', 'threads'] already provided during auto-tuning. Skipping compilation and using direct JIT
  NKI skipped (not available)
Running case: {'rows': 3072}, dtype=fp32
2026-10-01 05:13:23,735 WARNING:Tunable parameters ['BLOCK_SIZE_R', 'BLOCK_SIZE_C', 'threads'] already provided during auto-tuning. Skipping compilation and using direct JIT
  NKI skipped (not available)
Running case: {'rows': 3584}, dtype=fp16
2026-10-01 05:13:23,823 WARNING:Tunable parameters ['BLOCK_SIZE_R', 'BLOCK_SIZE_C', 'threads'] already provided during auto-tuning. Skipping compilation and using direct JIT
  NKI skipped (not available)
Running case: {'rows': 3584}, dtype=bf16
2026-10-01 05:13:23,917 WARNING:Tunable parameters ['BLOCK_SIZE_R', 'BLOCK_SIZE_C', 'threads'] already provided during auto-tuning. Skipping compilation and using direct JIT
  NKI skipped (not available)
Running case: {'rows': 3584}, dtype=fp32
2026-10-01 05:13:24,013 WARNING:Tunable parameters ['BLOCK_SIZE_R', 'BLOCK_SIZE_C', 'threads'] already provided during auto-tuning. Skipping compilation and using direct JIT
  NKI skipped (not available)
Running case: {'rows': 4096}, dtype=fp16
2026-10-01 05:13:24,106 WARNING:Tunable parameters ['BLOCK_SIZE_R', 'BLOCK_SIZE_C', 'threads'] already provided during auto-tuning. Skipping compilation and using direct JIT
  NKI skipped (not available)
Running case: {'rows': 4096}, dtype=bf16
2026-10-01 05:13:24,199 WARNING:Tunable parameters ['BLOCK_SIZE_R', 'BLOCK_SIZE_C', 'threads'] already provided during auto-tuning. Skipping compilation and using direct JIT
  NKI skipped (not available)
Running case: {'rows': 4096}, dtype=fp32
2026-10-01 05:13:24,295 WARNING:Tunable parameters ['BLOCK_SIZE_R', 'BLOCK_SIZE_C', 'threads'] already provided during auto-tuning. Skipping compilation and using direct JIT
  NKI skipped (not available)
Running case: {'rows': 4608}, dtype=fp16
2026-10-01 05:13:24,392 WARNING:Tunable parameters ['BLOCK_SIZE_R', 'BLOCK_SIZE_C', 'threads'] already provided during auto-tuning. Skipping compilation and using direct JIT
  NKI skipped (not available)
Running case: {'rows': 4608}, dtype=bf16
2026-10-01 05:13:24,489 WARNING:Tunable parameters ['BLOCK_SIZE_R', 'BLOCK_SIZE_C', 'threads'] already provided during auto-tuning. Skipping compilation and using direct JIT
  NKI skipped (not available)
Running case: {'rows': 4608}, dtype=fp32
2026-10-01 05:13:24,595 WARNING:Tunable parameters ['BLOCK_SIZE_R', 'BLOCK_SIZE_C', 'threads'] already provided during auto-tuning. Skipping compilation and using direct JIT
  NKI skipped (not available)
Running case: {'rows': 5120}, dtype=fp16
2026-10-01 05:13:24,694 WARNING:Tunable parameters ['BLOCK_SIZE_R', 'BLOCK_SIZE_C', 'threads'] already provided during auto-tuning. Skipping compilation and using direct JIT
  NKI skipped (not available)
Running case: {'rows': 5120}, dtype=bf16
2026-10-01 05:13:24,787 WARNING:Tunable parameters ['BLOCK_SIZE_R', 'BLOCK_SIZE_C', 'threads'] already provided during auto-tuning. Skipping compilation and using direct JIT
  NKI skipped (not available)
Running case: {'rows': 5120}, dtype=fp32
2026-10-01 05:13:24,901 WARNING:Tunable parameters ['BLOCK_SIZE_R', 'BLOCK_SIZE_C', 'threads'] already provided during auto-tuning. Skipping compilation and using direct JIT
  NKI skipped (not available)
Running case: {'rows': 5632}, dtype=fp16
2026-10-01 05:13:25,001 WARNING:Tunable parameters ['BLOCK_SIZE_R', 'BLOCK_SIZE_C', 'threads'] already provided during auto-tuning. Skipping compilation and using direct JIT
  NKI skipped (not available)
Running case: {'rows': 5632}, dtype=bf16
2026-10-01 05:13:25,099 WARNING:Tunable parameters ['BLOCK_SIZE_R', 'BLOCK_SIZE_C', 'threads'] already provided during auto-tuning. Skipping compilation and using direct JIT
  NKI skipped (not available)
Running case: {'rows': 5632}, dtype=fp32
2026-10-01 05:13:25,202 WARNING:Tunable parameters ['BLOCK_SIZE_R', 'BLOCK_SIZE_C', 'threads'] already provided during auto-tuning. Skipping compilation and using direct JIT
  NKI skipped (not available)
Running case: {'rows': 6144}, dtype=fp16
2026-10-01 05:13:25,304 WARNING:Tunable parameters ['BLOCK_SIZE_R', 'BLOCK_SIZE_C', 'threads'] already provided during auto-tuning. Skipping compilation and using direct JIT
  NKI skipped (not available)
Running case: {'rows': 6144}, dtype=bf16
2026-10-01 05:13:25,402 WARNING:Tunable parameters ['BLOCK_SIZE_R', 'BLOCK_SIZE_C', 'threads'] already provided during auto-tuning. Skipping compilation and using direct JIT
  NKI skipped (not available)
Running case: {'rows': 6144}, dtype=fp32
2026-10-01 05:13:25,507 WARNING:Tunable parameters ['BLOCK_SIZE_R', 'BLOCK_SIZE_C', 'threads'] already provided during auto-tuning. Skipping compilation and using direct JIT
  NKI skipped (not available)
Running case: {'rows': 6656}, dtype=fp16
2026-10-01 05:13:25,623 WARNING:Tunable parameters ['BLOCK_SIZE_R', 'BLOCK_SIZE_C', 'threads'] already provided during auto-tuning. Skipping compilation and using direct JIT
  NKI skipped (not available)
Running case: {'rows': 6656}, dtype=bf16
2026-10-01 05:13:25,724 WARNING:Tunable parameters ['BLOCK_SIZE_R', 'BLOCK_SIZE_C', 'threads'] already provided during auto-tuning. Skipping compilation and using direct JIT
  NKI skipped (not available)
Running case: {'rows': 6656}, dtype=fp32
2026-10-01 05:13:25,833 WARNING:Tunable parameters ['BLOCK_SIZE_R', 'BLOCK_SIZE_C', 'threads'] already provided during auto-tuning. Skipping compilation and using direct JIT
  NKI skipped (not available)
Running case: {'rows': 7168}, dtype=fp16
2026-10-01 05:13:25,936 WARNING:Tunable parameters ['BLOCK_SIZE_R', 'BLOCK_SIZE_C', 'threads'] already provided during auto-tuning. Skipping compilation and using direct JIT
  NKI skipped (not available)
Running case: {'rows': 7168}, dtype=bf16
2026-10-01 05:13:26,038 WARNING:Tunable parameters ['BLOCK_SIZE_R', 'BLOCK_SIZE_C', 'threads'] already provided during auto-tuning. Skipping compilation and using direct JIT
  NKI skipped (not available)
Running case: {'rows': 7168}, dtype=fp32
2026-10-01 05:13:26,158 WARNING:Tunable parameters ['BLOCK_SIZE_R', 'BLOCK_SIZE_C', 'threads'] already provided during auto-tuning. Skipping compilation and using direct JIT
  NKI skipped (not available)
Running case: {'rows': 7680}, dtype=fp16
2026-10-01 05:13:26,264 WARNING:Tunable parameters ['BLOCK_SIZE_R', 'BLOCK_SIZE_C', 'threads'] already provided during auto-tuning. Skipping compilation and using direct JIT
  NKI skipped (not available)
Running case: {'rows': 7680}, dtype=bf16
2026-10-01 05:13:26,370 WARNING:Tunable parameters ['BLOCK_SIZE_R', 'BLOCK_SIZE_C', 'threads'] already provided during auto-tuning. Skipping compilation and using direct JIT
  NKI skipped (not available)
Running case: {'rows': 7680}, dtype=fp32
2026-10-01 05:13:26,496 WARNING:Tunable parameters ['BLOCK_SIZE_R', 'BLOCK_SIZE_C', 'threads'] already provided during auto-tuning. Skipping compilation and using direct JIT
  NKI skipped (not available)
Running case: {'rows': 8192}, dtype=fp16
2026-10-01 05:13:26,605 WARNING:Tunable parameters ['BLOCK_SIZE_R', 'BLOCK_SIZE_C', 'threads'] already provided during auto-tuning. Skipping compilation and using direct JIT
  NKI skipped (not available)
Running case: {'rows': 8192}, dtype=bf16
2026-10-01 05:13:26,723 WARNING:Tunable parameters ['BLOCK_SIZE_R', 'BLOCK_SIZE_C', 'threads'] already provided during auto-tuning. Skipping compilation and using direct JIT
  NKI skipped (not available)
Running case: {'rows': 8192}, dtype=fp32
2026-10-01 05:13:26,844 WARNING:Tunable parameters ['BLOCK_SIZE_R', 'BLOCK_SIZE_C', 'threads'] already provided during auto-tuning. Skipping compilation and using direct JIT
  NKI skipped (not available)
Running case: {'rows': 8704}, dtype=fp16
2026-10-01 05:13:26,961 WARNING:Tunable parameters ['BLOCK_SIZE_R', 'BLOCK_SIZE_C', 'threads'] already provided during auto-tuning. Skipping compilation and using direct JIT
  NKI skipped (not available)
Running case: {'rows': 8704}, dtype=bf16
2026-10-01 05:13:27,072 WARNING:Tunable parameters ['BLOCK_SIZE_R', 'BLOCK_SIZE_C', 'threads'] already provided during auto-tuning. Skipping compilation and using direct JIT
  NKI skipped (not available)
Running case: {'rows': 8704}, dtype=fp32
2026-10-01 05:13:27,195 WARNING:Tunable parameters ['BLOCK_SIZE_R', 'BLOCK_SIZE_C', 'threads'] already provided during auto-tuning. Skipping compilation and using direct JIT
  NKI skipped (not available)
Running case: {'rows': 9216}, dtype=fp16
2026-10-01 05:13:27,317 WARNING:Tunable parameters ['BLOCK_SIZE_R', 'BLOCK_SIZE_C', 'threads'] already provided during auto-tuning. Skipping compilation and using direct JIT
  NKI skipped (not available)
Running case: {'rows': 9216}, dtype=bf16
2026-10-01 05:13:27,431 WARNING:Tunable parameters ['BLOCK_SIZE_R', 'BLOCK_SIZE_C', 'threads'] already provided during auto-tuning. Skipping compilation and using direct JIT
  NKI skipped (not available)
Running case: {'rows': 9216}, dtype=fp32
2026-10-01 05:13:27,562 WARNING:Tunable parameters ['BLOCK_SIZE_R', 'BLOCK_SIZE_C', 'threads'] already provided during auto-tuning. Skipping compilation and using direct JIT
  NKI skipped (not available)
Running case: {'rows': 9728}, dtype=fp16
2026-10-01 05:13:27,684 WARNING:Tunable parameters ['BLOCK_SIZE_R', 'BLOCK_SIZE_C', 'threads'] already provided during auto-tuning. Skipping compilation and using direct JIT
  NKI skipped (not available)
Running case: {'rows': 9728}, dtype=bf16
2026-10-01 05:13:27,803 WARNING:Tunable parameters ['BLOCK_SIZE_R', 'BLOCK_SIZE_C', 'threads'] already provided during auto-tuning. Skipping compilation and using direct JIT
  NKI skipped (not available)
Running case: {'rows': 9728}, dtype=fp32
2026-10-01 05:13:27,936 WARNING:Tunable parameters ['BLOCK_SIZE_R', 'BLOCK_SIZE_C', 'threads'] already provided during auto-tuning. Skipping compilation and using direct JIT
  NKI skipped (not available)
Running case: {'rows': 10240}, dtype=fp16
2026-10-01 05:13:28,061 WARNING:Tunable parameters ['BLOCK_SIZE_R', 'BLOCK_SIZE_C', 'threads'] already provided during auto-tuning. Skipping compilation and using direct JIT
  NKI skipped (not available)
Running case: {'rows': 10240}, dtype=bf16
2026-10-01 05:13:28,182 WARNING:Tunable parameters ['BLOCK_SIZE_R', 'BLOCK_SIZE_C', 'threads'] already provided during auto-tuning. Skipping compilation and using direct JIT
  NKI skipped (not available)
Running case: {'rows': 10240}, dtype=fp32
2026-10-01 05:13:28,324 WARNING:Tunable parameters ['BLOCK_SIZE_R', 'BLOCK_SIZE_C', 'threads'] already provided during auto-tuning. Skipping compilation and using direct JIT
  NKI skipped (not available)
Timing results  → /projects/kzhou6/bcui2/research/tilebench/Tilebench-gh200/results/GH200/logs/time_measurement_logs/jacobi_stencil_2d_default_triton-cutile-tilelang.json
Autotune log    → /projects/kzhou6/bcui2/research/tilebench/Tilebench-gh200/results/GH200/logs/autotune_logs/jacobi_stencil_2d_default_triton-cutile-tilelang.json
TileLang autotuner log → /projects/kzhou6/bcui2/research/tilebench/Tilebench-gh200/results/GH200/logs/tilelang_autotuner/jacobi_stencil_2d_default_triton-cutile-tilelang.log
Provenance      → /projects/kzhou6/bcui2/research/tilebench/Tilebench-gh200/results/GH200/logs/provenance/jacobi_stencil_2d_default_triton-cutile-tilelang.json

Summary:
Params       |    Dtype |  Torch(ms) |   Triton(ms) |   cuTile(ms) | TileLang(ms) |  Speedup(T) |  Speedup(C) | Speedup(TL)
---------------------------------------------------------------------------------------------------------------------------
rows=512     | fp16     |     0.0109 |       0.0025 |       0.0024 |       0.0024 |        4.44 |        4.52 |        4.50
rows=512     | bf16     |     0.0110 |       0.0024 |       0.0025 |       0.0025 |        4.63 |        4.39 |        4.39
rows=512     | fp32     |     0.0095 |       0.0027 |       0.0028 |       0.0023 |        3.54 |        3.44 |        4.05
rows=1024    | fp16     |     0.0163 |       0.0044 |       0.0037 |       0.0043 |        3.69 |        4.45 |        3.77
rows=1024    | bf16     |     0.0167 |       0.0045 |       0.0038 |       0.0044 |        3.74 |        4.43 |        3.76
rows=1024    | fp32     |     0.0183 |       0.0048 |       0.0052 |       0.0042 |        3.84 |        3.52 |        4.35
rows=1536    | fp16     |     0.0286 |       0.0079 |       0.0065 |       0.0078 |        3.61 |        4.38 |        3.64
rows=1536    | bf16     |     0.0288 |       0.0080 |       0.0067 |       0.0081 |        3.60 |        4.29 |        3.55
rows=1536    | fp32     |     0.0331 |       0.0090 |       0.0092 |       0.0092 |        3.70 |        3.60 |        3.62
rows=2048    | fp16     |     0.0441 |       0.0115 |       0.0086 |       0.0116 |        3.85 |        5.14 |        3.80
rows=2048    | bf16     |     0.0446 |       0.0116 |       0.0089 |       0.0118 |        3.84 |        4.98 |        3.78
rows=2048    | fp32     |     0.0636 |       0.0139 |       0.0143 |       0.0128 |        4.57 |        4.44 |        4.95
rows=2560    | fp16     |     0.0681 |       0.0176 |       0.0142 |       0.0174 |        3.87 |        4.78 |        3.92
rows=2560    | bf16     |     0.0666 |       0.0175 |       0.0145 |       0.0176 |        3.79 |        4.57 |        3.79
rows=2560    | fp32     |     0.1119 |       0.0213 |       0.0213 |       0.0217 |        5.24 |        5.25 |        5.16
rows=3072    | fp16     |     0.1088 |       0.0232 |       0.0182 |       0.0232 |        4.69 |        5.97 |        4.68
rows=3072    | bf16     |     0.1081 |       0.0235 |       0.0184 |       0.0230 |        4.60 |        5.88 |        4.69
rows=3072    | fp32     |     0.1637 |       0.0290 |       0.0287 |       0.0258 |        5.65 |        5.70 |        6.33
rows=3584    | fp16     |     0.1562 |       0.0317 |       0.0256 |       0.0317 |        4.92 |        6.10 |        4.92
rows=3584    | bf16     |     0.1566 |       0.0315 |       0.0258 |       0.0314 |        4.97 |        6.08 |        4.99
rows=3584    | fp32     |     0.2203 |       0.0383 |       0.0379 |       0.0391 |        5.75 |        5.82 |        5.64
rows=4096    | fp16     |     0.2072 |       0.0394 |       0.0301 |       0.0386 |        5.26 |        6.88 |        5.37
rows=4096    | bf16     |     0.2077 |       0.0394 |       0.0293 |       0.0388 |        5.27 |        7.09 |        5.36
rows=4096    | fp32     |     0.2848 |       0.0479 |       0.0466 |       0.0430 |        5.94 |        6.11 |        6.62
rows=4608    | fp16     |     0.2602 |       0.0507 |       0.0403 |       0.0503 |        5.13 |        6.46 |        5.17
rows=4608    | bf16     |     0.2611 |       0.0505 |       0.0399 |       0.0501 |        5.17 |        6.54 |        5.21
rows=4608    | fp32     |     0.3565 |       0.0609 |       0.0604 |       0.0622 |        5.86 |        5.90 |        5.73
rows=5120    | fp16     |     0.3194 |       0.0600 |       0.0452 |       0.0586 |        5.32 |        7.07 |        5.45
rows=5120    | bf16     |     0.3192 |       0.0600 |       0.0446 |       0.0587 |        5.32 |        7.16 |        5.44
rows=5120    | fp32     |     0.4379 |       0.0729 |       0.0716 |       0.0670 |        6.01 |        6.12 |        6.54
rows=5632    | fp16     |     0.3825 |       0.0735 |       0.0581 |       0.0734 |        5.20 |        6.59 |        5.21
rows=5632    | bf16     |     0.3833 |       0.0734 |       0.0579 |       0.0732 |        5.22 |        6.62 |        5.23
rows=5632    | fp32     |     0.5268 |       0.0905 |       0.0890 |       0.0935 |        5.82 |        5.92 |        5.63
rows=6144    | fp16     |     0.4524 |       0.0854 |       0.0625 |       0.0835 |        5.30 |        7.24 |        5.42
rows=6144    | bf16     |     0.4525 |       0.0859 |       0.0631 |       0.0839 |        5.27 |        7.18 |        5.40
rows=6144    | fp32     |     0.6256 |       0.1037 |       0.1018 |       0.0938 |        6.03 |        6.14 |        6.67
rows=6656    | fp16     |     0.5285 |       0.1025 |       0.0796 |       0.1023 |        5.16 |        6.64 |        5.17
rows=6656    | bf16     |     0.5289 |       0.1023 |       0.0796 |       0.1018 |        5.17 |        6.64 |        5.19
rows=6656    | fp32     |     0.7321 |       0.1225 |       0.1214 |       0.1271 |        5.98 |        6.03 |        5.76
rows=7168    | fp16     |     0.6101 |       0.1159 |       0.0850 |       0.1138 |        5.26 |        7.18 |        5.36
rows=7168    | bf16     |     0.6112 |       0.1166 |       0.0847 |       0.1129 |        5.24 |        7.22 |        5.41
rows=7168    | fp32     |     0.8478 |       0.1393 |       0.1370 |       0.1276 |        6.09 |        6.19 |        6.65
rows=7680    | fp16     |     0.6997 |       0.1359 |       0.1026 |       0.1346 |        5.15 |        6.82 |        5.20
rows=7680    | bf16     |     0.6991 |       0.1353 |       0.1026 |       0.1356 |        5.17 |        6.81 |        5.16
rows=7680    | fp32     |     0.9716 |       0.1615 |       0.1594 |       0.1664 |        6.02 |        6.10 |        5.84
rows=8192    | fp16     |     0.7933 |       0.1518 |       0.1099 |       0.1476 |        5.22 |        7.22 |        5.37
rows=8192    | bf16     |     0.7935 |       0.1510 |       0.1097 |       0.1470 |        5.26 |        7.23 |        5.40
rows=8192    | fp32     |     1.1006 |       0.1823 |       0.1773 |       0.1643 |        6.04 |        6.21 |        6.70
rows=8704    | fp16     |     0.8947 |       0.1736 |       0.1321 |       0.1727 |        5.15 |        6.77 |        5.18
rows=8704    | bf16     |     0.8938 |       0.1728 |       0.1317 |       0.1730 |        5.17 |        6.79 |        5.17
rows=8704    | fp32     |     1.2401 |       0.2065 |       0.2035 |       0.2125 |        6.01 |        6.09 |        5.83
rows=9216    | fp16     |     0.9999 |       0.1919 |       0.1404 |       0.1863 |        5.21 |        7.12 |        5.37
rows=9216    | bf16     |     1.0004 |       0.1902 |       0.1406 |       0.1862 |        5.26 |        7.12 |        5.37
rows=9216    | fp32     |     1.3907 |       0.2300 |       0.2253 |       0.2074 |        6.05 |        6.17 |        6.70
rows=9728    | fp16     |     1.1129 |       0.2154 |       0.1623 |       0.2152 |        5.17 |        6.86 |        5.17
rows=9728    | bf16     |     1.1137 |       0.2150 |       0.1634 |       0.2147 |        5.18 |        6.81 |        5.19
rows=9728    | fp32     |     1.5459 |       0.2614 |       0.2575 |       0.2695 |        5.91 |        6.00 |        5.74
rows=10240   | fp16     |     1.2297 |       0.2358 |       0.1716 |       0.2292 |        5.21 |        7.17 |        5.37
rows=10240   | bf16     |     1.2335 |       0.2359 |       0.1719 |       0.2283 |        5.23 |        7.18 |        5.40
rows=10240   | fp32     |     1.7113 |       0.2818 |       0.2770 |       0.2584 |        6.07 |        6.18 |        6.62
Summary CSV     → /projects/kzhou6/bcui2/research/tilebench/Tilebench-gh200/results/GH200/csv/jacobi_stencil_2d_default.csv
