GPU/result namespace: GH200 (detected device: NVIDIA GH200 480GB, arch: hopper)
Starting benchmark for operator: kl_divergence
Tile-language backends: torch (baseline) + cutile, tilelang, triton
  NKI not selected (--tile-language)
Running case: {'rows': 512, 'cols': 1024}, dtype=fp32
2026-10-01 05:13:32,811 WARNING:Tunable parameters ['BLOCK_SIZE', 'threads', 'num_stages'] already provided during auto-tuning. Skipping compilation and using direct JIT
  NKI skipped (not available)
Running case: {'rows': 512, 'cols': 2048}, dtype=fp32
2026-10-01 05:13:33,042 WARNING:Tunable parameters ['BLOCK_SIZE', 'threads', 'num_stages'] already provided during auto-tuning. Skipping compilation and using direct JIT
  NKI skipped (not available)
Running case: {'rows': 512, 'cols': 4096}, dtype=fp32
2026-10-01 05:13:33,229 WARNING:Tunable parameters ['BLOCK_SIZE', 'threads', 'num_stages'] already provided during auto-tuning. Skipping compilation and using direct JIT
  NKI skipped (not available)
Running case: {'rows': 512, 'cols': 8192}, dtype=fp32
2026-10-01 05:13:33,417 WARNING:Tunable parameters ['BLOCK_SIZE', 'threads', 'num_stages'] already provided during auto-tuning. Skipping compilation and using direct JIT
  NKI skipped (not available)
Running case: {'rows': 512, 'cols': 16384}, dtype=fp32
2026-10-01 05:13:33,598 WARNING:Tunable parameters ['BLOCK_SIZE', 'threads', 'num_stages'] already provided during auto-tuning. Skipping compilation and using direct JIT
  NKI skipped (not available)
Running case: {'rows': 1024, 'cols': 1024}, dtype=fp32
2026-10-01 05:13:33,775 WARNING:Tunable parameters ['BLOCK_SIZE', 'threads', 'num_stages'] already provided during auto-tuning. Skipping compilation and using direct JIT
2026-10-01 05:13:33  [TileLang:tilelang.cache.kernel_cache:WARNING] (kernel_cache.py:350): Found kernel 'kl_divergence_kernel' in memory cache. For better performance, consider using `@tilelang.jit` instead of direct kernel caching.
  NKI skipped (not available)
Running case: {'rows': 1024, 'cols': 2048}, dtype=fp32
2026-10-01 05:13:33,942 WARNING:Tunable parameters ['BLOCK_SIZE', 'threads', 'num_stages'] already provided during auto-tuning. Skipping compilation and using direct JIT
2026-10-01 05:13:33  [TileLang:tilelang.cache.kernel_cache:WARNING] (kernel_cache.py:350): Found kernel 'kl_divergence_kernel' in memory cache. For better performance, consider using `@tilelang.jit` instead of direct kernel caching.
  NKI skipped (not available)
Running case: {'rows': 1024, 'cols': 4096}, dtype=fp32
2026-10-01 05:13:34,109 WARNING:Tunable parameters ['BLOCK_SIZE', 'threads', 'num_stages'] already provided during auto-tuning. Skipping compilation and using direct JIT
2026-10-01 05:13:34  [TileLang:tilelang.cache.kernel_cache:WARNING] (kernel_cache.py:350): Found kernel 'kl_divergence_kernel' in memory cache. For better performance, consider using `@tilelang.jit` instead of direct kernel caching.
  NKI skipped (not available)
Running case: {'rows': 1024, 'cols': 8192}, dtype=fp32
2026-10-01 05:13:34,277 WARNING:Tunable parameters ['BLOCK_SIZE', 'threads', 'num_stages'] already provided during auto-tuning. Skipping compilation and using direct JIT
2026-10-01 05:13:34  [TileLang:tilelang.cache.kernel_cache:WARNING] (kernel_cache.py:350): Found kernel 'kl_divergence_kernel' in memory cache. For better performance, consider using `@tilelang.jit` instead of direct kernel caching.
  NKI skipped (not available)
Running case: {'rows': 1024, 'cols': 16384}, dtype=fp32
2026-10-01 05:13:34,448 WARNING:Tunable parameters ['BLOCK_SIZE', 'threads', 'num_stages'] already provided during auto-tuning. Skipping compilation and using direct JIT
2026-10-01 05:13:34  [TileLang:tilelang.cache.kernel_cache:WARNING] (kernel_cache.py:350): Found kernel 'kl_divergence_kernel' in memory cache. For better performance, consider using `@tilelang.jit` instead of direct kernel caching.
  NKI skipped (not available)
Running case: {'rows': 2048, 'cols': 1024}, dtype=fp32
2026-10-01 05:13:34,615 WARNING:Tunable parameters ['BLOCK_SIZE', 'threads', 'num_stages'] already provided during auto-tuning. Skipping compilation and using direct JIT
2026-10-01 05:13:34  [TileLang:tilelang.cache.kernel_cache:WARNING] (kernel_cache.py:350): Found kernel 'kl_divergence_kernel' in memory cache. For better performance, consider using `@tilelang.jit` instead of direct kernel caching.
  NKI skipped (not available)
Running case: {'rows': 2048, 'cols': 2048}, dtype=fp32
2026-10-01 05:13:34,782 WARNING:Tunable parameters ['BLOCK_SIZE', 'threads', 'num_stages'] already provided during auto-tuning. Skipping compilation and using direct JIT
2026-10-01 05:13:34  [TileLang:tilelang.cache.kernel_cache:WARNING] (kernel_cache.py:350): Found kernel 'kl_divergence_kernel' in memory cache. For better performance, consider using `@tilelang.jit` instead of direct kernel caching.
  NKI skipped (not available)
Running case: {'rows': 2048, 'cols': 4096}, dtype=fp32
2026-10-01 05:13:34,951 WARNING:Tunable parameters ['BLOCK_SIZE', 'threads', 'num_stages'] already provided during auto-tuning. Skipping compilation and using direct JIT
2026-10-01 05:13:34  [TileLang:tilelang.cache.kernel_cache:WARNING] (kernel_cache.py:350): Found kernel 'kl_divergence_kernel' in memory cache. For better performance, consider using `@tilelang.jit` instead of direct kernel caching.
  NKI skipped (not available)
Running case: {'rows': 2048, 'cols': 8192}, dtype=fp32
2026-10-01 05:13:35,121 WARNING:Tunable parameters ['BLOCK_SIZE', 'threads', 'num_stages'] already provided during auto-tuning. Skipping compilation and using direct JIT
2026-10-01 05:13:35  [TileLang:tilelang.cache.kernel_cache:WARNING] (kernel_cache.py:350): Found kernel 'kl_divergence_kernel' in memory cache. For better performance, consider using `@tilelang.jit` instead of direct kernel caching.
  NKI skipped (not available)
Running case: {'rows': 2048, 'cols': 16384}, dtype=fp32
2026-10-01 05:13:35,294 WARNING:Tunable parameters ['BLOCK_SIZE', 'threads', 'num_stages'] already provided during auto-tuning. Skipping compilation and using direct JIT
2026-10-01 05:13:35  [TileLang:tilelang.cache.kernel_cache:WARNING] (kernel_cache.py:350): Found kernel 'kl_divergence_kernel' in memory cache. For better performance, consider using `@tilelang.jit` instead of direct kernel caching.
  NKI skipped (not available)
Running case: {'rows': 4096, 'cols': 1024}, dtype=fp32
2026-10-01 05:13:35,462 WARNING:Tunable parameters ['BLOCK_SIZE', 'threads', 'num_stages'] already provided during auto-tuning. Skipping compilation and using direct JIT
2026-10-01 05:13:35  [TileLang:tilelang.cache.kernel_cache:WARNING] (kernel_cache.py:350): Found kernel 'kl_divergence_kernel' in memory cache. For better performance, consider using `@tilelang.jit` instead of direct kernel caching.
  NKI skipped (not available)
Running case: {'rows': 4096, 'cols': 2048}, dtype=fp32
2026-10-01 05:13:35,630 WARNING:Tunable parameters ['BLOCK_SIZE', 'threads', 'num_stages'] already provided during auto-tuning. Skipping compilation and using direct JIT
2026-10-01 05:13:35  [TileLang:tilelang.cache.kernel_cache:WARNING] (kernel_cache.py:350): Found kernel 'kl_divergence_kernel' in memory cache. For better performance, consider using `@tilelang.jit` instead of direct kernel caching.
  NKI skipped (not available)
Running case: {'rows': 4096, 'cols': 4096}, dtype=fp32
2026-10-01 05:13:35,801 WARNING:Tunable parameters ['BLOCK_SIZE', 'threads', 'num_stages'] already provided during auto-tuning. Skipping compilation and using direct JIT
2026-10-01 05:13:35  [TileLang:tilelang.cache.kernel_cache:WARNING] (kernel_cache.py:350): Found kernel 'kl_divergence_kernel' in memory cache. For better performance, consider using `@tilelang.jit` instead of direct kernel caching.
  NKI skipped (not available)
Running case: {'rows': 4096, 'cols': 8192}, dtype=fp32
2026-10-01 05:13:35,976 WARNING:Tunable parameters ['BLOCK_SIZE', 'threads', 'num_stages'] already provided during auto-tuning. Skipping compilation and using direct JIT
2026-10-01 05:13:35  [TileLang:tilelang.cache.kernel_cache:WARNING] (kernel_cache.py:350): Found kernel 'kl_divergence_kernel' in memory cache. For better performance, consider using `@tilelang.jit` instead of direct kernel caching.
  NKI skipped (not available)
Running case: {'rows': 4096, 'cols': 16384}, dtype=fp32
2026-10-01 05:13:36,156 WARNING:Tunable parameters ['BLOCK_SIZE', 'threads', 'num_stages'] already provided during auto-tuning. Skipping compilation and using direct JIT
2026-10-01 05:13:36  [TileLang:tilelang.cache.kernel_cache:WARNING] (kernel_cache.py:350): Found kernel 'kl_divergence_kernel' in memory cache. For better performance, consider using `@tilelang.jit` instead of direct kernel caching.
  NKI skipped (not available)
Timing results  → /projects/kzhou6/bcui2/research/tilebench/Tilebench-gh200/results/GH200/logs/time_measurement_logs/kl_divergence_default_triton-cutile-tilelang.json
Autotune log    → /projects/kzhou6/bcui2/research/tilebench/Tilebench-gh200/results/GH200/logs/autotune_logs/kl_divergence_default_triton-cutile-tilelang.json
TileLang autotuner log → /projects/kzhou6/bcui2/research/tilebench/Tilebench-gh200/results/GH200/logs/tilelang_autotuner/kl_divergence_default_triton-cutile-tilelang.log
Provenance      → /projects/kzhou6/bcui2/research/tilebench/Tilebench-gh200/results/GH200/logs/provenance/kl_divergence_default_triton-cutile-tilelang.json

Summary:
Params                  |    Dtype |  Torch(ms) |   Triton(ms) |   cuTile(ms) | TileLang(ms) |  Speedup(T) |  Speedup(C) | Speedup(TL)
--------------------------------------------------------------------------------------------------------------------------------------
cols=1024, rows=512     | fp32     |     0.0118 |       0.0044 |       0.0044 |       0.0043 |        2.70 |        2.66 |        2.73
cols=2048, rows=512     | fp32     |     0.0164 |       0.0064 |       0.0061 |       0.0068 |        2.57 |        2.69 |        2.43
cols=4096, rows=512     | fp32     |     0.0280 |       0.0111 |       0.0096 |       0.0122 |        2.53 |        2.93 |        2.29
cols=8192, rows=512     | fp32     |     0.0407 |       0.0209 |       0.0172 |       0.0183 |        1.95 |        2.37 |        2.23
cols=16384, rows=512    | fp32     |     0.0890 |       0.0381 |       0.0315 |       0.0344 |        2.34 |        2.83 |        2.59
cols=1024, rows=1024    | fp32     |     0.0148 |       0.0058 |       0.0063 |       0.0060 |        2.57 |        2.37 |        2.49
cols=2048, rows=1024    | fp32     |     0.0235 |       0.0092 |       0.0093 |       0.0097 |        2.56 |        2.54 |        2.43
cols=4096, rows=1024    | fp32     |     0.0470 |       0.0161 |       0.0153 |       0.0176 |        2.92 |        3.07 |        2.66
cols=8192, rows=1024    | fp32     |     0.0916 |       0.0304 |       0.0276 |       0.0276 |        3.02 |        3.32 |        3.32
cols=16384, rows=1024   | fp32     |     0.1808 |       0.0518 |       0.0485 |       0.0491 |        3.49 |        3.73 |        3.68
cols=1024, rows=2048    | fp32     |     0.0224 |       0.0095 |       0.0094 |       0.0088 |        2.35 |        2.38 |        2.53
cols=2048, rows=2048    | fp32     |     0.0444 |       0.0166 |       0.0157 |       0.0166 |        2.68 |        2.83 |        2.68
cols=4096, rows=2048    | fp32     |     0.0973 |       0.0300 |       0.0268 |       0.0316 |        3.24 |        3.64 |        3.08
cols=8192, rows=2048    | fp32     |     0.1837 |       0.0526 |       0.0481 |       0.0550 |        3.49 |        3.82 |        3.34
cols=16384, rows=2048   | fp32     |     0.3488 |       0.0961 |       0.0867 |       0.1035 |        3.63 |        4.02 |        3.37
cols=1024, rows=4096    | fp32     |     0.0417 |       0.0159 |       0.0151 |       0.0148 |        2.63 |        2.75 |        2.82
cols=2048, rows=4096    | fp32     |     0.0911 |       0.0289 |       0.0274 |       0.0283 |        3.16 |        3.33 |        3.22
cols=4096, rows=4096    | fp32     |     0.1822 |       0.0477 |       0.0484 |       0.0524 |        3.82 |        3.77 |        3.48
cols=8192, rows=4096    | fp32     |     0.3490 |       0.0845 |       0.0845 |       0.0850 |        4.13 |        4.13 |        4.11
cols=16384, rows=4096   | fp32     |     0.6756 |       0.1585 |       0.1540 |       0.1587 |        4.26 |        4.39 |        4.26
Summary CSV     → /projects/kzhou6/bcui2/research/tilebench/Tilebench-gh200/results/GH200/csv/kl_divergence_default.csv
