GPU/result namespace: GH200 (detected device: NVIDIA GH200 480GB, arch: hopper)
Starting benchmark for operator: l2_norm
Tile-language backends: torch (baseline) + cutile, tilelang, triton
  NKI not selected (--tile-language)
Running case: {'batch': 1, 'M': 2048, 'eps': 1e-06, 'K': 512}, dtype=fp16
2026-10-01 05:13:40,368 WARNING:Tunable parameters ['BLOCK_N', 'threads', 'num_stages'] already provided during auto-tuning. Skipping compilation and using direct JIT
  NKI skipped (not available)
Running case: {'batch': 1, 'M': 2048, 'eps': 1e-06, 'K': 512}, dtype=bf16
2026-10-01 05:13:40,769 WARNING:Tunable parameters ['BLOCK_N', 'threads', 'num_stages'] already provided during auto-tuning. Skipping compilation and using direct JIT
  NKI skipped (not available)
Running case: {'batch': 1, 'M': 2048, 'eps': 1e-06, 'K': 512}, dtype=fp32
2026-10-01 05:13:41,125 WARNING:Tunable parameters ['BLOCK_N', 'threads', 'num_stages'] already provided during auto-tuning. Skipping compilation and using direct JIT
  NKI skipped (not available)
Running case: {'batch': 1, 'M': 2048, 'eps': 1e-06, 'K': 1024}, dtype=fp16
2026-10-01 05:13:41,476 WARNING:Tunable parameters ['BLOCK_N', 'threads', 'num_stages'] already provided during auto-tuning. Skipping compilation and using direct JIT
  NKI skipped (not available)
Running case: {'batch': 1, 'M': 2048, 'eps': 1e-06, 'K': 1024}, dtype=bf16
2026-10-01 05:13:41,819 WARNING:Tunable parameters ['BLOCK_N', 'threads', 'num_stages'] already provided during auto-tuning. Skipping compilation and using direct JIT
  NKI skipped (not available)
Running case: {'batch': 1, 'M': 2048, 'eps': 1e-06, 'K': 1024}, dtype=fp32
2026-10-01 05:13:42,169 WARNING:Tunable parameters ['BLOCK_N', 'threads', 'num_stages'] already provided during auto-tuning. Skipping compilation and using direct JIT
  NKI skipped (not available)
Running case: {'batch': 1, 'M': 2048, 'eps': 1e-06, 'K': 1536}, dtype=fp16
2026-10-01 05:13:42,525 WARNING:Tunable parameters ['BLOCK_N', 'threads', 'num_stages'] already provided during auto-tuning. Skipping compilation and using direct JIT
  NKI skipped (not available)
Running case: {'batch': 1, 'M': 2048, 'eps': 1e-06, 'K': 1536}, dtype=bf16
2026-10-01 05:13:42,906 WARNING:Tunable parameters ['BLOCK_N', 'threads', 'num_stages'] already provided during auto-tuning. Skipping compilation and using direct JIT
  NKI skipped (not available)
Running case: {'batch': 1, 'M': 2048, 'eps': 1e-06, 'K': 1536}, dtype=fp32
2026-10-01 05:13:43,307 WARNING:Tunable parameters ['BLOCK_N', 'threads', 'num_stages'] already provided during auto-tuning. Skipping compilation and using direct JIT
  NKI skipped (not available)
Running case: {'batch': 1, 'M': 2048, 'eps': 1e-06, 'K': 2048}, dtype=fp16
2026-10-01 05:13:43,645 WARNING:Tunable parameters ['BLOCK_N', 'threads', 'num_stages'] already provided during auto-tuning. Skipping compilation and using direct JIT
  NKI skipped (not available)
Running case: {'batch': 1, 'M': 2048, 'eps': 1e-06, 'K': 2048}, dtype=bf16
2026-10-01 05:13:43,970 WARNING:Tunable parameters ['BLOCK_N', 'threads', 'num_stages'] already provided during auto-tuning. Skipping compilation and using direct JIT
  NKI skipped (not available)
Running case: {'batch': 1, 'M': 2048, 'eps': 1e-06, 'K': 2048}, dtype=fp32
2026-10-01 05:13:44,342 WARNING:Tunable parameters ['BLOCK_N', 'threads', 'num_stages'] already provided during auto-tuning. Skipping compilation and using direct JIT
  NKI skipped (not available)
Running case: {'batch': 1, 'M': 2048, 'eps': 1e-06, 'K': 2560}, dtype=fp16
2026-10-01 05:13:44,719 WARNING:Tunable parameters ['BLOCK_N', 'threads', 'num_stages'] already provided during auto-tuning. Skipping compilation and using direct JIT
  NKI skipped (not available)
Running case: {'batch': 1, 'M': 2048, 'eps': 1e-06, 'K': 2560}, dtype=bf16
2026-10-01 05:13:45,149 WARNING:Tunable parameters ['BLOCK_N', 'threads', 'num_stages'] already provided during auto-tuning. Skipping compilation and using direct JIT
  NKI skipped (not available)
Running case: {'batch': 1, 'M': 2048, 'eps': 1e-06, 'K': 2560}, dtype=fp32
2026-10-01 05:13:45,486 WARNING:Tunable parameters ['BLOCK_N', 'threads', 'num_stages'] already provided during auto-tuning. Skipping compilation and using direct JIT
  NKI skipped (not available)
Running case: {'batch': 1, 'M': 2048, 'eps': 1e-06, 'K': 3072}, dtype=fp16
2026-10-01 05:13:45,861 WARNING:Tunable parameters ['BLOCK_N', 'threads', 'num_stages'] already provided during auto-tuning. Skipping compilation and using direct JIT
  NKI skipped (not available)
Running case: {'batch': 1, 'M': 2048, 'eps': 1e-06, 'K': 3072}, dtype=bf16
2026-10-01 05:13:46,255 WARNING:Tunable parameters ['BLOCK_N', 'threads', 'num_stages'] already provided during auto-tuning. Skipping compilation and using direct JIT
  NKI skipped (not available)
Running case: {'batch': 1, 'M': 2048, 'eps': 1e-06, 'K': 3072}, dtype=fp32
2026-10-01 05:13:46,572 WARNING:Tunable parameters ['BLOCK_N', 'threads', 'num_stages'] already provided during auto-tuning. Skipping compilation and using direct JIT
  NKI skipped (not available)
Running case: {'batch': 1, 'M': 2048, 'eps': 1e-06, 'K': 3584}, dtype=fp16
2026-10-01 05:13:46,983 WARNING:Tunable parameters ['BLOCK_N', 'threads', 'num_stages'] already provided during auto-tuning. Skipping compilation and using direct JIT
  NKI skipped (not available)
Running case: {'batch': 1, 'M': 2048, 'eps': 1e-06, 'K': 3584}, dtype=bf16
2026-10-01 05:13:47,532 WARNING:Tunable parameters ['BLOCK_N', 'threads', 'num_stages'] already provided during auto-tuning. Skipping compilation and using direct JIT
  NKI skipped (not available)
Running case: {'batch': 1, 'M': 2048, 'eps': 1e-06, 'K': 3584}, dtype=fp32
2026-10-01 05:13:47,994 WARNING:Tunable parameters ['BLOCK_N', 'threads', 'num_stages'] already provided during auto-tuning. Skipping compilation and using direct JIT
  NKI skipped (not available)
Running case: {'batch': 1, 'M': 2048, 'eps': 1e-06, 'K': 4096}, dtype=fp16
2026-10-01 05:13:48,385 WARNING:Tunable parameters ['BLOCK_N', 'threads', 'num_stages'] already provided during auto-tuning. Skipping compilation and using direct JIT
  NKI skipped (not available)
Running case: {'batch': 1, 'M': 2048, 'eps': 1e-06, 'K': 4096}, dtype=bf16
2026-10-01 05:13:48,719 WARNING:Tunable parameters ['BLOCK_N', 'threads', 'num_stages'] already provided during auto-tuning. Skipping compilation and using direct JIT
  NKI skipped (not available)
Running case: {'batch': 1, 'M': 2048, 'eps': 1e-06, 'K': 4096}, dtype=fp32
2026-10-01 05:13:49,083 WARNING:Tunable parameters ['BLOCK_N', 'threads', 'num_stages'] already provided during auto-tuning. Skipping compilation and using direct JIT
  NKI skipped (not available)
Running case: {'batch': 1, 'M': 2048, 'eps': 1e-06, 'K': 4608}, dtype=fp16
2026-10-01 05:13:49,427 WARNING:Tunable parameters ['BLOCK_N', 'threads', 'num_stages'] already provided during auto-tuning. Skipping compilation and using direct JIT
  NKI skipped (not available)
Running case: {'batch': 1, 'M': 2048, 'eps': 1e-06, 'K': 4608}, dtype=bf16
2026-10-01 05:13:49,775 WARNING:Tunable parameters ['BLOCK_N', 'threads', 'num_stages'] already provided during auto-tuning. Skipping compilation and using direct JIT
  NKI skipped (not available)
Running case: {'batch': 1, 'M': 2048, 'eps': 1e-06, 'K': 4608}, dtype=fp32
2026-10-01 05:13:50,129 WARNING:Tunable parameters ['BLOCK_N', 'threads', 'num_stages'] already provided during auto-tuning. Skipping compilation and using direct JIT
  NKI skipped (not available)
Running case: {'batch': 1, 'M': 2048, 'eps': 1e-06, 'K': 5120}, dtype=fp16
2026-10-01 05:13:50,592 WARNING:Tunable parameters ['BLOCK_N', 'threads', 'num_stages'] already provided during auto-tuning. Skipping compilation and using direct JIT
  NKI skipped (not available)
Running case: {'batch': 1, 'M': 2048, 'eps': 1e-06, 'K': 5120}, dtype=bf16
2026-10-01 05:13:51,030 WARNING:Tunable parameters ['BLOCK_N', 'threads', 'num_stages'] already provided during auto-tuning. Skipping compilation and using direct JIT
  NKI skipped (not available)
Running case: {'batch': 1, 'M': 2048, 'eps': 1e-06, 'K': 5120}, dtype=fp32
2026-10-01 05:13:51,413 WARNING:Tunable parameters ['BLOCK_N', 'threads', 'num_stages'] already provided during auto-tuning. Skipping compilation and using direct JIT
  NKI skipped (not available)
Running case: {'batch': 1, 'M': 2048, 'eps': 1e-06, 'K': 5632}, dtype=fp16
2026-10-01 05:13:51,825 WARNING:Tunable parameters ['BLOCK_N', 'threads', 'num_stages'] already provided during auto-tuning. Skipping compilation and using direct JIT
  NKI skipped (not available)
Running case: {'batch': 1, 'M': 2048, 'eps': 1e-06, 'K': 5632}, dtype=bf16
2026-10-01 05:13:52,202 WARNING:Tunable parameters ['BLOCK_N', 'threads', 'num_stages'] already provided during auto-tuning. Skipping compilation and using direct JIT
  NKI skipped (not available)
Running case: {'batch': 1, 'M': 2048, 'eps': 1e-06, 'K': 5632}, dtype=fp32
2026-10-01 05:13:52,632 WARNING:Tunable parameters ['BLOCK_N', 'threads', 'num_stages'] already provided during auto-tuning. Skipping compilation and using direct JIT
  NKI skipped (not available)
Running case: {'batch': 1, 'M': 2048, 'eps': 1e-06, 'K': 6144}, dtype=fp16
2026-10-01 05:13:53,028 WARNING:Tunable parameters ['BLOCK_N', 'threads', 'num_stages'] already provided during auto-tuning. Skipping compilation and using direct JIT
  NKI skipped (not available)
Running case: {'batch': 1, 'M': 2048, 'eps': 1e-06, 'K': 6144}, dtype=bf16
2026-10-01 05:13:53,422 WARNING:Tunable parameters ['BLOCK_N', 'threads', 'num_stages'] already provided during auto-tuning. Skipping compilation and using direct JIT
  NKI skipped (not available)
Running case: {'batch': 1, 'M': 2048, 'eps': 1e-06, 'K': 6144}, dtype=fp32
2026-10-01 05:13:53,790 WARNING:Tunable parameters ['BLOCK_N', 'threads', 'num_stages'] already provided during auto-tuning. Skipping compilation and using direct JIT
  NKI skipped (not available)
Running case: {'batch': 1, 'M': 2048, 'eps': 1e-06, 'K': 6656}, dtype=fp16
2026-10-01 05:13:54,171 WARNING:Tunable parameters ['BLOCK_N', 'threads', 'num_stages'] already provided during auto-tuning. Skipping compilation and using direct JIT
  NKI skipped (not available)
Running case: {'batch': 1, 'M': 2048, 'eps': 1e-06, 'K': 6656}, dtype=bf16
2026-10-01 05:13:54,920 WARNING:Tunable parameters ['BLOCK_N', 'threads', 'num_stages'] already provided during auto-tuning. Skipping compilation and using direct JIT
  NKI skipped (not available)
Running case: {'batch': 1, 'M': 2048, 'eps': 1e-06, 'K': 6656}, dtype=fp32
2026-10-01 05:13:55,541 WARNING:Tunable parameters ['BLOCK_N', 'threads', 'num_stages'] already provided during auto-tuning. Skipping compilation and using direct JIT
  NKI skipped (not available)
Running case: {'batch': 1, 'M': 2048, 'eps': 1e-06, 'K': 7168}, dtype=fp16
2026-10-01 05:13:56,104 WARNING:Tunable parameters ['BLOCK_N', 'threads', 'num_stages'] already provided during auto-tuning. Skipping compilation and using direct JIT
  NKI skipped (not available)
Running case: {'batch': 1, 'M': 2048, 'eps': 1e-06, 'K': 7168}, dtype=bf16
2026-10-01 05:13:56,846 WARNING:Tunable parameters ['BLOCK_N', 'threads', 'num_stages'] already provided during auto-tuning. Skipping compilation and using direct JIT
  NKI skipped (not available)
Running case: {'batch': 1, 'M': 2048, 'eps': 1e-06, 'K': 7168}, dtype=fp32
2026-10-01 05:13:57,425 WARNING:Tunable parameters ['BLOCK_N', 'threads', 'num_stages'] already provided during auto-tuning. Skipping compilation and using direct JIT
  NKI skipped (not available)
Running case: {'batch': 1, 'M': 2048, 'eps': 1e-06, 'K': 7680}, dtype=fp16
2026-10-01 05:13:57,952 WARNING:Tunable parameters ['BLOCK_N', 'threads', 'num_stages'] already provided during auto-tuning. Skipping compilation and using direct JIT
  NKI skipped (not available)
Running case: {'batch': 1, 'M': 2048, 'eps': 1e-06, 'K': 7680}, dtype=bf16
2026-10-01 05:13:58,441 WARNING:Tunable parameters ['BLOCK_N', 'threads', 'num_stages'] already provided during auto-tuning. Skipping compilation and using direct JIT
  NKI skipped (not available)
Running case: {'batch': 1, 'M': 2048, 'eps': 1e-06, 'K': 7680}, dtype=fp32
2026-10-01 05:13:58,903 WARNING:Tunable parameters ['BLOCK_N', 'threads', 'num_stages'] already provided during auto-tuning. Skipping compilation and using direct JIT
  NKI skipped (not available)
Running case: {'batch': 1, 'M': 2048, 'eps': 1e-06, 'K': 8192}, dtype=fp16
2026-10-01 05:13:59,380 WARNING:Tunable parameters ['BLOCK_N', 'threads', 'num_stages'] already provided during auto-tuning. Skipping compilation and using direct JIT
  NKI skipped (not available)
Running case: {'batch': 1, 'M': 2048, 'eps': 1e-06, 'K': 8192}, dtype=bf16
2026-10-01 05:13:59,845 WARNING:Tunable parameters ['BLOCK_N', 'threads', 'num_stages'] already provided during auto-tuning. Skipping compilation and using direct JIT
  NKI skipped (not available)
Running case: {'batch': 1, 'M': 2048, 'eps': 1e-06, 'K': 8192}, dtype=fp32
2026-10-01 05:14:00,319 WARNING:Tunable parameters ['BLOCK_N', 'threads', 'num_stages'] already provided during auto-tuning. Skipping compilation and using direct JIT
  NKI skipped (not available)
Running case: {'batch': 1, 'M': 2048, 'eps': 1e-06, 'K': 8704}, dtype=fp16
2026-10-01 05:14:00,809 WARNING:Tunable parameters ['BLOCK_N', 'threads', 'num_stages'] already provided during auto-tuning. Skipping compilation and using direct JIT
  NKI skipped (not available)
Running case: {'batch': 1, 'M': 2048, 'eps': 1e-06, 'K': 8704}, dtype=bf16
2026-10-01 05:14:01,321 WARNING:Tunable parameters ['BLOCK_N', 'threads', 'num_stages'] already provided during auto-tuning. Skipping compilation and using direct JIT
  NKI skipped (not available)
Running case: {'batch': 1, 'M': 2048, 'eps': 1e-06, 'K': 8704}, dtype=fp32
2026-10-01 05:14:01,808 WARNING:Tunable parameters ['BLOCK_N', 'threads', 'num_stages'] already provided during auto-tuning. Skipping compilation and using direct JIT
  NKI skipped (not available)
Running case: {'batch': 1, 'M': 2048, 'eps': 1e-06, 'K': 9216}, dtype=fp16
2026-10-01 05:14:02,346 WARNING:Tunable parameters ['BLOCK_N', 'threads', 'num_stages'] already provided during auto-tuning. Skipping compilation and using direct JIT
  NKI skipped (not available)
Running case: {'batch': 1, 'M': 2048, 'eps': 1e-06, 'K': 9216}, dtype=bf16
2026-10-01 05:14:03,406 WARNING:Tunable parameters ['BLOCK_N', 'threads', 'num_stages'] already provided during auto-tuning. Skipping compilation and using direct JIT
  NKI skipped (not available)
Running case: {'batch': 1, 'M': 2048, 'eps': 1e-06, 'K': 9216}, dtype=fp32
2026-10-01 05:14:03,969 WARNING:Tunable parameters ['BLOCK_N', 'threads', 'num_stages'] already provided during auto-tuning. Skipping compilation and using direct JIT
  NKI skipped (not available)
Running case: {'batch': 1, 'M': 2048, 'eps': 1e-06, 'K': 9728}, dtype=fp16
2026-10-01 05:14:04,539 WARNING:Tunable parameters ['BLOCK_N', 'threads', 'num_stages'] already provided during auto-tuning. Skipping compilation and using direct JIT
  NKI skipped (not available)
Running case: {'batch': 1, 'M': 2048, 'eps': 1e-06, 'K': 9728}, dtype=bf16
2026-10-01 05:14:05,103 WARNING:Tunable parameters ['BLOCK_N', 'threads', 'num_stages'] already provided during auto-tuning. Skipping compilation and using direct JIT
  NKI skipped (not available)
Running case: {'batch': 1, 'M': 2048, 'eps': 1e-06, 'K': 9728}, dtype=fp32
2026-10-01 05:14:05,685 WARNING:Tunable parameters ['BLOCK_N', 'threads', 'num_stages'] already provided during auto-tuning. Skipping compilation and using direct JIT
  NKI skipped (not available)
Running case: {'batch': 1, 'M': 2048, 'eps': 1e-06, 'K': 10240}, dtype=fp16
2026-10-01 05:14:06,254 WARNING:Tunable parameters ['BLOCK_N', 'threads', 'num_stages'] already provided during auto-tuning. Skipping compilation and using direct JIT
  NKI skipped (not available)
Running case: {'batch': 1, 'M': 2048, 'eps': 1e-06, 'K': 10240}, dtype=bf16
2026-10-01 05:14:06,785 WARNING:Tunable parameters ['BLOCK_N', 'threads', 'num_stages'] already provided during auto-tuning. Skipping compilation and using direct JIT
  NKI skipped (not available)
Running case: {'batch': 1, 'M': 2048, 'eps': 1e-06, 'K': 10240}, dtype=fp32
2026-10-01 05:14:07,255 WARNING:Tunable parameters ['BLOCK_N', 'threads', 'num_stages'] already provided during auto-tuning. Skipping compilation and using direct JIT
  NKI skipped (not available)
Timing results  → /projects/kzhou6/bcui2/research/tilebench/Tilebench-gh200/results/GH200/logs/time_measurement_logs/l2_norm_default_triton-cutile-tilelang.json
Autotune log    → /projects/kzhou6/bcui2/research/tilebench/Tilebench-gh200/results/GH200/logs/autotune_logs/l2_norm_default_triton-cutile-tilelang.json
TileLang autotuner log → /projects/kzhou6/bcui2/research/tilebench/Tilebench-gh200/results/GH200/logs/tilelang_autotuner/l2_norm_default_triton-cutile-tilelang.log
Provenance      → /projects/kzhou6/bcui2/research/tilebench/Tilebench-gh200/results/GH200/logs/provenance/l2_norm_default_triton-cutile-tilelang.json

Summary:
Params    |    Dtype |  Torch(ms) |   Triton(ms) |   cuTile(ms) | TileLang(ms) |  Speedup(T) |  Speedup(C) | Speedup(TL)
------------------------------------------------------------------------------------------------------------------------
K=512     | fp16     |     0.0159 |       0.0033 |       0.0034 |       0.0033 |        4.78 |        4.69 |        4.89
K=512     | bf16     |     0.0164 |       0.0034 |       0.0033 |       0.0033 |        4.86 |        4.95 |        4.95
K=512     | fp32     |     0.0127 |       0.0047 |       0.0048 |       0.0047 |        2.69 |        2.64 |        2.68
K=1024    | fp16     |     0.0227 |       0.0043 |       0.0047 |       0.0045 |        5.26 |        4.82 |        5.08
K=1024    | bf16     |     0.0232 |       0.0048 |       0.0050 |       0.0047 |        4.87 |        4.66 |        4.95
K=1024    | fp32     |     0.0182 |       0.0071 |       0.0070 |       0.0071 |        2.57 |        2.59 |        2.55
K=1536    | fp16     |     0.0295 |       0.0060 |       0.0062 |       0.0055 |        4.89 |        4.76 |        5.34
K=1536    | bf16     |     0.0301 |       0.0058 |       0.0061 |       0.0055 |        5.15 |        4.94 |        5.42
K=1536    | fp32     |     0.0232 |       0.0091 |       0.0090 |       0.0086 |        2.56 |        2.58 |        2.70
K=2048    | fp16     |     0.0362 |       0.0068 |       0.0074 |       0.0068 |        5.36 |        4.87 |        5.36
K=2048    | bf16     |     0.0372 |       0.0068 |       0.0077 |       0.0066 |        5.50 |        4.85 |        5.63
K=2048    | fp32     |     0.0285 |       0.0118 |       0.0113 |       0.0107 |        2.42 |        2.52 |        2.66
K=2560    | fp16     |     0.0429 |       0.0083 |       0.0108 |       0.0079 |        5.16 |        3.96 |        5.45
K=2560    | bf16     |     0.0443 |       0.0082 |       0.0111 |       0.0083 |        5.39 |        4.01 |        5.37
K=2560    | fp32     |     0.0338 |       0.0150 |       0.0143 |       0.0131 |        2.26 |        2.36 |        2.57
K=3072    | fp16     |     0.0504 |       0.0092 |       0.0122 |       0.0091 |        5.48 |        4.12 |        5.51
K=3072    | bf16     |     0.0514 |       0.0094 |       0.0124 |       0.0091 |        5.49 |        4.13 |        5.67
K=3072    | fp32     |     0.0399 |       0.0184 |       0.0164 |       0.0157 |        2.17 |        2.44 |        2.54
K=3584    | fp16     |     0.0592 |       0.0112 |       0.0139 |       0.0103 |        5.27 |        4.26 |        5.77
K=3584    | bf16     |     0.0592 |       0.0107 |       0.0142 |       0.0103 |        5.55 |        4.16 |        5.76
K=3584    | fp32     |     0.0456 |       0.0228 |       0.0196 |       0.0182 |        2.00 |        2.32 |        2.50
K=4096    | fp16     |     0.0664 |       0.0119 |       0.0157 |       0.0113 |        5.59 |        4.22 |        5.85
K=4096    | bf16     |     0.0676 |       0.0127 |       0.0156 |       0.0117 |        5.31 |        4.33 |        5.79
K=4096    | fp32     |     0.0518 |       0.0261 |       0.0220 |       0.0212 |        1.98 |        2.36 |        2.44
K=4608    | fp16     |     0.0755 |       0.0137 |       0.0172 |       0.0127 |        5.53 |        4.38 |        5.97
K=4608    | bf16     |     0.0781 |       0.0137 |       0.0172 |       0.0130 |        5.70 |        4.53 |        6.01
K=4608    | fp32     |     0.0578 |       0.0317 |       0.0244 |       0.0229 |        1.83 |        2.37 |        2.53
K=5120    | fp16     |     0.0853 |       0.0153 |       0.0190 |       0.0142 |        5.58 |        4.49 |        5.99
K=5120    | bf16     |     0.0872 |       0.0159 |       0.0189 |       0.0141 |        5.47 |        4.60 |        6.20
K=5120    | fp32     |     0.0636 |       0.0351 |       0.0276 |       0.0252 |        1.81 |        2.30 |        2.53
K=5632    | fp16     |     0.0961 |       0.0179 |       0.0211 |       0.0159 |        5.38 |        4.56 |        6.05
K=5632    | bf16     |     0.0968 |       0.0184 |       0.0207 |       0.0157 |        5.26 |        4.67 |        6.17
K=5632    | fp32     |     0.0692 |       0.0415 |       0.0306 |       0.0284 |        1.67 |        2.26 |        2.44
K=6144    | fp16     |     0.1032 |       0.0194 |       0.0227 |       0.0164 |        5.32 |        4.55 |        6.29
K=6144    | bf16     |     0.1049 |       0.0191 |       0.0226 |       0.0165 |        5.50 |        4.65 |        6.37
K=6144    | fp32     |     0.0756 |       0.0433 |       0.0331 |       0.0305 |        1.75 |        2.29 |        2.48
K=6656    | fp16     |     0.1131 |       0.0208 |       0.0244 |       0.0203 |        5.44 |        4.62 |        5.57
K=6656    | bf16     |     0.1135 |       0.0214 |       0.0249 |       0.0180 |        5.32 |        4.57 |        6.30
K=6656    | fp32     |     0.0808 |       0.0457 |       0.0371 |       0.0326 |        1.77 |        2.18 |        2.48
K=7168    | fp16     |     0.1205 |       0.0226 |       0.0269 |       0.0191 |        5.33 |        4.48 |        6.32
K=7168    | bf16     |     0.1232 |       0.0229 |       0.0263 |       0.0187 |        5.37 |        4.69 |        6.58
K=7168    | fp32     |     0.0859 |       0.0507 |       0.0402 |       0.0351 |        1.70 |        2.14 |        2.45
K=7680    | fp16     |     0.1276 |       0.0244 |       0.0285 |       0.0204 |        5.22 |        4.48 |        6.26
K=7680    | bf16     |     0.1306 |       0.0257 |       0.0270 |       0.0200 |        5.08 |        4.83 |        6.54
K=7680    | fp32     |     0.0919 |       0.0541 |       0.0453 |       0.0378 |        1.70 |        2.03 |        2.43
K=8192    | fp16     |     0.1239 |       0.0266 |       0.0315 |       0.0217 |        4.66 |        3.94 |        5.71
K=8192    | bf16     |     0.1273 |       0.0271 |       0.0276 |       0.0219 |        4.70 |        4.61 |        5.82
K=8192    | fp32     |     0.0877 |       0.0565 |       0.0489 |       0.0391 |        1.55 |        1.79 |        2.24
K=8704    | fp16     |     0.1323 |       0.0278 |       0.0366 |       0.0259 |        4.77 |        3.62 |        5.11
K=8704    | bf16     |     0.1377 |       0.0276 |       0.0287 |       0.0258 |        4.99 |        4.79 |        5.33
K=8704    | fp32     |     0.0940 |       0.0628 |       0.0529 |       0.0426 |        1.50 |        1.78 |        2.21
K=9216    | fp16     |     0.1437 |       0.0295 |       0.0395 |       0.0239 |        4.88 |        3.64 |        6.00
K=9216    | bf16     |     0.1424 |       0.0293 |       0.0310 |       0.0237 |        4.87 |        4.59 |        6.01
K=9216    | fp32     |     0.0977 |       0.0662 |       0.0566 |       0.0451 |        1.48 |        1.73 |        2.17
K=9728    | fp16     |     0.1476 |       0.0312 |       0.0397 |       0.0260 |        4.73 |        3.72 |        5.68
K=9728    | bf16     |     0.1522 |       0.0298 |       0.0278 |       0.0252 |        5.10 |        5.48 |        6.04
K=9728    | fp32     |     0.1022 |       0.0690 |       0.0610 |       0.0468 |        1.48 |        1.68 |        2.18
K=10240   | fp16     |     0.1520 |       0.0340 |       0.0393 |       0.0262 |        4.47 |        3.87 |        5.80
K=10240   | bf16     |     0.1589 |       0.0337 |       0.0338 |       0.0262 |        4.71 |        4.71 |        6.05
K=10240   | fp32     |     0.1062 |       0.0746 |       0.0655 |       0.0484 |        1.42 |        1.62 |        2.19
Summary CSV     → /projects/kzhou6/bcui2/research/tilebench/Tilebench-gh200/results/GH200/csv/l2_norm_default.csv
