GPU/result namespace: GH200 (detected device: NVIDIA GH200 480GB, arch: hopper)
Starting benchmark for operator: layernorm
Tile-language backends: torch (baseline) + cutile, tilelang, triton
  NKI not selected (--tile-language)
Running case: {'batch': 1, 'M': 2048, 'K': 512}, dtype=fp16
2026-10-01 05:14:12,771 WARNING:Tunable parameters ['BLOCK_N', 'threads', 'num_stages'] already provided during auto-tuning. Skipping compilation and using direct JIT
  NKI skipped (not available)
Running case: {'batch': 1, 'M': 2048, 'K': 512}, dtype=bf16
2026-10-01 05:14:13,424 WARNING:Tunable parameters ['BLOCK_N', 'threads', 'num_stages'] already provided during auto-tuning. Skipping compilation and using direct JIT
  NKI skipped (not available)
Running case: {'batch': 1, 'M': 2048, 'K': 512}, dtype=fp32
2026-10-01 05:14:14,011 WARNING:Tunable parameters ['BLOCK_N', 'threads', 'num_stages'] already provided during auto-tuning. Skipping compilation and using direct JIT
  NKI skipped (not available)
Running case: {'batch': 1, 'M': 2048, 'K': 1024}, dtype=fp16
2026-10-01 05:14:14,494 WARNING:Tunable parameters ['BLOCK_N', 'threads', 'num_stages'] already provided during auto-tuning. Skipping compilation and using direct JIT
  NKI skipped (not available)
Running case: {'batch': 1, 'M': 2048, 'K': 1024}, dtype=bf16
2026-10-01 05:14:15,044 WARNING:Tunable parameters ['BLOCK_N', 'threads', 'num_stages'] already provided during auto-tuning. Skipping compilation and using direct JIT
  NKI skipped (not available)
Running case: {'batch': 1, 'M': 2048, 'K': 1024}, dtype=fp32
2026-10-01 05:14:15,678 WARNING:Tunable parameters ['BLOCK_N', 'threads', 'num_stages'] already provided during auto-tuning. Skipping compilation and using direct JIT
  NKI skipped (not available)
Running case: {'batch': 1, 'M': 2048, 'K': 1536}, dtype=fp16
2026-10-01 05:14:16,263 WARNING:Tunable parameters ['BLOCK_N', 'threads', 'num_stages'] already provided during auto-tuning. Skipping compilation and using direct JIT
  NKI skipped (not available)
Running case: {'batch': 1, 'M': 2048, 'K': 1536}, dtype=bf16
2026-10-01 05:14:16,830 WARNING:Tunable parameters ['BLOCK_N', 'threads', 'num_stages'] already provided during auto-tuning. Skipping compilation and using direct JIT
  NKI skipped (not available)
Running case: {'batch': 1, 'M': 2048, 'K': 1536}, dtype=fp32
2026-10-01 05:14:17,380 WARNING:Tunable parameters ['BLOCK_N', 'threads', 'num_stages'] already provided during auto-tuning. Skipping compilation and using direct JIT
  NKI skipped (not available)
Running case: {'batch': 1, 'M': 2048, 'K': 2048}, dtype=fp16
2026-10-01 05:14:18,083 WARNING:Tunable parameters ['BLOCK_N', 'threads', 'num_stages'] already provided during auto-tuning. Skipping compilation and using direct JIT
  NKI skipped (not available)
Running case: {'batch': 1, 'M': 2048, 'K': 2048}, dtype=bf16
2026-10-01 05:14:18,647 WARNING:Tunable parameters ['BLOCK_N', 'threads', 'num_stages'] already provided during auto-tuning. Skipping compilation and using direct JIT
  NKI skipped (not available)
Running case: {'batch': 1, 'M': 2048, 'K': 2048}, dtype=fp32
2026-10-01 05:14:19,183 WARNING:Tunable parameters ['BLOCK_N', 'threads', 'num_stages'] already provided during auto-tuning. Skipping compilation and using direct JIT
  NKI skipped (not available)
Running case: {'batch': 1, 'M': 2048, 'K': 2560}, dtype=fp16
2026-10-01 05:14:19,639 WARNING:Tunable parameters ['BLOCK_N', 'threads', 'num_stages'] already provided during auto-tuning. Skipping compilation and using direct JIT
  NKI skipped (not available)
Running case: {'batch': 1, 'M': 2048, 'K': 2560}, dtype=bf16
2026-10-01 05:14:20,083 WARNING:Tunable parameters ['BLOCK_N', 'threads', 'num_stages'] already provided during auto-tuning. Skipping compilation and using direct JIT
  NKI skipped (not available)
Running case: {'batch': 1, 'M': 2048, 'K': 2560}, dtype=fp32
2026-10-01 05:14:20,600 WARNING:Tunable parameters ['BLOCK_N', 'threads', 'num_stages'] already provided during auto-tuning. Skipping compilation and using direct JIT
  NKI skipped (not available)
Running case: {'batch': 1, 'M': 2048, 'K': 3072}, dtype=fp16
2026-10-01 05:14:21,024 WARNING:Tunable parameters ['BLOCK_N', 'threads', 'num_stages'] already provided during auto-tuning. Skipping compilation and using direct JIT
  NKI skipped (not available)
Running case: {'batch': 1, 'M': 2048, 'K': 3072}, dtype=bf16
2026-10-01 05:14:21,436 WARNING:Tunable parameters ['BLOCK_N', 'threads', 'num_stages'] already provided during auto-tuning. Skipping compilation and using direct JIT
  NKI skipped (not available)
Running case: {'batch': 1, 'M': 2048, 'K': 3072}, dtype=fp32
2026-10-01 05:14:21,849 WARNING:Tunable parameters ['BLOCK_N', 'threads', 'num_stages'] already provided during auto-tuning. Skipping compilation and using direct JIT
  NKI skipped (not available)
Running case: {'batch': 1, 'M': 2048, 'K': 3584}, dtype=fp16
2026-10-01 05:14:22,311 WARNING:Tunable parameters ['BLOCK_N', 'threads', 'num_stages'] already provided during auto-tuning. Skipping compilation and using direct JIT
  NKI skipped (not available)
Running case: {'batch': 1, 'M': 2048, 'K': 3584}, dtype=bf16
2026-10-01 05:14:22,731 WARNING:Tunable parameters ['BLOCK_N', 'threads', 'num_stages'] already provided during auto-tuning. Skipping compilation and using direct JIT
  NKI skipped (not available)
Running case: {'batch': 1, 'M': 2048, 'K': 3584}, dtype=fp32
2026-10-01 05:14:23,151 WARNING:Tunable parameters ['BLOCK_N', 'threads', 'num_stages'] already provided during auto-tuning. Skipping compilation and using direct JIT
  NKI skipped (not available)
Running case: {'batch': 1, 'M': 2048, 'K': 4096}, dtype=fp16
2026-10-01 05:14:23,573 WARNING:Tunable parameters ['BLOCK_N', 'threads', 'num_stages'] already provided during auto-tuning. Skipping compilation and using direct JIT
  NKI skipped (not available)
Running case: {'batch': 1, 'M': 2048, 'K': 4096}, dtype=bf16
2026-10-01 05:14:23,975 WARNING:Tunable parameters ['BLOCK_N', 'threads', 'num_stages'] already provided during auto-tuning. Skipping compilation and using direct JIT
  NKI skipped (not available)
Running case: {'batch': 1, 'M': 2048, 'K': 4096}, dtype=fp32
2026-10-01 05:14:24,451 WARNING:Tunable parameters ['BLOCK_N', 'threads', 'num_stages'] already provided during auto-tuning. Skipping compilation and using direct JIT
  NKI skipped (not available)
Running case: {'batch': 1, 'M': 2048, 'K': 4608}, dtype=fp16
2026-10-01 05:14:24,908 WARNING:Tunable parameters ['BLOCK_N', 'threads', 'num_stages'] already provided during auto-tuning. Skipping compilation and using direct JIT
  NKI skipped (not available)
Running case: {'batch': 1, 'M': 2048, 'K': 4608}, dtype=bf16
2026-10-01 05:14:25,329 WARNING:Tunable parameters ['BLOCK_N', 'threads', 'num_stages'] already provided during auto-tuning. Skipping compilation and using direct JIT
  NKI skipped (not available)
Running case: {'batch': 1, 'M': 2048, 'K': 4608}, dtype=fp32
2026-10-01 05:14:25,762 WARNING:Tunable parameters ['BLOCK_N', 'threads', 'num_stages'] already provided during auto-tuning. Skipping compilation and using direct JIT
  NKI skipped (not available)
Running case: {'batch': 1, 'M': 2048, 'K': 5120}, dtype=fp16
2026-10-01 05:14:26,219 WARNING:Tunable parameters ['BLOCK_N', 'threads', 'num_stages'] already provided during auto-tuning. Skipping compilation and using direct JIT
  NKI skipped (not available)
Running case: {'batch': 1, 'M': 2048, 'K': 5120}, dtype=bf16
2026-10-01 05:14:26,621 WARNING:Tunable parameters ['BLOCK_N', 'threads', 'num_stages'] already provided during auto-tuning. Skipping compilation and using direct JIT
  NKI skipped (not available)
Running case: {'batch': 1, 'M': 2048, 'K': 5120}, dtype=fp32
2026-10-01 05:14:27,012 WARNING:Tunable parameters ['BLOCK_N', 'threads', 'num_stages'] already provided during auto-tuning. Skipping compilation and using direct JIT
  NKI skipped (not available)
Running case: {'batch': 1, 'M': 2048, 'K': 5632}, dtype=fp16
2026-10-01 05:14:27,407 WARNING:Tunable parameters ['BLOCK_N', 'threads', 'num_stages'] already provided during auto-tuning. Skipping compilation and using direct JIT
  NKI skipped (not available)
Running case: {'batch': 1, 'M': 2048, 'K': 5632}, dtype=bf16
2026-10-01 05:14:27,796 WARNING:Tunable parameters ['BLOCK_N', 'threads', 'num_stages'] already provided during auto-tuning. Skipping compilation and using direct JIT
  NKI skipped (not available)
Running case: {'batch': 1, 'M': 2048, 'K': 5632}, dtype=fp32
2026-10-01 05:14:28,256 WARNING:Tunable parameters ['BLOCK_N', 'threads', 'num_stages'] already provided during auto-tuning. Skipping compilation and using direct JIT
  NKI skipped (not available)
Running case: {'batch': 1, 'M': 2048, 'K': 6144}, dtype=fp16
2026-10-01 05:14:28,669 WARNING:Tunable parameters ['BLOCK_N', 'threads', 'num_stages'] already provided during auto-tuning. Skipping compilation and using direct JIT
  NKI skipped (not available)
Running case: {'batch': 1, 'M': 2048, 'K': 6144}, dtype=bf16
2026-10-01 05:14:29,081 WARNING:Tunable parameters ['BLOCK_N', 'threads', 'num_stages'] already provided during auto-tuning. Skipping compilation and using direct JIT
  NKI skipped (not available)
Running case: {'batch': 1, 'M': 2048, 'K': 6144}, dtype=fp32
2026-10-01 05:14:29,506 WARNING:Tunable parameters ['BLOCK_N', 'threads', 'num_stages'] already provided during auto-tuning. Skipping compilation and using direct JIT
  NKI skipped (not available)
Running case: {'batch': 1, 'M': 2048, 'K': 6656}, dtype=fp16
2026-10-01 05:14:29,988 WARNING:Tunable parameters ['BLOCK_N', 'threads', 'num_stages'] already provided during auto-tuning. Skipping compilation and using direct JIT
  NKI skipped (not available)
Running case: {'batch': 1, 'M': 2048, 'K': 6656}, dtype=bf16
2026-10-01 05:14:30,403 WARNING:Tunable parameters ['BLOCK_N', 'threads', 'num_stages'] already provided during auto-tuning. Skipping compilation and using direct JIT
  NKI skipped (not available)
Running case: {'batch': 1, 'M': 2048, 'K': 6656}, dtype=fp32
2026-10-01 05:14:30,829 WARNING:Tunable parameters ['BLOCK_N', 'threads', 'num_stages'] already provided during auto-tuning. Skipping compilation and using direct JIT
  NKI skipped (not available)
Running case: {'batch': 1, 'M': 2048, 'K': 7168}, dtype=fp16
2026-10-01 05:14:31,232 WARNING:Tunable parameters ['BLOCK_N', 'threads', 'num_stages'] already provided during auto-tuning. Skipping compilation and using direct JIT
  NKI skipped (not available)
Running case: {'batch': 1, 'M': 2048, 'K': 7168}, dtype=bf16
2026-10-01 05:14:31,642 WARNING:Tunable parameters ['BLOCK_N', 'threads', 'num_stages'] already provided during auto-tuning. Skipping compilation and using direct JIT
  NKI skipped (not available)
Running case: {'batch': 1, 'M': 2048, 'K': 7168}, dtype=fp32
2026-10-01 05:14:32,117 WARNING:Tunable parameters ['BLOCK_N', 'threads', 'num_stages'] already provided during auto-tuning. Skipping compilation and using direct JIT
  NKI skipped (not available)
Running case: {'batch': 1, 'M': 2048, 'K': 7680}, dtype=fp16
2026-10-01 05:14:32,515 WARNING:Tunable parameters ['BLOCK_N', 'threads', 'num_stages'] already provided during auto-tuning. Skipping compilation and using direct JIT
  NKI skipped (not available)
Running case: {'batch': 1, 'M': 2048, 'K': 7680}, dtype=bf16
2026-10-01 05:14:32,908 WARNING:Tunable parameters ['BLOCK_N', 'threads', 'num_stages'] already provided during auto-tuning. Skipping compilation and using direct JIT
  NKI skipped (not available)
Running case: {'batch': 1, 'M': 2048, 'K': 7680}, dtype=fp32
2026-10-01 05:14:33,290 WARNING:Tunable parameters ['BLOCK_N', 'threads', 'num_stages'] already provided during auto-tuning. Skipping compilation and using direct JIT
  NKI skipped (not available)
Running case: {'batch': 1, 'M': 2048, 'K': 8192}, dtype=fp16
2026-10-01 05:14:33,751 WARNING:Tunable parameters ['BLOCK_N', 'threads', 'num_stages'] already provided during auto-tuning. Skipping compilation and using direct JIT
  NKI skipped (not available)
Running case: {'batch': 1, 'M': 2048, 'K': 8192}, dtype=bf16
2026-10-01 05:14:34,169 WARNING:Tunable parameters ['BLOCK_N', 'threads', 'num_stages'] already provided during auto-tuning. Skipping compilation and using direct JIT
  NKI skipped (not available)
Running case: {'batch': 1, 'M': 2048, 'K': 8192}, dtype=fp32
2026-10-01 05:14:34,567 WARNING:Tunable parameters ['BLOCK_N', 'threads', 'num_stages'] already provided during auto-tuning. Skipping compilation and using direct JIT
  NKI skipped (not available)
Running case: {'batch': 1, 'M': 2048, 'K': 8704}, dtype=fp16
2026-10-01 05:14:34,970 WARNING:Tunable parameters ['BLOCK_N', 'threads', 'num_stages'] already provided during auto-tuning. Skipping compilation and using direct JIT
  NKI skipped (not available)
Running case: {'batch': 1, 'M': 2048, 'K': 8704}, dtype=bf16
2026-10-01 05:14:35,382 WARNING:Tunable parameters ['BLOCK_N', 'threads', 'num_stages'] already provided during auto-tuning. Skipping compilation and using direct JIT
  NKI skipped (not available)
Running case: {'batch': 1, 'M': 2048, 'K': 8704}, dtype=fp32
2026-10-01 05:14:35,878 WARNING:Tunable parameters ['BLOCK_N', 'threads', 'num_stages'] already provided during auto-tuning. Skipping compilation and using direct JIT
  NKI skipped (not available)
Running case: {'batch': 1, 'M': 2048, 'K': 9216}, dtype=fp16
2026-10-01 05:14:36,294 WARNING:Tunable parameters ['BLOCK_N', 'threads', 'num_stages'] already provided during auto-tuning. Skipping compilation and using direct JIT
  NKI skipped (not available)
Running case: {'batch': 1, 'M': 2048, 'K': 9216}, dtype=bf16
2026-10-01 05:14:36,727 WARNING:Tunable parameters ['BLOCK_N', 'threads', 'num_stages'] already provided during auto-tuning. Skipping compilation and using direct JIT
  NKI skipped (not available)
Running case: {'batch': 1, 'M': 2048, 'K': 9216}, dtype=fp32
2026-10-01 05:14:37,150 WARNING:Tunable parameters ['BLOCK_N', 'threads', 'num_stages'] already provided during auto-tuning. Skipping compilation and using direct JIT
  NKI skipped (not available)
Running case: {'batch': 1, 'M': 2048, 'K': 9728}, dtype=fp16
2026-10-01 05:14:37,617 WARNING:Tunable parameters ['BLOCK_N', 'threads', 'num_stages'] already provided during auto-tuning. Skipping compilation and using direct JIT
  NKI skipped (not available)
Running case: {'batch': 1, 'M': 2048, 'K': 9728}, dtype=bf16
2026-10-01 05:14:38,027 WARNING:Tunable parameters ['BLOCK_N', 'threads', 'num_stages'] already provided during auto-tuning. Skipping compilation and using direct JIT
  NKI skipped (not available)
Running case: {'batch': 1, 'M': 2048, 'K': 9728}, dtype=fp32
2026-10-01 05:14:38,451 WARNING:Tunable parameters ['BLOCK_N', 'threads', 'num_stages'] already provided during auto-tuning. Skipping compilation and using direct JIT
  NKI skipped (not available)
Running case: {'batch': 1, 'M': 2048, 'K': 10240}, dtype=fp16
2026-10-01 05:14:38,874 WARNING:Tunable parameters ['BLOCK_N', 'threads', 'num_stages'] already provided during auto-tuning. Skipping compilation and using direct JIT
  NKI skipped (not available)
Running case: {'batch': 1, 'M': 2048, 'K': 10240}, dtype=bf16
2026-10-01 05:14:39,282 WARNING:Tunable parameters ['BLOCK_N', 'threads', 'num_stages'] already provided during auto-tuning. Skipping compilation and using direct JIT
  NKI skipped (not available)
Running case: {'batch': 1, 'M': 2048, 'K': 10240}, dtype=fp32
2026-10-01 05:14:39,757 WARNING:Tunable parameters ['BLOCK_N', 'threads', 'num_stages'] already provided during auto-tuning. Skipping compilation and using direct JIT
  NKI skipped (not available)
Timing results  → /projects/kzhou6/bcui2/research/tilebench/Tilebench-gh200/results/GH200/logs/time_measurement_logs/layernorm_default_triton-cutile-tilelang.json
Autotune log    → /projects/kzhou6/bcui2/research/tilebench/Tilebench-gh200/results/GH200/logs/autotune_logs/layernorm_default_triton-cutile-tilelang.json
TileLang autotuner log → /projects/kzhou6/bcui2/research/tilebench/Tilebench-gh200/results/GH200/logs/tilelang_autotuner/layernorm_default_triton-cutile-tilelang.log
Provenance      → /projects/kzhou6/bcui2/research/tilebench/Tilebench-gh200/results/GH200/logs/provenance/layernorm_default_triton-cutile-tilelang.json

Summary:
Params    |    Dtype |  Torch(ms) |   Triton(ms) |   cuTile(ms) | TileLang(ms) |  Speedup(T) |  Speedup(C) | Speedup(TL)
------------------------------------------------------------------------------------------------------------------------
K=512     | fp16     |     0.0059 |       0.0053 |       0.0056 |       0.0052 |        1.10 |        1.04 |        1.13
K=512     | bf16     |     0.0059 |       0.0056 |       0.0054 |       0.0051 |        1.04 |        1.09 |        1.15
K=512     | fp32     |     0.0080 |       0.0061 |       0.0056 |       0.0061 |        1.32 |        1.42 |        1.31
K=1024    | fp16     |     0.0075 |       0.0065 |       0.0068 |       0.0061 |        1.16 |        1.10 |        1.23
K=1024    | bf16     |     0.0077 |       0.0065 |       0.0068 |       0.0064 |        1.17 |        1.13 |        1.21
K=1024    | fp32     |     0.0114 |       0.0080 |       0.0072 |       0.0081 |        1.42 |        1.58 |        1.40
K=1536    | fp16     |     0.0093 |       0.0078 |       0.0086 |       0.0079 |        1.18 |        1.08 |        1.18
K=1536    | bf16     |     0.0094 |       0.0084 |       0.0088 |       0.0083 |        1.12 |        1.06 |        1.13
K=1536    | fp32     |     0.0148 |       0.0107 |       0.0108 |       0.0112 |        1.38 |        1.38 |        1.33
K=2048    | fp16     |     0.0109 |       0.0086 |       0.0098 |       0.0081 |        1.27 |        1.12 |        1.35
K=2048    | bf16     |     0.0110 |       0.0088 |       0.0097 |       0.0081 |        1.25 |        1.13 |        1.35
K=2048    | fp32     |     0.0186 |       0.0130 |       0.0133 |       0.0130 |        1.43 |        1.40 |        1.43
K=2560    | fp16     |     0.0126 |       0.0108 |       0.0162 |       0.0100 |        1.17 |        0.78 |        1.26
K=2560    | bf16     |     0.0125 |       0.0112 |       0.0162 |       0.0103 |        1.11 |        0.77 |        1.22
K=2560    | fp32     |     0.0215 |       0.0156 |       0.0156 |       0.0159 |        1.38 |        1.37 |        1.36
K=3072    | fp16     |     0.0145 |       0.0116 |       0.0178 |       0.0111 |        1.25 |        0.81 |        1.31
K=3072    | bf16     |     0.0143 |       0.0118 |       0.0180 |       0.0116 |        1.21 |        0.79 |        1.23
K=3072    | fp32     |     0.0249 |       0.0181 |       0.0180 |       0.0180 |        1.38 |        1.38 |        1.39
K=3584    | fp16     |     0.0164 |       0.0133 |       0.0216 |       0.0127 |        1.23 |        0.76 |        1.29
K=3584    | bf16     |     0.0165 |       0.0142 |       0.0212 |       0.0133 |        1.16 |        0.78 |        1.24
K=3584    | fp32     |     0.0287 |       0.0207 |       0.0209 |       0.0205 |        1.39 |        1.37 |        1.40
K=4096    | fp16     |     0.0188 |       0.0143 |       0.0223 |       0.0133 |        1.31 |        0.84 |        1.41
K=4096    | bf16     |     0.0184 |       0.0144 |       0.0225 |       0.0134 |        1.28 |        0.82 |        1.37
K=4096    | fp32     |     0.0322 |       0.0229 |       0.0231 |       0.0223 |        1.41 |        1.40 |        1.45
K=4608    | fp16     |     0.0204 |       0.0170 |       0.0217 |       0.0159 |        1.20 |        0.94 |        1.28
K=4608    | bf16     |     0.0211 |       0.0174 |       0.0217 |       0.0161 |        1.21 |        0.97 |        1.31
K=4608    | fp32     |     0.0363 |       0.0265 |       0.0255 |       0.0265 |        1.37 |        1.42 |        1.37
K=5120    | fp16     |     0.0228 |       0.0177 |       0.0227 |       0.0163 |        1.29 |        1.01 |        1.40
K=5120    | bf16     |     0.0226 |       0.0182 |       0.0227 |       0.0172 |        1.24 |        0.99 |        1.31
K=5120    | fp32     |     0.0423 |       0.0300 |       0.0274 |       0.0274 |        1.41 |        1.55 |        1.54
K=5632    | fp16     |     0.0248 |       0.0191 |       0.0248 |       0.0173 |        1.30 |        1.00 |        1.43
K=5632    | bf16     |     0.0248 |       0.0199 |       0.0258 |       0.0182 |        1.24 |        0.96 |        1.36
K=5632    | fp32     |     0.0481 |       0.0341 |       0.0311 |       0.0322 |        1.41 |        1.54 |        1.49
K=6144    | fp16     |     0.0267 |       0.0207 |       0.0260 |       0.0187 |        1.29 |        1.03 |        1.43
K=6144    | bf16     |     0.0282 |       0.0208 |       0.0270 |       0.0189 |        1.35 |        1.04 |        1.49
K=6144    | fp32     |     0.0513 |       0.0363 |       0.0335 |       0.0325 |        1.41 |        1.54 |        1.58
K=6656    | fp16     |     0.0293 |       0.0226 |       0.0291 |       0.0224 |        1.30 |        1.01 |        1.31
K=6656    | bf16     |     0.0296 |       0.0229 |       0.0283 |       0.0220 |        1.29 |        1.04 |        1.35
K=6656    | fp32     |     0.0564 |       0.0415 |       0.0359 |       0.0363 |        1.36 |        1.57 |        1.55
K=7168    | fp16     |     0.0312 |       0.0236 |       0.0302 |       0.0216 |        1.32 |        1.03 |        1.44
K=7168    | bf16     |     0.0316 |       0.0236 |       0.0289 |       0.0221 |        1.34 |        1.09 |        1.43
K=7168    | fp32     |     0.0617 |       0.0460 |       0.0385 |       0.0378 |        1.34 |        1.60 |        1.63
K=7680    | fp16     |     0.0339 |       0.0259 |       0.0308 |       0.0228 |        1.31 |        1.10 |        1.49
K=7680    | bf16     |     0.0338 |       0.0263 |       0.0307 |       0.0234 |        1.28 |        1.10 |        1.44
K=7680    | fp32     |     0.0657 |       0.0493 |       0.0420 |       0.0420 |        1.33 |        1.57 |        1.57
K=8192    | fp16     |     0.0357 |       0.0260 |       0.0319 |       0.0238 |        1.37 |        1.12 |        1.50
K=8192    | bf16     |     0.0361 |       0.0271 |       0.0315 |       0.0238 |        1.33 |        1.14 |        1.52
K=8192    | fp32     |     0.0703 |       0.0548 |       0.0456 |       0.0420 |        1.28 |        1.54 |        1.68
K=8704    | fp16     |     0.0383 |       0.0288 |       0.0344 |       0.0274 |        1.33 |        1.11 |        1.40
K=8704    | bf16     |     0.0382 |       0.0302 |       0.0337 |       0.0284 |        1.26 |        1.13 |        1.34
K=8704    | fp32     |     0.0748 |       0.0598 |       0.0555 |       0.0459 |        1.25 |        1.35 |        1.63
K=9216    | fp16     |     0.0396 |       0.0312 |       0.0359 |       0.0268 |        1.27 |        1.10 |        1.48
K=9216    | bf16     |     0.0405 |       0.0313 |       0.0351 |       0.0291 |        1.29 |        1.15 |        1.39
K=9216    | fp32     |     0.0795 |       0.0635 |       0.0585 |       0.0475 |        1.25 |        1.36 |        1.67
K=9728    | fp16     |     0.0424 |       0.0328 |       0.0391 |       0.0290 |        1.29 |        1.08 |        1.46
K=9728    | bf16     |     0.0431 |       0.0327 |       0.0370 |       0.0290 |        1.32 |        1.16 |        1.49
K=9728    | fp32     |     0.0903 |       0.0675 |       0.0564 |       0.0515 |        1.34 |        1.60 |        1.75
K=10240   | fp16     |     0.0443 |       0.0337 |       0.0395 |       0.0293 |        1.32 |        1.12 |        1.51
K=10240   | bf16     |     0.0447 |       0.0346 |       0.0376 |       0.0305 |        1.29 |        1.19 |        1.47
K=10240   | fp32     |     0.0890 |       0.0717 |       0.0603 |       0.0519 |        1.24 |        1.48 |        1.72
Summary CSV     → /projects/kzhou6/bcui2/research/tilebench/Tilebench-gh200/results/GH200/csv/layernorm_default.csv
