GPU/result namespace: GH200 (detected device: NVIDIA GH200 480GB, arch: hopper)
Starting benchmark for operator: leaky_relu
Tile-language backends: torch (baseline) + cutile, tilelang, triton
  NKI not selected (--tile-language)
Running case: {'n': 2500000}, dtype=fp16
2026-10-01 05:14:44,500 WARNING:Tunable parameters ['BLOCK_SIZE', 'threads'] already provided during auto-tuning. Skipping compilation and using direct JIT
  NKI skipped (not available)
Running case: {'n': 2500000}, dtype=bf16
2026-10-01 05:14:44,715 WARNING:Tunable parameters ['BLOCK_SIZE', 'threads'] already provided during auto-tuning. Skipping compilation and using direct JIT
  NKI skipped (not available)
Running case: {'n': 2500000}, dtype=fp32
2026-10-01 05:14:44,925 WARNING:Tunable parameters ['BLOCK_SIZE', 'threads'] already provided during auto-tuning. Skipping compilation and using direct JIT
  NKI skipped (not available)
Running case: {'n': 5000000}, dtype=fp16
2026-10-01 05:14:45,009 WARNING:Tunable parameters ['BLOCK_SIZE', 'threads'] already provided during auto-tuning. Skipping compilation and using direct JIT
  NKI skipped (not available)
Running case: {'n': 5000000}, dtype=bf16
2026-10-01 05:14:45,094 WARNING:Tunable parameters ['BLOCK_SIZE', 'threads'] already provided during auto-tuning. Skipping compilation and using direct JIT
  NKI skipped (not available)
Running case: {'n': 5000000}, dtype=fp32
2026-10-01 05:14:45,179 WARNING:Tunable parameters ['BLOCK_SIZE', 'threads'] already provided during auto-tuning. Skipping compilation and using direct JIT
  NKI skipped (not available)
Running case: {'n': 7500000}, dtype=fp16
2026-10-01 05:14:45,261 WARNING:Tunable parameters ['BLOCK_SIZE', 'threads'] already provided during auto-tuning. Skipping compilation and using direct JIT
  NKI skipped (not available)
Running case: {'n': 7500000}, dtype=bf16
2026-10-01 05:14:45,342 WARNING:Tunable parameters ['BLOCK_SIZE', 'threads'] already provided during auto-tuning. Skipping compilation and using direct JIT
  NKI skipped (not available)
Running case: {'n': 7500000}, dtype=fp32
2026-10-01 05:14:45,430 WARNING:Tunable parameters ['BLOCK_SIZE', 'threads'] already provided during auto-tuning. Skipping compilation and using direct JIT
  NKI skipped (not available)
Running case: {'n': 10000000}, dtype=fp16
2026-10-01 05:14:45,513 WARNING:Tunable parameters ['BLOCK_SIZE', 'threads'] already provided during auto-tuning. Skipping compilation and using direct JIT
  NKI skipped (not available)
Running case: {'n': 10000000}, dtype=bf16
2026-10-01 05:14:45,600 WARNING:Tunable parameters ['BLOCK_SIZE', 'threads'] already provided during auto-tuning. Skipping compilation and using direct JIT
  NKI skipped (not available)
Running case: {'n': 10000000}, dtype=fp32
2026-10-01 05:14:45,684 WARNING:Tunable parameters ['BLOCK_SIZE', 'threads'] already provided during auto-tuning. Skipping compilation and using direct JIT
  NKI skipped (not available)
Running case: {'n': 12500000}, dtype=fp16
2026-10-01 05:14:45,771 WARNING:Tunable parameters ['BLOCK_SIZE', 'threads'] already provided during auto-tuning. Skipping compilation and using direct JIT
  NKI skipped (not available)
Running case: {'n': 12500000}, dtype=bf16
2026-10-01 05:14:45,867 WARNING:Tunable parameters ['BLOCK_SIZE', 'threads'] already provided during auto-tuning. Skipping compilation and using direct JIT
  NKI skipped (not available)
Running case: {'n': 12500000}, dtype=fp32
2026-10-01 05:14:45,969 WARNING:Tunable parameters ['BLOCK_SIZE', 'threads'] already provided during auto-tuning. Skipping compilation and using direct JIT
  NKI skipped (not available)
Running case: {'n': 15000000}, dtype=fp16
2026-10-01 05:14:46,058 WARNING:Tunable parameters ['BLOCK_SIZE', 'threads'] already provided during auto-tuning. Skipping compilation and using direct JIT
  NKI skipped (not available)
Running case: {'n': 15000000}, dtype=bf16
2026-10-01 05:14:46,144 WARNING:Tunable parameters ['BLOCK_SIZE', 'threads'] already provided during auto-tuning. Skipping compilation and using direct JIT
  NKI skipped (not available)
Running case: {'n': 15000000}, dtype=fp32
2026-10-01 05:14:46,232 WARNING:Tunable parameters ['BLOCK_SIZE', 'threads'] already provided during auto-tuning. Skipping compilation and using direct JIT
  NKI skipped (not available)
Running case: {'n': 17500000}, dtype=fp16
2026-10-01 05:14:46,323 WARNING:Tunable parameters ['BLOCK_SIZE', 'threads'] already provided during auto-tuning. Skipping compilation and using direct JIT
  NKI skipped (not available)
Running case: {'n': 17500000}, dtype=bf16
2026-10-01 05:14:46,409 WARNING:Tunable parameters ['BLOCK_SIZE', 'threads'] already provided during auto-tuning. Skipping compilation and using direct JIT
  NKI skipped (not available)
Running case: {'n': 17500000}, dtype=fp32
2026-10-01 05:14:46,498 WARNING:Tunable parameters ['BLOCK_SIZE', 'threads'] already provided during auto-tuning. Skipping compilation and using direct JIT
  NKI skipped (not available)
Running case: {'n': 20000000}, dtype=fp16
2026-10-01 05:14:46,585 WARNING:Tunable parameters ['BLOCK_SIZE', 'threads'] already provided during auto-tuning. Skipping compilation and using direct JIT
  NKI skipped (not available)
Running case: {'n': 20000000}, dtype=bf16
2026-10-01 05:14:46,672 WARNING:Tunable parameters ['BLOCK_SIZE', 'threads'] already provided during auto-tuning. Skipping compilation and using direct JIT
  NKI skipped (not available)
Running case: {'n': 20000000}, dtype=fp32
2026-10-01 05:14:46,763 WARNING:Tunable parameters ['BLOCK_SIZE', 'threads'] already provided during auto-tuning. Skipping compilation and using direct JIT
  NKI skipped (not available)
Running case: {'n': 22500000}, dtype=fp16
2026-10-01 05:14:46,853 WARNING:Tunable parameters ['BLOCK_SIZE', 'threads'] already provided during auto-tuning. Skipping compilation and using direct JIT
  NKI skipped (not available)
Running case: {'n': 22500000}, dtype=bf16
2026-10-01 05:14:46,942 WARNING:Tunable parameters ['BLOCK_SIZE', 'threads'] already provided during auto-tuning. Skipping compilation and using direct JIT
  NKI skipped (not available)
Running case: {'n': 22500000}, dtype=fp32
2026-10-01 05:14:47,036 WARNING:Tunable parameters ['BLOCK_SIZE', 'threads'] already provided during auto-tuning. Skipping compilation and using direct JIT
  NKI skipped (not available)
Running case: {'n': 25000000}, dtype=fp16
2026-10-01 05:14:47,124 WARNING:Tunable parameters ['BLOCK_SIZE', 'threads'] already provided during auto-tuning. Skipping compilation and using direct JIT
  NKI skipped (not available)
Running case: {'n': 25000000}, dtype=bf16
2026-10-01 05:14:47,213 WARNING:Tunable parameters ['BLOCK_SIZE', 'threads'] already provided during auto-tuning. Skipping compilation and using direct JIT
  NKI skipped (not available)
Running case: {'n': 25000000}, dtype=fp32
2026-10-01 05:14:47,304 WARNING:Tunable parameters ['BLOCK_SIZE', 'threads'] already provided during auto-tuning. Skipping compilation and using direct JIT
  NKI skipped (not available)
Running case: {'n': 27500000}, dtype=fp16
2026-10-01 05:14:47,393 WARNING:Tunable parameters ['BLOCK_SIZE', 'threads'] already provided during auto-tuning. Skipping compilation and using direct JIT
  NKI skipped (not available)
Running case: {'n': 27500000}, dtype=bf16
2026-10-01 05:14:47,483 WARNING:Tunable parameters ['BLOCK_SIZE', 'threads'] already provided during auto-tuning. Skipping compilation and using direct JIT
  NKI skipped (not available)
Running case: {'n': 27500000}, dtype=fp32
2026-10-01 05:14:47,577 WARNING:Tunable parameters ['BLOCK_SIZE', 'threads'] already provided during auto-tuning. Skipping compilation and using direct JIT
  NKI skipped (not available)
Running case: {'n': 30000000}, dtype=fp16
2026-10-01 05:14:47,668 WARNING:Tunable parameters ['BLOCK_SIZE', 'threads'] already provided during auto-tuning. Skipping compilation and using direct JIT
  NKI skipped (not available)
Running case: {'n': 30000000}, dtype=bf16
2026-10-01 05:14:47,759 WARNING:Tunable parameters ['BLOCK_SIZE', 'threads'] already provided during auto-tuning. Skipping compilation and using direct JIT
  NKI skipped (not available)
Running case: {'n': 30000000}, dtype=fp32
2026-10-01 05:14:47,850 WARNING:Tunable parameters ['BLOCK_SIZE', 'threads'] already provided during auto-tuning. Skipping compilation and using direct JIT
  NKI skipped (not available)
Running case: {'n': 32500000}, dtype=fp16
2026-10-01 05:14:47,947 WARNING:Tunable parameters ['BLOCK_SIZE', 'threads'] already provided during auto-tuning. Skipping compilation and using direct JIT
  NKI skipped (not available)
Running case: {'n': 32500000}, dtype=bf16
2026-10-01 05:14:48,054 WARNING:Tunable parameters ['BLOCK_SIZE', 'threads'] already provided during auto-tuning. Skipping compilation and using direct JIT
  NKI skipped (not available)
Running case: {'n': 32500000}, dtype=fp32
2026-10-01 05:14:48,152 WARNING:Tunable parameters ['BLOCK_SIZE', 'threads'] already provided during auto-tuning. Skipping compilation and using direct JIT
  NKI skipped (not available)
Running case: {'n': 35000000}, dtype=fp16
2026-10-01 05:14:48,253 WARNING:Tunable parameters ['BLOCK_SIZE', 'threads'] already provided during auto-tuning. Skipping compilation and using direct JIT
  NKI skipped (not available)
Running case: {'n': 35000000}, dtype=bf16
2026-10-01 05:14:48,347 WARNING:Tunable parameters ['BLOCK_SIZE', 'threads'] already provided during auto-tuning. Skipping compilation and using direct JIT
  NKI skipped (not available)
Running case: {'n': 35000000}, dtype=fp32
2026-10-01 05:14:48,457 WARNING:Tunable parameters ['BLOCK_SIZE', 'threads'] already provided during auto-tuning. Skipping compilation and using direct JIT
  NKI skipped (not available)
Running case: {'n': 37500000}, dtype=fp16
2026-10-01 05:14:48,552 WARNING:Tunable parameters ['BLOCK_SIZE', 'threads'] already provided during auto-tuning. Skipping compilation and using direct JIT
  NKI skipped (not available)
Running case: {'n': 37500000}, dtype=bf16
2026-10-01 05:14:48,646 WARNING:Tunable parameters ['BLOCK_SIZE', 'threads'] already provided during auto-tuning. Skipping compilation and using direct JIT
  NKI skipped (not available)
Running case: {'n': 37500000}, dtype=fp32
2026-10-01 05:14:48,744 WARNING:Tunable parameters ['BLOCK_SIZE', 'threads'] already provided during auto-tuning. Skipping compilation and using direct JIT
  NKI skipped (not available)
Running case: {'n': 40000000}, dtype=fp16
2026-10-01 05:14:48,839 WARNING:Tunable parameters ['BLOCK_SIZE', 'threads'] already provided during auto-tuning. Skipping compilation and using direct JIT
  NKI skipped (not available)
Running case: {'n': 40000000}, dtype=bf16
2026-10-01 05:14:48,935 WARNING:Tunable parameters ['BLOCK_SIZE', 'threads'] already provided during auto-tuning. Skipping compilation and using direct JIT
  NKI skipped (not available)
Running case: {'n': 40000000}, dtype=fp32
2026-10-01 05:14:49,036 WARNING:Tunable parameters ['BLOCK_SIZE', 'threads'] already provided during auto-tuning. Skipping compilation and using direct JIT
  NKI skipped (not available)
Running case: {'n': 42500000}, dtype=fp16
2026-10-01 05:14:49,132 WARNING:Tunable parameters ['BLOCK_SIZE', 'threads'] already provided during auto-tuning. Skipping compilation and using direct JIT
  NKI skipped (not available)
Running case: {'n': 42500000}, dtype=bf16
2026-10-01 05:14:49,226 WARNING:Tunable parameters ['BLOCK_SIZE', 'threads'] already provided during auto-tuning. Skipping compilation and using direct JIT
  NKI skipped (not available)
Running case: {'n': 42500000}, dtype=fp32
2026-10-01 05:14:49,332 WARNING:Tunable parameters ['BLOCK_SIZE', 'threads'] already provided during auto-tuning. Skipping compilation and using direct JIT
  NKI skipped (not available)
Running case: {'n': 45000000}, dtype=fp16
2026-10-01 05:14:49,429 WARNING:Tunable parameters ['BLOCK_SIZE', 'threads'] already provided during auto-tuning. Skipping compilation and using direct JIT
  NKI skipped (not available)
Running case: {'n': 45000000}, dtype=bf16
2026-10-01 05:14:49,525 WARNING:Tunable parameters ['BLOCK_SIZE', 'threads'] already provided during auto-tuning. Skipping compilation and using direct JIT
  NKI skipped (not available)
Running case: {'n': 45000000}, dtype=fp32
2026-10-01 05:14:49,628 WARNING:Tunable parameters ['BLOCK_SIZE', 'threads'] already provided during auto-tuning. Skipping compilation and using direct JIT
  NKI skipped (not available)
Running case: {'n': 47500000}, dtype=fp16
2026-10-01 05:14:49,729 WARNING:Tunable parameters ['BLOCK_SIZE', 'threads'] already provided during auto-tuning. Skipping compilation and using direct JIT
  NKI skipped (not available)
Running case: {'n': 47500000}, dtype=bf16
2026-10-01 05:14:49,824 WARNING:Tunable parameters ['BLOCK_SIZE', 'threads'] already provided during auto-tuning. Skipping compilation and using direct JIT
  NKI skipped (not available)
Running case: {'n': 47500000}, dtype=fp32
2026-10-01 05:14:49,930 WARNING:Tunable parameters ['BLOCK_SIZE', 'threads'] already provided during auto-tuning. Skipping compilation and using direct JIT
  NKI skipped (not available)
Running case: {'n': 50000000}, dtype=fp16
2026-10-01 05:14:50,036 WARNING:Tunable parameters ['BLOCK_SIZE', 'threads'] already provided during auto-tuning. Skipping compilation and using direct JIT
  NKI skipped (not available)
Running case: {'n': 50000000}, dtype=bf16
2026-10-01 05:14:50,142 WARNING:Tunable parameters ['BLOCK_SIZE', 'threads'] already provided during auto-tuning. Skipping compilation and using direct JIT
  NKI skipped (not available)
Running case: {'n': 50000000}, dtype=fp32
2026-10-01 05:14:50,246 WARNING:Tunable parameters ['BLOCK_SIZE', 'threads'] already provided during auto-tuning. Skipping compilation and using direct JIT
  NKI skipped (not available)
Timing results  → /projects/kzhou6/bcui2/research/tilebench/Tilebench-gh200/results/GH200/logs/time_measurement_logs/leaky_relu_default_triton-cutile-tilelang.json
Autotune log    → /projects/kzhou6/bcui2/research/tilebench/Tilebench-gh200/results/GH200/logs/autotune_logs/leaky_relu_default_triton-cutile-tilelang.json
TileLang autotuner log → /projects/kzhou6/bcui2/research/tilebench/Tilebench-gh200/results/GH200/logs/tilelang_autotuner/leaky_relu_default_triton-cutile-tilelang.log
Provenance      → /projects/kzhou6/bcui2/research/tilebench/Tilebench-gh200/results/GH200/logs/provenance/leaky_relu_default_triton-cutile-tilelang.json

Summary:
Params       |    Dtype |  Torch(ms) |   Triton(ms) |   cuTile(ms) | TileLang(ms) |  Speedup(T) |  Speedup(C) | Speedup(TL)
---------------------------------------------------------------------------------------------------------------------------
n=2500000    | fp16     |     0.0055 |       0.0049 |       0.0055 |       0.0051 |        1.13 |        1.00 |        1.08
n=2500000    | bf16     |     0.0050 |       0.0050 |       0.0054 |       0.0050 |        1.00 |        0.92 |        1.00
n=2500000    | fp32     |     0.0077 |       0.0078 |       0.0081 |       0.0077 |        0.99 |        0.96 |        1.01
n=5000000    | fp16     |     0.0080 |       0.0081 |       0.0084 |       0.0084 |        0.99 |        0.95 |        0.95
n=5000000    | bf16     |     0.0085 |       0.0083 |       0.0082 |       0.0082 |        1.03 |        1.04 |        1.03
n=5000000    | fp32     |     0.0139 |       0.0138 |       0.0145 |       0.0139 |        1.00 |        0.96 |        1.00
n=7500000    | fp16     |     0.0118 |       0.0110 |       0.0112 |       0.0112 |        1.07 |        1.05 |        1.05
n=7500000    | bf16     |     0.0117 |       0.0116 |       0.0116 |       0.0114 |        1.01 |        1.01 |        1.03
n=7500000    | fp32     |     0.0197 |       0.0195 |       0.0205 |       0.0200 |        1.01 |        0.96 |        0.98
n=10000000   | fp16     |     0.0140 |       0.0142 |       0.0139 |       0.0139 |        0.99 |        1.01 |        1.01
n=10000000   | bf16     |     0.0143 |       0.0139 |       0.0148 |       0.0141 |        1.03 |        0.97 |        1.02
n=10000000   | fp32     |     0.0249 |       0.0251 |       0.0251 |       0.0251 |        0.99 |        0.99 |        0.99
n=12500000   | fp16     |     0.0169 |       0.0170 |       0.0173 |       0.0167 |        1.00 |        0.98 |        1.02
n=12500000   | bf16     |     0.0170 |       0.0169 |       0.0174 |       0.0170 |        1.01 |        0.98 |        1.00
n=12500000   | fp32     |     0.0315 |       0.0310 |       0.0311 |       0.0305 |        1.02 |        1.01 |        1.03
n=15000000   | fp16     |     0.0199 |       0.0194 |       0.0196 |       0.0199 |        1.02 |        1.02 |        1.00
n=15000000   | bf16     |     0.0205 |       0.0200 |       0.0197 |       0.0204 |        1.02 |        1.04 |        1.00
n=15000000   | fp32     |     0.0360 |       0.0361 |       0.0361 |       0.0366 |        1.00 |        1.00 |        0.98
n=17500000   | fp16     |     0.0225 |       0.0225 |       0.0228 |       0.0224 |        1.00 |        0.98 |        1.00
n=17500000   | bf16     |     0.0223 |       0.0228 |       0.0225 |       0.0225 |        0.98 |        0.99 |        0.99
n=17500000   | fp32     |     0.0420 |       0.0413 |       0.0418 |       0.0417 |        1.02 |        1.00 |        1.01
n=20000000   | fp16     |     0.0252 |       0.0260 |       0.0254 |       0.0252 |        0.97 |        0.99 |        1.00
n=20000000   | bf16     |     0.0252 |       0.0251 |       0.0251 |       0.0258 |        1.01 |        1.00 |        0.98
n=20000000   | fp32     |     0.0474 |       0.0468 |       0.0472 |       0.0468 |        1.01 |        1.00 |        1.01
n=22500000   | fp16     |     0.0281 |       0.0285 |       0.0283 |       0.0284 |        0.99 |        0.99 |        0.99
n=22500000   | bf16     |     0.0284 |       0.0284 |       0.0285 |       0.0281 |        1.00 |        1.00 |        1.01
n=22500000   | fp32     |     0.0525 |       0.0528 |       0.0532 |       0.0531 |        1.00 |        0.99 |        0.99
n=25000000   | fp16     |     0.0303 |       0.0312 |       0.0305 |       0.0305 |        0.97 |        0.99 |        0.99
n=25000000   | bf16     |     0.0306 |       0.0307 |       0.0307 |       0.0307 |        1.00 |        1.00 |        1.00
n=25000000   | fp32     |     0.0582 |       0.0579 |       0.0580 |       0.0580 |        1.01 |        1.00 |        1.00
n=27500000   | fp16     |     0.0335 |       0.0336 |       0.0339 |       0.0343 |        1.00 |        0.99 |        0.98
n=27500000   | bf16     |     0.0336 |       0.0341 |       0.0339 |       0.0348 |        0.99 |        0.99 |        0.97
n=27500000   | fp32     |     0.0639 |       0.0636 |       0.0643 |       0.0632 |        1.00 |        0.99 |        1.01
n=30000000   | fp16     |     0.0363 |       0.0368 |       0.0364 |       0.0366 |        0.99 |        1.00 |        0.99
n=30000000   | bf16     |     0.0368 |       0.0359 |       0.0369 |       0.0359 |        1.03 |        1.00 |        1.03
n=30000000   | fp32     |     0.0695 |       0.0693 |       0.0697 |       0.0696 |        1.00 |        1.00 |        1.00
n=32500000   | fp16     |     0.0394 |       0.0387 |       0.0395 |       0.0387 |        1.02 |        1.00 |        1.02
n=32500000   | bf16     |     0.0387 |       0.0389 |       0.0390 |       0.0391 |        0.99 |        0.99 |        0.99
n=32500000   | fp32     |     0.0747 |       0.0751 |       0.0750 |       0.0748 |        0.99 |        1.00 |        1.00
n=35000000   | fp16     |     0.0419 |       0.0419 |       0.0425 |       0.0421 |        1.00 |        0.99 |        1.00
n=35000000   | bf16     |     0.0426 |       0.0424 |       0.0416 |       0.0415 |        1.00 |        1.02 |        1.03
n=35000000   | fp32     |     0.0802 |       0.0802 |       0.0805 |       0.0802 |        1.00 |        1.00 |        1.00
n=37500000   | fp16     |     0.0441 |       0.0449 |       0.0447 |       0.0441 |        0.98 |        0.99 |        1.00
n=37500000   | bf16     |     0.0445 |       0.0450 |       0.0443 |       0.0443 |        0.99 |        1.00 |        1.00
n=37500000   | fp32     |     0.0857 |       0.0859 |       0.0859 |       0.0856 |        1.00 |        1.00 |        1.00
n=40000000   | fp16     |     0.0470 |       0.0468 |       0.0467 |       0.0468 |        1.01 |        1.01 |        1.00
n=40000000   | bf16     |     0.0477 |       0.0473 |       0.0469 |       0.0478 |        1.01 |        1.02 |        1.00
n=40000000   | fp32     |     0.0917 |       0.0915 |       0.0919 |       0.0914 |        1.00 |        1.00 |        1.00
n=42500000   | fp16     |     0.0496 |       0.0496 |       0.0494 |       0.0497 |        1.00 |        1.00 |        1.00
n=42500000   | bf16     |     0.0496 |       0.0494 |       0.0506 |       0.0501 |        1.00 |        0.98 |        0.99
n=42500000   | fp32     |     0.0972 |       0.0968 |       0.0974 |       0.0964 |        1.00 |        1.00 |        1.01
n=45000000   | fp16     |     0.0524 |       0.0520 |       0.0528 |       0.0527 |        1.01 |        0.99 |        0.99
n=45000000   | bf16     |     0.0533 |       0.0535 |       0.0528 |       0.0527 |        1.00 |        1.01 |        1.01
n=45000000   | fp32     |     0.1022 |       0.1024 |       0.1030 |       0.1022 |        1.00 |        0.99 |        1.00
n=47500000   | fp16     |     0.0555 |       0.0559 |       0.0559 |       0.0558 |        0.99 |        0.99 |        0.99
n=47500000   | bf16     |     0.0552 |       0.0551 |       0.0555 |       0.0556 |        1.00 |        1.00 |        0.99
n=47500000   | fp32     |     0.1075 |       0.1080 |       0.1077 |       0.1077 |        1.00 |        1.00 |        1.00
n=50000000   | fp16     |     0.0583 |       0.0580 |       0.0585 |       0.0586 |        1.00 |        1.00 |        0.99
n=50000000   | bf16     |     0.0583 |       0.0586 |       0.0585 |       0.0584 |        1.00 |        1.00 |        1.00
n=50000000   | fp32     |     0.1139 |       0.1135 |       0.1135 |       0.1134 |        1.00 |        1.00 |        1.00
Summary CSV     → /projects/kzhou6/bcui2/research/tilebench/Tilebench-gh200/results/GH200/csv/leaky_relu_default.csv
