GPU/result namespace: GH200 (detected device: NVIDIA GH200 480GB, arch: hopper)
Starting benchmark for operator: linear_self_attention
Tile-language backends: torch (baseline) + cutile, tilelang, triton
  NKI not selected (--tile-language)
Running case: {'eps': 1e-06, 'M': 1024, 'D': 32}, dtype=fp32
2026-10-01 05:14:55,740 WARNING:Tunable parameters ['BLOCK_M', 'BLOCK_N', 'BLOCK_K', 'threads', 'num_stages'] already provided during auto-tuning. Skipping compilation and using direct JIT
2026-10-01 05:14:55,809 WARNING:Tunable parameters ['BLOCK_M', 'BLOCK_N', 'BLOCK_K', 'threads', 'num_stages'] already provided during auto-tuning. Skipping compilation and using direct JIT
  NKI skipped (not available)
Running case: {'eps': 1e-06, 'M': 1024, 'D': 64}, dtype=fp32
2026-10-01 05:14:56,017 WARNING:Tunable parameters ['BLOCK_M', 'BLOCK_N', 'BLOCK_K', 'threads', 'num_stages'] already provided during auto-tuning. Skipping compilation and using direct JIT
2026-10-01 05:14:56,087 WARNING:Tunable parameters ['BLOCK_M', 'BLOCK_N', 'BLOCK_K', 'threads', 'num_stages'] already provided during auto-tuning. Skipping compilation and using direct JIT
  NKI skipped (not available)
Running case: {'eps': 1e-06, 'M': 1024, 'D': 128}, dtype=fp32
2026-10-01 05:14:56,295 WARNING:Tunable parameters ['BLOCK_M', 'BLOCK_N', 'BLOCK_K', 'threads', 'num_stages'] already provided during auto-tuning. Skipping compilation and using direct JIT
2026-10-01 05:14:56,361 WARNING:Tunable parameters ['BLOCK_M', 'BLOCK_N', 'BLOCK_K', 'threads', 'num_stages'] already provided during auto-tuning. Skipping compilation and using direct JIT
  NKI skipped (not available)
Running case: {'eps': 1e-06, 'M': 1024, 'D': 256}, dtype=fp32
2026-10-01 05:14:56,568 WARNING:Tunable parameters ['BLOCK_M', 'BLOCK_N', 'BLOCK_K', 'threads', 'num_stages'] already provided during auto-tuning. Skipping compilation and using direct JIT
2026-10-01 05:14:56,632 WARNING:Tunable parameters ['BLOCK_M', 'BLOCK_N', 'BLOCK_K', 'threads', 'num_stages'] already provided during auto-tuning. Skipping compilation and using direct JIT
  NKI skipped (not available)
Running case: {'eps': 1e-06, 'M': 2048, 'D': 32}, dtype=fp32
2026-10-01 05:14:56,856 WARNING:Tunable parameters ['BLOCK_M', 'BLOCK_N', 'BLOCK_K', 'threads', 'num_stages'] already provided during auto-tuning. Skipping compilation and using direct JIT
2026-10-01 05:14:56,925 WARNING:Tunable parameters ['BLOCK_M', 'BLOCK_N', 'BLOCK_K', 'threads', 'num_stages'] already provided during auto-tuning. Skipping compilation and using direct JIT
  NKI skipped (not available)
Running case: {'eps': 1e-06, 'M': 2048, 'D': 64}, dtype=fp32
2026-10-01 05:14:57,141 WARNING:Tunable parameters ['BLOCK_M', 'BLOCK_N', 'BLOCK_K', 'threads', 'num_stages'] already provided during auto-tuning. Skipping compilation and using direct JIT
2026-10-01 05:14:57,209 WARNING:Tunable parameters ['BLOCK_M', 'BLOCK_N', 'BLOCK_K', 'threads', 'num_stages'] already provided during auto-tuning. Skipping compilation and using direct JIT
  NKI skipped (not available)
Running case: {'eps': 1e-06, 'M': 2048, 'D': 128}, dtype=fp32
2026-10-01 05:14:57,418 WARNING:Tunable parameters ['BLOCK_M', 'BLOCK_N', 'BLOCK_K', 'threads', 'num_stages'] already provided during auto-tuning. Skipping compilation and using direct JIT
2026-10-01 05:14:57,483 WARNING:Tunable parameters ['BLOCK_M', 'BLOCK_N', 'BLOCK_K', 'threads', 'num_stages'] already provided during auto-tuning. Skipping compilation and using direct JIT
  NKI skipped (not available)
Running case: {'eps': 1e-06, 'M': 2048, 'D': 256}, dtype=fp32
2026-10-01 05:14:57,693 WARNING:Tunable parameters ['BLOCK_M', 'BLOCK_N', 'BLOCK_K', 'threads', 'num_stages'] already provided during auto-tuning. Skipping compilation and using direct JIT
2026-10-01 05:14:57,758 WARNING:Tunable parameters ['BLOCK_M', 'BLOCK_N', 'BLOCK_K', 'threads', 'num_stages'] already provided during auto-tuning. Skipping compilation and using direct JIT
  NKI skipped (not available)
Running case: {'eps': 1e-06, 'M': 4096, 'D': 32}, dtype=fp32
2026-10-01 05:14:57,966 WARNING:Tunable parameters ['BLOCK_M', 'BLOCK_N', 'BLOCK_K', 'threads', 'num_stages'] already provided during auto-tuning. Skipping compilation and using direct JIT
2026-10-01 05:14:58,030 WARNING:Tunable parameters ['BLOCK_M', 'BLOCK_N', 'BLOCK_K', 'threads', 'num_stages'] already provided during auto-tuning. Skipping compilation and using direct JIT
  NKI skipped (not available)
Running case: {'eps': 1e-06, 'M': 4096, 'D': 64}, dtype=fp32
2026-10-01 05:14:58,248 WARNING:Tunable parameters ['BLOCK_M', 'BLOCK_N', 'BLOCK_K', 'threads', 'num_stages'] already provided during auto-tuning. Skipping compilation and using direct JIT
2026-10-01 05:14:58,314 WARNING:Tunable parameters ['BLOCK_M', 'BLOCK_N', 'BLOCK_K', 'threads', 'num_stages'] already provided during auto-tuning. Skipping compilation and using direct JIT
  NKI skipped (not available)
Running case: {'eps': 1e-06, 'M': 4096, 'D': 128}, dtype=fp32
2026-10-01 05:14:58,593 WARNING:Tunable parameters ['BLOCK_M', 'BLOCK_N', 'BLOCK_K', 'threads', 'num_stages'] already provided during auto-tuning. Skipping compilation and using direct JIT
2026-10-01 05:14:58,658 WARNING:Tunable parameters ['BLOCK_M', 'BLOCK_N', 'BLOCK_K', 'threads', 'num_stages'] already provided during auto-tuning. Skipping compilation and using direct JIT
  NKI skipped (not available)
Running case: {'eps': 1e-06, 'M': 4096, 'D': 256}, dtype=fp32
2026-10-01 05:14:58,875 WARNING:Tunable parameters ['BLOCK_M', 'BLOCK_N', 'BLOCK_K', 'threads', 'num_stages'] already provided during auto-tuning. Skipping compilation and using direct JIT
2026-10-01 05:14:58,944 WARNING:Tunable parameters ['BLOCK_M', 'BLOCK_N', 'BLOCK_K', 'threads', 'num_stages'] already provided during auto-tuning. Skipping compilation and using direct JIT
  NKI skipped (not available)
Running case: {'eps': 1e-06, 'M': 8192, 'D': 32}, dtype=fp32
2026-10-01 05:14:59,164 WARNING:Tunable parameters ['BLOCK_M', 'BLOCK_N', 'BLOCK_K', 'threads', 'num_stages'] already provided during auto-tuning. Skipping compilation and using direct JIT
2026-10-01 05:14:59,226 WARNING:Tunable parameters ['BLOCK_M', 'BLOCK_N', 'BLOCK_K', 'threads', 'num_stages'] already provided during auto-tuning. Skipping compilation and using direct JIT
  NKI skipped (not available)
Running case: {'eps': 1e-06, 'M': 8192, 'D': 64}, dtype=fp32
2026-10-01 05:14:59,456 WARNING:Tunable parameters ['BLOCK_M', 'BLOCK_N', 'BLOCK_K', 'threads', 'num_stages'] already provided during auto-tuning. Skipping compilation and using direct JIT
2026-10-01 05:14:59,517 WARNING:Tunable parameters ['BLOCK_M', 'BLOCK_N', 'BLOCK_K', 'threads', 'num_stages'] already provided during auto-tuning. Skipping compilation and using direct JIT
  NKI skipped (not available)
Running case: {'eps': 1e-06, 'M': 8192, 'D': 128}, dtype=fp32
2026-10-01 05:14:59,741 WARNING:Tunable parameters ['BLOCK_M', 'BLOCK_N', 'BLOCK_K', 'threads', 'num_stages'] already provided during auto-tuning. Skipping compilation and using direct JIT
2026-10-01 05:14:59,803 WARNING:Tunable parameters ['BLOCK_M', 'BLOCK_N', 'BLOCK_K', 'threads', 'num_stages'] already provided during auto-tuning. Skipping compilation and using direct JIT
  NKI skipped (not available)
Running case: {'eps': 1e-06, 'M': 8192, 'D': 256}, dtype=fp32
2026-10-01 05:15:00,024 WARNING:Tunable parameters ['BLOCK_M', 'BLOCK_N', 'BLOCK_K', 'threads', 'num_stages'] already provided during auto-tuning. Skipping compilation and using direct JIT
2026-10-01 05:15:00,086 WARNING:Tunable parameters ['BLOCK_M', 'BLOCK_N', 'BLOCK_K', 'threads', 'num_stages'] already provided during auto-tuning. Skipping compilation and using direct JIT
  NKI skipped (not available)
Running case: {'eps': 1e-06, 'M': 10000, 'D': 32}, dtype=fp32
2026-10-01 05:15:00,316 WARNING:Tunable parameters ['BLOCK_M', 'BLOCK_N', 'BLOCK_K', 'threads', 'num_stages'] already provided during auto-tuning. Skipping compilation and using direct JIT
2026-10-01 05:15:00,390 WARNING:Tunable parameters ['BLOCK_M', 'BLOCK_N', 'BLOCK_K', 'threads', 'num_stages'] already provided during auto-tuning. Skipping compilation and using direct JIT
  NKI skipped (not available)
Running case: {'eps': 1e-06, 'M': 10000, 'D': 64}, dtype=fp32
2026-10-01 05:15:00,623 WARNING:Tunable parameters ['BLOCK_M', 'BLOCK_N', 'BLOCK_K', 'threads', 'num_stages'] already provided during auto-tuning. Skipping compilation and using direct JIT
2026-10-01 05:15:00,693 WARNING:Tunable parameters ['BLOCK_M', 'BLOCK_N', 'BLOCK_K', 'threads', 'num_stages'] already provided during auto-tuning. Skipping compilation and using direct JIT
  NKI skipped (not available)
Running case: {'eps': 1e-06, 'M': 10000, 'D': 128}, dtype=fp32
2026-10-01 05:15:00,921 WARNING:Tunable parameters ['BLOCK_M', 'BLOCK_N', 'BLOCK_K', 'threads', 'num_stages'] already provided during auto-tuning. Skipping compilation and using direct JIT
2026-10-01 05:15:00,992 WARNING:Tunable parameters ['BLOCK_M', 'BLOCK_N', 'BLOCK_K', 'threads', 'num_stages'] already provided during auto-tuning. Skipping compilation and using direct JIT
  NKI skipped (not available)
Running case: {'eps': 1e-06, 'M': 10000, 'D': 256}, dtype=fp32
2026-10-01 05:15:01,224 WARNING:Tunable parameters ['BLOCK_M', 'BLOCK_N', 'BLOCK_K', 'threads', 'num_stages'] already provided during auto-tuning. Skipping compilation and using direct JIT
2026-10-01 05:15:01,353 WARNING:Tunable parameters ['BLOCK_M', 'BLOCK_N', 'BLOCK_K', 'threads', 'num_stages'] already provided during auto-tuning. Skipping compilation and using direct JIT
  NKI skipped (not available)
Timing results  → /projects/kzhou6/bcui2/research/tilebench/Tilebench-gh200/results/GH200/logs/time_measurement_logs/linear_self_attention_default_triton-cutile-tilelang.json
Autotune log    → /projects/kzhou6/bcui2/research/tilebench/Tilebench-gh200/results/GH200/logs/autotune_logs/linear_self_attention_default_triton-cutile-tilelang.json
TileLang autotuner log → /projects/kzhou6/bcui2/research/tilebench/Tilebench-gh200/results/GH200/logs/tilelang_autotuner/linear_self_attention_default_triton-cutile-tilelang.log
Provenance      → /projects/kzhou6/bcui2/research/tilebench/Tilebench-gh200/results/GH200/logs/provenance/linear_self_attention_default_triton-cutile-tilelang.json

Summary:
Params           |    Dtype |  Torch(ms) |   Triton(ms) |   cuTile(ms) | TileLang(ms) |  Speedup(T) |  Speedup(C) | Speedup(TL)
-------------------------------------------------------------------------------------------------------------------------------
D=32, M=1024     | fp32     |     0.0311 |       0.0316 |       0.1339 |       0.0720 |        0.98 |        0.23 |        0.43
D=64, M=1024     | fp32     |     0.0351 |       0.0334 |       0.1379 |       0.1128 |        1.05 |        0.25 |        0.31
D=128, M=1024    | fp32     |     0.0366 |       0.0352 |       0.1405 |       0.1294 |        1.04 |        0.26 |        0.28
D=256, M=1024    | fp32     |     0.0415 |       0.0392 |       0.1505 |       0.1442 |        1.06 |        0.28 |        0.29
D=32, M=2048     | fp32     |     0.0376 |       0.0509 |       0.2618 |       0.1476 |        0.74 |        0.14 |        0.25
D=64, M=2048     | fp32     |     0.0359 |       0.0526 |       0.2635 |       0.2234 |        0.68 |        0.14 |        0.16
D=128, M=2048    | fp32     |     0.0399 |       0.0558 |       0.2673 |       0.2380 |        0.71 |        0.15 |        0.17
D=256, M=2048    | fp32     |     0.0469 |       0.0628 |       0.2869 |       0.2579 |        0.75 |        0.16 |        0.18
D=32, M=4096     | fp32     |     0.0361 |       0.0864 |       0.4991 |       0.2863 |        0.42 |        0.07 |        0.13
D=64, M=4096     | fp32     |     0.0387 |       0.0904 |       0.5126 |       0.4303 |        0.43 |        0.08 |        0.09
D=128, M=4096    | fp32     |     0.0465 |       0.0975 |       0.5177 |       0.4632 |        0.48 |        0.09 |        0.10
D=256, M=4096    | fp32     |     0.0596 |       0.1116 |       0.5594 |       0.4979 |        0.53 |        0.11 |        0.12
D=32, M=8192     | fp32     |     0.0397 |       0.1591 |       0.9859 |       0.5629 |        0.25 |        0.04 |        0.07
D=64, M=8192     | fp32     |     0.0442 |       0.1680 |       1.0086 |       0.8503 |        0.26 |        0.04 |        0.05
D=128, M=8192    | fp32     |     0.0604 |       0.1810 |       1.0220 |       0.9058 |        0.33 |        0.06 |        0.07
D=256, M=8192    | fp32     |     0.0867 |       0.2835 |       1.1117 |       0.9865 |        0.31 |        0.08 |        0.09
D=32, M=10000    | fp32     |     0.0419 |       0.1950 |       1.1945 |       0.7013 |        0.22 |        0.04 |        0.06
D=64, M=10000    | fp32     |     0.0476 |       0.2087 |       1.2329 |       1.0465 |        0.23 |        0.04 |        0.05
D=128, M=10000   | fp32     |     0.0667 |       0.2230 |       1.2525 |       1.1329 |        0.30 |        0.05 |        0.06
D=256, M=10000   | fp32     |     0.1049 |       0.3786 |       1.3569 |       1.2648 |        0.28 |        0.08 |        0.08
Summary CSV     → /projects/kzhou6/bcui2/research/tilebench/Tilebench-gh200/results/GH200/csv/linear_self_attention_default.csv
