GPU/result namespace: GH200 (detected device: NVIDIA GH200 480GB, arch: hopper)
Starting benchmark for operator: matmul_fp32_fp16_fp8
Tile-language backends: torch (baseline) + cutile, tilelang, triton
  NKI not selected (--tile-language)
Running case: {'M': 4096, 'N': 4096, 'K': 1024}, dtype=fp32
2026-10-01 05:15:05,847 WARNING:Tunable parameters ['BLOCK_SIZE_M', 'BLOCK_SIZE_N', 'BLOCK_SIZE_K', 'GROUP_SIZE_M', 'threads', 'num_stages'] already provided during auto-tuning. Skipping compilation and using direct JIT
  NKI skipped (not available)
Running case: {'M': 4096, 'N': 4096, 'K': 1024}, dtype=fp16
2026-10-01 05:15:06,224 WARNING:Tunable parameters ['BLOCK_SIZE_M', 'BLOCK_SIZE_N', 'BLOCK_SIZE_K', 'GROUP_SIZE_M', 'threads', 'num_stages'] already provided during auto-tuning. Skipping compilation and using direct JIT
  NKI skipped (not available)
Running case: {'M': 4096, 'N': 4096, 'K': 1024}, dtype=fp8_e4m3fn
2026-10-01 05:15:06,530 WARNING:Tunable parameters ['BLOCK_SIZE_M', 'BLOCK_SIZE_N', 'BLOCK_SIZE_K', 'GROUP_SIZE_M', 'threads', 'num_stages'] already provided during auto-tuning. Skipping compilation and using direct JIT
  NKI skipped (not available)
Running case: {'M': 4096, 'N': 4096, 'K': 2048}, dtype=fp32
2026-10-01 05:15:06,787 WARNING:Tunable parameters ['BLOCK_SIZE_M', 'BLOCK_SIZE_N', 'BLOCK_SIZE_K', 'GROUP_SIZE_M', 'threads', 'num_stages'] already provided during auto-tuning. Skipping compilation and using direct JIT
  NKI skipped (not available)
Running case: {'M': 4096, 'N': 4096, 'K': 2048}, dtype=fp16
2026-10-01 05:15:07,013 WARNING:Tunable parameters ['BLOCK_SIZE_M', 'BLOCK_SIZE_N', 'BLOCK_SIZE_K', 'GROUP_SIZE_M', 'threads', 'num_stages'] already provided during auto-tuning. Skipping compilation and using direct JIT
  NKI skipped (not available)
Running case: {'M': 4096, 'N': 4096, 'K': 2048}, dtype=fp8_e4m3fn
2026-10-01 05:15:07,250 WARNING:Tunable parameters ['BLOCK_SIZE_M', 'BLOCK_SIZE_N', 'BLOCK_SIZE_K', 'GROUP_SIZE_M', 'threads', 'num_stages'] already provided during auto-tuning. Skipping compilation and using direct JIT
  NKI skipped (not available)
Running case: {'M': 4096, 'N': 4096, 'K': 3072}, dtype=fp32
2026-10-01 05:15:07,469 WARNING:Tunable parameters ['BLOCK_SIZE_M', 'BLOCK_SIZE_N', 'BLOCK_SIZE_K', 'GROUP_SIZE_M', 'threads', 'num_stages'] already provided during auto-tuning. Skipping compilation and using direct JIT
  NKI skipped (not available)
Running case: {'M': 4096, 'N': 4096, 'K': 3072}, dtype=fp16
2026-10-01 05:15:07,716 WARNING:Tunable parameters ['BLOCK_SIZE_M', 'BLOCK_SIZE_N', 'BLOCK_SIZE_K', 'GROUP_SIZE_M', 'threads', 'num_stages'] already provided during auto-tuning. Skipping compilation and using direct JIT
  NKI skipped (not available)
Running case: {'M': 4096, 'N': 4096, 'K': 3072}, dtype=fp8_e4m3fn
2026-10-01 05:15:07,958 WARNING:Tunable parameters ['BLOCK_SIZE_M', 'BLOCK_SIZE_N', 'BLOCK_SIZE_K', 'GROUP_SIZE_M', 'threads', 'num_stages'] already provided during auto-tuning. Skipping compilation and using direct JIT
  NKI skipped (not available)
Running case: {'M': 4096, 'N': 4096, 'K': 4096}, dtype=fp32
2026-10-01 05:15:08,192 WARNING:Tunable parameters ['BLOCK_SIZE_M', 'BLOCK_SIZE_N', 'BLOCK_SIZE_K', 'GROUP_SIZE_M', 'threads', 'num_stages'] already provided during auto-tuning. Skipping compilation and using direct JIT
  NKI skipped (not available)
Running case: {'M': 4096, 'N': 4096, 'K': 4096}, dtype=fp16
2026-10-01 05:15:08,433 WARNING:Tunable parameters ['BLOCK_SIZE_M', 'BLOCK_SIZE_N', 'BLOCK_SIZE_K', 'GROUP_SIZE_M', 'threads', 'num_stages'] already provided during auto-tuning. Skipping compilation and using direct JIT
  NKI skipped (not available)
Running case: {'M': 4096, 'N': 4096, 'K': 4096}, dtype=fp8_e4m3fn
2026-10-01 05:15:08,804 WARNING:Tunable parameters ['BLOCK_SIZE_M', 'BLOCK_SIZE_N', 'BLOCK_SIZE_K', 'GROUP_SIZE_M', 'threads', 'num_stages'] already provided during auto-tuning. Skipping compilation and using direct JIT
  NKI skipped (not available)
Running case: {'M': 4096, 'N': 4096, 'K': 5120}, dtype=fp32
2026-10-01 05:15:09,056 WARNING:Tunable parameters ['BLOCK_SIZE_M', 'BLOCK_SIZE_N', 'BLOCK_SIZE_K', 'GROUP_SIZE_M', 'threads', 'num_stages'] already provided during auto-tuning. Skipping compilation and using direct JIT
  NKI skipped (not available)
Running case: {'M': 4096, 'N': 4096, 'K': 5120}, dtype=fp16
2026-10-01 05:15:09,366 WARNING:Tunable parameters ['BLOCK_SIZE_M', 'BLOCK_SIZE_N', 'BLOCK_SIZE_K', 'GROUP_SIZE_M', 'threads', 'num_stages'] already provided during auto-tuning. Skipping compilation and using direct JIT
  NKI skipped (not available)
Running case: {'M': 4096, 'N': 4096, 'K': 5120}, dtype=fp8_e4m3fn
2026-10-01 05:15:09,690 WARNING:Tunable parameters ['BLOCK_SIZE_M', 'BLOCK_SIZE_N', 'BLOCK_SIZE_K', 'GROUP_SIZE_M', 'threads', 'num_stages'] already provided during auto-tuning. Skipping compilation and using direct JIT
  NKI skipped (not available)
Running case: {'M': 4096, 'N': 4096, 'K': 6144}, dtype=fp32
2026-10-01 05:15:09,967 WARNING:Tunable parameters ['BLOCK_SIZE_M', 'BLOCK_SIZE_N', 'BLOCK_SIZE_K', 'GROUP_SIZE_M', 'threads', 'num_stages'] already provided during auto-tuning. Skipping compilation and using direct JIT
  NKI skipped (not available)
Running case: {'M': 4096, 'N': 4096, 'K': 6144}, dtype=fp16
2026-10-01 05:15:10,234 WARNING:Tunable parameters ['BLOCK_SIZE_M', 'BLOCK_SIZE_N', 'BLOCK_SIZE_K', 'GROUP_SIZE_M', 'threads', 'num_stages'] already provided during auto-tuning. Skipping compilation and using direct JIT
  NKI skipped (not available)
Running case: {'M': 4096, 'N': 4096, 'K': 6144}, dtype=fp8_e4m3fn
2026-10-01 05:15:10,579 WARNING:Tunable parameters ['BLOCK_SIZE_M', 'BLOCK_SIZE_N', 'BLOCK_SIZE_K', 'GROUP_SIZE_M', 'threads', 'num_stages'] already provided during auto-tuning. Skipping compilation and using direct JIT
  NKI skipped (not available)
Running case: {'M': 4096, 'N': 4096, 'K': 7168}, dtype=fp32
2026-10-01 05:15:10,898 WARNING:Tunable parameters ['BLOCK_SIZE_M', 'BLOCK_SIZE_N', 'BLOCK_SIZE_K', 'GROUP_SIZE_M', 'threads', 'num_stages'] already provided during auto-tuning. Skipping compilation and using direct JIT
  NKI skipped (not available)
Running case: {'M': 4096, 'N': 4096, 'K': 7168}, dtype=fp16
2026-10-01 05:15:11,168 WARNING:Tunable parameters ['BLOCK_SIZE_M', 'BLOCK_SIZE_N', 'BLOCK_SIZE_K', 'GROUP_SIZE_M', 'threads', 'num_stages'] already provided during auto-tuning. Skipping compilation and using direct JIT
  NKI skipped (not available)
Running case: {'M': 4096, 'N': 4096, 'K': 7168}, dtype=fp8_e4m3fn
2026-10-01 05:15:11,499 WARNING:Tunable parameters ['BLOCK_SIZE_M', 'BLOCK_SIZE_N', 'BLOCK_SIZE_K', 'GROUP_SIZE_M', 'threads', 'num_stages'] already provided during auto-tuning. Skipping compilation and using direct JIT
  NKI skipped (not available)
Running case: {'M': 4096, 'N': 4096, 'K': 8192}, dtype=fp32
2026-10-01 05:15:11,789 WARNING:Tunable parameters ['BLOCK_SIZE_M', 'BLOCK_SIZE_N', 'BLOCK_SIZE_K', 'GROUP_SIZE_M', 'threads', 'num_stages'] already provided during auto-tuning. Skipping compilation and using direct JIT
  NKI skipped (not available)
Running case: {'M': 4096, 'N': 4096, 'K': 8192}, dtype=fp16
2026-10-01 05:15:12,069 WARNING:Tunable parameters ['BLOCK_SIZE_M', 'BLOCK_SIZE_N', 'BLOCK_SIZE_K', 'GROUP_SIZE_M', 'threads', 'num_stages'] already provided during auto-tuning. Skipping compilation and using direct JIT
  NKI skipped (not available)
Running case: {'M': 4096, 'N': 4096, 'K': 8192}, dtype=fp8_e4m3fn
2026-10-01 05:15:12,443 WARNING:Tunable parameters ['BLOCK_SIZE_M', 'BLOCK_SIZE_N', 'BLOCK_SIZE_K', 'GROUP_SIZE_M', 'threads', 'num_stages'] already provided during auto-tuning. Skipping compilation and using direct JIT
  NKI skipped (not available)
Running case: {'M': 4096, 'N': 4096, 'K': 9216}, dtype=fp32
2026-10-01 05:15:12,742 WARNING:Tunable parameters ['BLOCK_SIZE_M', 'BLOCK_SIZE_N', 'BLOCK_SIZE_K', 'GROUP_SIZE_M', 'threads', 'num_stages'] already provided during auto-tuning. Skipping compilation and using direct JIT
  NKI skipped (not available)
Running case: {'M': 4096, 'N': 4096, 'K': 9216}, dtype=fp16
2026-10-01 05:15:13,030 WARNING:Tunable parameters ['BLOCK_SIZE_M', 'BLOCK_SIZE_N', 'BLOCK_SIZE_K', 'GROUP_SIZE_M', 'threads', 'num_stages'] already provided during auto-tuning. Skipping compilation and using direct JIT
  NKI skipped (not available)
Running case: {'M': 4096, 'N': 4096, 'K': 9216}, dtype=fp8_e4m3fn
2026-10-01 05:15:13,421 WARNING:Tunable parameters ['BLOCK_SIZE_M', 'BLOCK_SIZE_N', 'BLOCK_SIZE_K', 'GROUP_SIZE_M', 'threads', 'num_stages'] already provided during auto-tuning. Skipping compilation and using direct JIT
  NKI skipped (not available)
Running case: {'M': 4096, 'N': 4096, 'K': 10240}, dtype=fp32
2026-10-01 05:15:13,756 WARNING:Tunable parameters ['BLOCK_SIZE_M', 'BLOCK_SIZE_N', 'BLOCK_SIZE_K', 'GROUP_SIZE_M', 'threads', 'num_stages'] already provided during auto-tuning. Skipping compilation and using direct JIT
  NKI skipped (not available)
Running case: {'M': 4096, 'N': 4096, 'K': 10240}, dtype=fp16
2026-10-01 05:15:14,056 WARNING:Tunable parameters ['BLOCK_SIZE_M', 'BLOCK_SIZE_N', 'BLOCK_SIZE_K', 'GROUP_SIZE_M', 'threads', 'num_stages'] already provided during auto-tuning. Skipping compilation and using direct JIT
  NKI skipped (not available)
Running case: {'M': 4096, 'N': 4096, 'K': 10240}, dtype=fp8_e4m3fn
2026-10-01 05:15:14,498 WARNING:Tunable parameters ['BLOCK_SIZE_M', 'BLOCK_SIZE_N', 'BLOCK_SIZE_K', 'GROUP_SIZE_M', 'threads', 'num_stages'] already provided during auto-tuning. Skipping compilation and using direct JIT
  NKI skipped (not available)
Running case: {'M': 4096, 'N': 4096, 'K': 11264}, dtype=fp32
2026-10-01 05:15:14,858 WARNING:Tunable parameters ['BLOCK_SIZE_M', 'BLOCK_SIZE_N', 'BLOCK_SIZE_K', 'GROUP_SIZE_M', 'threads', 'num_stages'] already provided during auto-tuning. Skipping compilation and using direct JIT
  NKI skipped (not available)
Running case: {'M': 4096, 'N': 4096, 'K': 11264}, dtype=fp16
2026-10-01 05:15:15,192 WARNING:Tunable parameters ['BLOCK_SIZE_M', 'BLOCK_SIZE_N', 'BLOCK_SIZE_K', 'GROUP_SIZE_M', 'threads', 'num_stages'] already provided during auto-tuning. Skipping compilation and using direct JIT
  NKI skipped (not available)
Running case: {'M': 4096, 'N': 4096, 'K': 11264}, dtype=fp8_e4m3fn
2026-10-01 05:15:15,606 WARNING:Tunable parameters ['BLOCK_SIZE_M', 'BLOCK_SIZE_N', 'BLOCK_SIZE_K', 'GROUP_SIZE_M', 'threads', 'num_stages'] already provided during auto-tuning. Skipping compilation and using direct JIT
  NKI skipped (not available)
Running case: {'M': 4096, 'N': 4096, 'K': 12288}, dtype=fp32
2026-10-01 05:15:15,945 WARNING:Tunable parameters ['BLOCK_SIZE_M', 'BLOCK_SIZE_N', 'BLOCK_SIZE_K', 'GROUP_SIZE_M', 'threads', 'num_stages'] already provided during auto-tuning. Skipping compilation and using direct JIT
  NKI skipped (not available)
Running case: {'M': 4096, 'N': 4096, 'K': 12288}, dtype=fp16
2026-10-01 05:15:16,299 WARNING:Tunable parameters ['BLOCK_SIZE_M', 'BLOCK_SIZE_N', 'BLOCK_SIZE_K', 'GROUP_SIZE_M', 'threads', 'num_stages'] already provided during auto-tuning. Skipping compilation and using direct JIT
  NKI skipped (not available)
Running case: {'M': 4096, 'N': 4096, 'K': 12288}, dtype=fp8_e4m3fn
2026-10-01 05:15:16,745 WARNING:Tunable parameters ['BLOCK_SIZE_M', 'BLOCK_SIZE_N', 'BLOCK_SIZE_K', 'GROUP_SIZE_M', 'threads', 'num_stages'] already provided during auto-tuning. Skipping compilation and using direct JIT
  NKI skipped (not available)
Running case: {'M': 4096, 'N': 4096, 'K': 13312}, dtype=fp32
2026-10-01 05:15:17,079 WARNING:Tunable parameters ['BLOCK_SIZE_M', 'BLOCK_SIZE_N', 'BLOCK_SIZE_K', 'GROUP_SIZE_M', 'threads', 'num_stages'] already provided during auto-tuning. Skipping compilation and using direct JIT
  NKI skipped (not available)
Running case: {'M': 4096, 'N': 4096, 'K': 13312}, dtype=fp16
2026-10-01 05:15:17,439 WARNING:Tunable parameters ['BLOCK_SIZE_M', 'BLOCK_SIZE_N', 'BLOCK_SIZE_K', 'GROUP_SIZE_M', 'threads', 'num_stages'] already provided during auto-tuning. Skipping compilation and using direct JIT
  NKI skipped (not available)
Running case: {'M': 4096, 'N': 4096, 'K': 13312}, dtype=fp8_e4m3fn
2026-10-01 05:15:17,915 WARNING:Tunable parameters ['BLOCK_SIZE_M', 'BLOCK_SIZE_N', 'BLOCK_SIZE_K', 'GROUP_SIZE_M', 'threads', 'num_stages'] already provided during auto-tuning. Skipping compilation and using direct JIT
  NKI skipped (not available)
Running case: {'M': 4096, 'N': 4096, 'K': 14336}, dtype=fp32
2026-10-01 05:15:18,288 WARNING:Tunable parameters ['BLOCK_SIZE_M', 'BLOCK_SIZE_N', 'BLOCK_SIZE_K', 'GROUP_SIZE_M', 'threads', 'num_stages'] already provided during auto-tuning. Skipping compilation and using direct JIT
  NKI skipped (not available)
Running case: {'M': 4096, 'N': 4096, 'K': 14336}, dtype=fp16
2026-10-01 05:15:18,630 WARNING:Tunable parameters ['BLOCK_SIZE_M', 'BLOCK_SIZE_N', 'BLOCK_SIZE_K', 'GROUP_SIZE_M', 'threads', 'num_stages'] already provided during auto-tuning. Skipping compilation and using direct JIT
  NKI skipped (not available)
Running case: {'M': 4096, 'N': 4096, 'K': 14336}, dtype=fp8_e4m3fn
2026-10-01 05:15:19,108 WARNING:Tunable parameters ['BLOCK_SIZE_M', 'BLOCK_SIZE_N', 'BLOCK_SIZE_K', 'GROUP_SIZE_M', 'threads', 'num_stages'] already provided during auto-tuning. Skipping compilation and using direct JIT
  NKI skipped (not available)
Running case: {'M': 4096, 'N': 4096, 'K': 15360}, dtype=fp32
2026-10-01 05:15:19,511 WARNING:Tunable parameters ['BLOCK_SIZE_M', 'BLOCK_SIZE_N', 'BLOCK_SIZE_K', 'GROUP_SIZE_M', 'threads', 'num_stages'] already provided during auto-tuning. Skipping compilation and using direct JIT
  NKI skipped (not available)
Running case: {'M': 4096, 'N': 4096, 'K': 15360}, dtype=fp16
2026-10-01 05:15:19,873 WARNING:Tunable parameters ['BLOCK_SIZE_M', 'BLOCK_SIZE_N', 'BLOCK_SIZE_K', 'GROUP_SIZE_M', 'threads', 'num_stages'] already provided during auto-tuning. Skipping compilation and using direct JIT
  NKI skipped (not available)
Running case: {'M': 4096, 'N': 4096, 'K': 15360}, dtype=fp8_e4m3fn
2026-10-01 05:15:20,364 WARNING:Tunable parameters ['BLOCK_SIZE_M', 'BLOCK_SIZE_N', 'BLOCK_SIZE_K', 'GROUP_SIZE_M', 'threads', 'num_stages'] already provided during auto-tuning. Skipping compilation and using direct JIT
  NKI skipped (not available)
Running case: {'M': 4096, 'N': 4096, 'K': 16384}, dtype=fp32
2026-10-01 05:15:20,746 WARNING:Tunable parameters ['BLOCK_SIZE_M', 'BLOCK_SIZE_N', 'BLOCK_SIZE_K', 'GROUP_SIZE_M', 'threads', 'num_stages'] already provided during auto-tuning. Skipping compilation and using direct JIT
  NKI skipped (not available)
Running case: {'M': 4096, 'N': 4096, 'K': 16384}, dtype=fp16
2026-10-01 05:15:21,088 WARNING:Tunable parameters ['BLOCK_SIZE_M', 'BLOCK_SIZE_N', 'BLOCK_SIZE_K', 'GROUP_SIZE_M', 'threads', 'num_stages'] already provided during auto-tuning. Skipping compilation and using direct JIT
  NKI skipped (not available)
Running case: {'M': 4096, 'N': 4096, 'K': 16384}, dtype=fp8_e4m3fn
2026-10-01 05:15:21,600 WARNING:Tunable parameters ['BLOCK_SIZE_M', 'BLOCK_SIZE_N', 'BLOCK_SIZE_K', 'GROUP_SIZE_M', 'threads', 'num_stages'] already provided during auto-tuning. Skipping compilation and using direct JIT
  NKI skipped (not available)
Running case: {'M': 4096, 'N': 4096, 'K': 17408}, dtype=fp32
2026-10-01 05:15:21,950 WARNING:Tunable parameters ['BLOCK_SIZE_M', 'BLOCK_SIZE_N', 'BLOCK_SIZE_K', 'GROUP_SIZE_M', 'threads', 'num_stages'] already provided during auto-tuning. Skipping compilation and using direct JIT
  NKI skipped (not available)
Running case: {'M': 4096, 'N': 4096, 'K': 17408}, dtype=fp16
2026-10-01 05:15:22,411 WARNING:Tunable parameters ['BLOCK_SIZE_M', 'BLOCK_SIZE_N', 'BLOCK_SIZE_K', 'GROUP_SIZE_M', 'threads', 'num_stages'] already provided during auto-tuning. Skipping compilation and using direct JIT
  NKI skipped (not available)
Running case: {'M': 4096, 'N': 4096, 'K': 17408}, dtype=fp8_e4m3fn
2026-10-01 05:15:22,951 WARNING:Tunable parameters ['BLOCK_SIZE_M', 'BLOCK_SIZE_N', 'BLOCK_SIZE_K', 'GROUP_SIZE_M', 'threads', 'num_stages'] already provided during auto-tuning. Skipping compilation and using direct JIT
  NKI skipped (not available)
Running case: {'M': 4096, 'N': 4096, 'K': 18432}, dtype=fp32
2026-10-01 05:15:23,433 WARNING:Tunable parameters ['BLOCK_SIZE_M', 'BLOCK_SIZE_N', 'BLOCK_SIZE_K', 'GROUP_SIZE_M', 'threads', 'num_stages'] already provided during auto-tuning. Skipping compilation and using direct JIT
  NKI skipped (not available)
Running case: {'M': 4096, 'N': 4096, 'K': 18432}, dtype=fp16
2026-10-01 05:15:23,885 WARNING:Tunable parameters ['BLOCK_SIZE_M', 'BLOCK_SIZE_N', 'BLOCK_SIZE_K', 'GROUP_SIZE_M', 'threads', 'num_stages'] already provided during auto-tuning. Skipping compilation and using direct JIT
  NKI skipped (not available)
Running case: {'M': 4096, 'N': 4096, 'K': 18432}, dtype=fp8_e4m3fn
2026-10-01 05:15:24,407 WARNING:Tunable parameters ['BLOCK_SIZE_M', 'BLOCK_SIZE_N', 'BLOCK_SIZE_K', 'GROUP_SIZE_M', 'threads', 'num_stages'] already provided during auto-tuning. Skipping compilation and using direct JIT
  NKI skipped (not available)
Running case: {'M': 4096, 'N': 4096, 'K': 19456}, dtype=fp32
2026-10-01 05:15:24,853 WARNING:Tunable parameters ['BLOCK_SIZE_M', 'BLOCK_SIZE_N', 'BLOCK_SIZE_K', 'GROUP_SIZE_M', 'threads', 'num_stages'] already provided during auto-tuning. Skipping compilation and using direct JIT
  NKI skipped (not available)
Running case: {'M': 4096, 'N': 4096, 'K': 19456}, dtype=fp16
2026-10-01 05:15:25,407 WARNING:Tunable parameters ['BLOCK_SIZE_M', 'BLOCK_SIZE_N', 'BLOCK_SIZE_K', 'GROUP_SIZE_M', 'threads', 'num_stages'] already provided during auto-tuning. Skipping compilation and using direct JIT
  NKI skipped (not available)
Running case: {'M': 4096, 'N': 4096, 'K': 19456}, dtype=fp8_e4m3fn
2026-10-01 05:15:26,059 WARNING:Tunable parameters ['BLOCK_SIZE_M', 'BLOCK_SIZE_N', 'BLOCK_SIZE_K', 'GROUP_SIZE_M', 'threads', 'num_stages'] already provided during auto-tuning. Skipping compilation and using direct JIT
  NKI skipped (not available)
Running case: {'M': 4096, 'N': 4096, 'K': 20480}, dtype=fp32
2026-10-01 05:15:26,514 WARNING:Tunable parameters ['BLOCK_SIZE_M', 'BLOCK_SIZE_N', 'BLOCK_SIZE_K', 'GROUP_SIZE_M', 'threads', 'num_stages'] already provided during auto-tuning. Skipping compilation and using direct JIT
  NKI skipped (not available)
Running case: {'M': 4096, 'N': 4096, 'K': 20480}, dtype=fp16
2026-10-01 05:15:26,890 WARNING:Tunable parameters ['BLOCK_SIZE_M', 'BLOCK_SIZE_N', 'BLOCK_SIZE_K', 'GROUP_SIZE_M', 'threads', 'num_stages'] already provided during auto-tuning. Skipping compilation and using direct JIT
  NKI skipped (not available)
Running case: {'M': 4096, 'N': 4096, 'K': 20480}, dtype=fp8_e4m3fn
2026-10-01 05:15:27,453 WARNING:Tunable parameters ['BLOCK_SIZE_M', 'BLOCK_SIZE_N', 'BLOCK_SIZE_K', 'GROUP_SIZE_M', 'threads', 'num_stages'] already provided during auto-tuning. Skipping compilation and using direct JIT
  NKI skipped (not available)
Timing results  → /projects/kzhou6/bcui2/research/tilebench/Tilebench-gh200/results/GH200/logs/time_measurement_logs/matmul_fp32_fp16_fp8_default_triton-cutile-tilelang.json
Autotune log    → /projects/kzhou6/bcui2/research/tilebench/Tilebench-gh200/results/GH200/logs/autotune_logs/matmul_fp32_fp16_fp8_default_triton-cutile-tilelang.json
TileLang autotuner log → /projects/kzhou6/bcui2/research/tilebench/Tilebench-gh200/results/GH200/logs/tilelang_autotuner/matmul_fp32_fp16_fp8_default_triton-cutile-tilelang.log
Provenance      → /projects/kzhou6/bcui2/research/tilebench/Tilebench-gh200/results/GH200/logs/provenance/matmul_fp32_fp16_fp8_default_triton-cutile-tilelang.json

Summary:
Params    |    Dtype |  Torch(ms) |   Triton(ms) |   cuTile(ms) | TileLang(ms) |  Speedup(T) |  Speedup(C) | Speedup(TL)
------------------------------------------------------------------------------------------------------------------------
K=1024    | fp32     |     0.1087 |       0.1479 |       0.1598 |       0.1868 |        0.73 |        0.68 |        0.58
K=1024    | fp16     |     0.0485 |       0.5849 |       0.0610 |       0.5502 |        0.08 |        0.80 |        0.09
K=1024    | fp8_e4m3fn |     0.0514 |       0.2921 |       1.1705 |       0.7942 |        0.18 |        0.04 |        0.06
K=2048    | fp32     |     0.2002 |       0.2746 |       0.2922 |       0.3498 |        0.73 |        0.69 |        0.57
K=2048    | fp16     |     0.0910 |       1.0903 |       0.1074 |       1.0530 |        0.08 |        0.85 |        0.09
K=2048    | fp8_e4m3fn |     0.0719 |       0.5547 |       2.3408 |       1.5944 |        0.13 |        0.03 |        0.05
K=3072    | fp32     |     0.2931 |       0.3953 |       0.4191 |       0.5107 |        0.74 |        0.70 |        0.57
K=3072    | fp16     |     0.1329 |       1.6535 |       0.1506 |       1.5944 |        0.08 |        0.88 |        0.08
K=3072    | fp8_e4m3fn |     0.0945 |       0.8197 |       3.5114 |       2.3874 |        0.12 |        0.03 |        0.04
K=4096    | fp32     |     0.3426 |       0.5112 |       0.5449 |       0.6699 |        0.67 |        0.63 |        0.51
K=4096    | fp16     |     0.1750 |       2.2302 |       0.1923 |       2.1381 |        0.08 |        0.91 |        0.08
K=4096    | fp8_e4m3fn |     0.1147 |       1.0839 |       4.6919 |       3.1131 |        0.11 |        0.02 |        0.04
K=5120    | fp32     |     0.4200 |       0.6261 |       0.6695 |       0.8311 |        0.67 |        0.63 |        0.51
K=5120    | fp16     |     0.2172 |       2.7879 |       0.2347 |       2.6704 |        0.08 |        0.93 |        0.08
K=5120    | fp8_e4m3fn |     0.1352 |       1.3441 |       5.8762 |       3.9446 |        0.10 |        0.02 |        0.03
K=6144    | fp32     |     0.4973 |       0.7349 |       0.7979 |       0.9916 |        0.68 |        0.62 |        0.50
K=6144    | fp16     |     0.2575 |       3.3621 |       0.2757 |       3.2254 |        0.08 |        0.93 |        0.08
K=6144    | fp8_e4m3fn |     0.1574 |       1.6293 |       7.0501 |       4.7171 |        0.10 |        0.02 |        0.03
K=7168    | fp32     |     0.5740 |       0.8519 |       0.9240 |       1.1444 |        0.67 |        0.62 |        0.50
K=7168    | fp16     |     0.2968 |       3.9044 |       0.3181 |       3.7735 |        0.08 |        0.93 |        0.08
K=7168    | fp8_e4m3fn |     0.1846 |       1.9233 |       8.2780 |       5.6164 |        0.10 |        0.02 |        0.03
K=8192    | fp32     |     0.6553 |       0.9596 |       1.0520 |       1.3046 |        0.68 |        0.62 |        0.50
K=8192    | fp16     |     0.3368 |       4.4815 |       0.3580 |       4.3209 |        0.08 |        0.94 |        0.08
K=8192    | fp8_e4m3fn |     0.2026 |       2.1701 |       9.4419 |       6.3314 |        0.09 |        0.02 |        0.03
K=9216    | fp32     |     0.7284 |       1.0761 |       1.1848 |       1.4635 |        0.68 |        0.61 |        0.50
K=9216    | fp16     |     0.3746 |       5.0639 |       0.4043 |       4.8806 |        0.07 |        0.93 |        0.08
K=9216    | fp8_e4m3fn |     0.2263 |       2.4927 |      10.6582 |       7.1473 |        0.09 |        0.02 |        0.03
K=10240   | fp32     |     0.8051 |       1.1911 |       1.3046 |       1.6246 |        0.68 |        0.62 |        0.50
K=10240   | fp16     |     0.4133 |       5.5999 |       0.4403 |       5.3947 |        0.07 |        0.94 |        0.08
K=10240   | fp8_e4m3fn |     0.2436 |       2.7730 |      11.8532 |       7.8752 |        0.09 |        0.02 |        0.03
K=11264   | fp32     |     0.8804 |       1.3118 |       1.4325 |       1.7742 |        0.67 |        0.61 |        0.50
K=11264   | fp16     |     0.4534 |       6.2932 |       0.4808 |       5.9934 |        0.07 |        0.94 |        0.08
K=11264   | fp8_e4m3fn |     0.2660 |       3.1144 |      13.0406 |       8.6287 |        0.09 |        0.02 |        0.03
K=12288   | fp32     |     0.9638 |       1.4161 |       1.5639 |       1.9414 |        0.68 |        0.62 |        0.50
K=12288   | fp16     |     0.4922 |       6.8090 |       0.5220 |       6.5484 |        0.07 |        0.94 |        0.08
K=12288   | fp8_e4m3fn |     0.2818 |       3.3519 |      14.2355 |       9.5559 |        0.08 |        0.02 |        0.03
K=13312   | fp32     |     1.0366 |       1.5256 |       1.6908 |       2.1048 |        0.68 |        0.61 |        0.49
K=13312   | fp16     |     0.5330 |       7.3782 |       0.5601 |       7.1294 |        0.07 |        0.95 |        0.07
K=13312   | fp8_e4m3fn |     0.3315 |       3.6294 |      15.4830 |      10.3523 |        0.09 |        0.02 |        0.03
K=14336   | fp32     |     1.1109 |       1.6333 |       1.8210 |       2.2764 |        0.68 |        0.61 |        0.49
K=14336   | fp16     |     0.5760 |       8.0001 |       0.6016 |       7.7002 |        0.07 |        0.96 |        0.07
K=14336   | fp8_e4m3fn |     0.3331 |       3.9454 |      16.6440 |      11.0486 |        0.08 |        0.02 |        0.03
K=15360   | fp32     |     1.1886 |       1.7593 |       1.9377 |       2.4223 |        0.68 |        0.61 |        0.49
K=15360   | fp16     |     0.6126 |       8.5584 |       0.6448 |       8.2176 |        0.07 |        0.95 |        0.07
K=15360   | fp8_e4m3fn |     0.3614 |       4.2133 |      17.8759 |      11.9065 |        0.09 |        0.02 |        0.03
K=16384   | fp32     |     1.2630 |       1.8686 |       2.0625 |       2.5809 |        0.68 |        0.61 |        0.49
K=16384   | fp16     |     0.6512 |       9.1709 |       0.6830 |       8.8078 |        0.07 |        0.95 |        0.07
K=16384   | fp8_e4m3fn |     0.3709 |       4.4871 |      19.0823 |      12.7544 |        0.08 |        0.02 |        0.03
K=17408   | fp32     |     1.3424 |       1.9733 |       2.1871 |       2.7326 |        0.68 |        0.61 |        0.49
K=17408   | fp16     |     0.6900 |       9.8098 |       0.7233 |       9.3320 |        0.07 |        0.95 |        0.07
K=17408   | fp8_e4m3fn |     0.4102 |       4.7704 |      20.3217 |      13.5442 |        0.09 |        0.02 |        0.03
K=18432   | fp32     |     1.4125 |       2.1048 |       2.3163 |       2.9054 |        0.67 |        0.61 |        0.49
K=18432   | fp16     |     0.7300 |      10.3335 |       0.7658 |       9.9309 |        0.07 |        0.95 |        0.07
K=18432   | fp8_e4m3fn |     0.4342 |       5.0636 |      21.5074 |      14.3636 |        0.09 |        0.02 |        0.03
K=19456   | fp32     |     1.4884 |       2.2112 |       2.4438 |       3.0530 |        0.67 |        0.61 |        0.49
K=19456   | fp16     |     0.7682 |      10.9439 |       0.8376 |      10.5185 |        0.07 |        0.92 |        0.07
K=19456   | fp8_e4m3fn |     0.4685 |       5.3884 |      22.7316 |      15.1465 |        0.09 |        0.02 |        0.03
K=20480   | fp32     |     1.5628 |       2.3420 |       2.5645 |       3.2115 |        0.67 |        0.61 |        0.49
K=20480   | fp16     |     0.8071 |      11.5177 |       0.8634 |      11.0324 |        0.07 |        0.93 |        0.07
K=20480   | fp8_e4m3fn |     0.4639 |       5.6580 |      23.8964 |      15.9045 |        0.08 |        0.02 |        0.03
Summary CSV     → /projects/kzhou6/bcui2/research/tilebench/Tilebench-gh200/results/GH200/csv/matmul_fp32_fp16_fp8_default.csv
