GPU/result namespace: GH200 (detected device: NVIDIA GH200 480GB, arch: hopper)
Starting benchmark for operator: matmul_int8
Tile-language backends: torch (baseline) + cutile, tilelang, triton
  NKI not selected (--tile-language)
Running case: {'M': 2048, 'N': 2048, 'K': 1024}, dtype=int8
2026-10-01 05:15:32,655 WARNING:Tunable parameters ['BLOCK_SIZE_M', 'BLOCK_SIZE_N', 'BLOCK_SIZE_K', 'GROUP_SIZE_M', 'threads', 'num_stages'] already provided during auto-tuning. Skipping compilation and using direct JIT
  NKI skipped (not available)
Running case: {'M': 2048, 'N': 2048, 'K': 2048}, dtype=int8
2026-10-01 05:15:32,941 WARNING:Tunable parameters ['BLOCK_SIZE_M', 'BLOCK_SIZE_N', 'BLOCK_SIZE_K', 'GROUP_SIZE_M', 'threads', 'num_stages'] already provided during auto-tuning. Skipping compilation and using direct JIT
  NKI skipped (not available)
Running case: {'M': 2048, 'N': 2048, 'K': 3072}, dtype=int8
2026-10-01 05:15:33,207 WARNING:Tunable parameters ['BLOCK_SIZE_M', 'BLOCK_SIZE_N', 'BLOCK_SIZE_K', 'GROUP_SIZE_M', 'threads', 'num_stages'] already provided during auto-tuning. Skipping compilation and using direct JIT
  NKI skipped (not available)
Running case: {'M': 2048, 'N': 2048, 'K': 4096}, dtype=int8
2026-10-01 05:15:33,494 WARNING:Tunable parameters ['BLOCK_SIZE_M', 'BLOCK_SIZE_N', 'BLOCK_SIZE_K', 'GROUP_SIZE_M', 'threads', 'num_stages'] already provided during auto-tuning. Skipping compilation and using direct JIT
  NKI skipped (not available)
Running case: {'M': 2048, 'N': 2048, 'K': 5120}, dtype=int8
2026-10-01 05:15:33,764 WARNING:Tunable parameters ['BLOCK_SIZE_M', 'BLOCK_SIZE_N', 'BLOCK_SIZE_K', 'GROUP_SIZE_M', 'threads', 'num_stages'] already provided during auto-tuning. Skipping compilation and using direct JIT
  NKI skipped (not available)
Running case: {'M': 2048, 'N': 2048, 'K': 6144}, dtype=int8
2026-10-01 05:15:34,027 WARNING:Tunable parameters ['BLOCK_SIZE_M', 'BLOCK_SIZE_N', 'BLOCK_SIZE_K', 'GROUP_SIZE_M', 'threads', 'num_stages'] already provided during auto-tuning. Skipping compilation and using direct JIT
  NKI skipped (not available)
Running case: {'M': 2048, 'N': 2048, 'K': 7168}, dtype=int8
2026-10-01 05:15:34,298 WARNING:Tunable parameters ['BLOCK_SIZE_M', 'BLOCK_SIZE_N', 'BLOCK_SIZE_K', 'GROUP_SIZE_M', 'threads', 'num_stages'] already provided during auto-tuning. Skipping compilation and using direct JIT
  NKI skipped (not available)
Running case: {'M': 2048, 'N': 2048, 'K': 8192}, dtype=int8
2026-10-01 05:15:34,590 WARNING:Tunable parameters ['BLOCK_SIZE_M', 'BLOCK_SIZE_N', 'BLOCK_SIZE_K', 'GROUP_SIZE_M', 'threads', 'num_stages'] already provided during auto-tuning. Skipping compilation and using direct JIT
  NKI skipped (not available)
Running case: {'M': 2048, 'N': 2048, 'K': 9216}, dtype=int8
2026-10-01 05:15:34,869 WARNING:Tunable parameters ['BLOCK_SIZE_M', 'BLOCK_SIZE_N', 'BLOCK_SIZE_K', 'GROUP_SIZE_M', 'threads', 'num_stages'] already provided during auto-tuning. Skipping compilation and using direct JIT
  NKI skipped (not available)
Running case: {'M': 2048, 'N': 2048, 'K': 10240}, dtype=int8
2026-10-01 05:15:35,227 WARNING:Tunable parameters ['BLOCK_SIZE_M', 'BLOCK_SIZE_N', 'BLOCK_SIZE_K', 'GROUP_SIZE_M', 'threads', 'num_stages'] already provided during auto-tuning. Skipping compilation and using direct JIT
  NKI skipped (not available)
Running case: {'M': 2048, 'N': 2048, 'K': 11264}, dtype=int8
2026-10-01 05:15:35,655 WARNING:Tunable parameters ['BLOCK_SIZE_M', 'BLOCK_SIZE_N', 'BLOCK_SIZE_K', 'GROUP_SIZE_M', 'threads', 'num_stages'] already provided during auto-tuning. Skipping compilation and using direct JIT
  NKI skipped (not available)
Running case: {'M': 2048, 'N': 2048, 'K': 12288}, dtype=int8
2026-10-01 05:15:35,984 WARNING:Tunable parameters ['BLOCK_SIZE_M', 'BLOCK_SIZE_N', 'BLOCK_SIZE_K', 'GROUP_SIZE_M', 'threads', 'num_stages'] already provided during auto-tuning. Skipping compilation and using direct JIT
  NKI skipped (not available)
Running case: {'M': 2048, 'N': 2048, 'K': 13312}, dtype=int8
2026-10-01 05:15:36,426 WARNING:Tunable parameters ['BLOCK_SIZE_M', 'BLOCK_SIZE_N', 'BLOCK_SIZE_K', 'GROUP_SIZE_M', 'threads', 'num_stages'] already provided during auto-tuning. Skipping compilation and using direct JIT
  NKI skipped (not available)
Running case: {'M': 2048, 'N': 2048, 'K': 14336}, dtype=int8
2026-10-01 05:15:36,830 WARNING:Tunable parameters ['BLOCK_SIZE_M', 'BLOCK_SIZE_N', 'BLOCK_SIZE_K', 'GROUP_SIZE_M', 'threads', 'num_stages'] already provided during auto-tuning. Skipping compilation and using direct JIT
  NKI skipped (not available)
Running case: {'M': 2048, 'N': 2048, 'K': 15360}, dtype=int8
2026-10-01 05:15:37,148 WARNING:Tunable parameters ['BLOCK_SIZE_M', 'BLOCK_SIZE_N', 'BLOCK_SIZE_K', 'GROUP_SIZE_M', 'threads', 'num_stages'] already provided during auto-tuning. Skipping compilation and using direct JIT
  NKI skipped (not available)
Running case: {'M': 2048, 'N': 2048, 'K': 16384}, dtype=int8
2026-10-01 05:15:37,470 WARNING:Tunable parameters ['BLOCK_SIZE_M', 'BLOCK_SIZE_N', 'BLOCK_SIZE_K', 'GROUP_SIZE_M', 'threads', 'num_stages'] already provided during auto-tuning. Skipping compilation and using direct JIT
  NKI skipped (not available)
Running case: {'M': 2048, 'N': 2048, 'K': 17408}, dtype=int8
2026-10-01 05:15:37,783 WARNING:Tunable parameters ['BLOCK_SIZE_M', 'BLOCK_SIZE_N', 'BLOCK_SIZE_K', 'GROUP_SIZE_M', 'threads', 'num_stages'] already provided during auto-tuning. Skipping compilation and using direct JIT
  NKI skipped (not available)
Running case: {'M': 2048, 'N': 2048, 'K': 18432}, dtype=int8
2026-10-01 05:15:38,146 WARNING:Tunable parameters ['BLOCK_SIZE_M', 'BLOCK_SIZE_N', 'BLOCK_SIZE_K', 'GROUP_SIZE_M', 'threads', 'num_stages'] already provided during auto-tuning. Skipping compilation and using direct JIT
  NKI skipped (not available)
Running case: {'M': 2048, 'N': 2048, 'K': 19456}, dtype=int8
2026-10-01 05:15:38,566 WARNING:Tunable parameters ['BLOCK_SIZE_M', 'BLOCK_SIZE_N', 'BLOCK_SIZE_K', 'GROUP_SIZE_M', 'threads', 'num_stages'] already provided during auto-tuning. Skipping compilation and using direct JIT
  NKI skipped (not available)
Running case: {'M': 2048, 'N': 2048, 'K': 20480}, dtype=int8
2026-10-01 05:15:38,900 WARNING:Tunable parameters ['BLOCK_SIZE_M', 'BLOCK_SIZE_N', 'BLOCK_SIZE_K', 'GROUP_SIZE_M', 'threads', 'num_stages'] already provided during auto-tuning. Skipping compilation and using direct JIT
  NKI skipped (not available)
Timing results  → /projects/kzhou6/bcui2/research/tilebench/Tilebench-gh200/results/GH200/logs/time_measurement_logs/matmul_int8_default_triton-cutile-tilelang.json
Autotune log    → /projects/kzhou6/bcui2/research/tilebench/Tilebench-gh200/results/GH200/logs/autotune_logs/matmul_int8_default_triton-cutile-tilelang.json
TileLang autotuner log → /projects/kzhou6/bcui2/research/tilebench/Tilebench-gh200/results/GH200/logs/tilelang_autotuner/matmul_int8_default_triton-cutile-tilelang.log
Provenance      → /projects/kzhou6/bcui2/research/tilebench/Tilebench-gh200/results/GH200/logs/provenance/matmul_int8_default_triton-cutile-tilelang.json

Summary:
Params    |    Dtype |  Torch(ms) |   Triton(ms) |   cuTile(ms) | TileLang(ms) |  Speedup(T) |  Speedup(C) | Speedup(TL)
------------------------------------------------------------------------------------------------------------------------
K=1024    | int8     |     0.2386 |       0.0197 |       0.1522 |       0.0342 |       12.09 |        1.57 |        6.98
K=2048    | int8     |     0.4258 |       0.0343 |       0.2928 |       0.0628 |       12.42 |        1.45 |        6.78
K=3072    | int8     |     0.6232 |       0.0480 |       0.4305 |       0.0908 |       12.99 |        1.45 |        6.87
K=4096    | int8     |     0.8104 |       0.0614 |       0.5693 |       0.1195 |       13.21 |        1.42 |        6.78
K=5120    | int8     |     1.0264 |       0.0751 |       0.7115 |       0.1483 |       13.68 |        1.44 |        6.92
K=6144    | int8     |     1.2021 |       0.0896 |       0.8503 |       0.1775 |       13.42 |        1.41 |        6.77
K=7168    | int8     |     1.3880 |       0.1041 |       0.9863 |       0.2058 |       13.34 |        1.41 |        6.74
K=8192    | int8     |     1.5743 |       0.1177 |       1.1279 |       0.2334 |       13.38 |        1.40 |        6.74
K=9216    | int8     |     1.7727 |       0.1323 |       1.2672 |       0.2606 |       13.40 |        1.40 |        6.80
K=10240   | int8     |     2.0168 |       0.1456 |       1.4074 |       0.2899 |       13.85 |        1.43 |        6.96
K=11264   | int8     |     2.1763 |       0.1604 |       1.5516 |       0.3199 |       13.56 |        1.40 |        6.80
K=12288   | int8     |     2.3887 |       0.1724 |       1.6958 |       0.3463 |       13.85 |        1.41 |        6.90
K=13312   | int8     |     2.5598 |       0.1877 |       1.8252 |       0.3767 |       13.64 |        1.40 |        6.79
K=14336   | int8     |     2.7566 |       0.2015 |       1.9674 |       0.4060 |       13.68 |        1.40 |        6.79
K=15360   | int8     |     2.9836 |       0.2148 |       2.1123 |       0.4386 |       13.89 |        1.41 |        6.80
K=16384   | int8     |     3.1546 |       0.2278 |       2.2471 |       0.4623 |       13.85 |        1.40 |        6.82
K=17408   | int8     |     3.4070 |       0.2438 |       2.3892 |       0.4887 |       13.97 |        1.43 |        6.97
K=18432   | int8     |     3.5678 |       0.2568 |       2.5269 |       0.5159 |       13.90 |        1.41 |        6.92
K=19456   | int8     |     3.7808 |       0.2732 |       2.6607 |       0.5512 |       13.84 |        1.42 |        6.86
K=20480   | int8     |     4.0096 |       0.2846 |       2.8125 |       0.5749 |       14.09 |        1.43 |        6.97
Summary CSV     → /projects/kzhou6/bcui2/research/tilebench/Tilebench-gh200/results/GH200/csv/matmul_int8_default.csv
