GPU/result namespace: GH200 (detected device: NVIDIA GH200 480GB, arch: hopper)
Starting benchmark for operator: matrix_copy
Tile-language backends: torch (baseline) + cutile, tilelang, triton
  NKI not selected (--tile-language)
Running case: {'N': 256}, dtype=fp16
2026-10-01 05:15:43,119 WARNING:Tunable parameters ['BLOCK_SIZE', 'threads'] already provided during auto-tuning. Skipping compilation and using direct JIT
  NKI skipped (not available)
Running case: {'N': 256}, dtype=bf16
2026-10-01 05:15:43,317 WARNING:Tunable parameters ['BLOCK_SIZE', 'threads'] already provided during auto-tuning. Skipping compilation and using direct JIT
  NKI skipped (not available)
Running case: {'N': 256}, dtype=fp32
2026-10-01 05:15:43,547 WARNING:Tunable parameters ['BLOCK_SIZE', 'threads'] already provided during auto-tuning. Skipping compilation and using direct JIT
  NKI skipped (not available)
Running case: {'N': 256}, dtype=int8
2026-10-01 05:15:43,768 WARNING:Tunable parameters ['BLOCK_SIZE', 'threads'] already provided during auto-tuning. Skipping compilation and using direct JIT
  NKI skipped (not available)
Running case: {'N': 512}, dtype=fp16
2026-10-01 05:15:43,846 WARNING:Tunable parameters ['BLOCK_SIZE', 'threads'] already provided during auto-tuning. Skipping compilation and using direct JIT
  NKI skipped (not available)
Running case: {'N': 512}, dtype=bf16
2026-10-01 05:15:43,924 WARNING:Tunable parameters ['BLOCK_SIZE', 'threads'] already provided during auto-tuning. Skipping compilation and using direct JIT
  NKI skipped (not available)
Running case: {'N': 512}, dtype=fp32
2026-10-01 05:15:44,001 WARNING:Tunable parameters ['BLOCK_SIZE', 'threads'] already provided during auto-tuning. Skipping compilation and using direct JIT
  NKI skipped (not available)
Running case: {'N': 512}, dtype=int8
2026-10-01 05:15:44,089 WARNING:Tunable parameters ['BLOCK_SIZE', 'threads'] already provided during auto-tuning. Skipping compilation and using direct JIT
  NKI skipped (not available)
Running case: {'N': 768}, dtype=fp16
2026-10-01 05:15:44,167 WARNING:Tunable parameters ['BLOCK_SIZE', 'threads'] already provided during auto-tuning. Skipping compilation and using direct JIT
  NKI skipped (not available)
Running case: {'N': 768}, dtype=bf16
2026-10-01 05:15:44,244 WARNING:Tunable parameters ['BLOCK_SIZE', 'threads'] already provided during auto-tuning. Skipping compilation and using direct JIT
  NKI skipped (not available)
Running case: {'N': 768}, dtype=fp32
2026-10-01 05:15:44,324 WARNING:Tunable parameters ['BLOCK_SIZE', 'threads'] already provided during auto-tuning. Skipping compilation and using direct JIT
  NKI skipped (not available)
Running case: {'N': 768}, dtype=int8
2026-10-01 05:15:44,406 WARNING:Tunable parameters ['BLOCK_SIZE', 'threads'] already provided during auto-tuning. Skipping compilation and using direct JIT
  NKI skipped (not available)
Running case: {'N': 1024}, dtype=fp16
2026-10-01 05:15:44,505 WARNING:Tunable parameters ['BLOCK_SIZE', 'threads'] already provided during auto-tuning. Skipping compilation and using direct JIT
  NKI skipped (not available)
Running case: {'N': 1024}, dtype=bf16
2026-10-01 05:15:44,589 WARNING:Tunable parameters ['BLOCK_SIZE', 'threads'] already provided during auto-tuning. Skipping compilation and using direct JIT
  NKI skipped (not available)
Running case: {'N': 1024}, dtype=fp32
2026-10-01 05:15:44,673 WARNING:Tunable parameters ['BLOCK_SIZE', 'threads'] already provided during auto-tuning. Skipping compilation and using direct JIT
  NKI skipped (not available)
Running case: {'N': 1024}, dtype=int8
2026-10-01 05:15:44,755 WARNING:Tunable parameters ['BLOCK_SIZE', 'threads'] already provided during auto-tuning. Skipping compilation and using direct JIT
  NKI skipped (not available)
Running case: {'N': 1280}, dtype=fp16
2026-10-01 05:15:44,832 WARNING:Tunable parameters ['BLOCK_SIZE', 'threads'] already provided during auto-tuning. Skipping compilation and using direct JIT
  NKI skipped (not available)
Running case: {'N': 1280}, dtype=bf16
2026-10-01 05:15:44,917 WARNING:Tunable parameters ['BLOCK_SIZE', 'threads'] already provided during auto-tuning. Skipping compilation and using direct JIT
  NKI skipped (not available)
Running case: {'N': 1280}, dtype=fp32
2026-10-01 05:15:45,003 WARNING:Tunable parameters ['BLOCK_SIZE', 'threads'] already provided during auto-tuning. Skipping compilation and using direct JIT
  NKI skipped (not available)
Running case: {'N': 1280}, dtype=int8
2026-10-01 05:15:45,085 WARNING:Tunable parameters ['BLOCK_SIZE', 'threads'] already provided during auto-tuning. Skipping compilation and using direct JIT
  NKI skipped (not available)
Running case: {'N': 1536}, dtype=fp16
2026-10-01 05:15:45,164 WARNING:Tunable parameters ['BLOCK_SIZE', 'threads'] already provided during auto-tuning. Skipping compilation and using direct JIT
  NKI skipped (not available)
Running case: {'N': 1536}, dtype=bf16
2026-10-01 05:15:45,248 WARNING:Tunable parameters ['BLOCK_SIZE', 'threads'] already provided during auto-tuning. Skipping compilation and using direct JIT
  NKI skipped (not available)
Running case: {'N': 1536}, dtype=fp32
2026-10-01 05:15:45,331 WARNING:Tunable parameters ['BLOCK_SIZE', 'threads'] already provided during auto-tuning. Skipping compilation and using direct JIT
  NKI skipped (not available)
Running case: {'N': 1536}, dtype=int8
2026-10-01 05:15:45,420 WARNING:Tunable parameters ['BLOCK_SIZE', 'threads'] already provided during auto-tuning. Skipping compilation and using direct JIT
  NKI skipped (not available)
Running case: {'N': 1792}, dtype=fp16
2026-10-01 05:15:45,511 WARNING:Tunable parameters ['BLOCK_SIZE', 'threads'] already provided during auto-tuning. Skipping compilation and using direct JIT
  NKI skipped (not available)
Running case: {'N': 1792}, dtype=bf16
2026-10-01 05:15:45,593 WARNING:Tunable parameters ['BLOCK_SIZE', 'threads'] already provided during auto-tuning. Skipping compilation and using direct JIT
  NKI skipped (not available)
Running case: {'N': 1792}, dtype=fp32
2026-10-01 05:15:45,682 WARNING:Tunable parameters ['BLOCK_SIZE', 'threads'] already provided during auto-tuning. Skipping compilation and using direct JIT
  NKI skipped (not available)
Running case: {'N': 1792}, dtype=int8
2026-10-01 05:15:45,766 WARNING:Tunable parameters ['BLOCK_SIZE', 'threads'] already provided during auto-tuning. Skipping compilation and using direct JIT
  NKI skipped (not available)
Running case: {'N': 2048}, dtype=fp16
2026-10-01 05:15:45,869 WARNING:Tunable parameters ['BLOCK_SIZE', 'threads'] already provided during auto-tuning. Skipping compilation and using direct JIT
  NKI skipped (not available)
Running case: {'N': 2048}, dtype=bf16
2026-10-01 05:15:45,953 WARNING:Tunable parameters ['BLOCK_SIZE', 'threads'] already provided during auto-tuning. Skipping compilation and using direct JIT
  NKI skipped (not available)
Running case: {'N': 2048}, dtype=fp32
2026-10-01 05:15:46,036 WARNING:Tunable parameters ['BLOCK_SIZE', 'threads'] already provided during auto-tuning. Skipping compilation and using direct JIT
  NKI skipped (not available)
Running case: {'N': 2048}, dtype=int8
2026-10-01 05:15:46,117 WARNING:Tunable parameters ['BLOCK_SIZE', 'threads'] already provided during auto-tuning. Skipping compilation and using direct JIT
  NKI skipped (not available)
Running case: {'N': 2304}, dtype=fp16
2026-10-01 05:15:46,200 WARNING:Tunable parameters ['BLOCK_SIZE', 'threads'] already provided during auto-tuning. Skipping compilation and using direct JIT
  NKI skipped (not available)
Running case: {'N': 2304}, dtype=bf16
2026-10-01 05:15:46,284 WARNING:Tunable parameters ['BLOCK_SIZE', 'threads'] already provided during auto-tuning. Skipping compilation and using direct JIT
  NKI skipped (not available)
Running case: {'N': 2304}, dtype=fp32
2026-10-01 05:15:46,369 WARNING:Tunable parameters ['BLOCK_SIZE', 'threads'] already provided during auto-tuning. Skipping compilation and using direct JIT
  NKI skipped (not available)
Running case: {'N': 2304}, dtype=int8
2026-10-01 05:15:46,457 WARNING:Tunable parameters ['BLOCK_SIZE', 'threads'] already provided during auto-tuning. Skipping compilation and using direct JIT
  NKI skipped (not available)
Running case: {'N': 2560}, dtype=fp16
2026-10-01 05:15:46,539 WARNING:Tunable parameters ['BLOCK_SIZE', 'threads'] already provided during auto-tuning. Skipping compilation and using direct JIT
  NKI skipped (not available)
Running case: {'N': 2560}, dtype=bf16
2026-10-01 05:15:46,628 WARNING:Tunable parameters ['BLOCK_SIZE', 'threads'] already provided during auto-tuning. Skipping compilation and using direct JIT
  NKI skipped (not available)
Running case: {'N': 2560}, dtype=fp32
2026-10-01 05:15:46,716 WARNING:Tunable parameters ['BLOCK_SIZE', 'threads'] already provided during auto-tuning. Skipping compilation and using direct JIT
  NKI skipped (not available)
Running case: {'N': 2560}, dtype=int8
2026-10-01 05:15:46,806 WARNING:Tunable parameters ['BLOCK_SIZE', 'threads'] already provided during auto-tuning. Skipping compilation and using direct JIT
  NKI skipped (not available)
Running case: {'N': 2816}, dtype=fp16
2026-10-01 05:15:46,890 WARNING:Tunable parameters ['BLOCK_SIZE', 'threads'] already provided during auto-tuning. Skipping compilation and using direct JIT
  NKI skipped (not available)
Running case: {'N': 2816}, dtype=bf16
2026-10-01 05:15:46,976 WARNING:Tunable parameters ['BLOCK_SIZE', 'threads'] already provided during auto-tuning. Skipping compilation and using direct JIT
  NKI skipped (not available)
Running case: {'N': 2816}, dtype=fp32
2026-10-01 05:15:47,063 WARNING:Tunable parameters ['BLOCK_SIZE', 'threads'] already provided during auto-tuning. Skipping compilation and using direct JIT
  NKI skipped (not available)
Running case: {'N': 2816}, dtype=int8
2026-10-01 05:15:47,146 WARNING:Tunable parameters ['BLOCK_SIZE', 'threads'] already provided during auto-tuning. Skipping compilation and using direct JIT
  NKI skipped (not available)
Running case: {'N': 3072}, dtype=fp16
2026-10-01 05:15:47,233 WARNING:Tunable parameters ['BLOCK_SIZE', 'threads'] already provided during auto-tuning. Skipping compilation and using direct JIT
  NKI skipped (not available)
Running case: {'N': 3072}, dtype=bf16
2026-10-01 05:15:47,321 WARNING:Tunable parameters ['BLOCK_SIZE', 'threads'] already provided during auto-tuning. Skipping compilation and using direct JIT
  NKI skipped (not available)
Running case: {'N': 3072}, dtype=fp32
2026-10-01 05:15:47,411 WARNING:Tunable parameters ['BLOCK_SIZE', 'threads'] already provided during auto-tuning. Skipping compilation and using direct JIT
  NKI skipped (not available)
Running case: {'N': 3072}, dtype=int8
2026-10-01 05:15:47,494 WARNING:Tunable parameters ['BLOCK_SIZE', 'threads'] already provided during auto-tuning. Skipping compilation and using direct JIT
  NKI skipped (not available)
Running case: {'N': 3328}, dtype=fp16
2026-10-01 05:15:47,578 WARNING:Tunable parameters ['BLOCK_SIZE', 'threads'] already provided during auto-tuning. Skipping compilation and using direct JIT
  NKI skipped (not available)
Running case: {'N': 3328}, dtype=bf16
2026-10-01 05:15:47,662 WARNING:Tunable parameters ['BLOCK_SIZE', 'threads'] already provided during auto-tuning. Skipping compilation and using direct JIT
  NKI skipped (not available)
Running case: {'N': 3328}, dtype=fp32
2026-10-01 05:15:47,748 WARNING:Tunable parameters ['BLOCK_SIZE', 'threads'] already provided during auto-tuning. Skipping compilation and using direct JIT
  NKI skipped (not available)
Running case: {'N': 3328}, dtype=int8
2026-10-01 05:15:47,844 WARNING:Tunable parameters ['BLOCK_SIZE', 'threads'] already provided during auto-tuning. Skipping compilation and using direct JIT
  NKI skipped (not available)
Running case: {'N': 3584}, dtype=fp16
2026-10-01 05:15:47,954 WARNING:Tunable parameters ['BLOCK_SIZE', 'threads'] already provided during auto-tuning. Skipping compilation and using direct JIT
  NKI skipped (not available)
Running case: {'N': 3584}, dtype=bf16
2026-10-01 05:15:48,044 WARNING:Tunable parameters ['BLOCK_SIZE', 'threads'] already provided during auto-tuning. Skipping compilation and using direct JIT
  NKI skipped (not available)
Running case: {'N': 3584}, dtype=fp32
2026-10-01 05:15:48,127 WARNING:Tunable parameters ['BLOCK_SIZE', 'threads'] already provided during auto-tuning. Skipping compilation and using direct JIT
  NKI skipped (not available)
Running case: {'N': 3584}, dtype=int8
2026-10-01 05:15:48,218 WARNING:Tunable parameters ['BLOCK_SIZE', 'threads'] already provided during auto-tuning. Skipping compilation and using direct JIT
  NKI skipped (not available)
Running case: {'N': 3840}, dtype=fp16
2026-10-01 05:15:48,303 WARNING:Tunable parameters ['BLOCK_SIZE', 'threads'] already provided during auto-tuning. Skipping compilation and using direct JIT
  NKI skipped (not available)
Running case: {'N': 3840}, dtype=bf16
2026-10-01 05:15:48,403 WARNING:Tunable parameters ['BLOCK_SIZE', 'threads'] already provided during auto-tuning. Skipping compilation and using direct JIT
  NKI skipped (not available)
Running case: {'N': 3840}, dtype=fp32
2026-10-01 05:15:48,496 WARNING:Tunable parameters ['BLOCK_SIZE', 'threads'] already provided during auto-tuning. Skipping compilation and using direct JIT
  NKI skipped (not available)
Running case: {'N': 3840}, dtype=int8
2026-10-01 05:15:48,584 WARNING:Tunable parameters ['BLOCK_SIZE', 'threads'] already provided during auto-tuning. Skipping compilation and using direct JIT
  NKI skipped (not available)
Running case: {'N': 4096}, dtype=fp16
2026-10-01 05:15:48,671 WARNING:Tunable parameters ['BLOCK_SIZE', 'threads'] already provided during auto-tuning. Skipping compilation and using direct JIT
  NKI skipped (not available)
Running case: {'N': 4096}, dtype=bf16
2026-10-01 05:15:48,760 WARNING:Tunable parameters ['BLOCK_SIZE', 'threads'] already provided during auto-tuning. Skipping compilation and using direct JIT
  NKI skipped (not available)
Running case: {'N': 4096}, dtype=fp32
2026-10-01 05:15:48,859 WARNING:Tunable parameters ['BLOCK_SIZE', 'threads'] already provided during auto-tuning. Skipping compilation and using direct JIT
  NKI skipped (not available)
Running case: {'N': 4096}, dtype=int8
2026-10-01 05:15:48,944 WARNING:Tunable parameters ['BLOCK_SIZE', 'threads'] already provided during auto-tuning. Skipping compilation and using direct JIT
  NKI skipped (not available)
Running case: {'N': 4352}, dtype=fp16
2026-10-01 05:15:49,032 WARNING:Tunable parameters ['BLOCK_SIZE', 'threads'] already provided during auto-tuning. Skipping compilation and using direct JIT
  NKI skipped (not available)
Running case: {'N': 4352}, dtype=bf16
2026-10-01 05:15:49,118 WARNING:Tunable parameters ['BLOCK_SIZE', 'threads'] already provided during auto-tuning. Skipping compilation and using direct JIT
  NKI skipped (not available)
Running case: {'N': 4352}, dtype=fp32
2026-10-01 05:15:49,216 WARNING:Tunable parameters ['BLOCK_SIZE', 'threads'] already provided during auto-tuning. Skipping compilation and using direct JIT
  NKI skipped (not available)
Running case: {'N': 4352}, dtype=int8
2026-10-01 05:15:49,302 WARNING:Tunable parameters ['BLOCK_SIZE', 'threads'] already provided during auto-tuning. Skipping compilation and using direct JIT
  NKI skipped (not available)
Running case: {'N': 4608}, dtype=fp16
2026-10-01 05:15:49,394 WARNING:Tunable parameters ['BLOCK_SIZE', 'threads'] already provided during auto-tuning. Skipping compilation and using direct JIT
  NKI skipped (not available)
Running case: {'N': 4608}, dtype=bf16
2026-10-01 05:15:49,486 WARNING:Tunable parameters ['BLOCK_SIZE', 'threads'] already provided during auto-tuning. Skipping compilation and using direct JIT
  NKI skipped (not available)
Running case: {'N': 4608}, dtype=fp32
2026-10-01 05:15:49,582 WARNING:Tunable parameters ['BLOCK_SIZE', 'threads'] already provided during auto-tuning. Skipping compilation and using direct JIT
  NKI skipped (not available)
Running case: {'N': 4608}, dtype=int8
2026-10-01 05:15:49,671 WARNING:Tunable parameters ['BLOCK_SIZE', 'threads'] already provided during auto-tuning. Skipping compilation and using direct JIT
  NKI skipped (not available)
Running case: {'N': 4864}, dtype=fp16
2026-10-01 05:15:49,762 WARNING:Tunable parameters ['BLOCK_SIZE', 'threads'] already provided during auto-tuning. Skipping compilation and using direct JIT
  NKI skipped (not available)
Running case: {'N': 4864}, dtype=bf16
2026-10-01 05:15:49,852 WARNING:Tunable parameters ['BLOCK_SIZE', 'threads'] already provided during auto-tuning. Skipping compilation and using direct JIT
  NKI skipped (not available)
Running case: {'N': 4864}, dtype=fp32
2026-10-01 05:15:49,947 WARNING:Tunable parameters ['BLOCK_SIZE', 'threads'] already provided during auto-tuning. Skipping compilation and using direct JIT
  NKI skipped (not available)
Running case: {'N': 4864}, dtype=int8
2026-10-01 05:15:50,036 WARNING:Tunable parameters ['BLOCK_SIZE', 'threads'] already provided during auto-tuning. Skipping compilation and using direct JIT
  NKI skipped (not available)
Running case: {'N': 5120}, dtype=fp16
2026-10-01 05:15:50,124 WARNING:Tunable parameters ['BLOCK_SIZE', 'threads'] already provided during auto-tuning. Skipping compilation and using direct JIT
  NKI skipped (not available)
Running case: {'N': 5120}, dtype=bf16
2026-10-01 05:15:50,216 WARNING:Tunable parameters ['BLOCK_SIZE', 'threads'] already provided during auto-tuning. Skipping compilation and using direct JIT
  NKI skipped (not available)
Running case: {'N': 5120}, dtype=fp32
2026-10-01 05:15:50,311 WARNING:Tunable parameters ['BLOCK_SIZE', 'threads'] already provided during auto-tuning. Skipping compilation and using direct JIT
  NKI skipped (not available)
Running case: {'N': 5120}, dtype=int8
2026-10-01 05:15:50,406 WARNING:Tunable parameters ['BLOCK_SIZE', 'threads'] already provided during auto-tuning. Skipping compilation and using direct JIT
  NKI skipped (not available)
Timing results  → /projects/kzhou6/bcui2/research/tilebench/Tilebench-gh200/results/GH200/logs/time_measurement_logs/matrix_copy_default_triton-cutile-tilelang.json
Autotune log    → /projects/kzhou6/bcui2/research/tilebench/Tilebench-gh200/results/GH200/logs/autotune_logs/matrix_copy_default_triton-cutile-tilelang.json
TileLang autotuner log → /projects/kzhou6/bcui2/research/tilebench/Tilebench-gh200/results/GH200/logs/tilelang_autotuner/matrix_copy_default_triton-cutile-tilelang.log
Provenance      → /projects/kzhou6/bcui2/research/tilebench/Tilebench-gh200/results/GH200/logs/provenance/matrix_copy_default_triton-cutile-tilelang.json

Summary:
Params   |    Dtype |  Torch(ms) |   Triton(ms) |   cuTile(ms) | TileLang(ms) |  Speedup(T) |  Speedup(C) | Speedup(TL)
-----------------------------------------------------------------------------------------------------------------------
N=256    | fp16     |     0.0019 |       0.0018 |       0.0018 |       0.0018 |        1.01 |        1.04 |        1.02
N=256    | bf16     |     0.0019 |       0.0018 |       0.0018 |       0.0018 |        1.02 |        1.02 |        1.06
N=256    | fp32     |     0.0018 |       0.0018 |       0.0020 |       0.0019 |        1.01 |        0.93 |        0.99
N=256    | int8     |     0.0018 |       0.0017 |       0.0017 |       0.0017 |        1.02 |        1.02 |        1.06
N=512    | fp16     |     0.0022 |       0.0020 |       0.0021 |       0.0021 |        1.06 |        1.04 |        1.04
N=512    | bf16     |     0.0021 |       0.0021 |       0.0022 |       0.0020 |        0.98 |        0.93 |        1.01
N=512    | fp32     |     0.0024 |       0.0024 |       0.0026 |       0.0025 |        0.98 |        0.93 |        0.94
N=512    | int8     |     0.0020 |       0.0019 |       0.0021 |       0.0019 |        1.07 |        0.97 |        1.06
N=768    | fp16     |     0.0024 |       0.0026 |       0.0027 |       0.0025 |        0.93 |        0.88 |        0.94
N=768    | bf16     |     0.0026 |       0.0025 |       0.0028 |       0.0026 |        1.00 |        0.93 |        1.00
N=768    | fp32     |     0.0033 |       0.0034 |       0.0035 |       0.0031 |        0.98 |        0.95 |        1.06
N=768    | int8     |     0.0021 |       0.0021 |       0.0022 |       0.0020 |        0.98 |        0.95 |        1.04
N=1024   | fp16     |     0.0032 |       0.0032 |       0.0032 |       0.0033 |        1.02 |        1.00 |        0.98
N=1024   | bf16     |     0.0033 |       0.0032 |       0.0036 |       0.0032 |        1.04 |        0.93 |        1.05
N=1024   | fp32     |     0.0045 |       0.0043 |       0.0044 |       0.0044 |        1.05 |        1.03 |        1.03
N=1024   | int8     |     0.0026 |       0.0024 |       0.0025 |       0.0024 |        1.09 |        1.03 |        1.09
N=1280   | fp16     |     0.0039 |       0.0039 |       0.0040 |       0.0039 |        1.01 |        0.97 |        1.02
N=1280   | bf16     |     0.0040 |       0.0039 |       0.0041 |       0.0041 |        1.03 |        0.98 |        0.99
N=1280   | fp32     |     0.0057 |       0.0057 |       0.0061 |       0.0055 |        1.00 |        0.94 |        1.03
N=1280   | int8     |     0.0030 |       0.0028 |       0.0030 |       0.0029 |        1.05 |        1.00 |        1.04
N=1536   | fp16     |     0.0048 |       0.0048 |       0.0048 |       0.0048 |        1.00 |        1.00 |        1.01
N=1536   | bf16     |     0.0049 |       0.0047 |       0.0048 |       0.0050 |        1.03 |        1.01 |        0.98
N=1536   | fp32     |     0.0075 |       0.0074 |       0.0074 |       0.0072 |        1.01 |        1.01 |        1.03
N=1536   | int8     |     0.0035 |       0.0035 |       0.0037 |       0.0035 |        1.00 |        0.95 |        1.01
N=1792   | fp16     |     0.0059 |       0.0059 |       0.0059 |       0.0058 |        1.00 |        1.00 |        1.01
N=1792   | bf16     |     0.0059 |       0.0064 |       0.0060 |       0.0060 |        0.93 |        1.00 |        1.00
N=1792   | fp32     |     0.0093 |       0.0098 |       0.0097 |       0.0098 |        0.95 |        0.96 |        0.95
N=1792   | int8     |     0.0041 |       0.0041 |       0.0044 |       0.0041 |        1.01 |        0.93 |        1.01
N=2048   | fp16     |     0.0072 |       0.0070 |       0.0072 |       0.0072 |        1.02 |        1.00 |        1.00
N=2048   | bf16     |     0.0070 |       0.0070 |       0.0071 |       0.0070 |        1.00 |        0.98 |        0.99
N=2048   | fp32     |     0.0118 |       0.0119 |       0.0121 |       0.0118 |        0.99 |        0.98 |        1.00
N=2048   | int8     |     0.0047 |       0.0048 |       0.0049 |       0.0044 |        0.98 |        0.96 |        1.08
N=2304   | fp16     |     0.0087 |       0.0084 |       0.0089 |       0.0084 |        1.03 |        0.98 |        1.03
N=2304   | bf16     |     0.0084 |       0.0083 |       0.0089 |       0.0083 |        1.01 |        0.94 |        1.01
N=2304   | fp32     |     0.0145 |       0.0149 |       0.0144 |       0.0144 |        0.97 |        1.01 |        1.01
N=2304   | int8     |     0.0053 |       0.0052 |       0.0057 |       0.0059 |        1.01 |        0.94 |        0.91
N=2560   | fp16     |     0.0100 |       0.0098 |       0.0101 |       0.0103 |        1.02 |        0.98 |        0.96
N=2560   | bf16     |     0.0100 |       0.0102 |       0.0099 |       0.0100 |        0.98 |        1.01 |        1.00
N=2560   | fp32     |     0.0173 |       0.0173 |       0.0178 |       0.0172 |        1.00 |        0.97 |        1.01
N=2560   | int8     |     0.0061 |       0.0061 |       0.0066 |       0.0060 |        1.01 |        0.93 |        1.01
N=2816   | fp16     |     0.0116 |       0.0115 |       0.0113 |       0.0115 |        1.01 |        1.02 |        1.01
N=2816   | bf16     |     0.0117 |       0.0117 |       0.0118 |       0.0124 |        0.99 |        0.99 |        0.94
N=2816   | fp32     |     0.0205 |       0.0205 |       0.0203 |       0.0204 |        1.00 |        1.01 |        1.01
N=2816   | int8     |     0.0070 |       0.0069 |       0.0071 |       0.0069 |        1.01 |        0.99 |        1.01
N=3072   | fp16     |     0.0136 |       0.0134 |       0.0135 |       0.0135 |        1.02 |        1.01 |        1.00
N=3072   | bf16     |     0.0132 |       0.0133 |       0.0133 |       0.0138 |        1.00 |        0.99 |        0.96
N=3072   | fp32     |     0.0237 |       0.0243 |       0.0237 |       0.0237 |        0.98 |        1.00 |        1.00
N=3072   | int8     |     0.0084 |       0.0079 |       0.0081 |       0.0080 |        1.06 |        1.04 |        1.05
N=3328   | fp16     |     0.0152 |       0.0153 |       0.0152 |       0.0157 |        1.00 |        1.00 |        0.97
N=3328   | bf16     |     0.0151 |       0.0151 |       0.0151 |       0.0153 |        1.00 |        1.00 |        0.99
N=3328   | fp32     |     0.0271 |       0.0273 |       0.0275 |       0.0275 |        0.99 |        0.98 |        0.99
N=3328   | int8     |     0.0094 |       0.0090 |       0.0094 |       0.0091 |        1.04 |        1.00 |        1.03
N=3584   | fp16     |     0.0176 |       0.0174 |       0.0174 |       0.0176 |        1.01 |        1.01 |        1.00
N=3584   | bf16     |     0.0176 |       0.0173 |       0.0180 |       0.0176 |        1.02 |        0.98 |        1.00
N=3584   | fp32     |     0.0317 |       0.0315 |       0.0317 |       0.0314 |        1.01 |        1.00 |        1.01
N=3584   | int8     |     0.0105 |       0.0101 |       0.0106 |       0.0101 |        1.04 |        0.99 |        1.04
N=3840   | fp16     |     0.0195 |       0.0192 |       0.0200 |       0.0191 |        1.01 |        0.97 |        1.02
N=3840   | bf16     |     0.0193 |       0.0193 |       0.0195 |       0.0192 |        1.00 |        0.99 |        1.01
N=3840   | fp32     |     0.0355 |       0.0354 |       0.0361 |       0.0362 |        1.00 |        0.98 |        0.98
N=3840   | int8     |     0.0114 |       0.0117 |       0.0119 |       0.0112 |        0.97 |        0.96 |        1.02
N=4096   | fp16     |     0.0215 |       0.0217 |       0.0218 |       0.0222 |        0.99 |        0.99 |        0.97
N=4096   | bf16     |     0.0224 |       0.0214 |       0.0222 |       0.0217 |        1.05 |        1.01 |        1.03
N=4096   | fp32     |     0.0396 |       0.0407 |       0.0400 |       0.0398 |        0.97 |        0.99 |        0.99
N=4096   | int8     |     0.0127 |       0.0126 |       0.0127 |       0.0127 |        1.01 |        1.00 |        1.00
N=4352   | fp16     |     0.0237 |       0.0239 |       0.0241 |       0.0240 |        0.99 |        0.99 |        0.99
N=4352   | bf16     |     0.0236 |       0.0245 |       0.0239 |       0.0239 |        0.97 |        0.99 |        0.99
N=4352   | fp32     |     0.0450 |       0.0451 |       0.0447 |       0.0455 |        1.00 |        1.01 |        0.99
N=4352   | int8     |     0.0141 |       0.0138 |       0.0141 |       0.0138 |        1.02 |        1.00 |        1.02
N=4608   | fp16     |     0.0266 |       0.0266 |       0.0269 |       0.0262 |        1.00 |        0.99 |        1.01
N=4608   | bf16     |     0.0264 |       0.0266 |       0.0269 |       0.0263 |        0.99 |        0.98 |        1.01
N=4608   | fp32     |     0.0501 |       0.0505 |       0.0504 |       0.0498 |        0.99 |        0.99 |        1.01
N=4608   | int8     |     0.0158 |       0.0152 |       0.0155 |       0.0154 |        1.04 |        1.02 |        1.03
N=4864   | fp16     |     0.0300 |       0.0290 |       0.0300 |       0.0291 |        1.03 |        1.00 |        1.03
N=4864   | bf16     |     0.0305 |       0.0297 |       0.0297 |       0.0295 |        1.03 |        1.03 |        1.03
N=4864   | fp32     |     0.0552 |       0.0558 |       0.0559 |       0.0554 |        0.99 |        0.99 |        1.00
N=4864   | int8     |     0.0173 |       0.0167 |       0.0173 |       0.0168 |        1.03 |        1.00 |        1.03
N=5120   | fp16     |     0.0316 |       0.0322 |       0.0317 |       0.0318 |        0.98 |        1.00 |        0.99
N=5120   | bf16     |     0.0325 |       0.0328 |       0.0325 |       0.0319 |        0.99 |        1.00 |        1.02
N=5120   | fp32     |     0.0608 |       0.0617 |       0.0615 |       0.0614 |        0.99 |        0.99 |        0.99
N=5120   | int8     |     0.0189 |       0.0183 |       0.0188 |       0.0187 |        1.04 |        1.01 |        1.01
Summary CSV     → /projects/kzhou6/bcui2/research/tilebench/Tilebench-gh200/results/GH200/csv/matrix_copy_default.csv
