GPU/result namespace: GH200 (detected device: NVIDIA GH200 480GB, arch: hopper)
Starting benchmark for operator: matrix_transpose
Tile-language backends: torch (baseline) + cutile, tilelang, triton
  NKI not selected (--tile-language)
Running case: {'m': 4096, 'n': 1024}, dtype=fp16
2026-10-01 05:15:55,084 WARNING:Tunable parameters ['BLOCK_TILE', 'threads'] already provided during auto-tuning. Skipping compilation and using direct JIT
  NKI skipped (not available)
Running case: {'m': 4096, 'n': 1024}, dtype=bf16
2026-10-01 05:15:55,290 WARNING:Tunable parameters ['BLOCK_TILE', 'threads'] already provided during auto-tuning. Skipping compilation and using direct JIT
  NKI skipped (not available)
Running case: {'m': 4096, 'n': 1024}, dtype=fp32
2026-10-01 05:15:55,526 WARNING:Tunable parameters ['BLOCK_TILE', 'threads'] already provided during auto-tuning. Skipping compilation and using direct JIT
  NKI skipped (not available)
Running case: {'m': 4096, 'n': 1024}, dtype=int8
2026-10-01 05:15:55,770 WARNING:Tunable parameters ['BLOCK_TILE', 'threads'] already provided during auto-tuning. Skipping compilation and using direct JIT
  NKI skipped (not available)
Running case: {'m': 4096, 'n': 2048}, dtype=fp16
2026-10-01 05:15:55,854 WARNING:Tunable parameters ['BLOCK_TILE', 'threads'] already provided during auto-tuning. Skipping compilation and using direct JIT
  NKI skipped (not available)
Running case: {'m': 4096, 'n': 2048}, dtype=bf16
2026-10-01 05:15:55,957 WARNING:Tunable parameters ['BLOCK_TILE', 'threads'] already provided during auto-tuning. Skipping compilation and using direct JIT
  NKI skipped (not available)
Running case: {'m': 4096, 'n': 2048}, dtype=fp32
2026-10-01 05:15:56,045 WARNING:Tunable parameters ['BLOCK_TILE', 'threads'] already provided during auto-tuning. Skipping compilation and using direct JIT
  NKI skipped (not available)
Running case: {'m': 4096, 'n': 2048}, dtype=int8
2026-10-01 05:15:56,134 WARNING:Tunable parameters ['BLOCK_TILE', 'threads'] already provided during auto-tuning. Skipping compilation and using direct JIT
  NKI skipped (not available)
Running case: {'m': 4096, 'n': 3072}, dtype=fp16
2026-10-01 05:15:56,224 WARNING:Tunable parameters ['BLOCK_TILE', 'threads'] already provided during auto-tuning. Skipping compilation and using direct JIT
  NKI skipped (not available)
Running case: {'m': 4096, 'n': 3072}, dtype=bf16
2026-10-01 05:15:56,311 WARNING:Tunable parameters ['BLOCK_TILE', 'threads'] already provided during auto-tuning. Skipping compilation and using direct JIT
  NKI skipped (not available)
Running case: {'m': 4096, 'n': 3072}, dtype=fp32
2026-10-01 05:15:56,402 WARNING:Tunable parameters ['BLOCK_TILE', 'threads'] already provided during auto-tuning. Skipping compilation and using direct JIT
  NKI skipped (not available)
Running case: {'m': 4096, 'n': 3072}, dtype=int8
2026-10-01 05:15:56,489 WARNING:Tunable parameters ['BLOCK_TILE', 'threads'] already provided during auto-tuning. Skipping compilation and using direct JIT
  NKI skipped (not available)
Running case: {'m': 4096, 'n': 4096}, dtype=fp16
2026-10-01 05:15:56,576 WARNING:Tunable parameters ['BLOCK_TILE', 'threads'] already provided during auto-tuning. Skipping compilation and using direct JIT
  NKI skipped (not available)
Running case: {'m': 4096, 'n': 4096}, dtype=bf16
2026-10-01 05:15:56,664 WARNING:Tunable parameters ['BLOCK_TILE', 'threads'] already provided during auto-tuning. Skipping compilation and using direct JIT
  NKI skipped (not available)
Running case: {'m': 4096, 'n': 4096}, dtype=fp32
2026-10-01 05:15:56,753 WARNING:Tunable parameters ['BLOCK_TILE', 'threads'] already provided during auto-tuning. Skipping compilation and using direct JIT
  NKI skipped (not available)
Running case: {'m': 4096, 'n': 4096}, dtype=int8
2026-10-01 05:15:56,843 WARNING:Tunable parameters ['BLOCK_TILE', 'threads'] already provided during auto-tuning. Skipping compilation and using direct JIT
  NKI skipped (not available)
Running case: {'m': 4096, 'n': 5120}, dtype=fp16
2026-10-01 05:15:56,927 WARNING:Tunable parameters ['BLOCK_TILE', 'threads'] already provided during auto-tuning. Skipping compilation and using direct JIT
  NKI skipped (not available)
Running case: {'m': 4096, 'n': 5120}, dtype=bf16
2026-10-01 05:15:57,014 WARNING:Tunable parameters ['BLOCK_TILE', 'threads'] already provided during auto-tuning. Skipping compilation and using direct JIT
  NKI skipped (not available)
Running case: {'m': 4096, 'n': 5120}, dtype=fp32
2026-10-01 05:15:57,102 WARNING:Tunable parameters ['BLOCK_TILE', 'threads'] already provided during auto-tuning. Skipping compilation and using direct JIT
  NKI skipped (not available)
Running case: {'m': 4096, 'n': 5120}, dtype=int8
2026-10-01 05:15:57,191 WARNING:Tunable parameters ['BLOCK_TILE', 'threads'] already provided during auto-tuning. Skipping compilation and using direct JIT
  NKI skipped (not available)
Running case: {'m': 4096, 'n': 6144}, dtype=fp16
2026-10-01 05:15:57,281 WARNING:Tunable parameters ['BLOCK_TILE', 'threads'] already provided during auto-tuning. Skipping compilation and using direct JIT
  NKI skipped (not available)
Running case: {'m': 4096, 'n': 6144}, dtype=bf16
2026-10-01 05:15:57,371 WARNING:Tunable parameters ['BLOCK_TILE', 'threads'] already provided during auto-tuning. Skipping compilation and using direct JIT
  NKI skipped (not available)
Running case: {'m': 4096, 'n': 6144}, dtype=fp32
2026-10-01 05:15:57,464 WARNING:Tunable parameters ['BLOCK_TILE', 'threads'] already provided during auto-tuning. Skipping compilation and using direct JIT
  NKI skipped (not available)
Running case: {'m': 4096, 'n': 6144}, dtype=int8
2026-10-01 05:15:57,549 WARNING:Tunable parameters ['BLOCK_TILE', 'threads'] already provided during auto-tuning. Skipping compilation and using direct JIT
  NKI skipped (not available)
Running case: {'m': 4096, 'n': 7168}, dtype=fp16
2026-10-01 05:15:57,636 WARNING:Tunable parameters ['BLOCK_TILE', 'threads'] already provided during auto-tuning. Skipping compilation and using direct JIT
  NKI skipped (not available)
Running case: {'m': 4096, 'n': 7168}, dtype=bf16
2026-10-01 05:15:57,726 WARNING:Tunable parameters ['BLOCK_TILE', 'threads'] already provided during auto-tuning. Skipping compilation and using direct JIT
  NKI skipped (not available)
Running case: {'m': 4096, 'n': 7168}, dtype=fp32
2026-10-01 05:15:57,823 WARNING:Tunable parameters ['BLOCK_TILE', 'threads'] already provided during auto-tuning. Skipping compilation and using direct JIT
  NKI skipped (not available)
Running case: {'m': 4096, 'n': 7168}, dtype=int8
2026-10-01 05:15:57,910 WARNING:Tunable parameters ['BLOCK_TILE', 'threads'] already provided during auto-tuning. Skipping compilation and using direct JIT
  NKI skipped (not available)
Running case: {'m': 4096, 'n': 8192}, dtype=fp16
2026-10-01 05:15:58,002 WARNING:Tunable parameters ['BLOCK_TILE', 'threads'] already provided during auto-tuning. Skipping compilation and using direct JIT
  NKI skipped (not available)
Running case: {'m': 4096, 'n': 8192}, dtype=bf16
2026-10-01 05:15:58,093 WARNING:Tunable parameters ['BLOCK_TILE', 'threads'] already provided during auto-tuning. Skipping compilation and using direct JIT
  NKI skipped (not available)
Running case: {'m': 4096, 'n': 8192}, dtype=fp32
2026-10-01 05:15:58,187 WARNING:Tunable parameters ['BLOCK_TILE', 'threads'] already provided during auto-tuning. Skipping compilation and using direct JIT
  NKI skipped (not available)
Running case: {'m': 4096, 'n': 8192}, dtype=int8
2026-10-01 05:15:58,277 WARNING:Tunable parameters ['BLOCK_TILE', 'threads'] already provided during auto-tuning. Skipping compilation and using direct JIT
  NKI skipped (not available)
Running case: {'m': 4096, 'n': 9216}, dtype=fp16
2026-10-01 05:15:58,368 WARNING:Tunable parameters ['BLOCK_TILE', 'threads'] already provided during auto-tuning. Skipping compilation and using direct JIT
  NKI skipped (not available)
Running case: {'m': 4096, 'n': 9216}, dtype=bf16
2026-10-01 05:15:58,460 WARNING:Tunable parameters ['BLOCK_TILE', 'threads'] already provided during auto-tuning. Skipping compilation and using direct JIT
  NKI skipped (not available)
Running case: {'m': 4096, 'n': 9216}, dtype=fp32
2026-10-01 05:15:58,558 WARNING:Tunable parameters ['BLOCK_TILE', 'threads'] already provided during auto-tuning. Skipping compilation and using direct JIT
  NKI skipped (not available)
Running case: {'m': 4096, 'n': 9216}, dtype=int8
2026-10-01 05:15:58,652 WARNING:Tunable parameters ['BLOCK_TILE', 'threads'] already provided during auto-tuning. Skipping compilation and using direct JIT
  NKI skipped (not available)
Running case: {'m': 4096, 'n': 10240}, dtype=fp16
2026-10-01 05:15:58,743 WARNING:Tunable parameters ['BLOCK_TILE', 'threads'] already provided during auto-tuning. Skipping compilation and using direct JIT
  NKI skipped (not available)
Running case: {'m': 4096, 'n': 10240}, dtype=bf16
2026-10-01 05:15:58,847 WARNING:Tunable parameters ['BLOCK_TILE', 'threads'] already provided during auto-tuning. Skipping compilation and using direct JIT
  NKI skipped (not available)
Running case: {'m': 4096, 'n': 10240}, dtype=fp32
2026-10-01 05:15:58,950 WARNING:Tunable parameters ['BLOCK_TILE', 'threads'] already provided during auto-tuning. Skipping compilation and using direct JIT
  NKI skipped (not available)
Running case: {'m': 4096, 'n': 10240}, dtype=int8
2026-10-01 05:15:59,059 WARNING:Tunable parameters ['BLOCK_TILE', 'threads'] already provided during auto-tuning. Skipping compilation and using direct JIT
  NKI skipped (not available)
Running case: {'m': 4096, 'n': 11264}, dtype=fp16
2026-10-01 05:15:59,153 WARNING:Tunable parameters ['BLOCK_TILE', 'threads'] already provided during auto-tuning. Skipping compilation and using direct JIT
  NKI skipped (not available)
Running case: {'m': 4096, 'n': 11264}, dtype=bf16
2026-10-01 05:15:59,270 WARNING:Tunable parameters ['BLOCK_TILE', 'threads'] already provided during auto-tuning. Skipping compilation and using direct JIT
  NKI skipped (not available)
Running case: {'m': 4096, 'n': 11264}, dtype=fp32
2026-10-01 05:15:59,375 WARNING:Tunable parameters ['BLOCK_TILE', 'threads'] already provided during auto-tuning. Skipping compilation and using direct JIT
  NKI skipped (not available)
Running case: {'m': 4096, 'n': 11264}, dtype=int8
2026-10-01 05:15:59,476 WARNING:Tunable parameters ['BLOCK_TILE', 'threads'] already provided during auto-tuning. Skipping compilation and using direct JIT
  NKI skipped (not available)
Running case: {'m': 4096, 'n': 12288}, dtype=fp16
2026-10-01 05:15:59,571 WARNING:Tunable parameters ['BLOCK_TILE', 'threads'] already provided during auto-tuning. Skipping compilation and using direct JIT
  NKI skipped (not available)
Running case: {'m': 4096, 'n': 12288}, dtype=bf16
2026-10-01 05:15:59,678 WARNING:Tunable parameters ['BLOCK_TILE', 'threads'] already provided during auto-tuning. Skipping compilation and using direct JIT
  NKI skipped (not available)
Running case: {'m': 4096, 'n': 12288}, dtype=fp32
2026-10-01 05:15:59,780 WARNING:Tunable parameters ['BLOCK_TILE', 'threads'] already provided during auto-tuning. Skipping compilation and using direct JIT
  NKI skipped (not available)
Running case: {'m': 4096, 'n': 12288}, dtype=int8
2026-10-01 05:15:59,873 WARNING:Tunable parameters ['BLOCK_TILE', 'threads'] already provided during auto-tuning. Skipping compilation and using direct JIT
  NKI skipped (not available)
Running case: {'m': 4096, 'n': 13312}, dtype=fp16
2026-10-01 05:15:59,966 WARNING:Tunable parameters ['BLOCK_TILE', 'threads'] already provided during auto-tuning. Skipping compilation and using direct JIT
  NKI skipped (not available)
Running case: {'m': 4096, 'n': 13312}, dtype=bf16
2026-10-01 05:16:00,064 WARNING:Tunable parameters ['BLOCK_TILE', 'threads'] already provided during auto-tuning. Skipping compilation and using direct JIT
  NKI skipped (not available)
Running case: {'m': 4096, 'n': 13312}, dtype=fp32
2026-10-01 05:16:00,182 WARNING:Tunable parameters ['BLOCK_TILE', 'threads'] already provided during auto-tuning. Skipping compilation and using direct JIT
  NKI skipped (not available)
Running case: {'m': 4096, 'n': 13312}, dtype=int8
2026-10-01 05:16:00,276 WARNING:Tunable parameters ['BLOCK_TILE', 'threads'] already provided during auto-tuning. Skipping compilation and using direct JIT
  NKI skipped (not available)
Running case: {'m': 4096, 'n': 14336}, dtype=fp16
2026-10-01 05:16:00,372 WARNING:Tunable parameters ['BLOCK_TILE', 'threads'] already provided during auto-tuning. Skipping compilation and using direct JIT
  NKI skipped (not available)
Running case: {'m': 4096, 'n': 14336}, dtype=bf16
2026-10-01 05:16:00,477 WARNING:Tunable parameters ['BLOCK_TILE', 'threads'] already provided during auto-tuning. Skipping compilation and using direct JIT
  NKI skipped (not available)
Running case: {'m': 4096, 'n': 14336}, dtype=fp32
2026-10-01 05:16:00,582 WARNING:Tunable parameters ['BLOCK_TILE', 'threads'] already provided during auto-tuning. Skipping compilation and using direct JIT
  NKI skipped (not available)
Running case: {'m': 4096, 'n': 14336}, dtype=int8
2026-10-01 05:16:00,679 WARNING:Tunable parameters ['BLOCK_TILE', 'threads'] already provided during auto-tuning. Skipping compilation and using direct JIT
  NKI skipped (not available)
Running case: {'m': 4096, 'n': 15360}, dtype=fp16
2026-10-01 05:16:00,780 WARNING:Tunable parameters ['BLOCK_TILE', 'threads'] already provided during auto-tuning. Skipping compilation and using direct JIT
  NKI skipped (not available)
Running case: {'m': 4096, 'n': 15360}, dtype=bf16
2026-10-01 05:16:00,883 WARNING:Tunable parameters ['BLOCK_TILE', 'threads'] already provided during auto-tuning. Skipping compilation and using direct JIT
  NKI skipped (not available)
Running case: {'m': 4096, 'n': 15360}, dtype=fp32
2026-10-01 05:16:00,995 WARNING:Tunable parameters ['BLOCK_TILE', 'threads'] already provided during auto-tuning. Skipping compilation and using direct JIT
  NKI skipped (not available)
Running case: {'m': 4096, 'n': 15360}, dtype=int8
2026-10-01 05:16:01,092 WARNING:Tunable parameters ['BLOCK_TILE', 'threads'] already provided during auto-tuning. Skipping compilation and using direct JIT
  NKI skipped (not available)
Running case: {'m': 4096, 'n': 16384}, dtype=fp16
2026-10-01 05:16:01,189 WARNING:Tunable parameters ['BLOCK_TILE', 'threads'] already provided during auto-tuning. Skipping compilation and using direct JIT
  NKI skipped (not available)
Running case: {'m': 4096, 'n': 16384}, dtype=bf16
2026-10-01 05:16:01,295 WARNING:Tunable parameters ['BLOCK_TILE', 'threads'] already provided during auto-tuning. Skipping compilation and using direct JIT
  NKI skipped (not available)
Running case: {'m': 4096, 'n': 16384}, dtype=fp32
2026-10-01 05:16:01,421 WARNING:Tunable parameters ['BLOCK_TILE', 'threads'] already provided during auto-tuning. Skipping compilation and using direct JIT
  NKI skipped (not available)
Running case: {'m': 4096, 'n': 16384}, dtype=int8
2026-10-01 05:16:01,522 WARNING:Tunable parameters ['BLOCK_TILE', 'threads'] already provided during auto-tuning. Skipping compilation and using direct JIT
  NKI skipped (not available)
Running case: {'m': 4096, 'n': 17408}, dtype=fp16
2026-10-01 05:16:01,621 WARNING:Tunable parameters ['BLOCK_TILE', 'threads'] already provided during auto-tuning. Skipping compilation and using direct JIT
  NKI skipped (not available)
Running case: {'m': 4096, 'n': 17408}, dtype=bf16
2026-10-01 05:16:01,737 WARNING:Tunable parameters ['BLOCK_TILE', 'threads'] already provided during auto-tuning. Skipping compilation and using direct JIT
  NKI skipped (not available)
Running case: {'m': 4096, 'n': 17408}, dtype=fp32
2026-10-01 05:16:01,847 WARNING:Tunable parameters ['BLOCK_TILE', 'threads'] already provided during auto-tuning. Skipping compilation and using direct JIT
  NKI skipped (not available)
Running case: {'m': 4096, 'n': 17408}, dtype=int8
2026-10-01 05:16:01,948 WARNING:Tunable parameters ['BLOCK_TILE', 'threads'] already provided during auto-tuning. Skipping compilation and using direct JIT
  NKI skipped (not available)
Running case: {'m': 4096, 'n': 18432}, dtype=fp16
2026-10-01 05:16:02,045 WARNING:Tunable parameters ['BLOCK_TILE', 'threads'] already provided during auto-tuning. Skipping compilation and using direct JIT
  NKI skipped (not available)
Running case: {'m': 4096, 'n': 18432}, dtype=bf16
2026-10-01 05:16:02,150 WARNING:Tunable parameters ['BLOCK_TILE', 'threads'] already provided during auto-tuning. Skipping compilation and using direct JIT
  NKI skipped (not available)
Running case: {'m': 4096, 'n': 18432}, dtype=fp32
2026-10-01 05:16:02,261 WARNING:Tunable parameters ['BLOCK_TILE', 'threads'] already provided during auto-tuning. Skipping compilation and using direct JIT
  NKI skipped (not available)
Running case: {'m': 4096, 'n': 18432}, dtype=int8
2026-10-01 05:16:02,360 WARNING:Tunable parameters ['BLOCK_TILE', 'threads'] already provided during auto-tuning. Skipping compilation and using direct JIT
  NKI skipped (not available)
Running case: {'m': 4096, 'n': 19456}, dtype=fp16
2026-10-01 05:16:02,461 WARNING:Tunable parameters ['BLOCK_TILE', 'threads'] already provided during auto-tuning. Skipping compilation and using direct JIT
  NKI skipped (not available)
Running case: {'m': 4096, 'n': 19456}, dtype=bf16
2026-10-01 05:16:02,566 WARNING:Tunable parameters ['BLOCK_TILE', 'threads'] already provided during auto-tuning. Skipping compilation and using direct JIT
  NKI skipped (not available)
Running case: {'m': 4096, 'n': 19456}, dtype=fp32
2026-10-01 05:16:02,679 WARNING:Tunable parameters ['BLOCK_TILE', 'threads'] already provided during auto-tuning. Skipping compilation and using direct JIT
  NKI skipped (not available)
Running case: {'m': 4096, 'n': 19456}, dtype=int8
2026-10-01 05:16:02,783 WARNING:Tunable parameters ['BLOCK_TILE', 'threads'] already provided during auto-tuning. Skipping compilation and using direct JIT
  NKI skipped (not available)
Running case: {'m': 4096, 'n': 20480}, dtype=fp16
2026-10-01 05:16:02,898 WARNING:Tunable parameters ['BLOCK_TILE', 'threads'] already provided during auto-tuning. Skipping compilation and using direct JIT
  NKI skipped (not available)
Running case: {'m': 4096, 'n': 20480}, dtype=bf16
2026-10-01 05:16:03,003 WARNING:Tunable parameters ['BLOCK_TILE', 'threads'] already provided during auto-tuning. Skipping compilation and using direct JIT
  NKI skipped (not available)
Running case: {'m': 4096, 'n': 20480}, dtype=fp32
2026-10-01 05:16:03,132 WARNING:Tunable parameters ['BLOCK_TILE', 'threads'] already provided during auto-tuning. Skipping compilation and using direct JIT
  NKI skipped (not available)
Running case: {'m': 4096, 'n': 20480}, dtype=int8
2026-10-01 05:16:03,237 WARNING:Tunable parameters ['BLOCK_TILE', 'threads'] already provided during auto-tuning. Skipping compilation and using direct JIT
  NKI skipped (not available)
Timing results  → /projects/kzhou6/bcui2/research/tilebench/Tilebench-gh200/results/GH200/logs/time_measurement_logs/matrix_transpose_default_triton-cutile-tilelang.json
Autotune log    → /projects/kzhou6/bcui2/research/tilebench/Tilebench-gh200/results/GH200/logs/autotune_logs/matrix_transpose_default_triton-cutile-tilelang.json
TileLang autotuner log → /projects/kzhou6/bcui2/research/tilebench/Tilebench-gh200/results/GH200/logs/tilelang_autotuner/matrix_transpose_default_triton-cutile-tilelang.log
Provenance      → /projects/kzhou6/bcui2/research/tilebench/Tilebench-gh200/results/GH200/logs/provenance/matrix_transpose_default_triton-cutile-tilelang.json

Summary:
Params    |    Dtype |  Torch(ms) |   Triton(ms) |   cuTile(ms) | TileLang(ms) |  Speedup(T) |  Speedup(C) | Speedup(TL)
------------------------------------------------------------------------------------------------------------------------
n=1024    | fp16     |     0.0287 |       0.0067 |       0.0069 |       0.0081 |        4.31 |        4.16 |        3.56
n=1024    | bf16     |     0.0284 |       0.0065 |       0.0068 |       0.0081 |        4.38 |        4.16 |        3.49
n=1024    | fp32     |     0.0309 |       0.0118 |       0.0111 |       0.0135 |        2.62 |        2.80 |        2.29
n=1024    | int8     |     0.0254 |       0.0055 |       0.0056 |       0.0068 |        4.61 |        4.54 |        3.73
n=2048    | fp16     |     0.0531 |       0.0118 |       0.0120 |       0.0146 |        4.50 |        4.42 |        3.64
n=2048    | bf16     |     0.0534 |       0.0124 |       0.0122 |       0.0152 |        4.29 |        4.38 |        3.51
n=2048    | fp32     |     0.0589 |       0.0219 |       0.0220 |       0.0249 |        2.69 |        2.68 |        2.36
n=2048    | int8     |     0.0460 |       0.0080 |       0.0083 |       0.0107 |        5.77 |        5.53 |        4.30
n=3072    | fp16     |     0.0813 |       0.0173 |       0.0173 |       0.0197 |        4.70 |        4.69 |        4.13
n=3072    | bf16     |     0.0798 |       0.0171 |       0.0173 |       0.0205 |        4.68 |        4.60 |        3.89
n=3072    | fp32     |     0.0876 |       0.0307 |       0.0313 |       0.0347 |        2.85 |        2.79 |        2.52
n=3072    | int8     |     0.0723 |       0.0118 |       0.0119 |       0.0152 |        6.15 |        6.08 |        4.76
n=4096    | fp16     |     0.1075 |       0.0221 |       0.0227 |       0.0248 |        4.86 |        4.74 |        4.33
n=4096    | bf16     |     0.1040 |       0.0219 |       0.0229 |       0.0249 |        4.75 |        4.54 |        4.18
n=4096    | fp32     |     0.1163 |       0.0407 |       0.0411 |       0.0445 |        2.86 |        2.83 |        2.62
n=4096    | int8     |     0.0898 |       0.0141 |       0.0138 |       0.0180 |        6.36 |        6.52 |        5.00
n=5120    | fp16     |     0.1330 |       0.0270 |       0.0278 |       0.0306 |        4.92 |        4.79 |        4.35
n=5120    | bf16     |     0.1322 |       0.0273 |       0.0276 |       0.0309 |        4.84 |        4.79 |        4.28
n=5120    | fp32     |     0.1462 |       0.0494 |       0.0502 |       0.0545 |        2.96 |        2.91 |        2.68
n=5120    | int8     |     0.1165 |       0.0172 |       0.0168 |       0.0211 |        6.76 |        6.95 |        5.51
n=6144    | fp16     |     0.1597 |       0.0329 |       0.0320 |       0.0354 |        4.86 |        4.98 |        4.51
n=6144    | bf16     |     0.1577 |       0.0326 |       0.0326 |       0.0350 |        4.84 |        4.84 |        4.51
n=6144    | fp32     |     0.1748 |       0.0596 |       0.0597 |       0.0637 |        2.93 |        2.93 |        2.74
n=6144    | int8     |     0.1436 |       0.0194 |       0.0195 |       0.0242 |        7.41 |        7.35 |        5.93
n=7168    | fp16     |     0.1855 |       0.0373 |       0.0369 |       0.0403 |        4.97 |        5.02 |        4.60
n=7168    | bf16     |     0.1886 |       0.0377 |       0.0370 |       0.0399 |        5.01 |        5.09 |        4.73
n=7168    | fp32     |     0.2029 |       0.0691 |       0.0687 |       0.0729 |        2.94 |        2.95 |        2.79
n=7168    | int8     |     0.1829 |       0.0233 |       0.0231 |       0.0283 |        7.85 |        7.92 |        6.47
n=8192    | fp16     |     0.2094 |       0.0424 |       0.0419 |       0.0439 |        4.94 |        5.00 |        4.76
n=8192    | bf16     |     0.2116 |       0.0441 |       0.0440 |       0.0451 |        4.80 |        4.81 |        4.69
n=8192    | fp32     |     0.2284 |       0.0778 |       0.0785 |       0.0813 |        2.94 |        2.91 |        2.81
n=8192    | int8     |     0.1861 |       0.0249 |       0.0243 |       0.0301 |        7.47 |        7.67 |        6.19
n=9216    | fp16     |     0.2428 |       0.0472 |       0.0468 |       0.0494 |        5.14 |        5.19 |        4.91
n=9216    | bf16     |     0.2475 |       0.0473 |       0.0472 |       0.0503 |        5.23 |        5.25 |        4.92
n=9216    | fp32     |     0.2624 |       0.0878 |       0.0876 |       0.0920 |        2.99 |        2.99 |        2.85
n=9216    | int8     |     0.2263 |       0.0290 |       0.0292 |       0.0342 |        7.80 |        7.74 |        6.62
n=10240   | fp16     |     0.2645 |       0.0519 |       0.0517 |       0.0566 |        5.10 |        5.11 |        4.67
n=10240   | bf16     |     0.2748 |       0.0523 |       0.0515 |       0.0573 |        5.25 |        5.33 |        4.79
n=10240   | fp32     |     0.2913 |       0.0984 |       0.0978 |       0.1044 |        2.96 |        2.98 |        2.79
n=10240   | int8     |     0.2391 |       0.0305 |       0.0304 |       0.0378 |        7.84 |        7.86 |        6.32
n=11264   | fp16     |     0.3100 |       0.0575 |       0.0572 |       0.0606 |        5.39 |        5.42 |        5.11
n=11264   | bf16     |     0.2934 |       0.0597 |       0.0592 |       0.0611 |        4.91 |        4.96 |        4.80
n=11264   | fp32     |     0.3263 |       0.1076 |       0.1077 |       0.1117 |        3.03 |        3.03 |        2.92
n=11264   | int8     |     0.2654 |       0.0328 |       0.0337 |       0.0408 |        8.10 |        7.87 |        6.51
n=12288   | fp16     |     0.3194 |       0.0625 |       0.0624 |       0.0656 |        5.11 |        5.12 |        4.87
n=12288   | bf16     |     0.3173 |       0.0625 |       0.0626 |       0.0654 |        5.07 |        5.07 |        4.85
n=12288   | fp32     |     0.3561 |       0.1168 |       0.1164 |       0.1220 |        3.05 |        3.06 |        2.92
n=12288   | int8     |     0.2841 |       0.0353 |       0.0355 |       0.0438 |        8.06 |        8.01 |        6.49
n=13312   | fp16     |     0.3701 |       0.0689 |       0.0674 |       0.0705 |        5.37 |        5.49 |        5.25
n=13312   | bf16     |     0.3569 |       0.0669 |       0.0665 |       0.0696 |        5.33 |        5.37 |        5.12
n=13312   | fp32     |     0.3844 |       0.1277 |       0.1268 |       0.1317 |        3.01 |        3.03 |        2.92
n=13312   | int8     |     0.3175 |       0.0372 |       0.0381 |       0.0469 |        8.53 |        8.32 |        6.76
n=14336   | fp16     |     0.3717 |       0.0723 |       0.0722 |       0.0748 |        5.14 |        5.14 |        4.97
n=14336   | bf16     |     0.3754 |       0.0721 |       0.0721 |       0.0753 |        5.21 |        5.21 |        4.99
n=14336   | fp32     |     0.4068 |       0.1358 |       0.1346 |       0.1399 |        3.00 |        3.02 |        2.91
n=14336   | int8     |     0.3555 |       0.0399 |       0.0404 |       0.0503 |        8.92 |        8.80 |        7.07
n=15360   | fp16     |     0.4115 |       0.0771 |       0.0763 |       0.0818 |        5.34 |        5.39 |        5.03
n=15360   | bf16     |     0.4086 |       0.0767 |       0.0769 |       0.0814 |        5.32 |        5.31 |        5.02
n=15360   | fp32     |     0.4361 |       0.1458 |       0.1447 |       0.1524 |        2.99 |        3.01 |        2.86
n=15360   | int8     |     0.3841 |       0.0418 |       0.0438 |       0.0533 |        9.19 |        8.77 |        7.21
n=16384   | fp16     |     0.4150 |       0.0807 |       0.0810 |       0.0819 |        5.15 |        5.13 |        5.07
n=16384   | bf16     |     0.4179 |       0.0833 |       0.0827 |       0.0851 |        5.02 |        5.05 |        4.91
n=16384   | fp32     |     0.4652 |       0.1539 |       0.1538 |       0.1591 |        3.02 |        3.02 |        2.92
n=16384   | int8     |     0.3719 |       0.0447 |       0.0445 |       0.0556 |        8.31 |        8.36 |        6.68
n=17408   | fp16     |     0.4635 |       0.0863 |       0.0853 |       0.0924 |        5.37 |        5.44 |        5.02
n=17408   | bf16     |     0.4594 |       0.0875 |       0.0875 |       0.0926 |        5.25 |        5.25 |        4.96
n=17408   | fp32     |     0.4984 |       0.1658 |       0.1634 |       0.1725 |        3.01 |        3.05 |        2.89
n=17408   | int8     |     0.4057 |       0.0475 |       0.0483 |       0.0604 |        8.54 |        8.39 |        6.72
n=18432   | fp16     |     0.4872 |       0.0909 |       0.0908 |       0.0940 |        5.36 |        5.37 |        5.19
n=18432   | bf16     |     0.4896 |       0.0920 |       0.0919 |       0.0955 |        5.32 |        5.33 |        5.13
n=18432   | fp32     |     0.5257 |       0.1739 |       0.1727 |       0.1797 |        3.02 |        3.04 |        2.93
n=18432   | int8     |     0.4309 |       0.0503 |       0.0510 |       0.0632 |        8.56 |        8.45 |        6.82
n=19456   | fp16     |     0.5378 |       0.0969 |       0.0965 |       0.1007 |        5.55 |        5.57 |        5.34
n=19456   | bf16     |     0.5460 |       0.0988 |       0.0986 |       0.1010 |        5.52 |        5.54 |        5.40
n=19456   | fp32     |     0.5770 |       0.1847 |       0.1829 |       0.1914 |        3.12 |        3.15 |        3.01
n=19456   | int8     |     0.4899 |       0.0528 |       0.0546 |       0.0666 |        9.28 |        8.97 |        7.36
n=20480   | fp16     |     0.5490 |       0.1030 |       0.1032 |       0.1088 |        5.33 |        5.32 |        5.05
n=20480   | bf16     |     0.5400 |       0.1025 |       0.1017 |       0.1082 |        5.27 |        5.31 |        4.99
n=20480   | fp32     |     0.5889 |       0.1938 |       0.1935 |       0.2032 |        3.04 |        3.04 |        2.90
n=20480   | int8     |     0.4820 |       0.0562 |       0.0572 |       0.0707 |        8.57 |        8.42 |        6.82
Summary CSV     → /projects/kzhou6/bcui2/research/tilebench/Tilebench-gh200/results/GH200/csv/matrix_transpose_default.csv
