GPU/result namespace: GH200 (detected device: NVIDIA GH200 480GB, arch: hopper)
Starting benchmark for operator: mean_reduction
Tile-language backends: torch (baseline) + cutile, tilelang, triton
  NKI not selected (--tile-language)
Running case: {'M': 2048, 'N': 1024}, dtype=fp16
2026-10-01 05:16:07,333 WARNING:Tunable parameters ['BLOCK_N', 'threads', 'num_stages'] already provided during auto-tuning. Skipping compilation and using direct JIT
  NKI skipped (not available)
Running case: {'M': 2048, 'N': 1024}, dtype=bf16
2026-10-01 05:16:07,693 WARNING:Tunable parameters ['BLOCK_N', 'threads', 'num_stages'] already provided during auto-tuning. Skipping compilation and using direct JIT
  NKI skipped (not available)
Running case: {'M': 2048, 'N': 1024}, dtype=fp32
2026-10-01 05:16:07,991 WARNING:Tunable parameters ['BLOCK_N', 'threads', 'num_stages'] already provided during auto-tuning. Skipping compilation and using direct JIT
  NKI skipped (not available)
Running case: {'M': 2048, 'N': 2048}, dtype=fp16
2026-10-01 05:16:08,286 WARNING:Tunable parameters ['BLOCK_N', 'threads', 'num_stages'] already provided during auto-tuning. Skipping compilation and using direct JIT
  NKI skipped (not available)
Running case: {'M': 2048, 'N': 2048}, dtype=bf16
2026-10-01 05:16:08,584 WARNING:Tunable parameters ['BLOCK_N', 'threads', 'num_stages'] already provided during auto-tuning. Skipping compilation and using direct JIT
  NKI skipped (not available)
Running case: {'M': 2048, 'N': 2048}, dtype=fp32
2026-10-01 05:16:08,899 WARNING:Tunable parameters ['BLOCK_N', 'threads', 'num_stages'] already provided during auto-tuning. Skipping compilation and using direct JIT
  NKI skipped (not available)
Running case: {'M': 2048, 'N': 3072}, dtype=fp16
2026-10-01 05:16:09,203 WARNING:Tunable parameters ['BLOCK_N', 'threads', 'num_stages'] already provided during auto-tuning. Skipping compilation and using direct JIT
  NKI skipped (not available)
Running case: {'M': 2048, 'N': 3072}, dtype=bf16
2026-10-01 05:16:09,533 WARNING:Tunable parameters ['BLOCK_N', 'threads', 'num_stages'] already provided during auto-tuning. Skipping compilation and using direct JIT
  NKI skipped (not available)
Running case: {'M': 2048, 'N': 3072}, dtype=fp32
2026-10-01 05:16:09,851 WARNING:Tunable parameters ['BLOCK_N', 'threads', 'num_stages'] already provided during auto-tuning. Skipping compilation and using direct JIT
  NKI skipped (not available)
Running case: {'M': 2048, 'N': 4096}, dtype=fp16
2026-10-01 05:16:10,202 WARNING:Tunable parameters ['BLOCK_N', 'threads', 'num_stages'] already provided during auto-tuning. Skipping compilation and using direct JIT
  NKI skipped (not available)
Running case: {'M': 2048, 'N': 4096}, dtype=bf16
2026-10-01 05:16:10,560 WARNING:Tunable parameters ['BLOCK_N', 'threads', 'num_stages'] already provided during auto-tuning. Skipping compilation and using direct JIT
  NKI skipped (not available)
Running case: {'M': 2048, 'N': 4096}, dtype=fp32
2026-10-01 05:16:10,960 WARNING:Tunable parameters ['BLOCK_N', 'threads', 'num_stages'] already provided during auto-tuning. Skipping compilation and using direct JIT
  NKI skipped (not available)
Running case: {'M': 2048, 'N': 5120}, dtype=fp16
2026-10-01 05:16:11,392 WARNING:Tunable parameters ['BLOCK_N', 'threads', 'num_stages'] already provided during auto-tuning. Skipping compilation and using direct JIT
  NKI skipped (not available)
Running case: {'M': 2048, 'N': 5120}, dtype=bf16
2026-10-01 05:16:11,782 WARNING:Tunable parameters ['BLOCK_N', 'threads', 'num_stages'] already provided during auto-tuning. Skipping compilation and using direct JIT
  NKI skipped (not available)
Running case: {'M': 2048, 'N': 5120}, dtype=fp32
2026-10-01 05:16:12,208 WARNING:Tunable parameters ['BLOCK_N', 'threads', 'num_stages'] already provided during auto-tuning. Skipping compilation and using direct JIT
  NKI skipped (not available)
Running case: {'M': 2048, 'N': 6144}, dtype=fp16
2026-10-01 05:16:12,740 WARNING:Tunable parameters ['BLOCK_N', 'threads', 'num_stages'] already provided during auto-tuning. Skipping compilation and using direct JIT
  NKI skipped (not available)
Running case: {'M': 2048, 'N': 6144}, dtype=bf16
2026-10-01 05:16:13,286 WARNING:Tunable parameters ['BLOCK_N', 'threads', 'num_stages'] already provided during auto-tuning. Skipping compilation and using direct JIT
  NKI skipped (not available)
Running case: {'M': 2048, 'N': 6144}, dtype=fp32
2026-10-01 05:16:13,646 WARNING:Tunable parameters ['BLOCK_N', 'threads', 'num_stages'] already provided during auto-tuning. Skipping compilation and using direct JIT
  NKI skipped (not available)
Running case: {'M': 2048, 'N': 7168}, dtype=fp16
2026-10-01 05:16:14,019 WARNING:Tunable parameters ['BLOCK_N', 'threads', 'num_stages'] already provided during auto-tuning. Skipping compilation and using direct JIT
  NKI skipped (not available)
Running case: {'M': 2048, 'N': 7168}, dtype=bf16
2026-10-01 05:16:14,384 WARNING:Tunable parameters ['BLOCK_N', 'threads', 'num_stages'] already provided during auto-tuning. Skipping compilation and using direct JIT
  NKI skipped (not available)
Running case: {'M': 2048, 'N': 7168}, dtype=fp32
2026-10-01 05:16:14,768 WARNING:Tunable parameters ['BLOCK_N', 'threads', 'num_stages'] already provided during auto-tuning. Skipping compilation and using direct JIT
  NKI skipped (not available)
Running case: {'M': 2048, 'N': 8192}, dtype=fp16
2026-10-01 05:16:15,144 WARNING:Tunable parameters ['BLOCK_N', 'threads', 'num_stages'] already provided during auto-tuning. Skipping compilation and using direct JIT
  NKI skipped (not available)
Running case: {'M': 2048, 'N': 8192}, dtype=bf16
2026-10-01 05:16:15,592 WARNING:Tunable parameters ['BLOCK_N', 'threads', 'num_stages'] already provided during auto-tuning. Skipping compilation and using direct JIT
  NKI skipped (not available)
Running case: {'M': 2048, 'N': 8192}, dtype=fp32
2026-10-01 05:16:16,069 WARNING:Tunable parameters ['BLOCK_N', 'threads', 'num_stages'] already provided during auto-tuning. Skipping compilation and using direct JIT
  NKI skipped (not available)
Running case: {'M': 2048, 'N': 9216}, dtype=fp16
2026-10-01 05:16:16,538 WARNING:Tunable parameters ['BLOCK_N', 'threads', 'num_stages'] already provided during auto-tuning. Skipping compilation and using direct JIT
  NKI skipped (not available)
Running case: {'M': 2048, 'N': 9216}, dtype=bf16
2026-10-01 05:16:16,974 WARNING:Tunable parameters ['BLOCK_N', 'threads', 'num_stages'] already provided during auto-tuning. Skipping compilation and using direct JIT
  NKI skipped (not available)
Running case: {'M': 2048, 'N': 9216}, dtype=fp32
2026-10-01 05:16:17,370 WARNING:Tunable parameters ['BLOCK_N', 'threads', 'num_stages'] already provided during auto-tuning. Skipping compilation and using direct JIT
  NKI skipped (not available)
Running case: {'M': 2048, 'N': 10240}, dtype=fp16
2026-10-01 05:16:17,736 WARNING:Tunable parameters ['BLOCK_N', 'threads', 'num_stages'] already provided during auto-tuning. Skipping compilation and using direct JIT
  NKI skipped (not available)
Running case: {'M': 2048, 'N': 10240}, dtype=bf16
2026-10-01 05:16:18,110 WARNING:Tunable parameters ['BLOCK_N', 'threads', 'num_stages'] already provided during auto-tuning. Skipping compilation and using direct JIT
  NKI skipped (not available)
Running case: {'M': 2048, 'N': 10240}, dtype=fp32
2026-10-01 05:16:18,462 WARNING:Tunable parameters ['BLOCK_N', 'threads', 'num_stages'] already provided during auto-tuning. Skipping compilation and using direct JIT
  NKI skipped (not available)
Running case: {'M': 2048, 'N': 11264}, dtype=fp16
2026-10-01 05:16:18,916 WARNING:Tunable parameters ['BLOCK_N', 'threads', 'num_stages'] already provided during auto-tuning. Skipping compilation and using direct JIT
  NKI skipped (not available)
Running case: {'M': 2048, 'N': 11264}, dtype=bf16
2026-10-01 05:16:19,314 WARNING:Tunable parameters ['BLOCK_N', 'threads', 'num_stages'] already provided during auto-tuning. Skipping compilation and using direct JIT
  NKI skipped (not available)
Running case: {'M': 2048, 'N': 11264}, dtype=fp32
2026-10-01 05:16:19,645 WARNING:Tunable parameters ['BLOCK_N', 'threads', 'num_stages'] already provided during auto-tuning. Skipping compilation and using direct JIT
  NKI skipped (not available)
Running case: {'M': 2048, 'N': 12288}, dtype=fp16
2026-10-01 05:16:19,995 WARNING:Tunable parameters ['BLOCK_N', 'threads', 'num_stages'] already provided during auto-tuning. Skipping compilation and using direct JIT
  NKI skipped (not available)
Running case: {'M': 2048, 'N': 12288}, dtype=bf16
2026-10-01 05:16:20,350 WARNING:Tunable parameters ['BLOCK_N', 'threads', 'num_stages'] already provided during auto-tuning. Skipping compilation and using direct JIT
  NKI skipped (not available)
Running case: {'M': 2048, 'N': 12288}, dtype=fp32
2026-10-01 05:16:20,701 WARNING:Tunable parameters ['BLOCK_N', 'threads', 'num_stages'] already provided during auto-tuning. Skipping compilation and using direct JIT
  NKI skipped (not available)
Running case: {'M': 2048, 'N': 13312}, dtype=fp16
2026-10-01 05:16:21,023 WARNING:Tunable parameters ['BLOCK_N', 'threads', 'num_stages'] already provided during auto-tuning. Skipping compilation and using direct JIT
  NKI skipped (not available)
Running case: {'M': 2048, 'N': 13312}, dtype=bf16
2026-10-01 05:16:21,356 WARNING:Tunable parameters ['BLOCK_N', 'threads', 'num_stages'] already provided during auto-tuning. Skipping compilation and using direct JIT
  NKI skipped (not available)
Running case: {'M': 2048, 'N': 13312}, dtype=fp32
2026-10-01 05:16:21,684 WARNING:Tunable parameters ['BLOCK_N', 'threads', 'num_stages'] already provided during auto-tuning. Skipping compilation and using direct JIT
  NKI skipped (not available)
Running case: {'M': 2048, 'N': 14336}, dtype=fp16
2026-10-01 05:16:22,044 WARNING:Tunable parameters ['BLOCK_N', 'threads', 'num_stages'] already provided during auto-tuning. Skipping compilation and using direct JIT
  NKI skipped (not available)
Running case: {'M': 2048, 'N': 14336}, dtype=bf16
2026-10-01 05:16:22,453 WARNING:Tunable parameters ['BLOCK_N', 'threads', 'num_stages'] already provided during auto-tuning. Skipping compilation and using direct JIT
  NKI skipped (not available)
Running case: {'M': 2048, 'N': 14336}, dtype=fp32
2026-10-01 05:16:22,885 WARNING:Tunable parameters ['BLOCK_N', 'threads', 'num_stages'] already provided during auto-tuning. Skipping compilation and using direct JIT
  NKI skipped (not available)
Running case: {'M': 2048, 'N': 15360}, dtype=fp16
2026-10-01 05:16:23,274 WARNING:Tunable parameters ['BLOCK_N', 'threads', 'num_stages'] already provided during auto-tuning. Skipping compilation and using direct JIT
  NKI skipped (not available)
Running case: {'M': 2048, 'N': 15360}, dtype=bf16
2026-10-01 05:16:23,655 WARNING:Tunable parameters ['BLOCK_N', 'threads', 'num_stages'] already provided during auto-tuning. Skipping compilation and using direct JIT
  NKI skipped (not available)
Running case: {'M': 2048, 'N': 15360}, dtype=fp32
2026-10-01 05:16:24,033 WARNING:Tunable parameters ['BLOCK_N', 'threads', 'num_stages'] already provided during auto-tuning. Skipping compilation and using direct JIT
  NKI skipped (not available)
Running case: {'M': 2048, 'N': 16384}, dtype=fp16
2026-10-01 05:16:24,500 WARNING:Tunable parameters ['BLOCK_N', 'threads', 'num_stages'] already provided during auto-tuning. Skipping compilation and using direct JIT
  NKI skipped (not available)
Running case: {'M': 2048, 'N': 16384}, dtype=bf16
2026-10-01 05:16:24,877 WARNING:Tunable parameters ['BLOCK_N', 'threads', 'num_stages'] already provided during auto-tuning. Skipping compilation and using direct JIT
  NKI skipped (not available)
Running case: {'M': 2048, 'N': 16384}, dtype=fp32
2026-10-01 05:16:25,259 WARNING:Tunable parameters ['BLOCK_N', 'threads', 'num_stages'] already provided during auto-tuning. Skipping compilation and using direct JIT
  NKI skipped (not available)
Running case: {'M': 2048, 'N': 17408}, dtype=fp16
2026-10-01 05:16:25,653 WARNING:Tunable parameters ['BLOCK_N', 'threads', 'num_stages'] already provided during auto-tuning. Skipping compilation and using direct JIT
  NKI skipped (not available)
Running case: {'M': 2048, 'N': 17408}, dtype=bf16
2026-10-01 05:16:26,087 WARNING:Tunable parameters ['BLOCK_N', 'threads', 'num_stages'] already provided during auto-tuning. Skipping compilation and using direct JIT
  NKI skipped (not available)
Running case: {'M': 2048, 'N': 17408}, dtype=fp32
2026-10-01 05:16:26,422 WARNING:Tunable parameters ['BLOCK_N', 'threads', 'num_stages'] already provided during auto-tuning. Skipping compilation and using direct JIT
  NKI skipped (not available)
Running case: {'M': 2048, 'N': 18432}, dtype=fp16
2026-10-01 05:16:26,790 WARNING:Tunable parameters ['BLOCK_N', 'threads', 'num_stages'] already provided during auto-tuning. Skipping compilation and using direct JIT
  NKI skipped (not available)
Running case: {'M': 2048, 'N': 18432}, dtype=bf16
2026-10-01 05:16:27,119 WARNING:Tunable parameters ['BLOCK_N', 'threads', 'num_stages'] already provided during auto-tuning. Skipping compilation and using direct JIT
  NKI skipped (not available)
Running case: {'M': 2048, 'N': 18432}, dtype=fp32
2026-10-01 05:16:27,448 WARNING:Tunable parameters ['BLOCK_N', 'threads', 'num_stages'] already provided during auto-tuning. Skipping compilation and using direct JIT
  NKI skipped (not available)
Running case: {'M': 2048, 'N': 19456}, dtype=fp16
2026-10-01 05:16:27,789 WARNING:Tunable parameters ['BLOCK_N', 'threads', 'num_stages'] already provided during auto-tuning. Skipping compilation and using direct JIT
  NKI skipped (not available)
Running case: {'M': 2048, 'N': 19456}, dtype=bf16
2026-10-01 05:16:28,113 WARNING:Tunable parameters ['BLOCK_N', 'threads', 'num_stages'] already provided during auto-tuning. Skipping compilation and using direct JIT
  NKI skipped (not available)
Running case: {'M': 2048, 'N': 19456}, dtype=fp32
2026-10-01 05:16:28,487 WARNING:Tunable parameters ['BLOCK_N', 'threads', 'num_stages'] already provided during auto-tuning. Skipping compilation and using direct JIT
  NKI skipped (not available)
Running case: {'M': 2048, 'N': 20480}, dtype=fp16
2026-10-01 05:16:28,861 WARNING:Tunable parameters ['BLOCK_N', 'threads', 'num_stages'] already provided during auto-tuning. Skipping compilation and using direct JIT
  NKI skipped (not available)
Running case: {'M': 2048, 'N': 20480}, dtype=bf16
2026-10-01 05:16:29,225 WARNING:Tunable parameters ['BLOCK_N', 'threads', 'num_stages'] already provided during auto-tuning. Skipping compilation and using direct JIT
  NKI skipped (not available)
Running case: {'M': 2048, 'N': 20480}, dtype=fp32
2026-10-01 05:16:29,586 WARNING:Tunable parameters ['BLOCK_N', 'threads', 'num_stages'] already provided during auto-tuning. Skipping compilation and using direct JIT
  NKI skipped (not available)
Timing results  → /projects/kzhou6/bcui2/research/tilebench/Tilebench-gh200/results/GH200/logs/time_measurement_logs/mean_reduction_default_triton-cutile-tilelang.json
Autotune log    → /projects/kzhou6/bcui2/research/tilebench/Tilebench-gh200/results/GH200/logs/autotune_logs/mean_reduction_default_triton-cutile-tilelang.json
TileLang autotuner log → /projects/kzhou6/bcui2/research/tilebench/Tilebench-gh200/results/GH200/logs/tilelang_autotuner/mean_reduction_default_triton-cutile-tilelang.log
Provenance      → /projects/kzhou6/bcui2/research/tilebench/Tilebench-gh200/results/GH200/logs/provenance/mean_reduction_default_triton-cutile-tilelang.json

Summary:
Params    |    Dtype |  Torch(ms) |   Triton(ms) |   cuTile(ms) | TileLang(ms) |  Speedup(T) |  Speedup(C) | Speedup(TL)
------------------------------------------------------------------------------------------------------------------------
N=1024    | fp16     |     0.0055 |       0.0039 |       0.0040 |       0.0039 |        1.42 |        1.36 |        1.42
N=1024    | bf16     |     0.0054 |       0.0039 |       0.0040 |       0.0038 |        1.39 |        1.36 |        1.41
N=1024    | fp32     |     0.0079 |       0.0053 |       0.0056 |       0.0052 |        1.49 |        1.40 |        1.50
N=2048    | fp16     |     0.0080 |       0.0057 |       0.0059 |       0.0055 |        1.40 |        1.35 |        1.45
N=2048    | bf16     |     0.0082 |       0.0055 |       0.0059 |       0.0054 |        1.50 |        1.39 |        1.50
N=2048    | fp32     |     0.0127 |       0.0085 |       0.0088 |       0.0084 |        1.49 |        1.45 |        1.51
N=3072    | fp16     |     0.0105 |       0.0069 |       0.0081 |       0.0070 |        1.51 |        1.29 |        1.50
N=3072    | bf16     |     0.0105 |       0.0071 |       0.0081 |       0.0069 |        1.48 |        1.29 |        1.52
N=3072    | fp32     |     0.0180 |       0.0115 |       0.0118 |       0.0115 |        1.57 |        1.52 |        1.57
N=4096    | fp16     |     0.0129 |       0.0089 |       0.0103 |       0.0087 |        1.46 |        1.26 |        1.49
N=4096    | bf16     |     0.0127 |       0.0086 |       0.0103 |       0.0087 |        1.48 |        1.24 |        1.46
N=4096    | fp32     |     0.0233 |       0.0145 |       0.0145 |       0.0145 |        1.60 |        1.61 |        1.60
N=5120    | fp16     |     0.0157 |       0.0102 |       0.0123 |       0.0099 |        1.54 |        1.28 |        1.58
N=5120    | bf16     |     0.0159 |       0.0102 |       0.0119 |       0.0100 |        1.55 |        1.33 |        1.58
N=5120    | fp32     |     0.0290 |       0.0174 |       0.0175 |       0.0179 |        1.67 |        1.66 |        1.62
N=6144    | fp16     |     0.0183 |       0.0115 |       0.0142 |       0.0115 |        1.59 |        1.29 |        1.59
N=6144    | bf16     |     0.0181 |       0.0114 |       0.0139 |       0.0115 |        1.58 |        1.31 |        1.58
N=6144    | fp32     |     0.0339 |       0.0205 |       0.0209 |       0.0201 |        1.66 |        1.62 |        1.69
N=7168    | fp16     |     0.0209 |       0.0129 |       0.0185 |       0.0130 |        1.62 |        1.13 |        1.61
N=7168    | bf16     |     0.0211 |       0.0129 |       0.0183 |       0.0129 |        1.63 |        1.15 |        1.63
N=7168    | fp32     |     0.0380 |       0.0235 |       0.0231 |       0.0230 |        1.62 |        1.65 |        1.65
N=8192    | fp16     |     0.0191 |       0.0145 |       0.0210 |       0.0152 |        1.32 |        0.91 |        1.25
N=8192    | bf16     |     0.0194 |       0.0144 |       0.0212 |       0.0145 |        1.34 |        0.92 |        1.33
N=8192    | fp32     |     0.0314 |       0.0263 |       0.0262 |       0.0266 |        1.19 |        1.20 |        1.18
N=9216    | fp16     |     0.0229 |       0.0160 |       0.0266 |       0.0160 |        1.43 |        0.86 |        1.43
N=9216    | bf16     |     0.0229 |       0.0158 |       0.0218 |       0.0158 |        1.45 |        1.05 |        1.45
N=9216    | fp32     |     0.0352 |       0.0292 |       0.0288 |       0.0287 |        1.20 |        1.22 |        1.23
N=10240   | fp16     |     0.0239 |       0.0184 |       0.0298 |       0.0177 |        1.30 |        0.80 |        1.35
N=10240   | bf16     |     0.0239 |       0.0175 |       0.0237 |       0.0174 |        1.36 |        1.01 |        1.37
N=10240   | fp32     |     0.0367 |       0.0320 |       0.0322 |       0.0316 |        1.15 |        1.14 |        1.16
N=11264   | fp16     |     0.0250 |       0.0194 |       0.0340 |       0.0189 |        1.29 |        0.74 |        1.32
N=11264   | bf16     |     0.0251 |       0.0200 |       0.0247 |       0.0190 |        1.25 |        1.02 |        1.32
N=11264   | fp32     |     0.0403 |       0.0348 |       0.0341 |       0.0346 |        1.16 |        1.18 |        1.16
N=12288   | fp16     |     0.0259 |       0.0205 |       0.0361 |       0.0204 |        1.27 |        0.72 |        1.27
N=12288   | bf16     |     0.0260 |       0.0209 |       0.0290 |       0.0208 |        1.25 |        0.90 |        1.25
N=12288   | fp32     |     0.0415 |       0.0381 |       0.0376 |       0.0366 |        1.09 |        1.10 |        1.13
N=13312   | fp16     |     0.0282 |       0.0220 |       0.0388 |       0.0216 |        1.29 |        0.73 |        1.30
N=13312   | bf16     |     0.0286 |       0.0222 |       0.0296 |       0.0220 |        1.29 |        0.97 |        1.30
N=13312   | fp32     |     0.0455 |       0.0406 |       0.0391 |       0.0389 |        1.12 |        1.17 |        1.17
N=14336   | fp16     |     0.0300 |       0.0236 |       0.0406 |       0.0230 |        1.27 |        0.74 |        1.30
N=14336   | bf16     |     0.0298 |       0.0235 |       0.0314 |       0.0239 |        1.27 |        0.95 |        1.25
N=14336   | fp32     |     0.0457 |       0.0419 |       0.0415 |       0.0422 |        1.09 |        1.10 |        1.08
N=15360   | fp16     |     0.0307 |       0.0249 |       0.0407 |       0.0246 |        1.23 |        0.75 |        1.25
N=15360   | bf16     |     0.0308 |       0.0254 |       0.0350 |       0.0246 |        1.21 |        0.88 |        1.25
N=15360   | fp32     |     0.0490 |       0.0452 |       0.0444 |       0.0436 |        1.08 |        1.10 |        1.12
N=16384   | fp16     |     0.0312 |       0.0265 |       0.0417 |       0.0259 |        1.18 |        0.75 |        1.20
N=16384   | bf16     |     0.0316 |       0.0279 |       0.0351 |       0.0260 |        1.13 |        0.90 |        1.21
N=16384   | fp32     |     0.0504 |       0.0476 |       0.0460 |       0.0459 |        1.06 |        1.10 |        1.10
N=17408   | fp16     |     0.0339 |       0.0279 |       0.0430 |       0.0277 |        1.21 |        0.79 |        1.22
N=17408   | bf16     |     0.0339 |       0.0287 |       0.0371 |       0.0280 |        1.18 |        0.91 |        1.21
N=17408   | fp32     |     0.0536 |       0.0494 |       0.0493 |       0.0480 |        1.08 |        1.09 |        1.12
N=18432   | fp16     |     0.0354 |       0.0293 |       0.0546 |       0.0289 |        1.21 |        0.65 |        1.22
N=18432   | bf16     |     0.0362 |       0.0301 |       0.0375 |       0.0297 |        1.20 |        0.97 |        1.22
N=18432   | fp32     |     0.0547 |       0.0514 |       0.0507 |       0.0505 |        1.06 |        1.08 |        1.08
N=19456   | fp16     |     0.0373 |       0.0311 |       0.0555 |       0.0303 |        1.20 |        0.67 |        1.23
N=19456   | bf16     |     0.0361 |       0.0324 |       0.0449 |       0.0311 |        1.12 |        0.80 |        1.16
N=19456   | fp32     |     0.0576 |       0.0539 |       0.0539 |       0.0533 |        1.07 |        1.07 |        1.08
N=20480   | fp16     |     0.0378 |       0.0326 |       0.0566 |       0.0324 |        1.16 |        0.67 |        1.17
N=20480   | bf16     |     0.0379 |       0.0332 |       0.0458 |       0.0330 |        1.14 |        0.83 |        1.15
N=20480   | fp32     |     0.0593 |       0.0563 |       0.0554 |       0.0548 |        1.05 |        1.07 |        1.08
Summary CSV     → /projects/kzhou6/bcui2/research/tilebench/Tilebench-gh200/results/GH200/csv/mean_reduction_default.csv
