GPU/result namespace: GH200 (detected device: NVIDIA GH200 480GB, arch: hopper)
Starting benchmark for operator: moe_topk_gating
Tile-language backends: torch (baseline) + cutile, tilelang, triton
  NKI not selected (--tile-language)
Running case: {'E': 128, 'k': 2, 'M': 1024}, dtype=fp16
2026-10-01 05:16:34,537 WARNING:Tunable parameters ['threads'] already provided during auto-tuning. Skipping compilation and using direct JIT
  NKI skipped (not available)
Running case: {'E': 128, 'k': 2, 'M': 1024}, dtype=bf16
2026-10-01 05:16:35,185 WARNING:Tunable parameters ['threads'] already provided during auto-tuning. Skipping compilation and using direct JIT
  NKI skipped (not available)
Running case: {'E': 128, 'k': 2, 'M': 1024}, dtype=fp32
2026-10-01 05:16:35,868 WARNING:Tunable parameters ['threads'] already provided during auto-tuning. Skipping compilation and using direct JIT
  NKI skipped (not available)
Running case: {'E': 128, 'k': 2, 'M': 2048}, dtype=fp16
2026-10-01 05:16:36,345 WARNING:Tunable parameters ['threads'] already provided during auto-tuning. Skipping compilation and using direct JIT
  NKI skipped (not available)
Running case: {'E': 128, 'k': 2, 'M': 2048}, dtype=bf16
2026-10-01 05:16:36,814 WARNING:Tunable parameters ['threads'] already provided during auto-tuning. Skipping compilation and using direct JIT
  NKI skipped (not available)
Running case: {'E': 128, 'k': 2, 'M': 2048}, dtype=fp32
2026-10-01 05:16:37,352 WARNING:Tunable parameters ['threads'] already provided during auto-tuning. Skipping compilation and using direct JIT
  NKI skipped (not available)
Running case: {'E': 128, 'k': 2, 'M': 3072}, dtype=fp16
2026-10-01 05:16:37,825 WARNING:Tunable parameters ['threads'] already provided during auto-tuning. Skipping compilation and using direct JIT
  NKI skipped (not available)
Running case: {'E': 128, 'k': 2, 'M': 3072}, dtype=bf16
2026-10-01 05:16:38,289 WARNING:Tunable parameters ['threads'] already provided during auto-tuning. Skipping compilation and using direct JIT
  NKI skipped (not available)
Running case: {'E': 128, 'k': 2, 'M': 3072}, dtype=fp32
2026-10-01 05:16:38,820 WARNING:Tunable parameters ['threads'] already provided during auto-tuning. Skipping compilation and using direct JIT
  NKI skipped (not available)
Running case: {'E': 128, 'k': 2, 'M': 4096}, dtype=fp16
2026-10-01 05:16:39,297 WARNING:Tunable parameters ['threads'] already provided during auto-tuning. Skipping compilation and using direct JIT
  NKI skipped (not available)
Running case: {'E': 128, 'k': 2, 'M': 4096}, dtype=bf16
2026-10-01 05:16:39,766 WARNING:Tunable parameters ['threads'] already provided during auto-tuning. Skipping compilation and using direct JIT
  NKI skipped (not available)
Running case: {'E': 128, 'k': 2, 'M': 4096}, dtype=fp32
2026-10-01 05:16:40,297 WARNING:Tunable parameters ['threads'] already provided during auto-tuning. Skipping compilation and using direct JIT
  NKI skipped (not available)
Running case: {'E': 128, 'k': 2, 'M': 5120}, dtype=fp16
2026-10-01 05:16:40,760 WARNING:Tunable parameters ['threads'] already provided during auto-tuning. Skipping compilation and using direct JIT
  NKI skipped (not available)
Running case: {'E': 128, 'k': 2, 'M': 5120}, dtype=bf16
2026-10-01 05:16:41,224 WARNING:Tunable parameters ['threads'] already provided during auto-tuning. Skipping compilation and using direct JIT
  NKI skipped (not available)
Running case: {'E': 128, 'k': 2, 'M': 5120}, dtype=fp32
2026-10-01 05:16:41,692 WARNING:Tunable parameters ['threads'] already provided during auto-tuning. Skipping compilation and using direct JIT
  NKI skipped (not available)
Running case: {'E': 128, 'k': 2, 'M': 6144}, dtype=fp16
2026-10-01 05:16:42,157 WARNING:Tunable parameters ['threads'] already provided during auto-tuning. Skipping compilation and using direct JIT
  NKI skipped (not available)
Running case: {'E': 128, 'k': 2, 'M': 6144}, dtype=bf16
2026-10-01 05:16:42,621 WARNING:Tunable parameters ['threads'] already provided during auto-tuning. Skipping compilation and using direct JIT
  NKI skipped (not available)
Running case: {'E': 128, 'k': 2, 'M': 6144}, dtype=fp32
2026-10-01 05:16:43,083 WARNING:Tunable parameters ['threads'] already provided during auto-tuning. Skipping compilation and using direct JIT
  NKI skipped (not available)
Running case: {'E': 128, 'k': 2, 'M': 7168}, dtype=fp16
2026-10-01 05:16:43,553 WARNING:Tunable parameters ['threads'] already provided during auto-tuning. Skipping compilation and using direct JIT
  NKI skipped (not available)
Running case: {'E': 128, 'k': 2, 'M': 7168}, dtype=bf16
2026-10-01 05:16:44,089 WARNING:Tunable parameters ['threads'] already provided during auto-tuning. Skipping compilation and using direct JIT
  NKI skipped (not available)
Running case: {'E': 128, 'k': 2, 'M': 7168}, dtype=fp32
2026-10-01 05:16:44,558 WARNING:Tunable parameters ['threads'] already provided during auto-tuning. Skipping compilation and using direct JIT
  NKI skipped (not available)
Running case: {'E': 128, 'k': 2, 'M': 8192}, dtype=fp16
2026-10-01 05:16:45,025 WARNING:Tunable parameters ['threads'] already provided during auto-tuning. Skipping compilation and using direct JIT
  NKI skipped (not available)
Running case: {'E': 128, 'k': 2, 'M': 8192}, dtype=bf16
2026-10-01 05:16:45,495 WARNING:Tunable parameters ['threads'] already provided during auto-tuning. Skipping compilation and using direct JIT
  NKI skipped (not available)
Running case: {'E': 128, 'k': 2, 'M': 8192}, dtype=fp32
2026-10-01 05:16:45,965 WARNING:Tunable parameters ['threads'] already provided during auto-tuning. Skipping compilation and using direct JIT
  NKI skipped (not available)
Running case: {'E': 128, 'k': 2, 'M': 9216}, dtype=fp16
2026-10-01 05:16:46,510 WARNING:Tunable parameters ['threads'] already provided during auto-tuning. Skipping compilation and using direct JIT
  NKI skipped (not available)
Running case: {'E': 128, 'k': 2, 'M': 9216}, dtype=bf16
2026-10-01 05:16:46,980 WARNING:Tunable parameters ['threads'] already provided during auto-tuning. Skipping compilation and using direct JIT
  NKI skipped (not available)
Running case: {'E': 128, 'k': 2, 'M': 9216}, dtype=fp32
2026-10-01 05:16:47,449 WARNING:Tunable parameters ['threads'] already provided during auto-tuning. Skipping compilation and using direct JIT
  NKI skipped (not available)
Running case: {'E': 128, 'k': 2, 'M': 10240}, dtype=fp16
2026-10-01 05:16:47,987 WARNING:Tunable parameters ['threads'] already provided during auto-tuning. Skipping compilation and using direct JIT
  NKI skipped (not available)
Running case: {'E': 128, 'k': 2, 'M': 10240}, dtype=bf16
2026-10-01 05:16:48,476 WARNING:Tunable parameters ['threads'] already provided during auto-tuning. Skipping compilation and using direct JIT
  NKI skipped (not available)
Running case: {'E': 128, 'k': 2, 'M': 10240}, dtype=fp32
2026-10-01 05:16:48,954 WARNING:Tunable parameters ['threads'] already provided during auto-tuning. Skipping compilation and using direct JIT
  NKI skipped (not available)
Running case: {'E': 128, 'k': 2, 'M': 11264}, dtype=fp16
2026-10-01 05:16:49,537 WARNING:Tunable parameters ['threads'] already provided during auto-tuning. Skipping compilation and using direct JIT
  NKI skipped (not available)
Running case: {'E': 128, 'k': 2, 'M': 11264}, dtype=bf16
2026-10-01 05:16:50,010 WARNING:Tunable parameters ['threads'] already provided during auto-tuning. Skipping compilation and using direct JIT
  NKI skipped (not available)
Running case: {'E': 128, 'k': 2, 'M': 11264}, dtype=fp32
2026-10-01 05:16:50,481 WARNING:Tunable parameters ['threads'] already provided during auto-tuning. Skipping compilation and using direct JIT
  NKI skipped (not available)
Running case: {'E': 128, 'k': 2, 'M': 12288}, dtype=fp16
2026-10-01 05:16:50,963 WARNING:Tunable parameters ['threads'] already provided during auto-tuning. Skipping compilation and using direct JIT
  NKI skipped (not available)
Running case: {'E': 128, 'k': 2, 'M': 12288}, dtype=bf16
2026-10-01 05:16:51,467 WARNING:Tunable parameters ['threads'] already provided during auto-tuning. Skipping compilation and using direct JIT
  NKI skipped (not available)
Running case: {'E': 128, 'k': 2, 'M': 12288}, dtype=fp32
2026-10-01 05:16:51,948 WARNING:Tunable parameters ['threads'] already provided during auto-tuning. Skipping compilation and using direct JIT
  NKI skipped (not available)
Running case: {'E': 128, 'k': 2, 'M': 13312}, dtype=fp16
2026-10-01 05:16:52,436 WARNING:Tunable parameters ['threads'] already provided during auto-tuning. Skipping compilation and using direct JIT
  NKI skipped (not available)
Running case: {'E': 128, 'k': 2, 'M': 13312}, dtype=bf16
2026-10-01 05:16:52,932 WARNING:Tunable parameters ['threads'] already provided during auto-tuning. Skipping compilation and using direct JIT
  NKI skipped (not available)
Running case: {'E': 128, 'k': 2, 'M': 13312}, dtype=fp32
2026-10-01 05:16:53,478 WARNING:Tunable parameters ['threads'] already provided during auto-tuning. Skipping compilation and using direct JIT
  NKI skipped (not available)
Running case: {'E': 128, 'k': 2, 'M': 14336}, dtype=fp16
2026-10-01 05:16:53,953 WARNING:Tunable parameters ['threads'] already provided during auto-tuning. Skipping compilation and using direct JIT
  NKI skipped (not available)
Running case: {'E': 128, 'k': 2, 'M': 14336}, dtype=bf16
2026-10-01 05:16:54,430 WARNING:Tunable parameters ['threads'] already provided during auto-tuning. Skipping compilation and using direct JIT
  NKI skipped (not available)
Running case: {'E': 128, 'k': 2, 'M': 14336}, dtype=fp32
2026-10-01 05:16:54,900 WARNING:Tunable parameters ['threads'] already provided during auto-tuning. Skipping compilation and using direct JIT
  NKI skipped (not available)
Running case: {'E': 128, 'k': 2, 'M': 15360}, dtype=fp16
2026-10-01 05:16:55,370 WARNING:Tunable parameters ['threads'] already provided during auto-tuning. Skipping compilation and using direct JIT
  NKI skipped (not available)
Running case: {'E': 128, 'k': 2, 'M': 15360}, dtype=bf16
2026-10-01 05:16:55,917 WARNING:Tunable parameters ['threads'] already provided during auto-tuning. Skipping compilation and using direct JIT
  NKI skipped (not available)
Running case: {'E': 128, 'k': 2, 'M': 15360}, dtype=fp32
2026-10-01 05:16:56,394 WARNING:Tunable parameters ['threads'] already provided during auto-tuning. Skipping compilation and using direct JIT
  NKI skipped (not available)
Running case: {'E': 128, 'k': 2, 'M': 16384}, dtype=fp16
2026-10-01 05:16:56,868 WARNING:Tunable parameters ['threads'] already provided during auto-tuning. Skipping compilation and using direct JIT
  NKI skipped (not available)
Running case: {'E': 128, 'k': 2, 'M': 16384}, dtype=bf16
2026-10-01 05:16:57,404 WARNING:Tunable parameters ['threads'] already provided during auto-tuning. Skipping compilation and using direct JIT
  NKI skipped (not available)
Running case: {'E': 128, 'k': 2, 'M': 16384}, dtype=fp32
2026-10-01 05:16:57,893 WARNING:Tunable parameters ['threads'] already provided during auto-tuning. Skipping compilation and using direct JIT
  NKI skipped (not available)
Running case: {'E': 128, 'k': 2, 'M': 17408}, dtype=fp16
2026-10-01 05:16:58,389 WARNING:Tunable parameters ['threads'] already provided during auto-tuning. Skipping compilation and using direct JIT
  NKI skipped (not available)
Running case: {'E': 128, 'k': 2, 'M': 17408}, dtype=bf16
2026-10-01 05:16:58,940 WARNING:Tunable parameters ['threads'] already provided during auto-tuning. Skipping compilation and using direct JIT
  NKI skipped (not available)
Running case: {'E': 128, 'k': 2, 'M': 17408}, dtype=fp32
2026-10-01 05:16:59,423 WARNING:Tunable parameters ['threads'] already provided during auto-tuning. Skipping compilation and using direct JIT
  NKI skipped (not available)
Running case: {'E': 128, 'k': 2, 'M': 18432}, dtype=fp16
2026-10-01 05:16:59,919 WARNING:Tunable parameters ['threads'] already provided during auto-tuning. Skipping compilation and using direct JIT
  NKI skipped (not available)
Running case: {'E': 128, 'k': 2, 'M': 18432}, dtype=bf16
2026-10-01 05:17:00,396 WARNING:Tunable parameters ['threads'] already provided during auto-tuning. Skipping compilation and using direct JIT
  NKI skipped (not available)
Running case: {'E': 128, 'k': 2, 'M': 18432}, dtype=fp32
2026-10-01 05:17:00,875 WARNING:Tunable parameters ['threads'] already provided during auto-tuning. Skipping compilation and using direct JIT
  NKI skipped (not available)
Running case: {'E': 128, 'k': 2, 'M': 19456}, dtype=fp16
2026-10-01 05:17:01,353 WARNING:Tunable parameters ['threads'] already provided during auto-tuning. Skipping compilation and using direct JIT
  NKI skipped (not available)
Running case: {'E': 128, 'k': 2, 'M': 19456}, dtype=bf16
2026-10-01 05:17:01,834 WARNING:Tunable parameters ['threads'] already provided during auto-tuning. Skipping compilation and using direct JIT
  NKI skipped (not available)
Running case: {'E': 128, 'k': 2, 'M': 19456}, dtype=fp32
2026-10-01 05:17:02,321 WARNING:Tunable parameters ['threads'] already provided during auto-tuning. Skipping compilation and using direct JIT
  NKI skipped (not available)
Running case: {'E': 128, 'k': 2, 'M': 20480}, dtype=fp16
2026-10-01 05:17:02,885 WARNING:Tunable parameters ['threads'] already provided during auto-tuning. Skipping compilation and using direct JIT
  NKI skipped (not available)
Running case: {'E': 128, 'k': 2, 'M': 20480}, dtype=bf16
2026-10-01 05:17:03,371 WARNING:Tunable parameters ['threads'] already provided during auto-tuning. Skipping compilation and using direct JIT
  NKI skipped (not available)
Running case: {'E': 128, 'k': 2, 'M': 20480}, dtype=fp32
2026-10-01 05:17:03,857 WARNING:Tunable parameters ['threads'] already provided during auto-tuning. Skipping compilation and using direct JIT
  NKI skipped (not available)
Timing results  → /projects/kzhou6/bcui2/research/tilebench/Tilebench-gh200/results/GH200/logs/time_measurement_logs/moe_topk_gating_default_triton-cutile-tilelang.json
Autotune log    → /projects/kzhou6/bcui2/research/tilebench/Tilebench-gh200/results/GH200/logs/autotune_logs/moe_topk_gating_default_triton-cutile-tilelang.json
TileLang autotuner log → /projects/kzhou6/bcui2/research/tilebench/Tilebench-gh200/results/GH200/logs/tilelang_autotuner/moe_topk_gating_default_triton-cutile-tilelang.log
Provenance      → /projects/kzhou6/bcui2/research/tilebench/Tilebench-gh200/results/GH200/logs/provenance/moe_topk_gating_default_triton-cutile-tilelang.json

Summary:
Params    |    Dtype |  Torch(ms) |   Triton(ms) |   cuTile(ms) | TileLang(ms) |  Speedup(T) |  Speedup(C) | Speedup(TL)
------------------------------------------------------------------------------------------------------------------------
M=1024    | fp16     |     0.0205 |       0.0031 |       0.0035 |       0.0029 |        6.52 |        5.85 |        7.13
M=1024    | bf16     |     0.0213 |       0.0032 |       0.0034 |       0.0029 |        6.74 |        6.21 |        7.44
M=1024    | fp32     |     0.0173 |       0.0033 |       0.0036 |       0.0029 |        5.18 |        4.84 |        5.91
M=2048    | fp16     |     0.0258 |       0.0044 |       0.0049 |       0.0040 |        5.80 |        5.30 |        6.43
M=2048    | bf16     |     0.0269 |       0.0045 |       0.0049 |       0.0040 |        6.00 |        5.50 |        6.65
M=2048    | fp32     |     0.0230 |       0.0046 |       0.0050 |       0.0040 |        5.01 |        4.64 |        5.74
M=3072    | fp16     |     0.0313 |       0.0060 |       0.0065 |       0.0051 |        5.26 |        4.79 |        6.11
M=3072    | bf16     |     0.0333 |       0.0058 |       0.0066 |       0.0051 |        5.70 |        5.03 |        6.56
M=3072    | fp32     |     0.0293 |       0.0059 |       0.0064 |       0.0051 |        4.97 |        4.58 |        5.79
M=4096    | fp16     |     0.0368 |       0.0071 |       0.0080 |       0.0060 |        5.17 |        4.61 |        6.12
M=4096    | bf16     |     0.0395 |       0.0072 |       0.0081 |       0.0060 |        5.46 |        4.90 |        6.54
M=4096    | fp32     |     0.0354 |       0.0072 |       0.0079 |       0.0061 |        4.91 |        4.47 |        5.84
M=5120    | fp16     |     0.0422 |       0.0085 |       0.0094 |       0.0070 |        4.97 |        4.50 |        6.03
M=5120    | bf16     |     0.0451 |       0.0084 |       0.0094 |       0.0070 |        5.36 |        4.81 |        6.43
M=5120    | fp32     |     0.0410 |       0.0085 |       0.0095 |       0.0074 |        4.80 |        4.32 |        5.55
M=6144    | fp16     |     0.0474 |       0.0100 |       0.0111 |       0.0082 |        4.76 |        4.28 |        5.75
M=6144    | bf16     |     0.0517 |       0.0098 |       0.0110 |       0.0082 |        5.27 |        4.71 |        6.30
M=6144    | fp32     |     0.0474 |       0.0099 |       0.0110 |       0.0083 |        4.78 |        4.32 |        5.69
M=7168    | fp16     |     0.0535 |       0.0112 |       0.0124 |       0.0092 |        4.79 |        4.31 |        5.82
M=7168    | bf16     |     0.0582 |       0.0111 |       0.0125 |       0.0093 |        5.23 |        4.65 |        6.29
M=7168    | fp32     |     0.0540 |       0.0113 |       0.0124 |       0.0094 |        4.80 |        4.35 |        5.74
M=8192    | fp16     |     0.0590 |       0.0124 |       0.0138 |       0.0100 |        4.76 |        4.27 |        5.88
M=8192    | bf16     |     0.0643 |       0.0124 |       0.0138 |       0.0101 |        5.20 |        4.65 |        6.37
M=8192    | fp32     |     0.0602 |       0.0127 |       0.0140 |       0.0105 |        4.74 |        4.30 |        5.76
M=9216    | fp16     |     0.0669 |       0.0138 |       0.0155 |       0.0113 |        4.86 |        4.33 |        5.93
M=9216    | bf16     |     0.0729 |       0.0137 |       0.0156 |       0.0112 |        5.31 |        4.68 |        6.48
M=9216    | fp32     |     0.0664 |       0.0140 |       0.0154 |       0.0114 |        4.76 |        4.30 |        5.82
M=10240   | fp16     |     0.0722 |       0.0151 |       0.0169 |       0.0124 |        4.79 |        4.27 |        5.83
M=10240   | bf16     |     0.0790 |       0.0151 |       0.0170 |       0.0124 |        5.21 |        4.64 |        6.36
M=10240   | fp32     |     0.0724 |       0.0154 |       0.0171 |       0.0125 |        4.70 |        4.24 |        5.79
M=11264   | fp16     |     0.0781 |       0.0164 |       0.0184 |       0.0133 |        4.76 |        4.25 |        5.87
M=11264   | bf16     |     0.0850 |       0.0163 |       0.0183 |       0.0132 |        5.22 |        4.64 |        6.42
M=11264   | fp32     |     0.0803 |       0.0165 |       0.0183 |       0.0132 |        4.87 |        4.39 |        6.07
M=12288   | fp16     |     0.0839 |       0.0178 |       0.0200 |       0.0143 |        4.71 |        4.20 |        5.86
M=12288   | bf16     |     0.0918 |       0.0178 |       0.0201 |       0.0145 |        5.16 |        4.55 |        6.31
M=12288   | fp32     |     0.0861 |       0.0179 |       0.0198 |       0.0145 |        4.82 |        4.35 |        5.95
M=13312   | fp16     |     0.0887 |       0.0190 |       0.0214 |       0.0153 |        4.66 |        4.14 |        5.79
M=13312   | bf16     |     0.0976 |       0.0191 |       0.0214 |       0.0154 |        5.12 |        4.56 |        6.35
M=13312   | fp32     |     0.0920 |       0.0191 |       0.0213 |       0.0155 |        4.81 |        4.32 |        5.95
M=14336   | fp16     |     0.0946 |       0.0203 |       0.0228 |       0.0164 |        4.66 |        4.14 |        5.76
M=14336   | bf16     |     0.1037 |       0.0204 |       0.0230 |       0.0164 |        5.07 |        4.51 |        6.32
M=14336   | fp32     |     0.0983 |       0.0203 |       0.0226 |       0.0163 |        4.84 |        4.35 |        6.03
M=15360   | fp16     |     0.1004 |       0.0216 |       0.0243 |       0.0174 |        4.64 |        4.13 |        5.78
M=15360   | bf16     |     0.1098 |       0.0215 |       0.0243 |       0.0172 |        5.10 |        4.51 |        6.37
M=15360   | fp32     |     0.1041 |       0.0216 |       0.0242 |       0.0173 |        4.81 |        4.31 |        6.01
M=16384   | fp16     |     0.1058 |       0.0232 |       0.0261 |       0.0185 |        4.56 |        4.06 |        5.73
M=16384   | bf16     |     0.1155 |       0.0230 |       0.0258 |       0.0185 |        5.03 |        4.48 |        6.26
M=16384   | fp32     |     0.1098 |       0.0229 |       0.0256 |       0.0183 |        4.79 |        4.29 |        6.00
M=17408   | fp16     |     0.1132 |       0.0243 |       0.0273 |       0.0194 |        4.66 |        4.15 |        5.83
M=17408   | bf16     |     0.1240 |       0.0243 |       0.0275 |       0.0194 |        5.11 |        4.51 |        6.39
M=17408   | fp32     |     0.1168 |       0.0243 |       0.0270 |       0.0193 |        4.80 |        4.32 |        6.05
M=18432   | fp16     |     0.1192 |       0.0255 |       0.0288 |       0.0204 |        4.67 |        4.14 |        5.84
M=18432   | bf16     |     0.1303 |       0.0256 |       0.0288 |       0.0207 |        5.09 |        4.53 |        6.31
M=18432   | fp32     |     0.1223 |       0.0257 |       0.0286 |       0.0206 |        4.77 |        4.27 |        5.93
M=19456   | fp16     |     0.1245 |       0.0271 |       0.0305 |       0.0215 |        4.60 |        4.08 |        5.78
M=19456   | bf16     |     0.1361 |       0.0269 |       0.0304 |       0.0215 |        5.06 |        4.48 |        6.34
M=19456   | fp32     |     0.1289 |       0.0270 |       0.0301 |       0.0217 |        4.77 |        4.28 |        5.93
M=20480   | fp16     |     0.1301 |       0.0281 |       0.0317 |       0.0228 |        4.63 |        4.10 |        5.72
M=20480   | bf16     |     0.1427 |       0.0280 |       0.0318 |       0.0223 |        5.10 |        4.49 |        6.39
M=20480   | fp32     |     0.1344 |       0.0283 |       0.0316 |       0.0226 |        4.75 |        4.25 |        5.96
Summary CSV     → /projects/kzhou6/bcui2/research/tilebench/Tilebench-gh200/results/GH200/csv/moe_topk_gating_default.csv
