GPU/result namespace: GH200 (detected device: NVIDIA GH200 480GB, arch: hopper)
Starting benchmark for operator: mul2
Tile-language backends: torch (baseline) + cutile, tilelang, triton
  NKI not selected (--tile-language)
Running case: {'n': 1048576}, dtype=fp16
2026-10-01 05:17:08,656 WARNING:Tunable parameters ['BLOCK_SIZE', 'threads'] already provided during auto-tuning. Skipping compilation and using direct JIT
  NKI skipped (not available)
Running case: {'n': 1048576}, dtype=bf16
2026-10-01 05:17:08,878 WARNING:Tunable parameters ['BLOCK_SIZE', 'threads'] already provided during auto-tuning. Skipping compilation and using direct JIT
  NKI skipped (not available)
Running case: {'n': 1048576}, dtype=fp32
2026-10-01 05:17:09,074 WARNING:Tunable parameters ['BLOCK_SIZE', 'threads'] already provided during auto-tuning. Skipping compilation and using direct JIT
  NKI skipped (not available)
Running case: {'n': 1048576}, dtype=int8
2026-10-01 05:17:09,332 WARNING:Tunable parameters ['BLOCK_SIZE', 'threads'] already provided during auto-tuning. Skipping compilation and using direct JIT
  NKI skipped (not available)
Running case: {'n': 2097152}, dtype=fp16
2026-10-01 05:17:09,417 WARNING:Tunable parameters ['BLOCK_SIZE', 'threads'] already provided during auto-tuning. Skipping compilation and using direct JIT
  NKI skipped (not available)
Running case: {'n': 2097152}, dtype=bf16
2026-10-01 05:17:09,502 WARNING:Tunable parameters ['BLOCK_SIZE', 'threads'] already provided during auto-tuning. Skipping compilation and using direct JIT
  NKI skipped (not available)
Running case: {'n': 2097152}, dtype=fp32
2026-10-01 05:17:09,583 WARNING:Tunable parameters ['BLOCK_SIZE', 'threads'] already provided during auto-tuning. Skipping compilation and using direct JIT
  NKI skipped (not available)
Running case: {'n': 2097152}, dtype=int8
2026-10-01 05:17:09,663 WARNING:Tunable parameters ['BLOCK_SIZE', 'threads'] already provided during auto-tuning. Skipping compilation and using direct JIT
  NKI skipped (not available)
Running case: {'n': 3145728}, dtype=fp16
2026-10-01 05:17:09,751 WARNING:Tunable parameters ['BLOCK_SIZE', 'threads'] already provided during auto-tuning. Skipping compilation and using direct JIT
  NKI skipped (not available)
Running case: {'n': 3145728}, dtype=bf16
2026-10-01 05:17:09,835 WARNING:Tunable parameters ['BLOCK_SIZE', 'threads'] already provided during auto-tuning. Skipping compilation and using direct JIT
  NKI skipped (not available)
Running case: {'n': 3145728}, dtype=fp32
2026-10-01 05:17:09,925 WARNING:Tunable parameters ['BLOCK_SIZE', 'threads'] already provided during auto-tuning. Skipping compilation and using direct JIT
  NKI skipped (not available)
Running case: {'n': 3145728}, dtype=int8
2026-10-01 05:17:10,018 WARNING:Tunable parameters ['BLOCK_SIZE', 'threads'] already provided during auto-tuning. Skipping compilation and using direct JIT
  NKI skipped (not available)
Running case: {'n': 4194304}, dtype=fp16
2026-10-01 05:17:10,106 WARNING:Tunable parameters ['BLOCK_SIZE', 'threads'] already provided during auto-tuning. Skipping compilation and using direct JIT
  NKI skipped (not available)
Running case: {'n': 4194304}, dtype=bf16
2026-10-01 05:17:10,188 WARNING:Tunable parameters ['BLOCK_SIZE', 'threads'] already provided during auto-tuning. Skipping compilation and using direct JIT
  NKI skipped (not available)
Running case: {'n': 4194304}, dtype=fp32
2026-10-01 05:17:10,288 WARNING:Tunable parameters ['BLOCK_SIZE', 'threads'] already provided during auto-tuning. Skipping compilation and using direct JIT
  NKI skipped (not available)
Running case: {'n': 4194304}, dtype=int8
2026-10-01 05:17:10,382 WARNING:Tunable parameters ['BLOCK_SIZE', 'threads'] already provided during auto-tuning. Skipping compilation and using direct JIT
  NKI skipped (not available)
Running case: {'n': 5242880}, dtype=fp16
2026-10-01 05:17:10,465 WARNING:Tunable parameters ['BLOCK_SIZE', 'threads'] already provided during auto-tuning. Skipping compilation and using direct JIT
  NKI skipped (not available)
Running case: {'n': 5242880}, dtype=bf16
2026-10-01 05:17:10,551 WARNING:Tunable parameters ['BLOCK_SIZE', 'threads'] already provided during auto-tuning. Skipping compilation and using direct JIT
  NKI skipped (not available)
Running case: {'n': 5242880}, dtype=fp32
2026-10-01 05:17:10,638 WARNING:Tunable parameters ['BLOCK_SIZE', 'threads'] already provided during auto-tuning. Skipping compilation and using direct JIT
  NKI skipped (not available)
Running case: {'n': 5242880}, dtype=int8
2026-10-01 05:17:10,737 WARNING:Tunable parameters ['BLOCK_SIZE', 'threads'] already provided during auto-tuning. Skipping compilation and using direct JIT
  NKI skipped (not available)
Running case: {'n': 6291456}, dtype=fp16
2026-10-01 05:17:10,821 WARNING:Tunable parameters ['BLOCK_SIZE', 'threads'] already provided during auto-tuning. Skipping compilation and using direct JIT
  NKI skipped (not available)
Running case: {'n': 6291456}, dtype=bf16
2026-10-01 05:17:10,912 WARNING:Tunable parameters ['BLOCK_SIZE', 'threads'] already provided during auto-tuning. Skipping compilation and using direct JIT
  NKI skipped (not available)
Running case: {'n': 6291456}, dtype=fp32
2026-10-01 05:17:11,002 WARNING:Tunable parameters ['BLOCK_SIZE', 'threads'] already provided during auto-tuning. Skipping compilation and using direct JIT
  NKI skipped (not available)
Running case: {'n': 6291456}, dtype=int8
2026-10-01 05:17:11,104 WARNING:Tunable parameters ['BLOCK_SIZE', 'threads'] already provided during auto-tuning. Skipping compilation and using direct JIT
  NKI skipped (not available)
Running case: {'n': 7340032}, dtype=fp16
2026-10-01 05:17:11,190 WARNING:Tunable parameters ['BLOCK_SIZE', 'threads'] already provided during auto-tuning. Skipping compilation and using direct JIT
  NKI skipped (not available)
Running case: {'n': 7340032}, dtype=bf16
2026-10-01 05:17:11,300 WARNING:Tunable parameters ['BLOCK_SIZE', 'threads'] already provided during auto-tuning. Skipping compilation and using direct JIT
  NKI skipped (not available)
Running case: {'n': 7340032}, dtype=fp32
2026-10-01 05:17:11,397 WARNING:Tunable parameters ['BLOCK_SIZE', 'threads'] already provided during auto-tuning. Skipping compilation and using direct JIT
  NKI skipped (not available)
Running case: {'n': 7340032}, dtype=int8
2026-10-01 05:17:11,487 WARNING:Tunable parameters ['BLOCK_SIZE', 'threads'] already provided during auto-tuning. Skipping compilation and using direct JIT
  NKI skipped (not available)
Running case: {'n': 8388608}, dtype=fp16
2026-10-01 05:17:11,590 WARNING:Tunable parameters ['BLOCK_SIZE', 'threads'] already provided during auto-tuning. Skipping compilation and using direct JIT
  NKI skipped (not available)
Running case: {'n': 8388608}, dtype=bf16
2026-10-01 05:17:11,683 WARNING:Tunable parameters ['BLOCK_SIZE', 'threads'] already provided during auto-tuning. Skipping compilation and using direct JIT
  NKI skipped (not available)
Running case: {'n': 8388608}, dtype=fp32
2026-10-01 05:17:11,774 WARNING:Tunable parameters ['BLOCK_SIZE', 'threads'] already provided during auto-tuning. Skipping compilation and using direct JIT
  NKI skipped (not available)
Running case: {'n': 8388608}, dtype=int8
2026-10-01 05:17:11,870 WARNING:Tunable parameters ['BLOCK_SIZE', 'threads'] already provided during auto-tuning. Skipping compilation and using direct JIT
  NKI skipped (not available)
Running case: {'n': 9437184}, dtype=fp16
2026-10-01 05:17:11,956 WARNING:Tunable parameters ['BLOCK_SIZE', 'threads'] already provided during auto-tuning. Skipping compilation and using direct JIT
  NKI skipped (not available)
Running case: {'n': 9437184}, dtype=bf16
2026-10-01 05:17:12,043 WARNING:Tunable parameters ['BLOCK_SIZE', 'threads'] already provided during auto-tuning. Skipping compilation and using direct JIT
  NKI skipped (not available)
Running case: {'n': 9437184}, dtype=fp32
2026-10-01 05:17:12,132 WARNING:Tunable parameters ['BLOCK_SIZE', 'threads'] already provided during auto-tuning. Skipping compilation and using direct JIT
  NKI skipped (not available)
Running case: {'n': 9437184}, dtype=int8
2026-10-01 05:17:12,222 WARNING:Tunable parameters ['BLOCK_SIZE', 'threads'] already provided during auto-tuning. Skipping compilation and using direct JIT
  NKI skipped (not available)
Running case: {'n': 10485760}, dtype=fp16
2026-10-01 05:17:12,321 WARNING:Tunable parameters ['BLOCK_SIZE', 'threads'] already provided during auto-tuning. Skipping compilation and using direct JIT
  NKI skipped (not available)
Running case: {'n': 10485760}, dtype=bf16
2026-10-01 05:17:12,407 WARNING:Tunable parameters ['BLOCK_SIZE', 'threads'] already provided during auto-tuning. Skipping compilation and using direct JIT
  NKI skipped (not available)
Running case: {'n': 10485760}, dtype=fp32
2026-10-01 05:17:12,493 WARNING:Tunable parameters ['BLOCK_SIZE', 'threads'] already provided during auto-tuning. Skipping compilation and using direct JIT
  NKI skipped (not available)
Running case: {'n': 10485760}, dtype=int8
2026-10-01 05:17:12,589 WARNING:Tunable parameters ['BLOCK_SIZE', 'threads'] already provided during auto-tuning. Skipping compilation and using direct JIT
  NKI skipped (not available)
Running case: {'n': 11534336}, dtype=fp16
2026-10-01 05:17:12,678 WARNING:Tunable parameters ['BLOCK_SIZE', 'threads'] already provided during auto-tuning. Skipping compilation and using direct JIT
  NKI skipped (not available)
Running case: {'n': 11534336}, dtype=bf16
2026-10-01 05:17:12,769 WARNING:Tunable parameters ['BLOCK_SIZE', 'threads'] already provided during auto-tuning. Skipping compilation and using direct JIT
  NKI skipped (not available)
Running case: {'n': 11534336}, dtype=fp32
2026-10-01 05:17:12,857 WARNING:Tunable parameters ['BLOCK_SIZE', 'threads'] already provided during auto-tuning. Skipping compilation and using direct JIT
  NKI skipped (not available)
Running case: {'n': 11534336}, dtype=int8
2026-10-01 05:17:12,942 WARNING:Tunable parameters ['BLOCK_SIZE', 'threads'] already provided during auto-tuning. Skipping compilation and using direct JIT
  NKI skipped (not available)
Running case: {'n': 12582912}, dtype=fp16
2026-10-01 05:17:13,025 WARNING:Tunable parameters ['BLOCK_SIZE', 'threads'] already provided during auto-tuning. Skipping compilation and using direct JIT
  NKI skipped (not available)
Running case: {'n': 12582912}, dtype=bf16
2026-10-01 05:17:13,111 WARNING:Tunable parameters ['BLOCK_SIZE', 'threads'] already provided during auto-tuning. Skipping compilation and using direct JIT
  NKI skipped (not available)
Running case: {'n': 12582912}, dtype=fp32
2026-10-01 05:17:13,212 WARNING:Tunable parameters ['BLOCK_SIZE', 'threads'] already provided during auto-tuning. Skipping compilation and using direct JIT
  NKI skipped (not available)
Running case: {'n': 12582912}, dtype=int8
2026-10-01 05:17:13,309 WARNING:Tunable parameters ['BLOCK_SIZE', 'threads'] already provided during auto-tuning. Skipping compilation and using direct JIT
  NKI skipped (not available)
Running case: {'n': 13631488}, dtype=fp16
2026-10-01 05:17:13,397 WARNING:Tunable parameters ['BLOCK_SIZE', 'threads'] already provided during auto-tuning. Skipping compilation and using direct JIT
  NKI skipped (not available)
Running case: {'n': 13631488}, dtype=bf16
2026-10-01 05:17:13,486 WARNING:Tunable parameters ['BLOCK_SIZE', 'threads'] already provided during auto-tuning. Skipping compilation and using direct JIT
  NKI skipped (not available)
Running case: {'n': 13631488}, dtype=fp32
2026-10-01 05:17:13,576 WARNING:Tunable parameters ['BLOCK_SIZE', 'threads'] already provided during auto-tuning. Skipping compilation and using direct JIT
  NKI skipped (not available)
Running case: {'n': 13631488}, dtype=int8
2026-10-01 05:17:13,672 WARNING:Tunable parameters ['BLOCK_SIZE', 'threads'] already provided during auto-tuning. Skipping compilation and using direct JIT
  NKI skipped (not available)
Running case: {'n': 14680064}, dtype=fp16
2026-10-01 05:17:13,764 WARNING:Tunable parameters ['BLOCK_SIZE', 'threads'] already provided during auto-tuning. Skipping compilation and using direct JIT
  NKI skipped (not available)
Running case: {'n': 14680064}, dtype=bf16
2026-10-01 05:17:13,858 WARNING:Tunable parameters ['BLOCK_SIZE', 'threads'] already provided during auto-tuning. Skipping compilation and using direct JIT
  NKI skipped (not available)
Running case: {'n': 14680064}, dtype=fp32
2026-10-01 05:17:13,951 WARNING:Tunable parameters ['BLOCK_SIZE', 'threads'] already provided during auto-tuning. Skipping compilation and using direct JIT
  NKI skipped (not available)
Running case: {'n': 14680064}, dtype=int8
2026-10-01 05:17:14,040 WARNING:Tunable parameters ['BLOCK_SIZE', 'threads'] already provided during auto-tuning. Skipping compilation and using direct JIT
  NKI skipped (not available)
Running case: {'n': 15728640}, dtype=fp16
2026-10-01 05:17:14,132 WARNING:Tunable parameters ['BLOCK_SIZE', 'threads'] already provided during auto-tuning. Skipping compilation and using direct JIT
  NKI skipped (not available)
Running case: {'n': 15728640}, dtype=bf16
2026-10-01 05:17:14,227 WARNING:Tunable parameters ['BLOCK_SIZE', 'threads'] already provided during auto-tuning. Skipping compilation and using direct JIT
  NKI skipped (not available)
Running case: {'n': 15728640}, dtype=fp32
2026-10-01 05:17:14,331 WARNING:Tunable parameters ['BLOCK_SIZE', 'threads'] already provided during auto-tuning. Skipping compilation and using direct JIT
  NKI skipped (not available)
Running case: {'n': 15728640}, dtype=int8
2026-10-01 05:17:14,420 WARNING:Tunable parameters ['BLOCK_SIZE', 'threads'] already provided during auto-tuning. Skipping compilation and using direct JIT
  NKI skipped (not available)
Running case: {'n': 16777216}, dtype=fp16
2026-10-01 05:17:14,508 WARNING:Tunable parameters ['BLOCK_SIZE', 'threads'] already provided during auto-tuning. Skipping compilation and using direct JIT
  NKI skipped (not available)
Running case: {'n': 16777216}, dtype=bf16
2026-10-01 05:17:14,608 WARNING:Tunable parameters ['BLOCK_SIZE', 'threads'] already provided during auto-tuning. Skipping compilation and using direct JIT
  NKI skipped (not available)
Running case: {'n': 16777216}, dtype=fp32
2026-10-01 05:17:14,700 WARNING:Tunable parameters ['BLOCK_SIZE', 'threads'] already provided during auto-tuning. Skipping compilation and using direct JIT
  NKI skipped (not available)
Running case: {'n': 16777216}, dtype=int8
2026-10-01 05:17:14,792 WARNING:Tunable parameters ['BLOCK_SIZE', 'threads'] already provided during auto-tuning. Skipping compilation and using direct JIT
  NKI skipped (not available)
Running case: {'n': 17825792}, dtype=fp16
2026-10-01 05:17:14,888 WARNING:Tunable parameters ['BLOCK_SIZE', 'threads'] already provided during auto-tuning. Skipping compilation and using direct JIT
  NKI skipped (not available)
Running case: {'n': 17825792}, dtype=bf16
2026-10-01 05:17:14,981 WARNING:Tunable parameters ['BLOCK_SIZE', 'threads'] already provided during auto-tuning. Skipping compilation and using direct JIT
  NKI skipped (not available)
Running case: {'n': 17825792}, dtype=fp32
2026-10-01 05:17:15,085 WARNING:Tunable parameters ['BLOCK_SIZE', 'threads'] already provided during auto-tuning. Skipping compilation and using direct JIT
  NKI skipped (not available)
Running case: {'n': 17825792}, dtype=int8
2026-10-01 05:17:15,182 WARNING:Tunable parameters ['BLOCK_SIZE', 'threads'] already provided during auto-tuning. Skipping compilation and using direct JIT
  NKI skipped (not available)
Running case: {'n': 18874368}, dtype=fp16
2026-10-01 05:17:15,286 WARNING:Tunable parameters ['BLOCK_SIZE', 'threads'] already provided during auto-tuning. Skipping compilation and using direct JIT
  NKI skipped (not available)
Running case: {'n': 18874368}, dtype=bf16
2026-10-01 05:17:15,383 WARNING:Tunable parameters ['BLOCK_SIZE', 'threads'] already provided during auto-tuning. Skipping compilation and using direct JIT
  NKI skipped (not available)
Running case: {'n': 18874368}, dtype=fp32
2026-10-01 05:17:15,483 WARNING:Tunable parameters ['BLOCK_SIZE', 'threads'] already provided during auto-tuning. Skipping compilation and using direct JIT
  NKI skipped (not available)
Running case: {'n': 18874368}, dtype=int8
2026-10-01 05:17:15,575 WARNING:Tunable parameters ['BLOCK_SIZE', 'threads'] already provided during auto-tuning. Skipping compilation and using direct JIT
  NKI skipped (not available)
Running case: {'n': 19922944}, dtype=fp16
2026-10-01 05:17:15,668 WARNING:Tunable parameters ['BLOCK_SIZE', 'threads'] already provided during auto-tuning. Skipping compilation and using direct JIT
  NKI skipped (not available)
Running case: {'n': 19922944}, dtype=bf16
2026-10-01 05:17:15,759 WARNING:Tunable parameters ['BLOCK_SIZE', 'threads'] already provided during auto-tuning. Skipping compilation and using direct JIT
  NKI skipped (not available)
Running case: {'n': 19922944}, dtype=fp32
2026-10-01 05:17:15,855 WARNING:Tunable parameters ['BLOCK_SIZE', 'threads'] already provided during auto-tuning. Skipping compilation and using direct JIT
  NKI skipped (not available)
Running case: {'n': 19922944}, dtype=int8
2026-10-01 05:17:15,953 WARNING:Tunable parameters ['BLOCK_SIZE', 'threads'] already provided during auto-tuning. Skipping compilation and using direct JIT
  NKI skipped (not available)
Running case: {'n': 20971520}, dtype=fp16
2026-10-01 05:17:16,058 WARNING:Tunable parameters ['BLOCK_SIZE', 'threads'] already provided during auto-tuning. Skipping compilation and using direct JIT
  NKI skipped (not available)
Running case: {'n': 20971520}, dtype=bf16
2026-10-01 05:17:16,149 WARNING:Tunable parameters ['BLOCK_SIZE', 'threads'] already provided during auto-tuning. Skipping compilation and using direct JIT
  NKI skipped (not available)
Running case: {'n': 20971520}, dtype=fp32
2026-10-01 05:17:16,244 WARNING:Tunable parameters ['BLOCK_SIZE', 'threads'] already provided during auto-tuning. Skipping compilation and using direct JIT
  NKI skipped (not available)
Running case: {'n': 20971520}, dtype=int8
2026-10-01 05:17:16,336 WARNING:Tunable parameters ['BLOCK_SIZE', 'threads'] already provided during auto-tuning. Skipping compilation and using direct JIT
  NKI skipped (not available)
Timing results  → /projects/kzhou6/bcui2/research/tilebench/Tilebench-gh200/results/GH200/logs/time_measurement_logs/mul2_default_triton-cutile-tilelang.json
Autotune log    → /projects/kzhou6/bcui2/research/tilebench/Tilebench-gh200/results/GH200/logs/autotune_logs/mul2_default_triton-cutile-tilelang.json
TileLang autotuner log → /projects/kzhou6/bcui2/research/tilebench/Tilebench-gh200/results/GH200/logs/tilelang_autotuner/mul2_default_triton-cutile-tilelang.log
Provenance      → /projects/kzhou6/bcui2/research/tilebench/Tilebench-gh200/results/GH200/logs/provenance/mul2_default_triton-cutile-tilelang.json

Summary:
Params       |    Dtype |  Torch(ms) |   Triton(ms) |   cuTile(ms) | TileLang(ms) |  Speedup(T) |  Speedup(C) | Speedup(TL)
---------------------------------------------------------------------------------------------------------------------------
n=1048576    | fp16     |     0.0032 |       0.0034 |       0.0033 |       0.0032 |        0.96 |        0.99 |        1.01
n=1048576    | bf16     |     0.0033 |       0.0032 |       0.0032 |       0.0031 |        1.04 |        1.02 |        1.05
n=1048576    | fp32     |     0.0043 |       0.0045 |       0.0047 |       0.0042 |        0.95 |        0.92 |        1.02
n=1048576    | int8     |     0.0024 |       0.0023 |       0.0026 |       0.0024 |        1.07 |        0.92 |        1.03
n=2097152    | fp16     |     0.0045 |       0.0045 |       0.0046 |       0.0045 |        0.99 |        0.98 |        0.99
n=2097152    | bf16     |     0.0045 |       0.0044 |       0.0045 |       0.0045 |        1.02 |        1.00 |        1.01
n=2097152    | fp32     |     0.0066 |       0.0065 |       0.0069 |       0.0065 |        1.02 |        0.96 |        1.02
n=2097152    | int8     |     0.0032 |       0.0033 |       0.0033 |       0.0031 |        0.98 |        0.98 |        1.04
n=3145728    | fp16     |     0.0058 |       0.0057 |       0.0060 |       0.0058 |        1.01 |        0.96 |        1.00
n=3145728    | bf16     |     0.0062 |       0.0057 |       0.0058 |       0.0056 |        1.09 |        1.06 |        1.11
n=3145728    | fp32     |     0.0095 |       0.0095 |       0.0098 |       0.0094 |        1.00 |        0.97 |        1.01
n=3145728    | int8     |     0.0043 |       0.0039 |       0.0040 |       0.0040 |        1.08 |        1.06 |        1.06
n=4194304    | fp16     |     0.0072 |       0.0068 |       0.0070 |       0.0068 |        1.06 |        1.03 |        1.05
n=4194304    | bf16     |     0.0070 |       0.0071 |       0.0070 |       0.0069 |        0.99 |        1.00 |        1.02
n=4194304    | fp32     |     0.0119 |       0.0122 |       0.0122 |       0.0118 |        0.98 |        0.97 |        1.01
n=4194304    | int8     |     0.0048 |       0.0050 |       0.0051 |       0.0046 |        0.97 |        0.95 |        1.04
n=5242880    | fp16     |     0.0084 |       0.0081 |       0.0086 |       0.0083 |        1.03 |        0.98 |        1.01
n=5242880    | bf16     |     0.0087 |       0.0083 |       0.0084 |       0.0084 |        1.05 |        1.04 |        1.04
n=5242880    | fp32     |     0.0143 |       0.0149 |       0.0151 |       0.0146 |        0.96 |        0.95 |        0.98
n=5242880    | int8     |     0.0054 |       0.0054 |       0.0054 |       0.0052 |        1.00 |        0.99 |        1.03
n=6291456    | fp16     |     0.0095 |       0.0095 |       0.0097 |       0.0093 |        1.01 |        0.98 |        1.02
n=6291456    | bf16     |     0.0097 |       0.0096 |       0.0097 |       0.0095 |        1.01 |        1.00 |        1.02
n=6291456    | fp32     |     0.0171 |       0.0166 |       0.0170 |       0.0165 |        1.03 |        1.00 |        1.04
n=6291456    | int8     |     0.0061 |       0.0062 |       0.0061 |       0.0060 |        0.97 |        0.99 |        1.01
n=7340032    | fp16     |     0.0110 |       0.0108 |       0.0109 |       0.0109 |        1.02 |        1.00 |        1.01
n=7340032    | bf16     |     0.0108 |       0.0108 |       0.0110 |       0.0111 |        0.99 |        0.98 |        0.97
n=7340032    | fp32     |     0.0192 |       0.0189 |       0.0196 |       0.0188 |        1.02 |        0.98 |        1.02
n=7340032    | int8     |     0.0065 |       0.0070 |       0.0070 |       0.0067 |        0.93 |        0.93 |        0.98
n=8388608    | fp16     |     0.0119 |       0.0119 |       0.0121 |       0.0119 |        1.00 |        0.99 |        1.00
n=8388608    | bf16     |     0.0121 |       0.0123 |       0.0125 |       0.0122 |        0.99 |        0.97 |        1.00
n=8388608    | fp32     |     0.0212 |       0.0221 |       0.0220 |       0.0214 |        0.96 |        0.96 |        0.99
n=8388608    | int8     |     0.0073 |       0.0074 |       0.0076 |       0.0072 |        0.99 |        0.96 |        1.01
n=9437184    | fp16     |     0.0133 |       0.0136 |       0.0132 |       0.0133 |        0.98 |        1.01 |        1.00
n=9437184    | bf16     |     0.0134 |       0.0133 |       0.0136 |       0.0130 |        1.01 |        0.99 |        1.03
n=9437184    | fp32     |     0.0242 |       0.0240 |       0.0247 |       0.0241 |        1.01 |        0.98 |        1.00
n=9437184    | int8     |     0.0080 |       0.0079 |       0.0081 |       0.0078 |        1.01 |        0.98 |        1.02
n=10485760   | fp16     |     0.0151 |       0.0145 |       0.0151 |       0.0150 |        1.03 |        1.00 |        1.00
n=10485760   | bf16     |     0.0146 |       0.0147 |       0.0147 |       0.0150 |        1.00 |        1.00 |        0.97
n=10485760   | fp32     |     0.0265 |       0.0266 |       0.0267 |       0.0261 |        1.00 |        0.99 |        1.02
n=10485760   | int8     |     0.0086 |       0.0090 |       0.0092 |       0.0085 |        0.96 |        0.93 |        1.01
n=11534336   | fp16     |     0.0155 |       0.0155 |       0.0162 |       0.0153 |        1.00 |        0.95 |        1.01
n=11534336   | bf16     |     0.0161 |       0.0154 |       0.0159 |       0.0154 |        1.04 |        1.01 |        1.04
n=11534336   | fp32     |     0.0284 |       0.0287 |       0.0287 |       0.0283 |        0.99 |        0.99 |        1.00
n=11534336   | int8     |     0.0092 |       0.0092 |       0.0097 |       0.0093 |        1.00 |        0.95 |        1.00
n=12582912   | fp16     |     0.0169 |       0.0169 |       0.0168 |       0.0167 |        1.00 |        1.01 |        1.01
n=12582912   | bf16     |     0.0168 |       0.0170 |       0.0172 |       0.0167 |        0.99 |        0.98 |        1.01
n=12582912   | fp32     |     0.0314 |       0.0307 |       0.0319 |       0.0316 |        1.02 |        0.98 |        0.99
n=12582912   | int8     |     0.0101 |       0.0098 |       0.0103 |       0.0097 |        1.03 |        0.98 |        1.04
n=13631488   | fp16     |     0.0179 |       0.0186 |       0.0185 |       0.0178 |        0.96 |        0.97 |        1.01
n=13631488   | bf16     |     0.0179 |       0.0178 |       0.0180 |       0.0176 |        1.01 |        0.99 |        1.01
n=13631488   | fp32     |     0.0337 |       0.0329 |       0.0342 |       0.0328 |        1.02 |        0.99 |        1.03
n=13631488   | int8     |     0.0109 |       0.0106 |       0.0112 |       0.0111 |        1.03 |        0.98 |        0.99
n=14680064   | fp16     |     0.0191 |       0.0194 |       0.0192 |       0.0194 |        0.99 |        1.00 |        0.99
n=14680064   | bf16     |     0.0195 |       0.0197 |       0.0193 |       0.0192 |        0.99 |        1.01 |        1.01
n=14680064   | fp32     |     0.0359 |       0.0353 |       0.0354 |       0.0362 |        1.02 |        1.01 |        0.99
n=14680064   | int8     |     0.0117 |       0.0114 |       0.0120 |       0.0111 |        1.03 |        0.98 |        1.05
n=15728640   | fp16     |     0.0209 |       0.0206 |       0.0204 |       0.0202 |        1.01 |        1.03 |        1.03
n=15728640   | bf16     |     0.0208 |       0.0204 |       0.0212 |       0.0206 |        1.02 |        0.98 |        1.01
n=15728640   | fp32     |     0.0382 |       0.0382 |       0.0386 |       0.0374 |        1.00 |        0.99 |        1.02
n=15728640   | int8     |     0.0120 |       0.0121 |       0.0124 |       0.0119 |        0.99 |        0.97 |        1.01
n=16777216   | fp16     |     0.0215 |       0.0213 |       0.0219 |       0.0220 |        1.01 |        0.98 |        0.98
n=16777216   | bf16     |     0.0218 |       0.0215 |       0.0215 |       0.0212 |        1.01 |        1.01 |        1.03
n=16777216   | fp32     |     0.0397 |       0.0399 |       0.0401 |       0.0396 |        1.00 |        0.99 |        1.00
n=16777216   | int8     |     0.0134 |       0.0129 |       0.0134 |       0.0127 |        1.04 |        1.00 |        1.05
n=17825792   | fp16     |     0.0230 |       0.0230 |       0.0233 |       0.0233 |        1.00 |        0.98 |        0.99
n=17825792   | bf16     |     0.0230 |       0.0228 |       0.0236 |       0.0226 |        1.01 |        0.97 |        1.02
n=17825792   | fp32     |     0.0418 |       0.0431 |       0.0436 |       0.0429 |        0.97 |        0.96 |        0.97
n=17825792   | int8     |     0.0134 |       0.0137 |       0.0140 |       0.0131 |        0.98 |        0.96 |        1.02
n=18874368   | fp16     |     0.0242 |       0.0239 |       0.0242 |       0.0242 |        1.01 |        1.00 |        1.00
n=18874368   | bf16     |     0.0236 |       0.0242 |       0.0241 |       0.0235 |        0.98 |        0.98 |        1.00
n=18874368   | fp32     |     0.0451 |       0.0444 |       0.0455 |       0.0446 |        1.02 |        0.99 |        1.01
n=18874368   | int8     |     0.0141 |       0.0145 |       0.0146 |       0.0141 |        0.97 |        0.96 |        1.00
n=19922944   | fp16     |     0.0255 |       0.0248 |       0.0250 |       0.0255 |        1.03 |        1.02 |        1.00
n=19922944   | bf16     |     0.0255 |       0.0254 |       0.0253 |       0.0251 |        1.00 |        1.01 |        1.02
n=19922944   | fp32     |     0.0466 |       0.0475 |       0.0475 |       0.0467 |        0.98 |        0.98 |        1.00
n=19922944   | int8     |     0.0151 |       0.0147 |       0.0154 |       0.0146 |        1.03 |        0.98 |        1.03
n=20971520   | fp16     |     0.0262 |       0.0268 |       0.0269 |       0.0265 |        0.98 |        0.97 |        0.99
n=20971520   | bf16     |     0.0263 |       0.0272 |       0.0267 |       0.0263 |        0.97 |        0.98 |        1.00
n=20971520   | fp32     |     0.0492 |       0.0492 |       0.0497 |       0.0497 |        1.00 |        0.99 |        0.99
n=20971520   | int8     |     0.0158 |       0.0152 |       0.0163 |       0.0152 |        1.03 |        0.97 |        1.04
Summary CSV     → /projects/kzhou6/bcui2/research/tilebench/Tilebench-gh200/results/GH200/csv/mul2_default.csv
