GPU/result namespace: GH200 (detected device: NVIDIA GH200 480GB, arch: hopper)
Starting benchmark for operator: quantize_global
Tile-language backends: torch (baseline) + cutile, tilelang, triton
  NKI not selected (--tile-language)
Running case: {'n': 1048576}, dtype=fp32
2026-10-01 05:17:20,488 WARNING:Tunable parameters ['BLOCK_SIZE', 'threads'] already provided during auto-tuning. Skipping compilation and using direct JIT
  NKI skipped (not available)
Running case: {'n': 2097152}, dtype=fp32
2026-10-01 05:17:20,573 WARNING:Tunable parameters ['BLOCK_SIZE', 'threads'] already provided during auto-tuning. Skipping compilation and using direct JIT
  NKI skipped (not available)
Running case: {'n': 3145728}, dtype=fp32
2026-10-01 05:17:20,654 WARNING:Tunable parameters ['BLOCK_SIZE', 'threads'] already provided during auto-tuning. Skipping compilation and using direct JIT
  NKI skipped (not available)
Running case: {'n': 4194304}, dtype=fp32
2026-10-01 05:17:20,735 WARNING:Tunable parameters ['BLOCK_SIZE', 'threads'] already provided during auto-tuning. Skipping compilation and using direct JIT
  NKI skipped (not available)
Running case: {'n': 5242880}, dtype=fp32
2026-10-01 05:17:20,838 WARNING:Tunable parameters ['BLOCK_SIZE', 'threads'] already provided during auto-tuning. Skipping compilation and using direct JIT
  NKI skipped (not available)
Running case: {'n': 6291456}, dtype=fp32
2026-10-01 05:17:20,917 WARNING:Tunable parameters ['BLOCK_SIZE', 'threads'] already provided during auto-tuning. Skipping compilation and using direct JIT
  NKI skipped (not available)
Running case: {'n': 7340032}, dtype=fp32
2026-10-01 05:17:20,998 WARNING:Tunable parameters ['BLOCK_SIZE', 'threads'] already provided during auto-tuning. Skipping compilation and using direct JIT
  NKI skipped (not available)
Running case: {'n': 8388608}, dtype=fp32
2026-10-01 05:17:21,081 WARNING:Tunable parameters ['BLOCK_SIZE', 'threads'] already provided during auto-tuning. Skipping compilation and using direct JIT
  NKI skipped (not available)
Running case: {'n': 9437184}, dtype=fp32
2026-10-01 05:17:21,169 WARNING:Tunable parameters ['BLOCK_SIZE', 'threads'] already provided during auto-tuning. Skipping compilation and using direct JIT
  NKI skipped (not available)
Running case: {'n': 10485760}, dtype=fp32
2026-10-01 05:17:21,271 WARNING:Tunable parameters ['BLOCK_SIZE', 'threads'] already provided during auto-tuning. Skipping compilation and using direct JIT
  NKI skipped (not available)
Running case: {'n': 11534336}, dtype=fp32
2026-10-01 05:17:21,353 WARNING:Tunable parameters ['BLOCK_SIZE', 'threads'] already provided during auto-tuning. Skipping compilation and using direct JIT
  NKI skipped (not available)
Running case: {'n': 12582912}, dtype=fp32
2026-10-01 05:17:21,452 WARNING:Tunable parameters ['BLOCK_SIZE', 'threads'] already provided during auto-tuning. Skipping compilation and using direct JIT
  NKI skipped (not available)
Running case: {'n': 13631488}, dtype=fp32
2026-10-01 05:17:21,538 WARNING:Tunable parameters ['BLOCK_SIZE', 'threads'] already provided during auto-tuning. Skipping compilation and using direct JIT
  NKI skipped (not available)
Running case: {'n': 14680064}, dtype=fp32
2026-10-01 05:17:21,626 WARNING:Tunable parameters ['BLOCK_SIZE', 'threads'] already provided during auto-tuning. Skipping compilation and using direct JIT
  NKI skipped (not available)
Running case: {'n': 15728640}, dtype=fp32
2026-10-01 05:17:21,725 WARNING:Tunable parameters ['BLOCK_SIZE', 'threads'] already provided during auto-tuning. Skipping compilation and using direct JIT
  NKI skipped (not available)
Running case: {'n': 16777216}, dtype=fp32
2026-10-01 05:17:21,809 WARNING:Tunable parameters ['BLOCK_SIZE', 'threads'] already provided during auto-tuning. Skipping compilation and using direct JIT
  NKI skipped (not available)
Running case: {'n': 17825792}, dtype=fp32
2026-10-01 05:17:21,893 WARNING:Tunable parameters ['BLOCK_SIZE', 'threads'] already provided during auto-tuning. Skipping compilation and using direct JIT
  NKI skipped (not available)
Running case: {'n': 18874368}, dtype=fp32
2026-10-01 05:17:21,981 WARNING:Tunable parameters ['BLOCK_SIZE', 'threads'] already provided during auto-tuning. Skipping compilation and using direct JIT
  NKI skipped (not available)
Running case: {'n': 19922944}, dtype=fp32
2026-10-01 05:17:22,078 WARNING:Tunable parameters ['BLOCK_SIZE', 'threads'] already provided during auto-tuning. Skipping compilation and using direct JIT
  NKI skipped (not available)
Running case: {'n': 20971520}, dtype=fp32
2026-10-01 05:17:22,166 WARNING:Tunable parameters ['BLOCK_SIZE', 'threads'] already provided during auto-tuning. Skipping compilation and using direct JIT
  NKI skipped (not available)
Timing results  → /projects/kzhou6/bcui2/research/tilebench/Tilebench-gh200/results/GH200/logs/time_measurement_logs/quantize_global_default_triton-cutile-tilelang.json
Autotune log    → /projects/kzhou6/bcui2/research/tilebench/Tilebench-gh200/results/GH200/logs/autotune_logs/quantize_global_default_triton-cutile-tilelang.json
TileLang autotuner log → /projects/kzhou6/bcui2/research/tilebench/Tilebench-gh200/results/GH200/logs/tilelang_autotuner/quantize_global_default_triton-cutile-tilelang.log
Provenance      → /projects/kzhou6/bcui2/research/tilebench/Tilebench-gh200/results/GH200/logs/provenance/quantize_global_default_triton-cutile-tilelang.json

Summary:
Params       |    Dtype |  Torch(ms) |   Triton(ms) |   cuTile(ms) | TileLang(ms) |  Speedup(T) |  Speedup(C) | Speedup(TL)
---------------------------------------------------------------------------------------------------------------------------
n=1048576    | fp32     |     0.0039 |       0.0038 |       0.0039 |       0.0037 |        1.02 |        1.00 |        1.05
n=2097152    | fp32     |     0.0056 |       0.0060 |       0.0059 |       0.0058 |        0.95 |        0.95 |        0.97
n=3145728    | fp32     |     0.0077 |       0.0078 |       0.0080 |       0.0078 |        0.98 |        0.96 |        0.98
n=4194304    | fp32     |     0.0103 |       0.0098 |       0.0100 |       0.0097 |        1.05 |        1.03 |        1.06
n=5242880    | fp32     |     0.0124 |       0.0117 |       0.0121 |       0.0117 |        1.06 |        1.02 |        1.06
n=6291456    | fp32     |     0.0137 |       0.0142 |       0.0143 |       0.0136 |        0.96 |        0.96 |        1.01
n=7340032    | fp32     |     0.0157 |       0.0155 |       0.0156 |       0.0158 |        1.01 |        1.01 |        0.99
n=8388608    | fp32     |     0.0175 |       0.0170 |       0.0177 |       0.0173 |        1.03 |        0.99 |        1.01
n=9437184    | fp32     |     0.0192 |       0.0187 |       0.0193 |       0.0187 |        1.02 |        0.99 |        1.02
n=10485760   | fp32     |     0.0213 |       0.0210 |       0.0217 |       0.0211 |        1.01 |        0.99 |        1.01
n=11534336   | fp32     |     0.0228 |       0.0226 |       0.0232 |       0.0235 |        1.01 |        0.98 |        0.97
n=12582912   | fp32     |     0.0249 |       0.0250 |       0.0250 |       0.0252 |        1.00 |        1.00 |        0.99
n=13631488   | fp32     |     0.0261 |       0.0260 |       0.0266 |       0.0264 |        1.00 |        0.98 |        0.99
n=14680064   | fp32     |     0.0291 |       0.0284 |       0.0289 |       0.0288 |        1.03 |        1.01 |        1.01
n=15728640   | fp32     |     0.0310 |       0.0309 |       0.0306 |       0.0303 |        1.00 |        1.01 |        1.02
n=16777216   | fp32     |     0.0317 |       0.0317 |       0.0322 |       0.0315 |        1.00 |        0.98 |        1.01
n=17825792   | fp32     |     0.0332 |       0.0335 |       0.0330 |       0.0330 |        0.99 |        1.01 |        1.01
n=18874368   | fp32     |     0.0351 |       0.0358 |       0.0347 |       0.0351 |        0.98 |        1.01 |        1.00
n=19922944   | fp32     |     0.0366 |       0.0363 |       0.0375 |       0.0360 |        1.01 |        0.98 |        1.02
n=20971520   | fp32     |     0.0382 |       0.0389 |       0.0388 |       0.0379 |        0.98 |        0.99 |        1.01
Summary CSV     → /projects/kzhou6/bcui2/research/tilebench/Tilebench-gh200/results/GH200/csv/quantize_global_default.csv
