GPU/result namespace: GH200 (detected device: NVIDIA GH200 480GB, arch: hopper)
Starting benchmark for operator: radix_sort
Tile-language backends: torch (baseline) + cutile, tilelang, triton
  NKI not selected (--tile-language)
Running case: {'n': 1000000}, dtype=int32
2026-10-01 05:17:26,926 WARNING:Tunable parameters ['threads'] already provided during auto-tuning. Skipping compilation and using direct JIT
  NKI skipped (not available)
Running case: {'n': 2000000}, dtype=int32
2026-10-01 05:17:27,123 WARNING:Tunable parameters ['threads'] already provided during auto-tuning. Skipping compilation and using direct JIT
  NKI skipped (not available)
Running case: {'n': 3000000}, dtype=int32
2026-10-01 05:17:27,322 WARNING:Tunable parameters ['threads'] already provided during auto-tuning. Skipping compilation and using direct JIT
  NKI skipped (not available)
Running case: {'n': 4000000}, dtype=int32
2026-10-01 05:17:27,811 WARNING:Tunable parameters ['threads'] already provided during auto-tuning. Skipping compilation and using direct JIT
  NKI skipped (not available)
Running case: {'n': 5000000}, dtype=int32
2026-10-01 05:17:28,007 WARNING:Tunable parameters ['threads'] already provided during auto-tuning. Skipping compilation and using direct JIT
  NKI skipped (not available)
Running case: {'n': 6000000}, dtype=int32
2026-10-01 05:17:28,584 WARNING:Tunable parameters ['threads'] already provided during auto-tuning. Skipping compilation and using direct JIT
  NKI skipped (not available)
Running case: {'n': 7000000}, dtype=int32
2026-10-01 05:17:28,805 WARNING:Tunable parameters ['threads'] already provided during auto-tuning. Skipping compilation and using direct JIT
  NKI skipped (not available)
Running case: {'n': 8000000}, dtype=int32
2026-10-01 05:17:29,009 WARNING:Tunable parameters ['threads'] already provided during auto-tuning. Skipping compilation and using direct JIT
  NKI skipped (not available)
Running case: {'n': 9000000}, dtype=int32
2026-10-01 05:17:29,219 WARNING:Tunable parameters ['threads'] already provided during auto-tuning. Skipping compilation and using direct JIT
  NKI skipped (not available)
Running case: {'n': 10000000}, dtype=int32
2026-10-01 05:17:29,422 WARNING:Tunable parameters ['threads'] already provided during auto-tuning. Skipping compilation and using direct JIT
  NKI skipped (not available)
Running case: {'n': 11000000}, dtype=int32
2026-10-01 05:17:29,626 WARNING:Tunable parameters ['threads'] already provided during auto-tuning. Skipping compilation and using direct JIT
  NKI skipped (not available)
Running case: {'n': 12000000}, dtype=int32
2026-10-01 05:17:29,853 WARNING:Tunable parameters ['threads'] already provided during auto-tuning. Skipping compilation and using direct JIT
  NKI skipped (not available)
Running case: {'n': 13000000}, dtype=int32
2026-10-01 05:17:30,077 WARNING:Tunable parameters ['threads'] already provided during auto-tuning. Skipping compilation and using direct JIT
  NKI skipped (not available)
Running case: {'n': 14000000}, dtype=int32
2026-10-01 05:17:30,329 WARNING:Tunable parameters ['threads'] already provided during auto-tuning. Skipping compilation and using direct JIT
  NKI skipped (not available)
Running case: {'n': 15000000}, dtype=int32
2026-10-01 05:17:30,618 WARNING:Tunable parameters ['threads'] already provided during auto-tuning. Skipping compilation and using direct JIT
  NKI skipped (not available)
Running case: {'n': 16000000}, dtype=int32
2026-10-01 05:17:30,900 WARNING:Tunable parameters ['threads'] already provided during auto-tuning. Skipping compilation and using direct JIT
  NKI skipped (not available)
Running case: {'n': 17000000}, dtype=int32
2026-10-01 05:17:31,211 WARNING:Tunable parameters ['threads'] already provided during auto-tuning. Skipping compilation and using direct JIT
  NKI skipped (not available)
Running case: {'n': 18000000}, dtype=int32
2026-10-01 05:17:31,525 WARNING:Tunable parameters ['threads'] already provided during auto-tuning. Skipping compilation and using direct JIT
  NKI skipped (not available)
Running case: {'n': 19000000}, dtype=int32
2026-10-01 05:17:31,854 WARNING:Tunable parameters ['threads'] already provided during auto-tuning. Skipping compilation and using direct JIT
  NKI skipped (not available)
Running case: {'n': 20000000}, dtype=int32
2026-10-01 05:17:32,139 WARNING:Tunable parameters ['threads'] already provided during auto-tuning. Skipping compilation and using direct JIT
  NKI skipped (not available)
Timing results  → /projects/kzhou6/bcui2/research/tilebench/Tilebench-gh200/results/GH200/logs/time_measurement_logs/radix_sort_default_triton-cutile-tilelang.json
Autotune log    → /projects/kzhou6/bcui2/research/tilebench/Tilebench-gh200/results/GH200/logs/autotune_logs/radix_sort_default_triton-cutile-tilelang.json
TileLang autotuner log → /projects/kzhou6/bcui2/research/tilebench/Tilebench-gh200/results/GH200/logs/tilelang_autotuner/radix_sort_default_triton-cutile-tilelang.log
Provenance      → /projects/kzhou6/bcui2/research/tilebench/Tilebench-gh200/results/GH200/logs/provenance/radix_sort_default_triton-cutile-tilelang.json

Summary:
Params       |    Dtype |  Torch(ms) |   Triton(ms) |   cuTile(ms) | TileLang(ms) |  Speedup(T) |  Speedup(C) | Speedup(TL)
---------------------------------------------------------------------------------------------------------------------------
n=1000000    | int32    |     0.0824 |       0.1598 |       0.2430 |       0.3558 |        0.52 |        0.34 |        0.23
n=2000000    | int32    |     0.1399 |       0.2071 |       0.3625 |       0.4663 |        0.68 |        0.39 |        0.30
n=3000000    | int32    |     0.1847 |       0.2594 |       0.4899 |       0.5796 |        0.71 |        0.38 |        0.32
n=4000000    | int32    |     0.2421 |       0.3096 |       0.6122 |       0.6563 |        0.78 |        0.40 |        0.37
n=5000000    | int32    |     0.2838 |       0.3648 |       0.7350 |       0.7429 |        0.78 |        0.39 |        0.38
n=6000000    | int32    |     0.3264 |       0.4205 |       0.8682 |       0.8612 |        0.78 |        0.38 |        0.38
n=7000000    | int32    |     0.3724 |       0.4846 |       1.0016 |       0.9791 |        0.77 |        0.37 |        0.38
n=8000000    | int32    |     0.4101 |       0.5647 |       1.1484 |       1.0492 |        0.73 |        0.36 |        0.39
n=9000000    | int32    |     0.4531 |       0.6433 |       1.2736 |       1.1864 |        0.70 |        0.36 |        0.38
n=10000000   | int32    |     0.4981 |       0.7175 |       1.4181 |       1.3146 |        0.69 |        0.35 |        0.38
n=11000000   | int32    |     0.5421 |       0.7888 |       1.5552 |       1.4347 |        0.69 |        0.35 |        0.38
n=12000000   | int32    |     0.5813 |       0.8609 |       1.6884 |       1.5848 |        0.68 |        0.34 |        0.37
n=13000000   | int32    |     0.6231 |       0.9282 |       1.8236 |       1.6548 |        0.67 |        0.34 |        0.38
n=14000000   | int32    |     0.6630 |       1.0102 |       1.9526 |       1.7665 |        0.66 |        0.34 |        0.38
n=15000000   | int32    |     0.7116 |       1.0881 |       2.0791 |       1.8870 |        0.65 |        0.34 |        0.38
n=16000000   | int32    |     0.7509 |       1.1637 |       2.2110 |       2.0274 |        0.65 |        0.34 |        0.37
n=17000000   | int32    |     0.7878 |       1.2377 |       2.3386 |       2.1175 |        0.64 |        0.34 |        0.37
n=18000000   | int32    |     0.8335 |       1.3080 |       2.4679 |       2.2293 |        0.64 |        0.34 |        0.37
n=19000000   | int32    |     0.8713 |       1.3785 |       2.5954 |       2.3286 |        0.63 |        0.34 |        0.37
n=20000000   | int32    |     0.9205 |       1.4415 |       2.7292 |       2.5325 |        0.64 |        0.34 |        0.36
Summary CSV     → /projects/kzhou6/bcui2/research/tilebench/Tilebench-gh200/results/GH200/csv/radix_sort_default.csv
