GPU/result namespace: GH200 (detected device: NVIDIA GH200 480GB, arch: hopper)
Starting benchmark for operator: relu
Tile-language backends: torch (baseline) + cutile, tilelang, triton
  NKI not selected (--tile-language)
Running case: {'n': 1048576}, dtype=fp16
2026-10-01 05:17:37,119 WARNING:Tunable parameters ['BLOCK_SIZE', 'threads'] already provided during auto-tuning. Skipping compilation and using direct JIT
  NKI skipped (not available)
Running case: {'n': 1048576}, dtype=bf16
2026-10-01 05:17:37,338 WARNING:Tunable parameters ['BLOCK_SIZE', 'threads'] already provided during auto-tuning. Skipping compilation and using direct JIT
  NKI skipped (not available)
Running case: {'n': 1048576}, dtype=fp32
2026-10-01 05:17:37,554 WARNING:Tunable parameters ['BLOCK_SIZE', 'threads'] already provided during auto-tuning. Skipping compilation and using direct JIT
  NKI skipped (not available)
Running case: {'n': 1048576}, dtype=int8
2026-10-01 05:17:37,773 WARNING:Tunable parameters ['BLOCK_SIZE', 'threads'] already provided during auto-tuning. Skipping compilation and using direct JIT
  NKI skipped (not available)
Running case: {'n': 2097152}, dtype=fp16
2026-10-01 05:17:37,853 WARNING:Tunable parameters ['BLOCK_SIZE', 'threads'] already provided during auto-tuning. Skipping compilation and using direct JIT
  NKI skipped (not available)
Running case: {'n': 2097152}, dtype=bf16
2026-10-01 05:17:37,933 WARNING:Tunable parameters ['BLOCK_SIZE', 'threads'] already provided during auto-tuning. Skipping compilation and using direct JIT
  NKI skipped (not available)
Running case: {'n': 2097152}, dtype=fp32
2026-10-01 05:17:38,014 WARNING:Tunable parameters ['BLOCK_SIZE', 'threads'] already provided during auto-tuning. Skipping compilation and using direct JIT
  NKI skipped (not available)
Running case: {'n': 2097152}, dtype=int8
2026-10-01 05:17:38,113 WARNING:Tunable parameters ['BLOCK_SIZE', 'threads'] already provided during auto-tuning. Skipping compilation and using direct JIT
  NKI skipped (not available)
Running case: {'n': 3145728}, dtype=fp16
2026-10-01 05:17:38,197 WARNING:Tunable parameters ['BLOCK_SIZE', 'threads'] already provided during auto-tuning. Skipping compilation and using direct JIT
  NKI skipped (not available)
Running case: {'n': 3145728}, dtype=bf16
2026-10-01 05:17:38,279 WARNING:Tunable parameters ['BLOCK_SIZE', 'threads'] already provided during auto-tuning. Skipping compilation and using direct JIT
  NKI skipped (not available)
Running case: {'n': 3145728}, dtype=fp32
2026-10-01 05:17:38,361 WARNING:Tunable parameters ['BLOCK_SIZE', 'threads'] already provided during auto-tuning. Skipping compilation and using direct JIT
  NKI skipped (not available)
Running case: {'n': 3145728}, dtype=int8
2026-10-01 05:17:38,442 WARNING:Tunable parameters ['BLOCK_SIZE', 'threads'] already provided during auto-tuning. Skipping compilation and using direct JIT
  NKI skipped (not available)
Running case: {'n': 4194304}, dtype=fp16
2026-10-01 05:17:38,523 WARNING:Tunable parameters ['BLOCK_SIZE', 'threads'] already provided during auto-tuning. Skipping compilation and using direct JIT
  NKI skipped (not available)
Running case: {'n': 4194304}, dtype=bf16
2026-10-01 05:17:38,606 WARNING:Tunable parameters ['BLOCK_SIZE', 'threads'] already provided during auto-tuning. Skipping compilation and using direct JIT
  NKI skipped (not available)
Running case: {'n': 4194304}, dtype=fp32
2026-10-01 05:17:38,689 WARNING:Tunable parameters ['BLOCK_SIZE', 'threads'] already provided during auto-tuning. Skipping compilation and using direct JIT
  NKI skipped (not available)
Running case: {'n': 4194304}, dtype=int8
2026-10-01 05:17:38,775 WARNING:Tunable parameters ['BLOCK_SIZE', 'threads'] already provided during auto-tuning. Skipping compilation and using direct JIT
  NKI skipped (not available)
Running case: {'n': 5242880}, dtype=fp16
2026-10-01 05:17:38,866 WARNING:Tunable parameters ['BLOCK_SIZE', 'threads'] already provided during auto-tuning. Skipping compilation and using direct JIT
  NKI skipped (not available)
Running case: {'n': 5242880}, dtype=bf16
2026-10-01 05:17:38,953 WARNING:Tunable parameters ['BLOCK_SIZE', 'threads'] already provided during auto-tuning. Skipping compilation and using direct JIT
  NKI skipped (not available)
Running case: {'n': 5242880}, dtype=fp32
2026-10-01 05:17:39,044 WARNING:Tunable parameters ['BLOCK_SIZE', 'threads'] already provided during auto-tuning. Skipping compilation and using direct JIT
  NKI skipped (not available)
Running case: {'n': 5242880}, dtype=int8
2026-10-01 05:17:39,125 WARNING:Tunable parameters ['BLOCK_SIZE', 'threads'] already provided during auto-tuning. Skipping compilation and using direct JIT
  NKI skipped (not available)
Running case: {'n': 6291456}, dtype=fp16
2026-10-01 05:17:39,217 WARNING:Tunable parameters ['BLOCK_SIZE', 'threads'] already provided during auto-tuning. Skipping compilation and using direct JIT
  NKI skipped (not available)
Running case: {'n': 6291456}, dtype=bf16
2026-10-01 05:17:39,303 WARNING:Tunable parameters ['BLOCK_SIZE', 'threads'] already provided during auto-tuning. Skipping compilation and using direct JIT
  NKI skipped (not available)
Running case: {'n': 6291456}, dtype=fp32
2026-10-01 05:17:39,407 WARNING:Tunable parameters ['BLOCK_SIZE', 'threads'] already provided during auto-tuning. Skipping compilation and using direct JIT
  NKI skipped (not available)
Running case: {'n': 6291456}, dtype=int8
2026-10-01 05:17:39,488 WARNING:Tunable parameters ['BLOCK_SIZE', 'threads'] already provided during auto-tuning. Skipping compilation and using direct JIT
  NKI skipped (not available)
Running case: {'n': 7340032}, dtype=fp16
2026-10-01 05:17:39,572 WARNING:Tunable parameters ['BLOCK_SIZE', 'threads'] already provided during auto-tuning. Skipping compilation and using direct JIT
  NKI skipped (not available)
Running case: {'n': 7340032}, dtype=bf16
2026-10-01 05:17:39,657 WARNING:Tunable parameters ['BLOCK_SIZE', 'threads'] already provided during auto-tuning. Skipping compilation and using direct JIT
  NKI skipped (not available)
Running case: {'n': 7340032}, dtype=fp32
2026-10-01 05:17:39,753 WARNING:Tunable parameters ['BLOCK_SIZE', 'threads'] already provided during auto-tuning. Skipping compilation and using direct JIT
  NKI skipped (not available)
Running case: {'n': 7340032}, dtype=int8
2026-10-01 05:17:39,838 WARNING:Tunable parameters ['BLOCK_SIZE', 'threads'] already provided during auto-tuning. Skipping compilation and using direct JIT
  NKI skipped (not available)
Running case: {'n': 8388608}, dtype=fp16
2026-10-01 05:17:39,922 WARNING:Tunable parameters ['BLOCK_SIZE', 'threads'] already provided during auto-tuning. Skipping compilation and using direct JIT
  NKI skipped (not available)
Running case: {'n': 8388608}, dtype=bf16
2026-10-01 05:17:40,007 WARNING:Tunable parameters ['BLOCK_SIZE', 'threads'] already provided during auto-tuning. Skipping compilation and using direct JIT
  NKI skipped (not available)
Running case: {'n': 8388608}, dtype=fp32
2026-10-01 05:17:40,095 WARNING:Tunable parameters ['BLOCK_SIZE', 'threads'] already provided during auto-tuning. Skipping compilation and using direct JIT
  NKI skipped (not available)
Running case: {'n': 8388608}, dtype=int8
2026-10-01 05:17:40,182 WARNING:Tunable parameters ['BLOCK_SIZE', 'threads'] already provided during auto-tuning. Skipping compilation and using direct JIT
  NKI skipped (not available)
Running case: {'n': 9437184}, dtype=fp16
2026-10-01 05:17:40,270 WARNING:Tunable parameters ['BLOCK_SIZE', 'threads'] already provided during auto-tuning. Skipping compilation and using direct JIT
  NKI skipped (not available)
Running case: {'n': 9437184}, dtype=bf16
2026-10-01 05:17:40,355 WARNING:Tunable parameters ['BLOCK_SIZE', 'threads'] already provided during auto-tuning. Skipping compilation and using direct JIT
  NKI skipped (not available)
Running case: {'n': 9437184}, dtype=fp32
2026-10-01 05:17:40,441 WARNING:Tunable parameters ['BLOCK_SIZE', 'threads'] already provided during auto-tuning. Skipping compilation and using direct JIT
  NKI skipped (not available)
Running case: {'n': 9437184}, dtype=int8
2026-10-01 05:17:40,527 WARNING:Tunable parameters ['BLOCK_SIZE', 'threads'] already provided during auto-tuning. Skipping compilation and using direct JIT
  NKI skipped (not available)
Running case: {'n': 10485760}, dtype=fp16
2026-10-01 05:17:40,611 WARNING:Tunable parameters ['BLOCK_SIZE', 'threads'] already provided during auto-tuning. Skipping compilation and using direct JIT
  NKI skipped (not available)
Running case: {'n': 10485760}, dtype=bf16
2026-10-01 05:17:40,694 WARNING:Tunable parameters ['BLOCK_SIZE', 'threads'] already provided during auto-tuning. Skipping compilation and using direct JIT
  NKI skipped (not available)
Running case: {'n': 10485760}, dtype=fp32
2026-10-01 05:17:40,784 WARNING:Tunable parameters ['BLOCK_SIZE', 'threads'] already provided during auto-tuning. Skipping compilation and using direct JIT
  NKI skipped (not available)
Running case: {'n': 10485760}, dtype=int8
2026-10-01 05:17:40,869 WARNING:Tunable parameters ['BLOCK_SIZE', 'threads'] already provided during auto-tuning. Skipping compilation and using direct JIT
  NKI skipped (not available)
Running case: {'n': 11534336}, dtype=fp16
2026-10-01 05:17:40,955 WARNING:Tunable parameters ['BLOCK_SIZE', 'threads'] already provided during auto-tuning. Skipping compilation and using direct JIT
  NKI skipped (not available)
Running case: {'n': 11534336}, dtype=bf16
2026-10-01 05:17:41,057 WARNING:Tunable parameters ['BLOCK_SIZE', 'threads'] already provided during auto-tuning. Skipping compilation and using direct JIT
  NKI skipped (not available)
Running case: {'n': 11534336}, dtype=fp32
2026-10-01 05:17:41,144 WARNING:Tunable parameters ['BLOCK_SIZE', 'threads'] already provided during auto-tuning. Skipping compilation and using direct JIT
  NKI skipped (not available)
Running case: {'n': 11534336}, dtype=int8
2026-10-01 05:17:41,237 WARNING:Tunable parameters ['BLOCK_SIZE', 'threads'] already provided during auto-tuning. Skipping compilation and using direct JIT
  NKI skipped (not available)
Running case: {'n': 12582912}, dtype=fp16
2026-10-01 05:17:41,331 WARNING:Tunable parameters ['BLOCK_SIZE', 'threads'] already provided during auto-tuning. Skipping compilation and using direct JIT
  NKI skipped (not available)
Running case: {'n': 12582912}, dtype=bf16
2026-10-01 05:17:41,419 WARNING:Tunable parameters ['BLOCK_SIZE', 'threads'] already provided during auto-tuning. Skipping compilation and using direct JIT
  NKI skipped (not available)
Running case: {'n': 12582912}, dtype=fp32
2026-10-01 05:17:41,509 WARNING:Tunable parameters ['BLOCK_SIZE', 'threads'] already provided during auto-tuning. Skipping compilation and using direct JIT
  NKI skipped (not available)
Running case: {'n': 12582912}, dtype=int8
2026-10-01 05:17:41,596 WARNING:Tunable parameters ['BLOCK_SIZE', 'threads'] already provided during auto-tuning. Skipping compilation and using direct JIT
  NKI skipped (not available)
Running case: {'n': 13631488}, dtype=fp16
2026-10-01 05:17:41,683 WARNING:Tunable parameters ['BLOCK_SIZE', 'threads'] already provided during auto-tuning. Skipping compilation and using direct JIT
  NKI skipped (not available)
Running case: {'n': 13631488}, dtype=bf16
2026-10-01 05:17:41,769 WARNING:Tunable parameters ['BLOCK_SIZE', 'threads'] already provided during auto-tuning. Skipping compilation and using direct JIT
  NKI skipped (not available)
Running case: {'n': 13631488}, dtype=fp32
2026-10-01 05:17:41,857 WARNING:Tunable parameters ['BLOCK_SIZE', 'threads'] already provided during auto-tuning. Skipping compilation and using direct JIT
  NKI skipped (not available)
Running case: {'n': 13631488}, dtype=int8
2026-10-01 05:17:41,943 WARNING:Tunable parameters ['BLOCK_SIZE', 'threads'] already provided during auto-tuning. Skipping compilation and using direct JIT
  NKI skipped (not available)
Running case: {'n': 14680064}, dtype=fp16
2026-10-01 05:17:42,038 WARNING:Tunable parameters ['BLOCK_SIZE', 'threads'] already provided during auto-tuning. Skipping compilation and using direct JIT
  NKI skipped (not available)
Running case: {'n': 14680064}, dtype=bf16
2026-10-01 05:17:42,124 WARNING:Tunable parameters ['BLOCK_SIZE', 'threads'] already provided during auto-tuning. Skipping compilation and using direct JIT
  NKI skipped (not available)
Running case: {'n': 14680064}, dtype=fp32
2026-10-01 05:17:42,218 WARNING:Tunable parameters ['BLOCK_SIZE', 'threads'] already provided during auto-tuning. Skipping compilation and using direct JIT
  NKI skipped (not available)
Running case: {'n': 14680064}, dtype=int8
2026-10-01 05:17:42,305 WARNING:Tunable parameters ['BLOCK_SIZE', 'threads'] already provided during auto-tuning. Skipping compilation and using direct JIT
  NKI skipped (not available)
Running case: {'n': 15728640}, dtype=fp16
2026-10-01 05:17:42,396 WARNING:Tunable parameters ['BLOCK_SIZE', 'threads'] already provided during auto-tuning. Skipping compilation and using direct JIT
  NKI skipped (not available)
Running case: {'n': 15728640}, dtype=bf16
2026-10-01 05:17:42,488 WARNING:Tunable parameters ['BLOCK_SIZE', 'threads'] already provided during auto-tuning. Skipping compilation and using direct JIT
  NKI skipped (not available)
Running case: {'n': 15728640}, dtype=fp32
2026-10-01 05:17:42,579 WARNING:Tunable parameters ['BLOCK_SIZE', 'threads'] already provided during auto-tuning. Skipping compilation and using direct JIT
  NKI skipped (not available)
Running case: {'n': 15728640}, dtype=int8
2026-10-01 05:17:42,667 WARNING:Tunable parameters ['BLOCK_SIZE', 'threads'] already provided during auto-tuning. Skipping compilation and using direct JIT
  NKI skipped (not available)
Running case: {'n': 16777216}, dtype=fp16
2026-10-01 05:17:42,763 WARNING:Tunable parameters ['BLOCK_SIZE', 'threads'] already provided during auto-tuning. Skipping compilation and using direct JIT
  NKI skipped (not available)
Running case: {'n': 16777216}, dtype=bf16
2026-10-01 05:17:42,850 WARNING:Tunable parameters ['BLOCK_SIZE', 'threads'] already provided during auto-tuning. Skipping compilation and using direct JIT
  NKI skipped (not available)
Running case: {'n': 16777216}, dtype=fp32
2026-10-01 05:17:42,944 WARNING:Tunable parameters ['BLOCK_SIZE', 'threads'] already provided during auto-tuning. Skipping compilation and using direct JIT
  NKI skipped (not available)
Running case: {'n': 16777216}, dtype=int8
2026-10-01 05:17:43,045 WARNING:Tunable parameters ['BLOCK_SIZE', 'threads'] already provided during auto-tuning. Skipping compilation and using direct JIT
  NKI skipped (not available)
Running case: {'n': 17825792}, dtype=fp16
2026-10-01 05:17:43,133 WARNING:Tunable parameters ['BLOCK_SIZE', 'threads'] already provided during auto-tuning. Skipping compilation and using direct JIT
  NKI skipped (not available)
Running case: {'n': 17825792}, dtype=bf16
2026-10-01 05:17:43,234 WARNING:Tunable parameters ['BLOCK_SIZE', 'threads'] already provided during auto-tuning. Skipping compilation and using direct JIT
  NKI skipped (not available)
Running case: {'n': 17825792}, dtype=fp32
2026-10-01 05:17:43,328 WARNING:Tunable parameters ['BLOCK_SIZE', 'threads'] already provided during auto-tuning. Skipping compilation and using direct JIT
  NKI skipped (not available)
Running case: {'n': 17825792}, dtype=int8
2026-10-01 05:17:43,434 WARNING:Tunable parameters ['BLOCK_SIZE', 'threads'] already provided during auto-tuning. Skipping compilation and using direct JIT
  NKI skipped (not available)
Running case: {'n': 18874368}, dtype=fp16
2026-10-01 05:17:43,526 WARNING:Tunable parameters ['BLOCK_SIZE', 'threads'] already provided during auto-tuning. Skipping compilation and using direct JIT
  NKI skipped (not available)
Running case: {'n': 18874368}, dtype=bf16
2026-10-01 05:17:43,623 WARNING:Tunable parameters ['BLOCK_SIZE', 'threads'] already provided during auto-tuning. Skipping compilation and using direct JIT
  NKI skipped (not available)
Running case: {'n': 18874368}, dtype=fp32
2026-10-01 05:17:43,716 WARNING:Tunable parameters ['BLOCK_SIZE', 'threads'] already provided during auto-tuning. Skipping compilation and using direct JIT
  NKI skipped (not available)
Running case: {'n': 18874368}, dtype=int8
2026-10-01 05:17:43,805 WARNING:Tunable parameters ['BLOCK_SIZE', 'threads'] already provided during auto-tuning. Skipping compilation and using direct JIT
  NKI skipped (not available)
Running case: {'n': 19922944}, dtype=fp16
2026-10-01 05:17:43,898 WARNING:Tunable parameters ['BLOCK_SIZE', 'threads'] already provided during auto-tuning. Skipping compilation and using direct JIT
  NKI skipped (not available)
Running case: {'n': 19922944}, dtype=bf16
2026-10-01 05:17:43,989 WARNING:Tunable parameters ['BLOCK_SIZE', 'threads'] already provided during auto-tuning. Skipping compilation and using direct JIT
  NKI skipped (not available)
Running case: {'n': 19922944}, dtype=fp32
2026-10-01 05:17:44,084 WARNING:Tunable parameters ['BLOCK_SIZE', 'threads'] already provided during auto-tuning. Skipping compilation and using direct JIT
  NKI skipped (not available)
Running case: {'n': 19922944}, dtype=int8
2026-10-01 05:17:44,176 WARNING:Tunable parameters ['BLOCK_SIZE', 'threads'] already provided during auto-tuning. Skipping compilation and using direct JIT
  NKI skipped (not available)
Running case: {'n': 20971520}, dtype=fp16
2026-10-01 05:17:44,266 WARNING:Tunable parameters ['BLOCK_SIZE', 'threads'] already provided during auto-tuning. Skipping compilation and using direct JIT
  NKI skipped (not available)
Running case: {'n': 20971520}, dtype=bf16
2026-10-01 05:17:44,360 WARNING:Tunable parameters ['BLOCK_SIZE', 'threads'] already provided during auto-tuning. Skipping compilation and using direct JIT
  NKI skipped (not available)
Running case: {'n': 20971520}, dtype=fp32
2026-10-01 05:17:44,454 WARNING:Tunable parameters ['BLOCK_SIZE', 'threads'] already provided during auto-tuning. Skipping compilation and using direct JIT
  NKI skipped (not available)
Running case: {'n': 20971520}, dtype=int8
2026-10-01 05:17:44,543 WARNING:Tunable parameters ['BLOCK_SIZE', 'threads'] already provided during auto-tuning. Skipping compilation and using direct JIT
  NKI skipped (not available)
Timing results  → /projects/kzhou6/bcui2/research/tilebench/Tilebench-gh200/results/GH200/logs/time_measurement_logs/relu_default_triton-cutile-tilelang.json
Autotune log    → /projects/kzhou6/bcui2/research/tilebench/Tilebench-gh200/results/GH200/logs/autotune_logs/relu_default_triton-cutile-tilelang.json
TileLang autotuner log → /projects/kzhou6/bcui2/research/tilebench/Tilebench-gh200/results/GH200/logs/tilelang_autotuner/relu_default_triton-cutile-tilelang.log
Provenance      → /projects/kzhou6/bcui2/research/tilebench/Tilebench-gh200/results/GH200/logs/provenance/relu_default_triton-cutile-tilelang.json

Summary:
Params       |    Dtype |  Torch(ms) |   Triton(ms) |   cuTile(ms) | TileLang(ms) |  Speedup(T) |  Speedup(C) | Speedup(TL)
---------------------------------------------------------------------------------------------------------------------------
n=1048576    | fp16     |     0.0033 |       0.0031 |       0.0033 |       0.0030 |        1.05 |        0.98 |        1.10
n=1048576    | bf16     |     0.0030 |       0.0029 |       0.0032 |       0.0029 |        1.05 |        0.95 |        1.05
n=1048576    | fp32     |     0.0044 |       0.0044 |       0.0045 |       0.0043 |        1.01 |        0.98 |        1.03
n=1048576    | int8     |     0.0025 |       0.0026 |       0.0027 |       0.0023 |        0.96 |        0.93 |        1.08
n=2097152    | fp16     |     0.0045 |       0.0047 |       0.0051 |       0.0047 |        0.97 |        0.88 |        0.97
n=2097152    | bf16     |     0.0045 |       0.0045 |       0.0046 |       0.0047 |        1.00 |        0.98 |        0.97
n=2097152    | fp32     |     0.0066 |       0.0068 |       0.0069 |       0.0068 |        0.98 |        0.96 |        0.97
n=2097152    | int8     |     0.0035 |       0.0035 |       0.0034 |       0.0031 |        1.01 |        1.02 |        1.13
n=3145728    | fp16     |     0.0060 |       0.0057 |       0.0063 |       0.0058 |        1.05 |        0.95 |        1.04
n=3145728    | bf16     |     0.0058 |       0.0058 |       0.0059 |       0.0057 |        0.99 |        0.98 |        1.00
n=3145728    | fp32     |     0.0093 |       0.0091 |       0.0095 |       0.0090 |        1.02 |        0.97 |        1.03
n=3145728    | int8     |     0.0042 |       0.0040 |       0.0043 |       0.0041 |        1.03 |        0.97 |        1.01
n=4194304    | fp16     |     0.0071 |       0.0069 |       0.0070 |       0.0070 |        1.02 |        1.01 |        1.01
n=4194304    | bf16     |     0.0070 |       0.0069 |       0.0076 |       0.0073 |        1.01 |        0.92 |        0.96
n=4194304    | fp32     |     0.0124 |       0.0119 |       0.0123 |       0.0119 |        1.04 |        1.01 |        1.04
n=4194304    | int8     |     0.0050 |       0.0049 |       0.0053 |       0.0049 |        1.01 |        0.94 |        1.02
n=5242880    | fp16     |     0.0085 |       0.0083 |       0.0082 |       0.0084 |        1.03 |        1.04 |        1.02
n=5242880    | bf16     |     0.0085 |       0.0084 |       0.0084 |       0.0079 |        1.01 |        1.01 |        1.07
n=5242880    | fp32     |     0.0145 |       0.0146 |       0.0143 |       0.0145 |        1.00 |        1.02 |        1.00
n=5242880    | int8     |     0.0055 |       0.0054 |       0.0057 |       0.0054 |        1.02 |        0.98 |        1.02
n=6291456    | fp16     |     0.0098 |       0.0096 |       0.0095 |       0.0095 |        1.02 |        1.03 |        1.03
n=6291456    | bf16     |     0.0096 |       0.0095 |       0.0097 |       0.0094 |        1.02 |        0.99 |        1.02
n=6291456    | fp32     |     0.0170 |       0.0167 |       0.0169 |       0.0168 |        1.02 |        1.00 |        1.01
n=6291456    | int8     |     0.0063 |       0.0061 |       0.0065 |       0.0061 |        1.03 |        0.96 |        1.03
n=7340032    | fp16     |     0.0113 |       0.0108 |       0.0107 |       0.0109 |        1.05 |        1.05 |        1.03
n=7340032    | bf16     |     0.0106 |       0.0107 |       0.0107 |       0.0109 |        0.99 |        0.98 |        0.97
n=7340032    | fp32     |     0.0191 |       0.0196 |       0.0192 |       0.0189 |        0.97 |        0.99 |        1.01
n=7340032    | int8     |     0.0068 |       0.0067 |       0.0075 |       0.0067 |        1.01 |        0.90 |        1.01
n=8388608    | fp16     |     0.0119 |       0.0119 |       0.0120 |       0.0118 |        0.99 |        0.99 |        1.00
n=8388608    | bf16     |     0.0121 |       0.0119 |       0.0124 |       0.0119 |        1.01 |        0.97 |        1.01
n=8388608    | fp32     |     0.0219 |       0.0216 |       0.0212 |       0.0214 |        1.01 |        1.03 |        1.02
n=8388608    | int8     |     0.0075 |       0.0074 |       0.0081 |       0.0073 |        1.01 |        0.92 |        1.02
n=9437184    | fp16     |     0.0135 |       0.0133 |       0.0136 |       0.0136 |        1.02 |        1.00 |        0.99
n=9437184    | bf16     |     0.0132 |       0.0133 |       0.0133 |       0.0134 |        0.99 |        0.99 |        0.98
n=9437184    | fp32     |     0.0237 |       0.0234 |       0.0245 |       0.0236 |        1.01 |        0.97 |        1.00
n=9437184    | int8     |     0.0079 |       0.0084 |       0.0089 |       0.0080 |        0.94 |        0.89 |        0.99
n=10485760   | fp16     |     0.0147 |       0.0147 |       0.0146 |       0.0149 |        1.00 |        1.00 |        0.99
n=10485760   | bf16     |     0.0144 |       0.0142 |       0.0150 |       0.0141 |        1.01 |        0.96 |        1.02
n=10485760   | fp32     |     0.0259 |       0.0266 |       0.0265 |       0.0260 |        0.97 |        0.98 |        1.00
n=10485760   | int8     |     0.0088 |       0.0089 |       0.0096 |       0.0088 |        0.99 |        0.92 |        1.00
n=11534336   | fp16     |     0.0161 |       0.0156 |       0.0163 |       0.0156 |        1.03 |        0.99 |        1.03
n=11534336   | bf16     |     0.0157 |       0.0156 |       0.0159 |       0.0162 |        1.01 |        0.99 |        0.97
n=11534336   | fp32     |     0.0290 |       0.0281 |       0.0287 |       0.0282 |        1.03 |        1.01 |        1.03
n=11534336   | int8     |     0.0099 |       0.0094 |       0.0105 |       0.0095 |        1.05 |        0.94 |        1.04
n=12582912   | fp16     |     0.0174 |       0.0174 |       0.0173 |       0.0165 |        1.00 |        1.00 |        1.05
n=12582912   | bf16     |     0.0167 |       0.0172 |       0.0174 |       0.0169 |        0.97 |        0.96 |        0.99
n=12582912   | fp32     |     0.0308 |       0.0306 |       0.0316 |       0.0311 |        1.01 |        0.97 |        0.99
n=12582912   | int8     |     0.0103 |       0.0103 |       0.0112 |       0.0101 |        1.01 |        0.92 |        1.02
n=13631488   | fp16     |     0.0182 |       0.0186 |       0.0181 |       0.0185 |        0.97 |        1.01 |        0.98
n=13631488   | bf16     |     0.0182 |       0.0180 |       0.0178 |       0.0183 |        1.01 |        1.02 |        0.99
n=13631488   | fp32     |     0.0336 |       0.0327 |       0.0345 |       0.0327 |        1.03 |        0.98 |        1.03
n=13631488   | int8     |     0.0106 |       0.0107 |       0.0120 |       0.0108 |        0.99 |        0.88 |        0.98
n=14680064   | fp16     |     0.0193 |       0.0200 |       0.0189 |       0.0195 |        0.97 |        1.02 |        0.99
n=14680064   | bf16     |     0.0193 |       0.0192 |       0.0195 |       0.0197 |        1.01 |        0.99 |        0.98
n=14680064   | fp32     |     0.0352 |       0.0350 |       0.0363 |       0.0361 |        1.01 |        0.97 |        0.98
n=14680064   | int8     |     0.0115 |       0.0113 |       0.0129 |       0.0115 |        1.01 |        0.89 |        1.00
n=15728640   | fp16     |     0.0207 |       0.0204 |       0.0202 |       0.0203 |        1.01 |        1.02 |        1.02
n=15728640   | bf16     |     0.0205 |       0.0206 |       0.0210 |       0.0210 |        0.99 |        0.97 |        0.97
n=15728640   | fp32     |     0.0381 |       0.0373 |       0.0375 |       0.0373 |        1.02 |        1.02 |        1.02
n=15728640   | int8     |     0.0122 |       0.0121 |       0.0140 |       0.0124 |        1.01 |        0.87 |        0.98
n=16777216   | fp16     |     0.0217 |       0.0223 |       0.0221 |       0.0224 |        0.97 |        0.98 |        0.97
n=16777216   | bf16     |     0.0215 |       0.0213 |       0.0216 |       0.0212 |        1.01 |        1.00 |        1.02
n=16777216   | fp32     |     0.0404 |       0.0402 |       0.0406 |       0.0395 |        1.00 |        1.00 |        1.02
n=16777216   | int8     |     0.0131 |       0.0131 |       0.0143 |       0.0127 |        0.99 |        0.91 |        1.03
n=17825792   | fp16     |     0.0235 |       0.0224 |       0.0228 |       0.0226 |        1.05 |        1.03 |        1.04
n=17825792   | bf16     |     0.0228 |       0.0227 |       0.0228 |       0.0227 |        1.01 |        1.00 |        1.01
n=17825792   | fp32     |     0.0427 |       0.0422 |       0.0430 |       0.0423 |        1.01 |        0.99 |        1.01
n=17825792   | int8     |     0.0134 |       0.0133 |       0.0151 |       0.0134 |        1.00 |        0.88 |        1.00
n=18874368   | fp16     |     0.0244 |       0.0240 |       0.0238 |       0.0240 |        1.02 |        1.03 |        1.01
n=18874368   | bf16     |     0.0244 |       0.0239 |       0.0237 |       0.0238 |        1.02 |        1.03 |        1.03
n=18874368   | fp32     |     0.0443 |       0.0449 |       0.0443 |       0.0453 |        0.99 |        1.00 |        0.98
n=18874368   | int8     |     0.0142 |       0.0141 |       0.0159 |       0.0142 |        1.01 |        0.89 |        1.01
n=19922944   | fp16     |     0.0256 |       0.0251 |       0.0256 |       0.0250 |        1.02 |        1.00 |        1.03
n=19922944   | bf16     |     0.0252 |       0.0250 |       0.0259 |       0.0257 |        1.01 |        0.97 |        0.98
n=19922944   | fp32     |     0.0472 |       0.0476 |       0.0464 |       0.0467 |        0.99 |        1.02 |        1.01
n=19922944   | int8     |     0.0150 |       0.0150 |       0.0172 |       0.0148 |        1.00 |        0.87 |        1.01
n=20971520   | fp16     |     0.0275 |       0.0276 |       0.0265 |       0.0267 |        1.00 |        1.04 |        1.03
n=20971520   | bf16     |     0.0264 |       0.0262 |       0.0266 |       0.0263 |        1.01 |        0.99 |        1.01
n=20971520   | fp32     |     0.0492 |       0.0489 |       0.0492 |       0.0496 |        1.01 |        1.00 |        0.99
n=20971520   | int8     |     0.0153 |       0.0156 |       0.0177 |       0.0155 |        0.99 |        0.87 |        0.99
Summary CSV     → /projects/kzhou6/bcui2/research/tilebench/Tilebench-gh200/results/GH200/csv/relu_default.csv
