GPU/result namespace: GH200 (detected device: NVIDIA GH200 480GB, arch: hopper)
Starting benchmark for operator: reverse_array
Tile-language backends: torch (baseline) + cutile, tilelang, triton
  NKI not selected (--tile-language)
Running case: {'n': 1000000}, dtype=fp16
2026-10-01 05:17:48,494 WARNING:Tunable parameters ['BLOCK_SIZE', 'threads'] already provided during auto-tuning. Skipping compilation and using direct JIT
  NKI skipped (not available)
Running case: {'n': 1000000}, dtype=bf16
2026-10-01 05:17:48,700 WARNING:Tunable parameters ['BLOCK_SIZE', 'threads'] already provided during auto-tuning. Skipping compilation and using direct JIT
  NKI skipped (not available)
Running case: {'n': 1000000}, dtype=fp32
2026-10-01 05:17:48,916 WARNING:Tunable parameters ['BLOCK_SIZE', 'threads'] already provided during auto-tuning. Skipping compilation and using direct JIT
  NKI skipped (not available)
Running case: {'n': 1000000}, dtype=int8
2026-10-01 05:17:49,152 WARNING:Tunable parameters ['BLOCK_SIZE', 'threads'] already provided during auto-tuning. Skipping compilation and using direct JIT
  NKI skipped (not available)
Running case: {'n': 2000000}, dtype=fp16
2026-10-01 05:17:49,233 WARNING:Tunable parameters ['BLOCK_SIZE', 'threads'] already provided during auto-tuning. Skipping compilation and using direct JIT
  NKI skipped (not available)
Running case: {'n': 2000000}, dtype=bf16
2026-10-01 05:17:49,310 WARNING:Tunable parameters ['BLOCK_SIZE', 'threads'] already provided during auto-tuning. Skipping compilation and using direct JIT
  NKI skipped (not available)
Running case: {'n': 2000000}, dtype=fp32
2026-10-01 05:17:49,399 WARNING:Tunable parameters ['BLOCK_SIZE', 'threads'] already provided during auto-tuning. Skipping compilation and using direct JIT
  NKI skipped (not available)
Running case: {'n': 2000000}, dtype=int8
2026-10-01 05:17:49,475 WARNING:Tunable parameters ['BLOCK_SIZE', 'threads'] already provided during auto-tuning. Skipping compilation and using direct JIT
  NKI skipped (not available)
Running case: {'n': 3000000}, dtype=fp16
2026-10-01 05:17:49,556 WARNING:Tunable parameters ['BLOCK_SIZE', 'threads'] already provided during auto-tuning. Skipping compilation and using direct JIT
  NKI skipped (not available)
Running case: {'n': 3000000}, dtype=bf16
2026-10-01 05:17:49,634 WARNING:Tunable parameters ['BLOCK_SIZE', 'threads'] already provided during auto-tuning. Skipping compilation and using direct JIT
  NKI skipped (not available)
Running case: {'n': 3000000}, dtype=fp32
2026-10-01 05:17:49,714 WARNING:Tunable parameters ['BLOCK_SIZE', 'threads'] already provided during auto-tuning. Skipping compilation and using direct JIT
  NKI skipped (not available)
Running case: {'n': 3000000}, dtype=int8
2026-10-01 05:17:49,798 WARNING:Tunable parameters ['BLOCK_SIZE', 'threads'] already provided during auto-tuning. Skipping compilation and using direct JIT
  NKI skipped (not available)
Running case: {'n': 4000000}, dtype=fp16
2026-10-01 05:17:49,878 WARNING:Tunable parameters ['BLOCK_SIZE', 'threads'] already provided during auto-tuning. Skipping compilation and using direct JIT
  NKI skipped (not available)
Running case: {'n': 4000000}, dtype=bf16
2026-10-01 05:17:49,957 WARNING:Tunable parameters ['BLOCK_SIZE', 'threads'] already provided during auto-tuning. Skipping compilation and using direct JIT
  NKI skipped (not available)
Running case: {'n': 4000000}, dtype=fp32
2026-10-01 05:17:50,038 WARNING:Tunable parameters ['BLOCK_SIZE', 'threads'] already provided during auto-tuning. Skipping compilation and using direct JIT
  NKI skipped (not available)
Running case: {'n': 4000000}, dtype=int8
2026-10-01 05:17:50,120 WARNING:Tunable parameters ['BLOCK_SIZE', 'threads'] already provided during auto-tuning. Skipping compilation and using direct JIT
  NKI skipped (not available)
Running case: {'n': 5000000}, dtype=fp16
2026-10-01 05:17:50,198 WARNING:Tunable parameters ['BLOCK_SIZE', 'threads'] already provided during auto-tuning. Skipping compilation and using direct JIT
  NKI skipped (not available)
Running case: {'n': 5000000}, dtype=bf16
2026-10-01 05:17:50,279 WARNING:Tunable parameters ['BLOCK_SIZE', 'threads'] already provided during auto-tuning. Skipping compilation and using direct JIT
  NKI skipped (not available)
Running case: {'n': 5000000}, dtype=fp32
2026-10-01 05:17:50,361 WARNING:Tunable parameters ['BLOCK_SIZE', 'threads'] already provided during auto-tuning. Skipping compilation and using direct JIT
  NKI skipped (not available)
Running case: {'n': 5000000}, dtype=int8
2026-10-01 05:17:50,438 WARNING:Tunable parameters ['BLOCK_SIZE', 'threads'] already provided during auto-tuning. Skipping compilation and using direct JIT
  NKI skipped (not available)
Running case: {'n': 6000000}, dtype=fp16
2026-10-01 05:17:50,515 WARNING:Tunable parameters ['BLOCK_SIZE', 'threads'] already provided during auto-tuning. Skipping compilation and using direct JIT
  NKI skipped (not available)
Running case: {'n': 6000000}, dtype=bf16
2026-10-01 05:17:50,602 WARNING:Tunable parameters ['BLOCK_SIZE', 'threads'] already provided during auto-tuning. Skipping compilation and using direct JIT
  NKI skipped (not available)
Running case: {'n': 6000000}, dtype=fp32
2026-10-01 05:17:50,683 WARNING:Tunable parameters ['BLOCK_SIZE', 'threads'] already provided during auto-tuning. Skipping compilation and using direct JIT
  NKI skipped (not available)
Running case: {'n': 6000000}, dtype=int8
2026-10-01 05:17:50,765 WARNING:Tunable parameters ['BLOCK_SIZE', 'threads'] already provided during auto-tuning. Skipping compilation and using direct JIT
  NKI skipped (not available)
Running case: {'n': 7000000}, dtype=fp16
2026-10-01 05:17:50,847 WARNING:Tunable parameters ['BLOCK_SIZE', 'threads'] already provided during auto-tuning. Skipping compilation and using direct JIT
  NKI skipped (not available)
Running case: {'n': 7000000}, dtype=bf16
2026-10-01 05:17:50,926 WARNING:Tunable parameters ['BLOCK_SIZE', 'threads'] already provided during auto-tuning. Skipping compilation and using direct JIT
  NKI skipped (not available)
Running case: {'n': 7000000}, dtype=fp32
2026-10-01 05:17:51,010 WARNING:Tunable parameters ['BLOCK_SIZE', 'threads'] already provided during auto-tuning. Skipping compilation and using direct JIT
  NKI skipped (not available)
Running case: {'n': 7000000}, dtype=int8
2026-10-01 05:17:51,090 WARNING:Tunable parameters ['BLOCK_SIZE', 'threads'] already provided during auto-tuning. Skipping compilation and using direct JIT
  NKI skipped (not available)
Running case: {'n': 8000000}, dtype=fp16
2026-10-01 05:17:51,171 WARNING:Tunable parameters ['BLOCK_SIZE', 'threads'] already provided during auto-tuning. Skipping compilation and using direct JIT
  NKI skipped (not available)
Running case: {'n': 8000000}, dtype=bf16
2026-10-01 05:17:51,253 WARNING:Tunable parameters ['BLOCK_SIZE', 'threads'] already provided during auto-tuning. Skipping compilation and using direct JIT
  NKI skipped (not available)
Running case: {'n': 8000000}, dtype=fp32
2026-10-01 05:17:51,336 WARNING:Tunable parameters ['BLOCK_SIZE', 'threads'] already provided during auto-tuning. Skipping compilation and using direct JIT
  NKI skipped (not available)
Running case: {'n': 8000000}, dtype=int8
2026-10-01 05:17:51,416 WARNING:Tunable parameters ['BLOCK_SIZE', 'threads'] already provided during auto-tuning. Skipping compilation and using direct JIT
  NKI skipped (not available)
Running case: {'n': 9000000}, dtype=fp16
2026-10-01 05:17:51,501 WARNING:Tunable parameters ['BLOCK_SIZE', 'threads'] already provided during auto-tuning. Skipping compilation and using direct JIT
  NKI skipped (not available)
Running case: {'n': 9000000}, dtype=bf16
2026-10-01 05:17:51,582 WARNING:Tunable parameters ['BLOCK_SIZE', 'threads'] already provided during auto-tuning. Skipping compilation and using direct JIT
  NKI skipped (not available)
Running case: {'n': 9000000}, dtype=fp32
2026-10-01 05:17:51,671 WARNING:Tunable parameters ['BLOCK_SIZE', 'threads'] already provided during auto-tuning. Skipping compilation and using direct JIT
  NKI skipped (not available)
Running case: {'n': 9000000}, dtype=int8
2026-10-01 05:17:51,755 WARNING:Tunable parameters ['BLOCK_SIZE', 'threads'] already provided during auto-tuning. Skipping compilation and using direct JIT
  NKI skipped (not available)
Running case: {'n': 10000000}, dtype=fp16
2026-10-01 05:17:51,836 WARNING:Tunable parameters ['BLOCK_SIZE', 'threads'] already provided during auto-tuning. Skipping compilation and using direct JIT
  NKI skipped (not available)
Running case: {'n': 10000000}, dtype=bf16
2026-10-01 05:17:51,918 WARNING:Tunable parameters ['BLOCK_SIZE', 'threads'] already provided during auto-tuning. Skipping compilation and using direct JIT
  NKI skipped (not available)
Running case: {'n': 10000000}, dtype=fp32
2026-10-01 05:17:52,001 WARNING:Tunable parameters ['BLOCK_SIZE', 'threads'] already provided during auto-tuning. Skipping compilation and using direct JIT
  NKI skipped (not available)
Running case: {'n': 10000000}, dtype=int8
2026-10-01 05:17:52,083 WARNING:Tunable parameters ['BLOCK_SIZE', 'threads'] already provided during auto-tuning. Skipping compilation and using direct JIT
  NKI skipped (not available)
Running case: {'n': 11000000}, dtype=fp16
2026-10-01 05:17:52,165 WARNING:Tunable parameters ['BLOCK_SIZE', 'threads'] already provided during auto-tuning. Skipping compilation and using direct JIT
  NKI skipped (not available)
Running case: {'n': 11000000}, dtype=bf16
2026-10-01 05:17:52,251 WARNING:Tunable parameters ['BLOCK_SIZE', 'threads'] already provided during auto-tuning. Skipping compilation and using direct JIT
  NKI skipped (not available)
Running case: {'n': 11000000}, dtype=fp32
2026-10-01 05:17:52,338 WARNING:Tunable parameters ['BLOCK_SIZE', 'threads'] already provided during auto-tuning. Skipping compilation and using direct JIT
  NKI skipped (not available)
Running case: {'n': 11000000}, dtype=int8
2026-10-01 05:17:52,419 WARNING:Tunable parameters ['BLOCK_SIZE', 'threads'] already provided during auto-tuning. Skipping compilation and using direct JIT
  NKI skipped (not available)
Running case: {'n': 12000000}, dtype=fp16
2026-10-01 05:17:52,502 WARNING:Tunable parameters ['BLOCK_SIZE', 'threads'] already provided during auto-tuning. Skipping compilation and using direct JIT
  NKI skipped (not available)
Running case: {'n': 12000000}, dtype=bf16
2026-10-01 05:17:52,589 WARNING:Tunable parameters ['BLOCK_SIZE', 'threads'] already provided during auto-tuning. Skipping compilation and using direct JIT
  NKI skipped (not available)
Running case: {'n': 12000000}, dtype=fp32
2026-10-01 05:17:52,673 WARNING:Tunable parameters ['BLOCK_SIZE', 'threads'] already provided during auto-tuning. Skipping compilation and using direct JIT
  NKI skipped (not available)
Running case: {'n': 12000000}, dtype=int8
2026-10-01 05:17:52,757 WARNING:Tunable parameters ['BLOCK_SIZE', 'threads'] already provided during auto-tuning. Skipping compilation and using direct JIT
  NKI skipped (not available)
Running case: {'n': 13000000}, dtype=fp16
2026-10-01 05:17:52,849 WARNING:Tunable parameters ['BLOCK_SIZE', 'threads'] already provided during auto-tuning. Skipping compilation and using direct JIT
  NKI skipped (not available)
Running case: {'n': 13000000}, dtype=bf16
2026-10-01 05:17:52,937 WARNING:Tunable parameters ['BLOCK_SIZE', 'threads'] already provided during auto-tuning. Skipping compilation and using direct JIT
  NKI skipped (not available)
Running case: {'n': 13000000}, dtype=fp32
2026-10-01 05:17:53,024 WARNING:Tunable parameters ['BLOCK_SIZE', 'threads'] already provided during auto-tuning. Skipping compilation and using direct JIT
  NKI skipped (not available)
Running case: {'n': 13000000}, dtype=int8
2026-10-01 05:17:53,107 WARNING:Tunable parameters ['BLOCK_SIZE', 'threads'] already provided during auto-tuning. Skipping compilation and using direct JIT
  NKI skipped (not available)
Running case: {'n': 14000000}, dtype=fp16
2026-10-01 05:17:53,195 WARNING:Tunable parameters ['BLOCK_SIZE', 'threads'] already provided during auto-tuning. Skipping compilation and using direct JIT
  NKI skipped (not available)
Running case: {'n': 14000000}, dtype=bf16
2026-10-01 05:17:53,284 WARNING:Tunable parameters ['BLOCK_SIZE', 'threads'] already provided during auto-tuning. Skipping compilation and using direct JIT
  NKI skipped (not available)
Running case: {'n': 14000000}, dtype=fp32
2026-10-01 05:17:53,370 WARNING:Tunable parameters ['BLOCK_SIZE', 'threads'] already provided during auto-tuning. Skipping compilation and using direct JIT
  NKI skipped (not available)
Running case: {'n': 14000000}, dtype=int8
2026-10-01 05:17:53,453 WARNING:Tunable parameters ['BLOCK_SIZE', 'threads'] already provided during auto-tuning. Skipping compilation and using direct JIT
  NKI skipped (not available)
Running case: {'n': 15000000}, dtype=fp16
2026-10-01 05:17:53,542 WARNING:Tunable parameters ['BLOCK_SIZE', 'threads'] already provided during auto-tuning. Skipping compilation and using direct JIT
  NKI skipped (not available)
Running case: {'n': 15000000}, dtype=bf16
2026-10-01 05:17:53,629 WARNING:Tunable parameters ['BLOCK_SIZE', 'threads'] already provided during auto-tuning. Skipping compilation and using direct JIT
  NKI skipped (not available)
Running case: {'n': 15000000}, dtype=fp32
2026-10-01 05:17:53,717 WARNING:Tunable parameters ['BLOCK_SIZE', 'threads'] already provided during auto-tuning. Skipping compilation and using direct JIT
  NKI skipped (not available)
Running case: {'n': 15000000}, dtype=int8
2026-10-01 05:17:53,800 WARNING:Tunable parameters ['BLOCK_SIZE', 'threads'] already provided during auto-tuning. Skipping compilation and using direct JIT
  NKI skipped (not available)
Running case: {'n': 16000000}, dtype=fp16
2026-10-01 05:17:53,882 WARNING:Tunable parameters ['BLOCK_SIZE', 'threads'] already provided during auto-tuning. Skipping compilation and using direct JIT
  NKI skipped (not available)
Running case: {'n': 16000000}, dtype=bf16
2026-10-01 05:17:53,969 WARNING:Tunable parameters ['BLOCK_SIZE', 'threads'] already provided during auto-tuning. Skipping compilation and using direct JIT
  NKI skipped (not available)
Running case: {'n': 16000000}, dtype=fp32
2026-10-01 05:17:54,054 WARNING:Tunable parameters ['BLOCK_SIZE', 'threads'] already provided during auto-tuning. Skipping compilation and using direct JIT
  NKI skipped (not available)
Running case: {'n': 16000000}, dtype=int8
2026-10-01 05:17:54,137 WARNING:Tunable parameters ['BLOCK_SIZE', 'threads'] already provided during auto-tuning. Skipping compilation and using direct JIT
  NKI skipped (not available)
Running case: {'n': 17000000}, dtype=fp16
2026-10-01 05:17:54,221 WARNING:Tunable parameters ['BLOCK_SIZE', 'threads'] already provided during auto-tuning. Skipping compilation and using direct JIT
  NKI skipped (not available)
Running case: {'n': 17000000}, dtype=bf16
2026-10-01 05:17:54,306 WARNING:Tunable parameters ['BLOCK_SIZE', 'threads'] already provided during auto-tuning. Skipping compilation and using direct JIT
  NKI skipped (not available)
Running case: {'n': 17000000}, dtype=fp32
2026-10-01 05:17:54,394 WARNING:Tunable parameters ['BLOCK_SIZE', 'threads'] already provided during auto-tuning. Skipping compilation and using direct JIT
  NKI skipped (not available)
Running case: {'n': 17000000}, dtype=int8
2026-10-01 05:17:54,490 WARNING:Tunable parameters ['BLOCK_SIZE', 'threads'] already provided during auto-tuning. Skipping compilation and using direct JIT
  NKI skipped (not available)
Running case: {'n': 18000000}, dtype=fp16
2026-10-01 05:17:54,575 WARNING:Tunable parameters ['BLOCK_SIZE', 'threads'] already provided during auto-tuning. Skipping compilation and using direct JIT
  NKI skipped (not available)
Running case: {'n': 18000000}, dtype=bf16
2026-10-01 05:17:54,667 WARNING:Tunable parameters ['BLOCK_SIZE', 'threads'] already provided during auto-tuning. Skipping compilation and using direct JIT
  NKI skipped (not available)
Running case: {'n': 18000000}, dtype=fp32
2026-10-01 05:17:54,762 WARNING:Tunable parameters ['BLOCK_SIZE', 'threads'] already provided during auto-tuning. Skipping compilation and using direct JIT
  NKI skipped (not available)
Running case: {'n': 18000000}, dtype=int8
2026-10-01 05:17:54,855 WARNING:Tunable parameters ['BLOCK_SIZE', 'threads'] already provided during auto-tuning. Skipping compilation and using direct JIT
  NKI skipped (not available)
Running case: {'n': 19000000}, dtype=fp16
2026-10-01 05:17:54,953 WARNING:Tunable parameters ['BLOCK_SIZE', 'threads'] already provided during auto-tuning. Skipping compilation and using direct JIT
  NKI skipped (not available)
Running case: {'n': 19000000}, dtype=bf16
2026-10-01 05:17:55,040 WARNING:Tunable parameters ['BLOCK_SIZE', 'threads'] already provided during auto-tuning. Skipping compilation and using direct JIT
  NKI skipped (not available)
Running case: {'n': 19000000}, dtype=fp32
2026-10-01 05:17:55,134 WARNING:Tunable parameters ['BLOCK_SIZE', 'threads'] already provided during auto-tuning. Skipping compilation and using direct JIT
  NKI skipped (not available)
Running case: {'n': 19000000}, dtype=int8
2026-10-01 05:17:55,224 WARNING:Tunable parameters ['BLOCK_SIZE', 'threads'] already provided during auto-tuning. Skipping compilation and using direct JIT
  NKI skipped (not available)
Running case: {'n': 20000000}, dtype=fp16
2026-10-01 05:17:55,310 WARNING:Tunable parameters ['BLOCK_SIZE', 'threads'] already provided during auto-tuning. Skipping compilation and using direct JIT
  NKI skipped (not available)
Running case: {'n': 20000000}, dtype=bf16
2026-10-01 05:17:55,400 WARNING:Tunable parameters ['BLOCK_SIZE', 'threads'] already provided during auto-tuning. Skipping compilation and using direct JIT
  NKI skipped (not available)
Running case: {'n': 20000000}, dtype=fp32
2026-10-01 05:17:55,488 WARNING:Tunable parameters ['BLOCK_SIZE', 'threads'] already provided during auto-tuning. Skipping compilation and using direct JIT
  NKI skipped (not available)
Running case: {'n': 20000000}, dtype=int8
2026-10-01 05:17:55,574 WARNING:Tunable parameters ['BLOCK_SIZE', 'threads'] already provided during auto-tuning. Skipping compilation and using direct JIT
  NKI skipped (not available)
Timing results  → /projects/kzhou6/bcui2/research/tilebench/Tilebench-gh200/results/GH200/logs/time_measurement_logs/reverse_array_default_triton-cutile-tilelang.json
Autotune log    → /projects/kzhou6/bcui2/research/tilebench/Tilebench-gh200/results/GH200/logs/autotune_logs/reverse_array_default_triton-cutile-tilelang.json
TileLang autotuner log → /projects/kzhou6/bcui2/research/tilebench/Tilebench-gh200/results/GH200/logs/tilelang_autotuner/reverse_array_default_triton-cutile-tilelang.log
Provenance      → /projects/kzhou6/bcui2/research/tilebench/Tilebench-gh200/results/GH200/logs/provenance/reverse_array_default_triton-cutile-tilelang.json

Summary:
Params       |    Dtype |  Torch(ms) |   Triton(ms) |   cuTile(ms) | TileLang(ms) |  Speedup(T) |  Speedup(C) | Speedup(TL)
---------------------------------------------------------------------------------------------------------------------------
n=1000000    | fp16     |     0.0047 |       0.0030 |       0.0030 |       0.0038 |        1.59 |        1.58 |        1.25
n=1000000    | bf16     |     0.0048 |       0.0032 |       0.0031 |       0.0038 |        1.50 |        1.54 |        1.25
n=1000000    | fp32     |     0.0054 |       0.0044 |       0.0044 |       0.0049 |        1.24 |        1.22 |        1.12
n=1000000    | int8     |     0.0045 |       0.0027 |       0.0025 |       0.0031 |        1.67 |        1.81 |        1.47
n=2000000    | fp16     |     0.0074 |       0.0046 |       0.0048 |       0.0053 |        1.61 |        1.53 |        1.39
n=2000000    | bf16     |     0.0074 |       0.0046 |       0.0046 |       0.0052 |        1.62 |        1.61 |        1.42
n=2000000    | fp32     |     0.0086 |       0.0066 |       0.0069 |       0.0071 |        1.31 |        1.24 |        1.20
n=2000000    | int8     |     0.0068 |       0.0035 |       0.0035 |       0.0039 |        1.93 |        1.97 |        1.72
n=3000000    | fp16     |     0.0100 |       0.0061 |       0.0061 |       0.0068 |        1.63 |        1.64 |        1.47
n=3000000    | bf16     |     0.0103 |       0.0060 |       0.0062 |       0.0068 |        1.74 |        1.68 |        1.52
n=3000000    | fp32     |     0.0116 |       0.0091 |       0.0091 |       0.0096 |        1.27 |        1.27 |        1.21
n=3000000    | int8     |     0.0092 |       0.0045 |       0.0044 |       0.0051 |        2.04 |        2.12 |        1.80
n=4000000    | fp16     |     0.0126 |       0.0071 |       0.0073 |       0.0079 |        1.78 |        1.73 |        1.59
n=4000000    | bf16     |     0.0127 |       0.0072 |       0.0073 |       0.0079 |        1.76 |        1.72 |        1.60
n=4000000    | fp32     |     0.0148 |       0.0117 |       0.0120 |       0.0121 |        1.26 |        1.23 |        1.23
n=4000000    | int8     |     0.0113 |       0.0047 |       0.0049 |       0.0058 |        2.41 |        2.28 |        1.95
n=5000000    | fp16     |     0.0152 |       0.0088 |       0.0093 |       0.0092 |        1.72 |        1.63 |        1.65
n=5000000    | bf16     |     0.0153 |       0.0086 |       0.0089 |       0.0095 |        1.79 |        1.73 |        1.61
n=5000000    | fp32     |     0.0181 |       0.0142 |       0.0139 |       0.0142 |        1.28 |        1.30 |        1.28
n=5000000    | int8     |     0.0136 |       0.0058 |       0.0062 |       0.0065 |        2.32 |        2.19 |        2.07
n=6000000    | fp16     |     0.0173 |       0.0099 |       0.0098 |       0.0106 |        1.74 |        1.76 |        1.62
n=6000000    | bf16     |     0.0176 |       0.0095 |       0.0099 |       0.0107 |        1.84 |        1.78 |        1.64
n=6000000    | fp32     |     0.0209 |       0.0160 |       0.0165 |       0.0169 |        1.31 |        1.27 |        1.24
n=6000000    | int8     |     0.0157 |       0.0062 |       0.0067 |       0.0072 |        2.52 |        2.35 |        2.19
n=7000000    | fp16     |     0.0204 |       0.0114 |       0.0112 |       0.0120 |        1.79 |        1.81 |        1.70
n=7000000    | bf16     |     0.0205 |       0.0109 |       0.0114 |       0.0120 |        1.88 |        1.79 |        1.71
n=7000000    | fp32     |     0.0238 |       0.0187 |       0.0191 |       0.0192 |        1.27 |        1.25 |        1.24
n=7000000    | int8     |     0.0178 |       0.0070 |       0.0071 |       0.0085 |        2.55 |        2.49 |        2.10
n=8000000    | fp16     |     0.0225 |       0.0117 |       0.0122 |       0.0133 |        1.93 |        1.84 |        1.69
n=8000000    | bf16     |     0.0224 |       0.0117 |       0.0122 |       0.0131 |        1.92 |        1.84 |        1.71
n=8000000    | fp32     |     0.0270 |       0.0214 |       0.0209 |       0.0215 |        1.26 |        1.29 |        1.25
n=8000000    | int8     |     0.0202 |       0.0073 |       0.0078 |       0.0088 |        2.78 |        2.61 |        2.29
n=9000000    | fp16     |     0.0252 |       0.0130 |       0.0134 |       0.0143 |        1.93 |        1.88 |        1.76
n=9000000    | bf16     |     0.0256 |       0.0137 |       0.0139 |       0.0150 |        1.87 |        1.84 |        1.71
n=9000000    | fp32     |     0.0303 |       0.0235 |       0.0228 |       0.0235 |        1.29 |        1.33 |        1.29
n=9000000    | int8     |     0.0220 |       0.0084 |       0.0086 |       0.0097 |        2.61 |        2.56 |        2.26
n=10000000   | fp16     |     0.0275 |       0.0145 |       0.0147 |       0.0159 |        1.90 |        1.87 |        1.73
n=10000000   | bf16     |     0.0274 |       0.0151 |       0.0152 |       0.0162 |        1.81 |        1.80 |        1.69
n=10000000   | fp32     |     0.0329 |       0.0251 |       0.0260 |       0.0254 |        1.31 |        1.27 |        1.30
n=10000000   | int8     |     0.0241 |       0.0091 |       0.0093 |       0.0106 |        2.64 |        2.59 |        2.28
n=11000000   | fp16     |     0.0306 |       0.0162 |       0.0163 |       0.0173 |        1.89 |        1.88 |        1.77
n=11000000   | bf16     |     0.0305 |       0.0166 |       0.0165 |       0.0172 |        1.84 |        1.85 |        1.77
n=11000000   | fp32     |     0.0360 |       0.0281 |       0.0274 |       0.0285 |        1.28 |        1.31 |        1.26
n=11000000   | int8     |     0.0269 |       0.0098 |       0.0102 |       0.0115 |        2.74 |        2.63 |        2.34
n=12000000   | fp16     |     0.0324 |       0.0173 |       0.0177 |       0.0187 |        1.88 |        1.83 |        1.73
n=12000000   | bf16     |     0.0322 |       0.0168 |       0.0175 |       0.0185 |        1.92 |        1.84 |        1.74
n=12000000   | fp32     |     0.0383 |       0.0301 |       0.0293 |       0.0302 |        1.27 |        1.31 |        1.27
n=12000000   | int8     |     0.0282 |       0.0103 |       0.0113 |       0.0119 |        2.75 |        2.50 |        2.37
n=13000000   | fp16     |     0.0349 |       0.0185 |       0.0191 |       0.0198 |        1.89 |        1.83 |        1.76
n=13000000   | bf16     |     0.0352 |       0.0184 |       0.0186 |       0.0200 |        1.92 |        1.89 |        1.77
n=13000000   | fp32     |     0.0416 |       0.0319 |       0.0316 |       0.0325 |        1.30 |        1.32 |        1.28
n=13000000   | int8     |     0.0307 |       0.0112 |       0.0117 |       0.0128 |        2.75 |        2.63 |        2.40
n=14000000   | fp16     |     0.0371 |       0.0196 |       0.0201 |       0.0211 |        1.90 |        1.85 |        1.76
n=14000000   | bf16     |     0.0370 |       0.0198 |       0.0198 |       0.0209 |        1.87 |        1.87 |        1.77
n=14000000   | fp32     |     0.0443 |       0.0337 |       0.0346 |       0.0352 |        1.31 |        1.28 |        1.26
n=14000000   | int8     |     0.0325 |       0.0119 |       0.0125 |       0.0138 |        2.74 |        2.60 |        2.35
n=15000000   | fp16     |     0.0402 |       0.0217 |       0.0217 |       0.0226 |        1.85 |        1.85 |        1.77
n=15000000   | bf16     |     0.0398 |       0.0209 |       0.0214 |       0.0226 |        1.90 |        1.86 |        1.76
n=15000000   | fp32     |     0.0463 |       0.0365 |       0.0361 |       0.0374 |        1.27 |        1.28 |        1.24
n=15000000   | int8     |     0.0347 |       0.0124 |       0.0129 |       0.0145 |        2.79 |        2.69 |        2.39
n=16000000   | fp16     |     0.0416 |       0.0219 |       0.0223 |       0.0231 |        1.90 |        1.87 |        1.81
n=16000000   | bf16     |     0.0415 |       0.0215 |       0.0231 |       0.0230 |        1.93 |        1.79 |        1.80
n=16000000   | fp32     |     0.0490 |       0.0388 |       0.0385 |       0.0389 |        1.26 |        1.27 |        1.26
n=16000000   | int8     |     0.0370 |       0.0136 |       0.0141 |       0.0141 |        2.72 |        2.63 |        2.63
n=17000000   | fp16     |     0.0448 |       0.0235 |       0.0244 |       0.0250 |        1.90 |        1.84 |        1.79
n=17000000   | bf16     |     0.0444 |       0.0239 |       0.0242 |       0.0250 |        1.86 |        1.84 |        1.78
n=17000000   | fp32     |     0.0522 |       0.0401 |       0.0410 |       0.0412 |        1.30 |        1.27 |        1.27
n=17000000   | int8     |     0.0393 |       0.0142 |       0.0150 |       0.0159 |        2.77 |        2.62 |        2.47
n=18000000   | fp16     |     0.0467 |       0.0241 |       0.0249 |       0.0264 |        1.94 |        1.88 |        1.77
n=18000000   | bf16     |     0.0466 |       0.0244 |       0.0250 |       0.0269 |        1.91 |        1.87 |        1.73
n=18000000   | fp32     |     0.0552 |       0.0436 |       0.0428 |       0.0433 |        1.27 |        1.29 |        1.27
n=18000000   | int8     |     0.0414 |       0.0149 |       0.0156 |       0.0170 |        2.79 |        2.66 |        2.44
n=19000000   | fp16     |     0.0491 |       0.0269 |       0.0261 |       0.0278 |        1.83 |        1.88 |        1.77
n=19000000   | bf16     |     0.0496 |       0.0263 |       0.0272 |       0.0282 |        1.89 |        1.83 |        1.76
n=19000000   | fp32     |     0.0579 |       0.0458 |       0.0451 |       0.0462 |        1.26 |        1.28 |        1.25
n=19000000   | int8     |     0.0437 |       0.0158 |       0.0169 |       0.0177 |        2.76 |        2.58 |        2.47
n=20000000   | fp16     |     0.0512 |       0.0260 |       0.0273 |       0.0289 |        1.97 |        1.87 |        1.77
n=20000000   | bf16     |     0.0510 |       0.0259 |       0.0273 |       0.0287 |        1.97 |        1.87 |        1.78
n=20000000   | fp32     |     0.0606 |       0.0467 |       0.0477 |       0.0481 |        1.30 |        1.27 |        1.26
n=20000000   | int8     |     0.0454 |       0.0157 |       0.0170 |       0.0184 |        2.89 |        2.68 |        2.46
Summary CSV     → /projects/kzhou6/bcui2/research/tilebench/Tilebench-gh200/results/GH200/csv/reverse_array_default.csv
