GPU/result namespace: GH200 (detected device: NVIDIA GH200 480GB, arch: hopper)
Starting benchmark for operator: rmsnorm
Tile-language backends: torch (baseline) + cutile, tilelang, triton
  NKI not selected (--tile-language)
Running case: {'batch': 1, 'M': 2048, 'K': 512}, dtype=fp16
2026-10-01 05:17:59,630 WARNING:Tunable parameters ['BLOCK_N', 'threads', 'num_stages'] already provided during auto-tuning. Skipping compilation and using direct JIT
  NKI skipped (not available)
Running case: {'batch': 1, 'M': 2048, 'K': 512}, dtype=bf16
2026-10-01 05:18:00,198 WARNING:Tunable parameters ['BLOCK_N', 'threads', 'num_stages'] already provided during auto-tuning. Skipping compilation and using direct JIT
  NKI skipped (not available)
Running case: {'batch': 1, 'M': 2048, 'K': 512}, dtype=fp32
2026-10-01 05:18:00,751 WARNING:Tunable parameters ['BLOCK_N', 'threads', 'num_stages'] already provided during auto-tuning. Skipping compilation and using direct JIT
  NKI skipped (not available)
Running case: {'batch': 1, 'M': 2048, 'K': 1024}, dtype=fp16
2026-10-01 05:18:01,114 WARNING:Tunable parameters ['BLOCK_N', 'threads', 'num_stages'] already provided during auto-tuning. Skipping compilation and using direct JIT
  NKI skipped (not available)
Running case: {'batch': 1, 'M': 2048, 'K': 1024}, dtype=bf16
2026-10-01 05:18:01,427 WARNING:Tunable parameters ['BLOCK_N', 'threads', 'num_stages'] already provided during auto-tuning. Skipping compilation and using direct JIT
  NKI skipped (not available)
Running case: {'batch': 1, 'M': 2048, 'K': 1024}, dtype=fp32
2026-10-01 05:18:01,729 WARNING:Tunable parameters ['BLOCK_N', 'threads', 'num_stages'] already provided during auto-tuning. Skipping compilation and using direct JIT
  NKI skipped (not available)
Running case: {'batch': 1, 'M': 2048, 'K': 1536}, dtype=fp16
2026-10-01 05:18:02,050 WARNING:Tunable parameters ['BLOCK_N', 'threads', 'num_stages'] already provided during auto-tuning. Skipping compilation and using direct JIT
  NKI skipped (not available)
Running case: {'batch': 1, 'M': 2048, 'K': 1536}, dtype=bf16
2026-10-01 05:18:02,375 WARNING:Tunable parameters ['BLOCK_N', 'threads', 'num_stages'] already provided during auto-tuning. Skipping compilation and using direct JIT
  NKI skipped (not available)
Running case: {'batch': 1, 'M': 2048, 'K': 1536}, dtype=fp32
2026-10-01 05:18:02,667 WARNING:Tunable parameters ['BLOCK_N', 'threads', 'num_stages'] already provided during auto-tuning. Skipping compilation and using direct JIT
  NKI skipped (not available)
Running case: {'batch': 1, 'M': 2048, 'K': 2048}, dtype=fp16
2026-10-01 05:18:03,004 WARNING:Tunable parameters ['BLOCK_N', 'threads', 'num_stages'] already provided during auto-tuning. Skipping compilation and using direct JIT
  NKI skipped (not available)
Running case: {'batch': 1, 'M': 2048, 'K': 2048}, dtype=bf16
2026-10-01 05:18:03,302 WARNING:Tunable parameters ['BLOCK_N', 'threads', 'num_stages'] already provided during auto-tuning. Skipping compilation and using direct JIT
  NKI skipped (not available)
Running case: {'batch': 1, 'M': 2048, 'K': 2048}, dtype=fp32
2026-10-01 05:18:03,631 WARNING:Tunable parameters ['BLOCK_N', 'threads', 'num_stages'] already provided during auto-tuning. Skipping compilation and using direct JIT
  NKI skipped (not available)
Running case: {'batch': 1, 'M': 2048, 'K': 2560}, dtype=fp16
2026-10-01 05:18:03,962 WARNING:Tunable parameters ['BLOCK_N', 'threads', 'num_stages'] already provided during auto-tuning. Skipping compilation and using direct JIT
  NKI skipped (not available)
Running case: {'batch': 1, 'M': 2048, 'K': 2560}, dtype=bf16
2026-10-01 05:18:04,243 WARNING:Tunable parameters ['BLOCK_N', 'threads', 'num_stages'] already provided during auto-tuning. Skipping compilation and using direct JIT
  NKI skipped (not available)
Running case: {'batch': 1, 'M': 2048, 'K': 2560}, dtype=fp32
2026-10-01 05:18:04,598 WARNING:Tunable parameters ['BLOCK_N', 'threads', 'num_stages'] already provided during auto-tuning. Skipping compilation and using direct JIT
  NKI skipped (not available)
Running case: {'batch': 1, 'M': 2048, 'K': 3072}, dtype=fp16
2026-10-01 05:18:04,879 WARNING:Tunable parameters ['BLOCK_N', 'threads', 'num_stages'] already provided during auto-tuning. Skipping compilation and using direct JIT
  NKI skipped (not available)
Running case: {'batch': 1, 'M': 2048, 'K': 3072}, dtype=bf16
2026-10-01 05:18:05,159 WARNING:Tunable parameters ['BLOCK_N', 'threads', 'num_stages'] already provided during auto-tuning. Skipping compilation and using direct JIT
  NKI skipped (not available)
Running case: {'batch': 1, 'M': 2048, 'K': 3072}, dtype=fp32
2026-10-01 05:18:05,444 WARNING:Tunable parameters ['BLOCK_N', 'threads', 'num_stages'] already provided during auto-tuning. Skipping compilation and using direct JIT
  NKI skipped (not available)
Running case: {'batch': 1, 'M': 2048, 'K': 3584}, dtype=fp16
2026-10-01 05:18:05,716 WARNING:Tunable parameters ['BLOCK_N', 'threads', 'num_stages'] already provided during auto-tuning. Skipping compilation and using direct JIT
  NKI skipped (not available)
Running case: {'batch': 1, 'M': 2048, 'K': 3584}, dtype=bf16
2026-10-01 05:18:06,029 WARNING:Tunable parameters ['BLOCK_N', 'threads', 'num_stages'] already provided during auto-tuning. Skipping compilation and using direct JIT
  NKI skipped (not available)
Running case: {'batch': 1, 'M': 2048, 'K': 3584}, dtype=fp32
2026-10-01 05:18:06,306 WARNING:Tunable parameters ['BLOCK_N', 'threads', 'num_stages'] already provided during auto-tuning. Skipping compilation and using direct JIT
  NKI skipped (not available)
Running case: {'batch': 1, 'M': 2048, 'K': 4096}, dtype=fp16
2026-10-01 05:18:06,599 WARNING:Tunable parameters ['BLOCK_N', 'threads', 'num_stages'] already provided during auto-tuning. Skipping compilation and using direct JIT
  NKI skipped (not available)
Running case: {'batch': 1, 'M': 2048, 'K': 4096}, dtype=bf16
2026-10-01 05:18:06,883 WARNING:Tunable parameters ['BLOCK_N', 'threads', 'num_stages'] already provided during auto-tuning. Skipping compilation and using direct JIT
  NKI skipped (not available)
Running case: {'batch': 1, 'M': 2048, 'K': 4096}, dtype=fp32
2026-10-01 05:18:07,210 WARNING:Tunable parameters ['BLOCK_N', 'threads', 'num_stages'] already provided during auto-tuning. Skipping compilation and using direct JIT
  NKI skipped (not available)
Running case: {'batch': 1, 'M': 2048, 'K': 4608}, dtype=fp16
2026-10-01 05:18:07,499 WARNING:Tunable parameters ['BLOCK_N', 'threads', 'num_stages'] already provided during auto-tuning. Skipping compilation and using direct JIT
  NKI skipped (not available)
Running case: {'batch': 1, 'M': 2048, 'K': 4608}, dtype=bf16
2026-10-01 05:18:07,836 WARNING:Tunable parameters ['BLOCK_N', 'threads', 'num_stages'] already provided during auto-tuning. Skipping compilation and using direct JIT
  NKI skipped (not available)
Running case: {'batch': 1, 'M': 2048, 'K': 4608}, dtype=fp32
2026-10-01 05:18:08,151 WARNING:Tunable parameters ['BLOCK_N', 'threads', 'num_stages'] already provided during auto-tuning. Skipping compilation and using direct JIT
  NKI skipped (not available)
Running case: {'batch': 1, 'M': 2048, 'K': 5120}, dtype=fp16
2026-10-01 05:18:08,542 WARNING:Tunable parameters ['BLOCK_N', 'threads', 'num_stages'] already provided during auto-tuning. Skipping compilation and using direct JIT
  NKI skipped (not available)
Running case: {'batch': 1, 'M': 2048, 'K': 5120}, dtype=bf16
2026-10-01 05:18:08,881 WARNING:Tunable parameters ['BLOCK_N', 'threads', 'num_stages'] already provided during auto-tuning. Skipping compilation and using direct JIT
  NKI skipped (not available)
Running case: {'batch': 1, 'M': 2048, 'K': 5120}, dtype=fp32
2026-10-01 05:18:09,199 WARNING:Tunable parameters ['BLOCK_N', 'threads', 'num_stages'] already provided during auto-tuning. Skipping compilation and using direct JIT
  NKI skipped (not available)
Running case: {'batch': 1, 'M': 2048, 'K': 5632}, dtype=fp16
2026-10-01 05:18:09,521 WARNING:Tunable parameters ['BLOCK_N', 'threads', 'num_stages'] already provided during auto-tuning. Skipping compilation and using direct JIT
  NKI skipped (not available)
Running case: {'batch': 1, 'M': 2048, 'K': 5632}, dtype=bf16
2026-10-01 05:18:09,827 WARNING:Tunable parameters ['BLOCK_N', 'threads', 'num_stages'] already provided during auto-tuning. Skipping compilation and using direct JIT
  NKI skipped (not available)
Running case: {'batch': 1, 'M': 2048, 'K': 5632}, dtype=fp32
2026-10-01 05:18:10,135 WARNING:Tunable parameters ['BLOCK_N', 'threads', 'num_stages'] already provided during auto-tuning. Skipping compilation and using direct JIT
  NKI skipped (not available)
Running case: {'batch': 1, 'M': 2048, 'K': 6144}, dtype=fp16
2026-10-01 05:18:10,457 WARNING:Tunable parameters ['BLOCK_N', 'threads', 'num_stages'] already provided during auto-tuning. Skipping compilation and using direct JIT
  NKI skipped (not available)
Running case: {'batch': 1, 'M': 2048, 'K': 6144}, dtype=bf16
2026-10-01 05:18:10,769 WARNING:Tunable parameters ['BLOCK_N', 'threads', 'num_stages'] already provided during auto-tuning. Skipping compilation and using direct JIT
  NKI skipped (not available)
Running case: {'batch': 1, 'M': 2048, 'K': 6144}, dtype=fp32
2026-10-01 05:18:11,094 WARNING:Tunable parameters ['BLOCK_N', 'threads', 'num_stages'] already provided during auto-tuning. Skipping compilation and using direct JIT
  NKI skipped (not available)
Running case: {'batch': 1, 'M': 2048, 'K': 6656}, dtype=fp16
2026-10-01 05:18:11,419 WARNING:Tunable parameters ['BLOCK_N', 'threads', 'num_stages'] already provided during auto-tuning. Skipping compilation and using direct JIT
  NKI skipped (not available)
Running case: {'batch': 1, 'M': 2048, 'K': 6656}, dtype=bf16
2026-10-01 05:18:11,771 WARNING:Tunable parameters ['BLOCK_N', 'threads', 'num_stages'] already provided during auto-tuning. Skipping compilation and using direct JIT
  NKI skipped (not available)
Running case: {'batch': 1, 'M': 2048, 'K': 6656}, dtype=fp32
2026-10-01 05:18:12,103 WARNING:Tunable parameters ['BLOCK_N', 'threads', 'num_stages'] already provided during auto-tuning. Skipping compilation and using direct JIT
  NKI skipped (not available)
Running case: {'batch': 1, 'M': 2048, 'K': 7168}, dtype=fp16
2026-10-01 05:18:12,421 WARNING:Tunable parameters ['BLOCK_N', 'threads', 'num_stages'] already provided during auto-tuning. Skipping compilation and using direct JIT
  NKI skipped (not available)
Running case: {'batch': 1, 'M': 2048, 'K': 7168}, dtype=bf16
2026-10-01 05:18:12,821 WARNING:Tunable parameters ['BLOCK_N', 'threads', 'num_stages'] already provided during auto-tuning. Skipping compilation and using direct JIT
  NKI skipped (not available)
Running case: {'batch': 1, 'M': 2048, 'K': 7168}, dtype=fp32
2026-10-01 05:18:13,156 WARNING:Tunable parameters ['BLOCK_N', 'threads', 'num_stages'] already provided during auto-tuning. Skipping compilation and using direct JIT
  NKI skipped (not available)
Running case: {'batch': 1, 'M': 2048, 'K': 7680}, dtype=fp16
2026-10-01 05:18:13,448 WARNING:Tunable parameters ['BLOCK_N', 'threads', 'num_stages'] already provided during auto-tuning. Skipping compilation and using direct JIT
  NKI skipped (not available)
Running case: {'batch': 1, 'M': 2048, 'K': 7680}, dtype=bf16
2026-10-01 05:18:13,759 WARNING:Tunable parameters ['BLOCK_N', 'threads', 'num_stages'] already provided during auto-tuning. Skipping compilation and using direct JIT
  NKI skipped (not available)
Running case: {'batch': 1, 'M': 2048, 'K': 7680}, dtype=fp32
2026-10-01 05:18:14,057 WARNING:Tunable parameters ['BLOCK_N', 'threads', 'num_stages'] already provided during auto-tuning. Skipping compilation and using direct JIT
  NKI skipped (not available)
Running case: {'batch': 1, 'M': 2048, 'K': 8192}, dtype=fp16
2026-10-01 05:18:14,377 WARNING:Tunable parameters ['BLOCK_N', 'threads', 'num_stages'] already provided during auto-tuning. Skipping compilation and using direct JIT
  NKI skipped (not available)
Running case: {'batch': 1, 'M': 2048, 'K': 8192}, dtype=bf16
2026-10-01 05:18:14,684 WARNING:Tunable parameters ['BLOCK_N', 'threads', 'num_stages'] already provided during auto-tuning. Skipping compilation and using direct JIT
  NKI skipped (not available)
Running case: {'batch': 1, 'M': 2048, 'K': 8192}, dtype=fp32
2026-10-01 05:18:15,002 WARNING:Tunable parameters ['BLOCK_N', 'threads', 'num_stages'] already provided during auto-tuning. Skipping compilation and using direct JIT
  NKI skipped (not available)
Running case: {'batch': 1, 'M': 2048, 'K': 8704}, dtype=fp16
2026-10-01 05:18:15,310 WARNING:Tunable parameters ['BLOCK_N', 'threads', 'num_stages'] already provided during auto-tuning. Skipping compilation and using direct JIT
  NKI skipped (not available)
Running case: {'batch': 1, 'M': 2048, 'K': 8704}, dtype=bf16
2026-10-01 05:18:15,678 WARNING:Tunable parameters ['BLOCK_N', 'threads', 'num_stages'] already provided during auto-tuning. Skipping compilation and using direct JIT
  NKI skipped (not available)
Running case: {'batch': 1, 'M': 2048, 'K': 8704}, dtype=fp32
2026-10-01 05:18:16,098 WARNING:Tunable parameters ['BLOCK_N', 'threads', 'num_stages'] already provided during auto-tuning. Skipping compilation and using direct JIT
  NKI skipped (not available)
Running case: {'batch': 1, 'M': 2048, 'K': 9216}, dtype=fp16
2026-10-01 05:18:16,516 WARNING:Tunable parameters ['BLOCK_N', 'threads', 'num_stages'] already provided during auto-tuning. Skipping compilation and using direct JIT
  NKI skipped (not available)
Running case: {'batch': 1, 'M': 2048, 'K': 9216}, dtype=bf16
2026-10-01 05:18:16,894 WARNING:Tunable parameters ['BLOCK_N', 'threads', 'num_stages'] already provided during auto-tuning. Skipping compilation and using direct JIT
  NKI skipped (not available)
Running case: {'batch': 1, 'M': 2048, 'K': 9216}, dtype=fp32
2026-10-01 05:18:17,277 WARNING:Tunable parameters ['BLOCK_N', 'threads', 'num_stages'] already provided during auto-tuning. Skipping compilation and using direct JIT
  NKI skipped (not available)
Running case: {'batch': 1, 'M': 2048, 'K': 9728}, dtype=fp16
2026-10-01 05:18:17,681 WARNING:Tunable parameters ['BLOCK_N', 'threads', 'num_stages'] already provided during auto-tuning. Skipping compilation and using direct JIT
  NKI skipped (not available)
Running case: {'batch': 1, 'M': 2048, 'K': 9728}, dtype=bf16
2026-10-01 05:18:18,011 WARNING:Tunable parameters ['BLOCK_N', 'threads', 'num_stages'] already provided during auto-tuning. Skipping compilation and using direct JIT
  NKI skipped (not available)
Running case: {'batch': 1, 'M': 2048, 'K': 9728}, dtype=fp32
2026-10-01 05:18:18,327 WARNING:Tunable parameters ['BLOCK_N', 'threads', 'num_stages'] already provided during auto-tuning. Skipping compilation and using direct JIT
  NKI skipped (not available)
Running case: {'batch': 1, 'M': 2048, 'K': 10240}, dtype=fp16
2026-10-01 05:18:18,668 WARNING:Tunable parameters ['BLOCK_N', 'threads', 'num_stages'] already provided during auto-tuning. Skipping compilation and using direct JIT
  NKI skipped (not available)
Running case: {'batch': 1, 'M': 2048, 'K': 10240}, dtype=bf16
2026-10-01 05:18:19,012 WARNING:Tunable parameters ['BLOCK_N', 'threads', 'num_stages'] already provided during auto-tuning. Skipping compilation and using direct JIT
  NKI skipped (not available)
Running case: {'batch': 1, 'M': 2048, 'K': 10240}, dtype=fp32
2026-10-01 05:18:19,341 WARNING:Tunable parameters ['BLOCK_N', 'threads', 'num_stages'] already provided during auto-tuning. Skipping compilation and using direct JIT
  NKI skipped (not available)
Timing results  → /projects/kzhou6/bcui2/research/tilebench/Tilebench-gh200/results/GH200/logs/time_measurement_logs/rmsnorm_default_triton-cutile-tilelang.json
Autotune log    → /projects/kzhou6/bcui2/research/tilebench/Tilebench-gh200/results/GH200/logs/autotune_logs/rmsnorm_default_triton-cutile-tilelang.json
TileLang autotuner log → /projects/kzhou6/bcui2/research/tilebench/Tilebench-gh200/results/GH200/logs/tilelang_autotuner/rmsnorm_default_triton-cutile-tilelang.log
Provenance      → /projects/kzhou6/bcui2/research/tilebench/Tilebench-gh200/results/GH200/logs/provenance/rmsnorm_default_triton-cutile-tilelang.json

Summary:
Params    |    Dtype |  Torch(ms) |   Triton(ms) |   cuTile(ms) | TileLang(ms) |  Speedup(T) |  Speedup(C) | Speedup(TL)
------------------------------------------------------------------------------------------------------------------------
K=512     | fp16     |     0.0041 |       0.0043 |       0.0042 |       0.0036 |        0.94 |        0.95 |        1.14
K=512     | bf16     |     0.0039 |       0.0043 |       0.0042 |       0.0032 |        0.90 |        0.93 |        1.23
K=512     | fp32     |     0.0051 |       0.0051 |       0.0045 |       0.0048 |        0.99 |        1.13 |        1.06
K=1024    | fp16     |     0.0056 |       0.0053 |       0.0047 |       0.0048 |        1.05 |        1.20 |        1.16
K=1024    | bf16     |     0.0054 |       0.0053 |       0.0054 |       0.0048 |        1.01 |        0.99 |        1.12
K=1024    | fp32     |     0.0077 |       0.0069 |       0.0071 |       0.0062 |        1.12 |        1.08 |        1.24
K=1536    | fp16     |     0.0065 |       0.0072 |       0.0072 |       0.0057 |        0.91 |        0.91 |        1.14
K=1536    | bf16     |     0.0068 |       0.0069 |       0.0074 |       0.0057 |        0.98 |        0.92 |        1.19
K=1536    | fp32     |     0.0102 |       0.0095 |       0.0108 |       0.0085 |        1.07 |        0.94 |        1.20
K=2048    | fp16     |     0.0082 |       0.0081 |       0.0084 |       0.0065 |        1.01 |        0.98 |        1.26
K=2048    | bf16     |     0.0083 |       0.0080 |       0.0084 |       0.0064 |        1.03 |        0.98 |        1.29
K=2048    | fp32     |     0.0124 |       0.0132 |       0.0129 |       0.0121 |        0.94 |        0.96 |        1.02
K=2560    | fp16     |     0.0095 |       0.0104 |       0.0101 |       0.0087 |        0.91 |        0.94 |        1.10
K=2560    | bf16     |     0.0095 |       0.0104 |       0.0105 |       0.0090 |        0.92 |        0.91 |        1.06
K=2560    | fp32     |     0.0157 |       0.0167 |       0.0155 |       0.0146 |        0.94 |        1.01 |        1.07
K=3072    | fp16     |     0.0110 |       0.0116 |       0.0113 |       0.0105 |        0.95 |        0.97 |        1.04
K=3072    | bf16     |     0.0108 |       0.0112 |       0.0116 |       0.0101 |        0.96 |        0.93 |        1.07
K=3072    | fp32     |     0.0190 |       0.0194 |       0.0175 |       0.0170 |        0.98 |        1.09 |        1.12
K=3584    | fp16     |     0.0127 |       0.0124 |       0.0159 |       0.0115 |        1.02 |        0.80 |        1.10
K=3584    | bf16     |     0.0125 |       0.0128 |       0.0159 |       0.0116 |        0.98 |        0.79 |        1.08
K=3584    | fp32     |     0.0232 |       0.0229 |       0.0199 |       0.0194 |        1.01 |        1.16 |        1.19
K=4096    | fp16     |     0.0142 |       0.0141 |       0.0177 |       0.0121 |        1.00 |        0.80 |        1.17
K=4096    | bf16     |     0.0147 |       0.0143 |       0.0173 |       0.0124 |        1.03 |        0.85 |        1.18
K=4096    | fp32     |     0.0278 |       0.0283 |       0.0227 |       0.0215 |        0.98 |        1.22 |        1.29
K=4608    | fp16     |     0.0163 |       0.0159 |       0.0192 |       0.0138 |        1.03 |        0.85 |        1.18
K=4608    | bf16     |     0.0156 |       0.0164 |       0.0177 |       0.0141 |        0.95 |        0.88 |        1.11
K=4608    | fp32     |     0.0330 |       0.0324 |       0.0258 |       0.0242 |        1.02 |        1.28 |        1.36
K=5120    | fp16     |     0.0184 |       0.0168 |       0.0204 |       0.0155 |        1.09 |        0.90 |        1.18
K=5120    | bf16     |     0.0180 |       0.0170 |       0.0185 |       0.0151 |        1.06 |        0.97 |        1.19
K=5120    | fp32     |     0.0372 |       0.0370 |       0.0293 |       0.0267 |        1.01 |        1.27 |        1.40
K=5632    | fp16     |     0.0201 |       0.0193 |       0.0214 |       0.0171 |        1.04 |        0.94 |        1.17
K=5632    | bf16     |     0.0201 |       0.0188 |       0.0230 |       0.0175 |        1.07 |        0.87 |        1.15
K=5632    | fp32     |     0.0421 |       0.0413 |       0.0306 |       0.0291 |        1.02 |        1.38 |        1.45
K=6144    | fp16     |     0.0224 |       0.0210 |       0.0226 |       0.0178 |        1.06 |        0.99 |        1.26
K=6144    | bf16     |     0.0227 |       0.0200 |       0.0235 |       0.0173 |        1.13 |        0.97 |        1.32
K=6144    | fp32     |     0.0442 |       0.0452 |       0.0342 |       0.0320 |        0.98 |        1.29 |        1.38
K=6656    | fp16     |     0.0248 |       0.0221 |       0.0229 |       0.0228 |        1.12 |        1.08 |        1.09
K=6656    | bf16     |     0.0247 |       0.0224 |       0.0294 |       0.0211 |        1.10 |        0.84 |        1.17
K=6656    | fp32     |     0.0489 |       0.0489 |       0.0400 |       0.0343 |        1.00 |        1.22 |        1.42
K=7168    | fp16     |     0.0273 |       0.0230 |       0.0238 |       0.0207 |        1.19 |        1.15 |        1.32
K=7168    | bf16     |     0.0274 |       0.0237 |       0.0307 |       0.0213 |        1.15 |        0.89 |        1.29
K=7168    | fp32     |     0.0521 |       0.0526 |       0.0443 |       0.0372 |        0.99 |        1.18 |        1.40
K=7680    | fp16     |     0.0299 |       0.0254 |       0.0290 |       0.0237 |        1.17 |        1.03 |        1.26
K=7680    | bf16     |     0.0304 |       0.0251 |       0.0381 |       0.0241 |        1.21 |        0.80 |        1.26
K=7680    | fp32     |     0.0559 |       0.0563 |       0.0477 |       0.0391 |        0.99 |        1.17 |        1.43
K=8192    | fp16     |     0.0337 |       0.0278 |       0.0302 |       0.0225 |        1.21 |        1.12 |        1.50
K=8192    | bf16     |     0.0319 |       0.0273 |       0.0399 |       0.0230 |        1.17 |        0.80 |        1.39
K=8192    | fp32     |     0.0599 |       0.0604 |       0.0518 |       0.0414 |        0.99 |        1.16 |        1.45
K=8704    | fp16     |     0.0344 |       0.0305 |       0.0339 |       0.0312 |        1.13 |        1.02 |        1.10
K=8704    | bf16     |     0.0349 |       0.0288 |       0.0398 |       0.0313 |        1.21 |        0.88 |        1.11
K=8704    | fp32     |     0.0634 |       0.0638 |       0.0586 |       0.0513 |        0.99 |        1.08 |        1.24
K=9216    | fp16     |     0.0369 |       0.0310 |       0.0348 |       0.0259 |        1.19 |        1.06 |        1.43
K=9216    | bf16     |     0.0377 |       0.0312 |       0.0417 |       0.0272 |        1.21 |        0.90 |        1.38
K=9216    | fp32     |     0.0673 |       0.0674 |       0.0624 |       0.0533 |        1.00 |        1.08 |        1.26
K=9728    | fp16     |     0.0399 |       0.0337 |       0.0283 |       0.0301 |        1.18 |        1.41 |        1.32
K=9728    | bf16     |     0.0401 |       0.0339 |       0.0532 |       0.0302 |        1.18 |        0.76 |        1.33
K=9728    | fp32     |     0.0728 |       0.0720 |       0.0652 |       0.0547 |        1.01 |        1.12 |        1.33
K=10240   | fp16     |     0.0427 |       0.0353 |       0.0291 |       0.0292 |        1.21 |        1.47 |        1.46
K=10240   | bf16     |     0.0422 |       0.0359 |       0.0546 |       0.0293 |        1.17 |        0.77 |        1.44
K=10240   | fp32     |     0.0749 |       0.0751 |       0.0689 |       0.0572 |        1.00 |        1.09 |        1.31
Summary CSV     → /projects/kzhou6/bcui2/research/tilebench/Tilebench-gh200/results/GH200/csv/rmsnorm_default.csv
