GPU/result namespace: GH200 (detected device: NVIDIA GH200 480GB, arch: hopper)
Starting benchmark for operator: rope
Tile-language backends: torch (baseline) + cutile, tilelang, triton
  NKI not selected (--tile-language)
Running case: {'batch_size': 1, 'n_heads': 32, 'head_dim': 128, 'seq_len': 1024}, dtype=fp16
2026-10-01 05:18:24,001 WARNING:Tunable parameters ['ROPE_GROUP_SIZE', 'threads'] already provided during auto-tuning. Skipping compilation and using direct JIT
  NKI skipped (not available)
Running case: {'batch_size': 1, 'n_heads': 32, 'head_dim': 128, 'seq_len': 1024}, dtype=fp32
2026-10-01 05:18:24,271 WARNING:Tunable parameters ['ROPE_GROUP_SIZE', 'threads'] already provided during auto-tuning. Skipping compilation and using direct JIT
  NKI skipped (not available)
Running case: {'batch_size': 1, 'n_heads': 32, 'head_dim': 128, 'seq_len': 2048}, dtype=fp16
2026-10-01 05:18:24,567 WARNING:Tunable parameters ['ROPE_GROUP_SIZE', 'threads'] already provided during auto-tuning. Skipping compilation and using direct JIT
  NKI skipped (not available)
Running case: {'batch_size': 1, 'n_heads': 32, 'head_dim': 128, 'seq_len': 2048}, dtype=fp32
2026-10-01 05:18:24,813 WARNING:Tunable parameters ['ROPE_GROUP_SIZE', 'threads'] already provided during auto-tuning. Skipping compilation and using direct JIT
  NKI skipped (not available)
Running case: {'batch_size': 1, 'n_heads': 32, 'head_dim': 128, 'seq_len': 3072}, dtype=fp16
2026-10-01 05:18:25,102 WARNING:Tunable parameters ['ROPE_GROUP_SIZE', 'threads'] already provided during auto-tuning. Skipping compilation and using direct JIT
  NKI skipped (not available)
Running case: {'batch_size': 1, 'n_heads': 32, 'head_dim': 128, 'seq_len': 3072}, dtype=fp32
2026-10-01 05:18:25,424 WARNING:Tunable parameters ['ROPE_GROUP_SIZE', 'threads'] already provided during auto-tuning. Skipping compilation and using direct JIT
  NKI skipped (not available)
Running case: {'batch_size': 1, 'n_heads': 32, 'head_dim': 128, 'seq_len': 4096}, dtype=fp16
2026-10-01 05:18:25,740 WARNING:Tunable parameters ['ROPE_GROUP_SIZE', 'threads'] already provided during auto-tuning. Skipping compilation and using direct JIT
  NKI skipped (not available)
Running case: {'batch_size': 1, 'n_heads': 32, 'head_dim': 128, 'seq_len': 4096}, dtype=fp32
2026-10-01 05:18:26,038 WARNING:Tunable parameters ['ROPE_GROUP_SIZE', 'threads'] already provided during auto-tuning. Skipping compilation and using direct JIT
  NKI skipped (not available)
Running case: {'batch_size': 1, 'n_heads': 32, 'head_dim': 128, 'seq_len': 5120}, dtype=fp16
2026-10-01 05:18:26,333 WARNING:Tunable parameters ['ROPE_GROUP_SIZE', 'threads'] already provided during auto-tuning. Skipping compilation and using direct JIT
  NKI skipped (not available)
Running case: {'batch_size': 1, 'n_heads': 32, 'head_dim': 128, 'seq_len': 5120}, dtype=fp32
2026-10-01 05:18:26,608 WARNING:Tunable parameters ['ROPE_GROUP_SIZE', 'threads'] already provided during auto-tuning. Skipping compilation and using direct JIT
  NKI skipped (not available)
Running case: {'batch_size': 1, 'n_heads': 32, 'head_dim': 128, 'seq_len': 6144}, dtype=fp16
2026-10-01 05:18:26,882 WARNING:Tunable parameters ['ROPE_GROUP_SIZE', 'threads'] already provided during auto-tuning. Skipping compilation and using direct JIT
  NKI skipped (not available)
Running case: {'batch_size': 1, 'n_heads': 32, 'head_dim': 128, 'seq_len': 6144}, dtype=fp32
2026-10-01 05:18:27,182 WARNING:Tunable parameters ['ROPE_GROUP_SIZE', 'threads'] already provided during auto-tuning. Skipping compilation and using direct JIT
  NKI skipped (not available)
Running case: {'batch_size': 1, 'n_heads': 32, 'head_dim': 128, 'seq_len': 7168}, dtype=fp16
2026-10-01 05:18:27,444 WARNING:Tunable parameters ['ROPE_GROUP_SIZE', 'threads'] already provided during auto-tuning. Skipping compilation and using direct JIT
  NKI skipped (not available)
Running case: {'batch_size': 1, 'n_heads': 32, 'head_dim': 128, 'seq_len': 7168}, dtype=fp32
2026-10-01 05:18:27,699 WARNING:Tunable parameters ['ROPE_GROUP_SIZE', 'threads'] already provided during auto-tuning. Skipping compilation and using direct JIT
  NKI skipped (not available)
Running case: {'batch_size': 1, 'n_heads': 32, 'head_dim': 128, 'seq_len': 8192}, dtype=fp16
2026-10-01 05:18:27,958 WARNING:Tunable parameters ['ROPE_GROUP_SIZE', 'threads'] already provided during auto-tuning. Skipping compilation and using direct JIT
  NKI skipped (not available)
Running case: {'batch_size': 1, 'n_heads': 32, 'head_dim': 128, 'seq_len': 8192}, dtype=fp32
2026-10-01 05:18:28,229 WARNING:Tunable parameters ['ROPE_GROUP_SIZE', 'threads'] already provided during auto-tuning. Skipping compilation and using direct JIT
  NKI skipped (not available)
Running case: {'batch_size': 1, 'n_heads': 32, 'head_dim': 128, 'seq_len': 9216}, dtype=fp16
2026-10-01 05:18:28,537 WARNING:Tunable parameters ['ROPE_GROUP_SIZE', 'threads'] already provided during auto-tuning. Skipping compilation and using direct JIT
  NKI skipped (not available)
Running case: {'batch_size': 1, 'n_heads': 32, 'head_dim': 128, 'seq_len': 9216}, dtype=fp32
2026-10-01 05:18:28,845 WARNING:Tunable parameters ['ROPE_GROUP_SIZE', 'threads'] already provided during auto-tuning. Skipping compilation and using direct JIT
  NKI skipped (not available)
Running case: {'batch_size': 1, 'n_heads': 32, 'head_dim': 128, 'seq_len': 10240}, dtype=fp16
2026-10-01 05:18:29,151 WARNING:Tunable parameters ['ROPE_GROUP_SIZE', 'threads'] already provided during auto-tuning. Skipping compilation and using direct JIT
  NKI skipped (not available)
Running case: {'batch_size': 1, 'n_heads': 32, 'head_dim': 128, 'seq_len': 10240}, dtype=fp32
2026-10-01 05:18:29,438 WARNING:Tunable parameters ['ROPE_GROUP_SIZE', 'threads'] already provided during auto-tuning. Skipping compilation and using direct JIT
  NKI skipped (not available)
Running case: {'batch_size': 1, 'n_heads': 32, 'head_dim': 128, 'seq_len': 11264}, dtype=fp16
2026-10-01 05:18:29,732 WARNING:Tunable parameters ['ROPE_GROUP_SIZE', 'threads'] already provided during auto-tuning. Skipping compilation and using direct JIT
  NKI skipped (not available)
Running case: {'batch_size': 1, 'n_heads': 32, 'head_dim': 128, 'seq_len': 11264}, dtype=fp32
2026-10-01 05:18:29,976 WARNING:Tunable parameters ['ROPE_GROUP_SIZE', 'threads'] already provided during auto-tuning. Skipping compilation and using direct JIT
  NKI skipped (not available)
Running case: {'batch_size': 1, 'n_heads': 32, 'head_dim': 128, 'seq_len': 12288}, dtype=fp16
2026-10-01 05:18:30,213 WARNING:Tunable parameters ['ROPE_GROUP_SIZE', 'threads'] already provided during auto-tuning. Skipping compilation and using direct JIT
  NKI skipped (not available)
Running case: {'batch_size': 1, 'n_heads': 32, 'head_dim': 128, 'seq_len': 12288}, dtype=fp32
2026-10-01 05:18:30,445 WARNING:Tunable parameters ['ROPE_GROUP_SIZE', 'threads'] already provided during auto-tuning. Skipping compilation and using direct JIT
  NKI skipped (not available)
Running case: {'batch_size': 1, 'n_heads': 32, 'head_dim': 128, 'seq_len': 13312}, dtype=fp16
2026-10-01 05:18:30,666 WARNING:Tunable parameters ['ROPE_GROUP_SIZE', 'threads'] already provided during auto-tuning. Skipping compilation and using direct JIT
  NKI skipped (not available)
Running case: {'batch_size': 1, 'n_heads': 32, 'head_dim': 128, 'seq_len': 13312}, dtype=fp32
2026-10-01 05:18:30,900 WARNING:Tunable parameters ['ROPE_GROUP_SIZE', 'threads'] already provided during auto-tuning. Skipping compilation and using direct JIT
  NKI skipped (not available)
Running case: {'batch_size': 1, 'n_heads': 32, 'head_dim': 128, 'seq_len': 14336}, dtype=fp16
2026-10-01 05:18:31,127 WARNING:Tunable parameters ['ROPE_GROUP_SIZE', 'threads'] already provided during auto-tuning. Skipping compilation and using direct JIT
  NKI skipped (not available)
Running case: {'batch_size': 1, 'n_heads': 32, 'head_dim': 128, 'seq_len': 14336}, dtype=fp32
2026-10-01 05:18:31,373 WARNING:Tunable parameters ['ROPE_GROUP_SIZE', 'threads'] already provided during auto-tuning. Skipping compilation and using direct JIT
  NKI skipped (not available)
Running case: {'batch_size': 1, 'n_heads': 32, 'head_dim': 128, 'seq_len': 15360}, dtype=fp16
2026-10-01 05:18:31,670 WARNING:Tunable parameters ['ROPE_GROUP_SIZE', 'threads'] already provided during auto-tuning. Skipping compilation and using direct JIT
  NKI skipped (not available)
Running case: {'batch_size': 1, 'n_heads': 32, 'head_dim': 128, 'seq_len': 15360}, dtype=fp32
2026-10-01 05:18:31,892 WARNING:Tunable parameters ['ROPE_GROUP_SIZE', 'threads'] already provided during auto-tuning. Skipping compilation and using direct JIT
  NKI skipped (not available)
Running case: {'batch_size': 1, 'n_heads': 32, 'head_dim': 128, 'seq_len': 16384}, dtype=fp16
2026-10-01 05:18:32,102 WARNING:Tunable parameters ['ROPE_GROUP_SIZE', 'threads'] already provided during auto-tuning. Skipping compilation and using direct JIT
  NKI skipped (not available)
Running case: {'batch_size': 1, 'n_heads': 32, 'head_dim': 128, 'seq_len': 16384}, dtype=fp32
2026-10-01 05:18:32,346 WARNING:Tunable parameters ['ROPE_GROUP_SIZE', 'threads'] already provided during auto-tuning. Skipping compilation and using direct JIT
  NKI skipped (not available)
Running case: {'batch_size': 1, 'n_heads': 32, 'head_dim': 128, 'seq_len': 17408}, dtype=fp16
2026-10-01 05:18:32,586 WARNING:Tunable parameters ['ROPE_GROUP_SIZE', 'threads'] already provided during auto-tuning. Skipping compilation and using direct JIT
  NKI skipped (not available)
Running case: {'batch_size': 1, 'n_heads': 32, 'head_dim': 128, 'seq_len': 17408}, dtype=fp32
2026-10-01 05:18:32,809 WARNING:Tunable parameters ['ROPE_GROUP_SIZE', 'threads'] already provided during auto-tuning. Skipping compilation and using direct JIT
  NKI skipped (not available)
Running case: {'batch_size': 1, 'n_heads': 32, 'head_dim': 128, 'seq_len': 18432}, dtype=fp16
2026-10-01 05:18:33,016 WARNING:Tunable parameters ['ROPE_GROUP_SIZE', 'threads'] already provided during auto-tuning. Skipping compilation and using direct JIT
  NKI skipped (not available)
Running case: {'batch_size': 1, 'n_heads': 32, 'head_dim': 128, 'seq_len': 18432}, dtype=fp32
2026-10-01 05:18:33,241 WARNING:Tunable parameters ['ROPE_GROUP_SIZE', 'threads'] already provided during auto-tuning. Skipping compilation and using direct JIT
  NKI skipped (not available)
Running case: {'batch_size': 1, 'n_heads': 32, 'head_dim': 128, 'seq_len': 19456}, dtype=fp16
2026-10-01 05:18:33,484 WARNING:Tunable parameters ['ROPE_GROUP_SIZE', 'threads'] already provided during auto-tuning. Skipping compilation and using direct JIT
  NKI skipped (not available)
Running case: {'batch_size': 1, 'n_heads': 32, 'head_dim': 128, 'seq_len': 19456}, dtype=fp32
2026-10-01 05:18:33,712 WARNING:Tunable parameters ['ROPE_GROUP_SIZE', 'threads'] already provided during auto-tuning. Skipping compilation and using direct JIT
  NKI skipped (not available)
Running case: {'batch_size': 1, 'n_heads': 32, 'head_dim': 128, 'seq_len': 20480}, dtype=fp16
2026-10-01 05:18:33,933 WARNING:Tunable parameters ['ROPE_GROUP_SIZE', 'threads'] already provided during auto-tuning. Skipping compilation and using direct JIT
  NKI skipped (not available)
Running case: {'batch_size': 1, 'n_heads': 32, 'head_dim': 128, 'seq_len': 20480}, dtype=fp32
2026-10-01 05:18:34,178 WARNING:Tunable parameters ['ROPE_GROUP_SIZE', 'threads'] already provided during auto-tuning. Skipping compilation and using direct JIT
  NKI skipped (not available)
Timing results  → /projects/kzhou6/bcui2/research/tilebench/Tilebench-gh200/results/GH200/logs/time_measurement_logs/rope_default_triton-cutile-tilelang.json
Autotune log    → /projects/kzhou6/bcui2/research/tilebench/Tilebench-gh200/results/GH200/logs/autotune_logs/rope_default_triton-cutile-tilelang.json
TileLang autotuner log → /projects/kzhou6/bcui2/research/tilebench/Tilebench-gh200/results/GH200/logs/tilelang_autotuner/rope_default_triton-cutile-tilelang.log
Provenance      → /projects/kzhou6/bcui2/research/tilebench/Tilebench-gh200/results/GH200/logs/provenance/rope_default_triton-cutile-tilelang.json

Summary:
Params          |    Dtype |  Torch(ms) |   Triton(ms) |   cuTile(ms) | TileLang(ms) |  Speedup(T) |  Speedup(C) | Speedup(TL)
------------------------------------------------------------------------------------------------------------------------------
seq_len=1024    | fp16     |     0.0409 |       0.0041 |       0.0046 |       0.0048 |       10.08 |        8.91 |        8.52
seq_len=1024    | fp32     |     0.0540 |       0.0068 |       0.0072 |       0.0069 |        7.89 |        7.50 |        7.87
seq_len=2048    | fp16     |     0.0749 |       0.0070 |       0.0071 |       0.0078 |       10.69 |       10.48 |        9.58
seq_len=2048    | fp32     |     0.1084 |       0.0145 |       0.0151 |       0.0149 |        7.49 |        7.17 |        7.27
seq_len=3072    | fp16     |     0.1113 |       0.0107 |       0.0105 |       0.0123 |       10.45 |       10.65 |        9.03
seq_len=3072    | fp32     |     0.1638 |       0.0265 |       0.0261 |       0.0260 |        6.17 |        6.28 |        6.30
seq_len=4096    | fp16     |     0.1502 |       0.0148 |       0.0157 |       0.0168 |       10.14 |        9.55 |        8.96
seq_len=4096    | fp32     |     0.2200 |       0.0375 |       0.0375 |       0.0381 |        5.87 |        5.87 |        5.78
seq_len=5120    | fp16     |     0.1869 |       0.0204 |       0.0207 |       0.0243 |        9.16 |        9.01 |        7.69
seq_len=5120    | fp32     |     0.2720 |       0.0493 |       0.0492 |       0.0508 |        5.52 |        5.53 |        5.35
seq_len=6144    | fp16     |     0.2243 |       0.0262 |       0.0267 |       0.0303 |        8.57 |        8.41 |        7.40
seq_len=6144    | fp32     |     0.3235 |       0.0595 |       0.0604 |       0.0609 |        5.44 |        5.36 |        5.32
seq_len=7168    | fp16     |     0.2602 |       0.0329 |       0.0334 |       0.0374 |        7.92 |        7.80 |        6.95
seq_len=7168    | fp32     |     0.3749 |       0.0706 |       0.0693 |       0.0727 |        5.31 |        5.41 |        5.15
seq_len=8192    | fp16     |     0.2980 |       0.0385 |       0.0387 |       0.0431 |        7.74 |        7.71 |        6.91
seq_len=8192    | fp32     |     0.4254 |       0.0796 |       0.0801 |       0.0818 |        5.34 |        5.31 |        5.20
seq_len=9216    | fp16     |     0.3333 |       0.0451 |       0.0445 |       0.0505 |        7.39 |        7.48 |        6.60
seq_len=9216    | fp32     |     0.4781 |       0.0894 |       0.0893 |       0.0931 |        5.35 |        5.35 |        5.14
seq_len=10240   | fp16     |     0.3674 |       0.0505 |       0.0503 |       0.0557 |        7.27 |        7.31 |        6.60
seq_len=10240   | fp32     |     0.5288 |       0.0991 |       0.0993 |       0.1038 |        5.34 |        5.33 |        5.09
seq_len=11264   | fp16     |     0.4040 |       0.0552 |       0.0561 |       0.0621 |        7.32 |        7.20 |        6.51
seq_len=11264   | fp32     |     0.5796 |       0.1092 |       0.1105 |       0.1135 |        5.31 |        5.25 |        5.11
seq_len=12288   | fp16     |     0.4378 |       0.0604 |       0.0603 |       0.0673 |        7.25 |        7.27 |        6.51
seq_len=12288   | fp32     |     0.6306 |       0.1194 |       0.1210 |       0.1245 |        5.28 |        5.21 |        5.07
seq_len=13312   | fp16     |     0.4725 |       0.0658 |       0.0653 |       0.0726 |        7.18 |        7.24 |        6.51
seq_len=13312   | fp32     |     0.6828 |       0.1299 |       0.1290 |       0.1343 |        5.26 |        5.29 |        5.09
seq_len=14336   | fp16     |     0.5092 |       0.0701 |       0.0707 |       0.0793 |        7.27 |        7.21 |        6.42
seq_len=14336   | fp32     |     0.7329 |       0.1389 |       0.1407 |       0.1442 |        5.27 |        5.21 |        5.08
seq_len=15360   | fp16     |     0.5447 |       0.0757 |       0.0767 |       0.0850 |        7.20 |        7.10 |        6.41
seq_len=15360   | fp32     |     0.7845 |       0.1491 |       0.1482 |       0.1540 |        5.26 |        5.30 |        5.09
seq_len=16384   | fp16     |     0.5772 |       0.0811 |       0.0810 |       0.0904 |        7.11 |        7.12 |        6.38
seq_len=16384   | fp32     |     0.8342 |       0.1564 |       0.1600 |       0.1644 |        5.33 |        5.21 |        5.07
seq_len=17408   | fp16     |     0.6129 |       0.0861 |       0.0873 |       0.0959 |        7.12 |        7.02 |        6.39
seq_len=17408   | fp32     |     0.8875 |       0.1693 |       0.1680 |       0.1749 |        5.24 |        5.28 |        5.07
seq_len=18432   | fp16     |     0.6478 |       0.0912 |       0.0911 |       0.1011 |        7.10 |        7.11 |        6.41
seq_len=18432   | fp32     |     0.9395 |       0.1766 |       0.1797 |       0.1845 |        5.32 |        5.23 |        5.09
seq_len=19456   | fp16     |     0.6832 |       0.0960 |       0.0969 |       0.1073 |        7.11 |        7.05 |        6.37
seq_len=19456   | fp32     |     0.9888 |       0.1874 |       0.1874 |       0.1942 |        5.28 |        5.28 |        5.09
seq_len=20480   | fp16     |     0.7180 |       0.1006 |       0.1008 |       0.1131 |        7.14 |        7.13 |        6.35
seq_len=20480   | fp32     |     1.0406 |       0.1953 |       0.1993 |       0.2076 |        5.33 |        5.22 |        5.01
Summary CSV     → /projects/kzhou6/bcui2/research/tilebench/Tilebench-gh200/results/GH200/csv/rope_default.csv
