GPU/result namespace: GH200 (detected device: NVIDIA GH200 480GB, arch: hopper)
Starting benchmark for operator: sigmoid
Tile-language backends: torch (baseline) + cutile, tilelang, triton
  NKI not selected (--tile-language)
Running case: {'n': 2500000}, dtype=fp16
2026-10-01 05:18:38,788 WARNING:Tunable parameters ['BLOCK_SIZE', 'threads'] already provided during auto-tuning. Skipping compilation and using direct JIT
  NKI skipped (not available)
Running case: {'n': 2500000}, dtype=bf16
2026-10-01 05:18:38,995 WARNING:Tunable parameters ['BLOCK_SIZE', 'threads'] already provided during auto-tuning. Skipping compilation and using direct JIT
  NKI skipped (not available)
Running case: {'n': 2500000}, dtype=fp32
2026-10-01 05:18:39,210 WARNING:Tunable parameters ['BLOCK_SIZE', 'threads'] already provided during auto-tuning. Skipping compilation and using direct JIT
  NKI skipped (not available)
Running case: {'n': 5000000}, dtype=fp16
2026-10-01 05:18:39,285 WARNING:Tunable parameters ['BLOCK_SIZE', 'threads'] already provided during auto-tuning. Skipping compilation and using direct JIT
  NKI skipped (not available)
Running case: {'n': 5000000}, dtype=bf16
2026-10-01 05:18:39,369 WARNING:Tunable parameters ['BLOCK_SIZE', 'threads'] already provided during auto-tuning. Skipping compilation and using direct JIT
  NKI skipped (not available)
Running case: {'n': 5000000}, dtype=fp32
2026-10-01 05:18:39,447 WARNING:Tunable parameters ['BLOCK_SIZE', 'threads'] already provided during auto-tuning. Skipping compilation and using direct JIT
  NKI skipped (not available)
Running case: {'n': 7500000}, dtype=fp16
2026-10-01 05:18:39,526 WARNING:Tunable parameters ['BLOCK_SIZE', 'threads'] already provided during auto-tuning. Skipping compilation and using direct JIT
  NKI skipped (not available)
Running case: {'n': 7500000}, dtype=bf16
2026-10-01 05:18:39,604 WARNING:Tunable parameters ['BLOCK_SIZE', 'threads'] already provided during auto-tuning. Skipping compilation and using direct JIT
  NKI skipped (not available)
Running case: {'n': 7500000}, dtype=fp32
2026-10-01 05:18:39,683 WARNING:Tunable parameters ['BLOCK_SIZE', 'threads'] already provided during auto-tuning. Skipping compilation and using direct JIT
  NKI skipped (not available)
Running case: {'n': 10000000}, dtype=fp16
2026-10-01 05:18:39,771 WARNING:Tunable parameters ['BLOCK_SIZE', 'threads'] already provided during auto-tuning. Skipping compilation and using direct JIT
  NKI skipped (not available)
Running case: {'n': 10000000}, dtype=bf16
2026-10-01 05:18:39,849 WARNING:Tunable parameters ['BLOCK_SIZE', 'threads'] already provided during auto-tuning. Skipping compilation and using direct JIT
  NKI skipped (not available)
Running case: {'n': 10000000}, dtype=fp32
2026-10-01 05:18:39,930 WARNING:Tunable parameters ['BLOCK_SIZE', 'threads'] already provided during auto-tuning. Skipping compilation and using direct JIT
  NKI skipped (not available)
Running case: {'n': 12500000}, dtype=fp16
2026-10-01 05:18:40,013 WARNING:Tunable parameters ['BLOCK_SIZE', 'threads'] already provided during auto-tuning. Skipping compilation and using direct JIT
  NKI skipped (not available)
Running case: {'n': 12500000}, dtype=bf16
2026-10-01 05:18:40,093 WARNING:Tunable parameters ['BLOCK_SIZE', 'threads'] already provided during auto-tuning. Skipping compilation and using direct JIT
  NKI skipped (not available)
Running case: {'n': 12500000}, dtype=fp32
2026-10-01 05:18:40,178 WARNING:Tunable parameters ['BLOCK_SIZE', 'threads'] already provided during auto-tuning. Skipping compilation and using direct JIT
  NKI skipped (not available)
Running case: {'n': 15000000}, dtype=fp16
2026-10-01 05:18:40,259 WARNING:Tunable parameters ['BLOCK_SIZE', 'threads'] already provided during auto-tuning. Skipping compilation and using direct JIT
  NKI skipped (not available)
Running case: {'n': 15000000}, dtype=bf16
2026-10-01 05:18:40,341 WARNING:Tunable parameters ['BLOCK_SIZE', 'threads'] already provided during auto-tuning. Skipping compilation and using direct JIT
  NKI skipped (not available)
Running case: {'n': 15000000}, dtype=fp32
2026-10-01 05:18:40,424 WARNING:Tunable parameters ['BLOCK_SIZE', 'threads'] already provided during auto-tuning. Skipping compilation and using direct JIT
  NKI skipped (not available)
Running case: {'n': 17500000}, dtype=fp16
2026-10-01 05:18:40,507 WARNING:Tunable parameters ['BLOCK_SIZE', 'threads'] already provided during auto-tuning. Skipping compilation and using direct JIT
  NKI skipped (not available)
Running case: {'n': 17500000}, dtype=bf16
2026-10-01 05:18:40,587 WARNING:Tunable parameters ['BLOCK_SIZE', 'threads'] already provided during auto-tuning. Skipping compilation and using direct JIT
  NKI skipped (not available)
Running case: {'n': 17500000}, dtype=fp32
2026-10-01 05:18:40,670 WARNING:Tunable parameters ['BLOCK_SIZE', 'threads'] already provided during auto-tuning. Skipping compilation and using direct JIT
  NKI skipped (not available)
Running case: {'n': 20000000}, dtype=fp16
2026-10-01 05:18:40,755 WARNING:Tunable parameters ['BLOCK_SIZE', 'threads'] already provided during auto-tuning. Skipping compilation and using direct JIT
  NKI skipped (not available)
Running case: {'n': 20000000}, dtype=bf16
2026-10-01 05:18:40,837 WARNING:Tunable parameters ['BLOCK_SIZE', 'threads'] already provided during auto-tuning. Skipping compilation and using direct JIT
  NKI skipped (not available)
Running case: {'n': 20000000}, dtype=fp32
2026-10-01 05:18:40,928 WARNING:Tunable parameters ['BLOCK_SIZE', 'threads'] already provided during auto-tuning. Skipping compilation and using direct JIT
  NKI skipped (not available)
Running case: {'n': 22500000}, dtype=fp16
2026-10-01 05:18:41,015 WARNING:Tunable parameters ['BLOCK_SIZE', 'threads'] already provided during auto-tuning. Skipping compilation and using direct JIT
  NKI skipped (not available)
Running case: {'n': 22500000}, dtype=bf16
2026-10-01 05:18:41,116 WARNING:Tunable parameters ['BLOCK_SIZE', 'threads'] already provided during auto-tuning. Skipping compilation and using direct JIT
  NKI skipped (not available)
Running case: {'n': 22500000}, dtype=fp32
2026-10-01 05:18:41,204 WARNING:Tunable parameters ['BLOCK_SIZE', 'threads'] already provided during auto-tuning. Skipping compilation and using direct JIT
  NKI skipped (not available)
Running case: {'n': 25000000}, dtype=fp16
2026-10-01 05:18:41,289 WARNING:Tunable parameters ['BLOCK_SIZE', 'threads'] already provided during auto-tuning. Skipping compilation and using direct JIT
  NKI skipped (not available)
Running case: {'n': 25000000}, dtype=bf16
2026-10-01 05:18:41,377 WARNING:Tunable parameters ['BLOCK_SIZE', 'threads'] already provided during auto-tuning. Skipping compilation and using direct JIT
  NKI skipped (not available)
Running case: {'n': 25000000}, dtype=fp32
2026-10-01 05:18:41,473 WARNING:Tunable parameters ['BLOCK_SIZE', 'threads'] already provided during auto-tuning. Skipping compilation and using direct JIT
  NKI skipped (not available)
Running case: {'n': 27500000}, dtype=fp16
2026-10-01 05:18:41,559 WARNING:Tunable parameters ['BLOCK_SIZE', 'threads'] already provided during auto-tuning. Skipping compilation and using direct JIT
  NKI skipped (not available)
Running case: {'n': 27500000}, dtype=bf16
2026-10-01 05:18:41,650 WARNING:Tunable parameters ['BLOCK_SIZE', 'threads'] already provided during auto-tuning. Skipping compilation and using direct JIT
  NKI skipped (not available)
Running case: {'n': 27500000}, dtype=fp32
2026-10-01 05:18:41,739 WARNING:Tunable parameters ['BLOCK_SIZE', 'threads'] already provided during auto-tuning. Skipping compilation and using direct JIT
  NKI skipped (not available)
Running case: {'n': 30000000}, dtype=fp16
2026-10-01 05:18:41,830 WARNING:Tunable parameters ['BLOCK_SIZE', 'threads'] already provided during auto-tuning. Skipping compilation and using direct JIT
  NKI skipped (not available)
Running case: {'n': 30000000}, dtype=bf16
2026-10-01 05:18:41,917 WARNING:Tunable parameters ['BLOCK_SIZE', 'threads'] already provided during auto-tuning. Skipping compilation and using direct JIT
  NKI skipped (not available)
Running case: {'n': 30000000}, dtype=fp32
2026-10-01 05:18:42,012 WARNING:Tunable parameters ['BLOCK_SIZE', 'threads'] already provided during auto-tuning. Skipping compilation and using direct JIT
  NKI skipped (not available)
Running case: {'n': 32500000}, dtype=fp16
2026-10-01 05:18:42,103 WARNING:Tunable parameters ['BLOCK_SIZE', 'threads'] already provided during auto-tuning. Skipping compilation and using direct JIT
  NKI skipped (not available)
Running case: {'n': 32500000}, dtype=bf16
2026-10-01 05:18:42,189 WARNING:Tunable parameters ['BLOCK_SIZE', 'threads'] already provided during auto-tuning. Skipping compilation and using direct JIT
  NKI skipped (not available)
Running case: {'n': 32500000}, dtype=fp32
2026-10-01 05:18:42,293 WARNING:Tunable parameters ['BLOCK_SIZE', 'threads'] already provided during auto-tuning. Skipping compilation and using direct JIT
  NKI skipped (not available)
Running case: {'n': 35000000}, dtype=fp16
2026-10-01 05:18:42,382 WARNING:Tunable parameters ['BLOCK_SIZE', 'threads'] already provided during auto-tuning. Skipping compilation and using direct JIT
  NKI skipped (not available)
Running case: {'n': 35000000}, dtype=bf16
2026-10-01 05:18:42,475 WARNING:Tunable parameters ['BLOCK_SIZE', 'threads'] already provided during auto-tuning. Skipping compilation and using direct JIT
  NKI skipped (not available)
Running case: {'n': 35000000}, dtype=fp32
2026-10-01 05:18:42,570 WARNING:Tunable parameters ['BLOCK_SIZE', 'threads'] already provided during auto-tuning. Skipping compilation and using direct JIT
  NKI skipped (not available)
Running case: {'n': 37500000}, dtype=fp16
2026-10-01 05:18:42,674 WARNING:Tunable parameters ['BLOCK_SIZE', 'threads'] already provided during auto-tuning. Skipping compilation and using direct JIT
  NKI skipped (not available)
Running case: {'n': 37500000}, dtype=bf16
2026-10-01 05:18:42,766 WARNING:Tunable parameters ['BLOCK_SIZE', 'threads'] already provided during auto-tuning. Skipping compilation and using direct JIT
  NKI skipped (not available)
Running case: {'n': 37500000}, dtype=fp32
2026-10-01 05:18:42,860 WARNING:Tunable parameters ['BLOCK_SIZE', 'threads'] already provided during auto-tuning. Skipping compilation and using direct JIT
  NKI skipped (not available)
Running case: {'n': 40000000}, dtype=fp16
2026-10-01 05:18:42,949 WARNING:Tunable parameters ['BLOCK_SIZE', 'threads'] already provided during auto-tuning. Skipping compilation and using direct JIT
  NKI skipped (not available)
Running case: {'n': 40000000}, dtype=bf16
2026-10-01 05:18:43,038 WARNING:Tunable parameters ['BLOCK_SIZE', 'threads'] already provided during auto-tuning. Skipping compilation and using direct JIT
  NKI skipped (not available)
Running case: {'n': 40000000}, dtype=fp32
2026-10-01 05:18:43,131 WARNING:Tunable parameters ['BLOCK_SIZE', 'threads'] already provided during auto-tuning. Skipping compilation and using direct JIT
  NKI skipped (not available)
Running case: {'n': 42500000}, dtype=fp16
2026-10-01 05:18:43,226 WARNING:Tunable parameters ['BLOCK_SIZE', 'threads'] already provided during auto-tuning. Skipping compilation and using direct JIT
  NKI skipped (not available)
Running case: {'n': 42500000}, dtype=bf16
2026-10-01 05:18:43,318 WARNING:Tunable parameters ['BLOCK_SIZE', 'threads'] already provided during auto-tuning. Skipping compilation and using direct JIT
  NKI skipped (not available)
Running case: {'n': 42500000}, dtype=fp32
2026-10-01 05:18:43,414 WARNING:Tunable parameters ['BLOCK_SIZE', 'threads'] already provided during auto-tuning. Skipping compilation and using direct JIT
  NKI skipped (not available)
Running case: {'n': 45000000}, dtype=fp16
2026-10-01 05:18:43,507 WARNING:Tunable parameters ['BLOCK_SIZE', 'threads'] already provided during auto-tuning. Skipping compilation and using direct JIT
  NKI skipped (not available)
Running case: {'n': 45000000}, dtype=bf16
2026-10-01 05:18:43,597 WARNING:Tunable parameters ['BLOCK_SIZE', 'threads'] already provided during auto-tuning. Skipping compilation and using direct JIT
  NKI skipped (not available)
Running case: {'n': 45000000}, dtype=fp32
2026-10-01 05:18:43,694 WARNING:Tunable parameters ['BLOCK_SIZE', 'threads'] already provided during auto-tuning. Skipping compilation and using direct JIT
  NKI skipped (not available)
Running case: {'n': 47500000}, dtype=fp16
2026-10-01 05:18:43,789 WARNING:Tunable parameters ['BLOCK_SIZE', 'threads'] already provided during auto-tuning. Skipping compilation and using direct JIT
  NKI skipped (not available)
Running case: {'n': 47500000}, dtype=bf16
2026-10-01 05:18:43,879 WARNING:Tunable parameters ['BLOCK_SIZE', 'threads'] already provided during auto-tuning. Skipping compilation and using direct JIT
  NKI skipped (not available)
Running case: {'n': 47500000}, dtype=fp32
2026-10-01 05:18:43,981 WARNING:Tunable parameters ['BLOCK_SIZE', 'threads'] already provided during auto-tuning. Skipping compilation and using direct JIT
  NKI skipped (not available)
Running case: {'n': 50000000}, dtype=fp16
2026-10-01 05:18:44,078 WARNING:Tunable parameters ['BLOCK_SIZE', 'threads'] already provided during auto-tuning. Skipping compilation and using direct JIT
  NKI skipped (not available)
Running case: {'n': 50000000}, dtype=bf16
2026-10-01 05:18:44,174 WARNING:Tunable parameters ['BLOCK_SIZE', 'threads'] already provided during auto-tuning. Skipping compilation and using direct JIT
  NKI skipped (not available)
Running case: {'n': 50000000}, dtype=fp32
2026-10-01 05:18:44,274 WARNING:Tunable parameters ['BLOCK_SIZE', 'threads'] already provided during auto-tuning. Skipping compilation and using direct JIT
  NKI skipped (not available)
Timing results  → /projects/kzhou6/bcui2/research/tilebench/Tilebench-gh200/results/GH200/logs/time_measurement_logs/sigmoid_default_triton-cutile-tilelang.json
Autotune log    → /projects/kzhou6/bcui2/research/tilebench/Tilebench-gh200/results/GH200/logs/autotune_logs/sigmoid_default_triton-cutile-tilelang.json
TileLang autotuner log → /projects/kzhou6/bcui2/research/tilebench/Tilebench-gh200/results/GH200/logs/tilelang_autotuner/sigmoid_default_triton-cutile-tilelang.log
Provenance      → /projects/kzhou6/bcui2/research/tilebench/Tilebench-gh200/results/GH200/logs/provenance/sigmoid_default_triton-cutile-tilelang.json

Summary:
Params       |    Dtype |  Torch(ms) |   Triton(ms) |   cuTile(ms) | TileLang(ms) |  Speedup(T) |  Speedup(C) | Speedup(TL)
---------------------------------------------------------------------------------------------------------------------------
n=2500000    | fp16     |     0.0054 |       0.0051 |       0.0055 |       0.0055 |        1.06 |        0.97 |        0.97
n=2500000    | bf16     |     0.0054 |       0.0050 |       0.0055 |       0.0051 |        1.08 |        0.98 |        1.07
n=2500000    | fp32     |     0.0077 |       0.0076 |       0.0079 |       0.0083 |        1.01 |        0.97 |        0.92
n=5000000    | fp16     |     0.0087 |       0.0084 |       0.0089 |       0.0081 |        1.03 |        0.98 |        1.07
n=5000000    | bf16     |     0.0086 |       0.0082 |       0.0089 |       0.0080 |        1.04 |        0.96 |        1.07
n=5000000    | fp32     |     0.0143 |       0.0142 |       0.0141 |       0.0143 |        1.00 |        1.01 |        1.00
n=7500000    | fp16     |     0.0118 |       0.0116 |       0.0125 |       0.0109 |        1.02 |        0.95 |        1.08
n=7500000    | bf16     |     0.0113 |       0.0110 |       0.0124 |       0.0112 |        1.03 |        0.91 |        1.01
n=7500000    | fp32     |     0.0198 |       0.0193 |       0.0196 |       0.0201 |        1.03 |        1.01 |        0.98
n=10000000   | fp16     |     0.0143 |       0.0138 |       0.0155 |       0.0140 |        1.03 |        0.92 |        1.02
n=10000000   | bf16     |     0.0146 |       0.0145 |       0.0154 |       0.0139 |        1.01 |        0.95 |        1.05
n=10000000   | fp32     |     0.0256 |       0.0250 |       0.0256 |       0.0257 |        1.02 |        1.00 |        1.00
n=12500000   | fp16     |     0.0176 |       0.0168 |       0.0187 |       0.0168 |        1.05 |        0.94 |        1.04
n=12500000   | bf16     |     0.0173 |       0.0169 |       0.0191 |       0.0172 |        1.03 |        0.91 |        1.01
n=12500000   | fp32     |     0.0307 |       0.0310 |       0.0311 |       0.0321 |        0.99 |        0.99 |        0.95
n=15000000   | fp16     |     0.0200 |       0.0195 |       0.0221 |       0.0202 |        1.03 |        0.91 |        0.99
n=15000000   | bf16     |     0.0204 |       0.0198 |       0.0220 |       0.0198 |        1.03 |        0.93 |        1.03
n=15000000   | fp32     |     0.0369 |       0.0357 |       0.0363 |       0.0366 |        1.03 |        1.02 |        1.01
n=17500000   | fp16     |     0.0232 |       0.0222 |       0.0256 |       0.0229 |        1.04 |        0.91 |        1.01
n=17500000   | bf16     |     0.0230 |       0.0232 |       0.0253 |       0.0226 |        0.99 |        0.91 |        1.02
n=17500000   | fp32     |     0.0425 |       0.0422 |       0.0422 |       0.0429 |        1.01 |        1.01 |        0.99
n=20000000   | fp16     |     0.0262 |       0.0253 |       0.0285 |       0.0251 |        1.03 |        0.92 |        1.05
n=20000000   | bf16     |     0.0260 |       0.0253 |       0.0283 |       0.0251 |        1.03 |        0.92 |        1.04
n=20000000   | fp32     |     0.0468 |       0.0466 |       0.0471 |       0.0481 |        1.01 |        0.99 |        0.97
n=22500000   | fp16     |     0.0290 |       0.0285 |       0.0323 |       0.0278 |        1.01 |        0.90 |        1.04
n=22500000   | bf16     |     0.0293 |       0.0280 |       0.0322 |       0.0284 |        1.05 |        0.91 |        1.03
n=22500000   | fp32     |     0.0526 |       0.0528 |       0.0528 |       0.0532 |        1.00 |        1.00 |        0.99
n=25000000   | fp16     |     0.0317 |       0.0306 |       0.0348 |       0.0310 |        1.04 |        0.91 |        1.02
n=25000000   | bf16     |     0.0317 |       0.0304 |       0.0347 |       0.0303 |        1.04 |        0.91 |        1.04
n=25000000   | fp32     |     0.0579 |       0.0587 |       0.0588 |       0.0589 |        0.99 |        0.99 |        0.98
n=27500000   | fp16     |     0.0351 |       0.0336 |       0.0378 |       0.0336 |        1.05 |        0.93 |        1.05
n=27500000   | bf16     |     0.0344 |       0.0335 |       0.0382 |       0.0339 |        1.03 |        0.90 |        1.01
n=27500000   | fp32     |     0.0639 |       0.0636 |       0.0641 |       0.0646 |        1.00 |        1.00 |        0.99
n=30000000   | fp16     |     0.0372 |       0.0361 |       0.0414 |       0.0369 |        1.03 |        0.90 |        1.01
n=30000000   | bf16     |     0.0375 |       0.0358 |       0.0411 |       0.0360 |        1.05 |        0.91 |        1.04
n=30000000   | fp32     |     0.0698 |       0.0692 |       0.0698 |       0.0701 |        1.01 |        1.00 |        1.00
n=32500000   | fp16     |     0.0404 |       0.0392 |       0.0441 |       0.0389 |        1.03 |        0.92 |        1.04
n=32500000   | bf16     |     0.0404 |       0.0390 |       0.0441 |       0.0397 |        1.04 |        0.92 |        1.02
n=32500000   | fp32     |     0.0753 |       0.0744 |       0.0750 |       0.0759 |        1.01 |        1.00 |        0.99
n=35000000   | fp16     |     0.0440 |       0.0420 |       0.0481 |       0.0412 |        1.05 |        0.91 |        1.07
n=35000000   | bf16     |     0.0434 |       0.0415 |       0.0472 |       0.0413 |        1.05 |        0.92 |        1.05
n=35000000   | fp32     |     0.0804 |       0.0803 |       0.0810 |       0.0809 |        1.00 |        0.99 |        0.99
n=37500000   | fp16     |     0.0460 |       0.0442 |       0.0508 |       0.0439 |        1.04 |        0.91 |        1.05
n=37500000   | bf16     |     0.0462 |       0.0443 |       0.0505 |       0.0442 |        1.04 |        0.91 |        1.05
n=37500000   | fp32     |     0.0861 |       0.0853 |       0.0861 |       0.0866 |        1.01 |        1.00 |        0.99
n=40000000   | fp16     |     0.0493 |       0.0473 |       0.0541 |       0.0469 |        1.04 |        0.91 |        1.05
n=40000000   | bf16     |     0.0488 |       0.0467 |       0.0536 |       0.0470 |        1.04 |        0.91 |        1.04
n=40000000   | fp32     |     0.0921 |       0.0915 |       0.0919 |       0.0920 |        1.01 |        1.00 |        1.00
n=42500000   | fp16     |     0.0515 |       0.0497 |       0.0574 |       0.0503 |        1.04 |        0.90 |        1.02
n=42500000   | bf16     |     0.0520 |       0.0503 |       0.0565 |       0.0496 |        1.03 |        0.92 |        1.05
n=42500000   | fp32     |     0.0970 |       0.0964 |       0.0965 |       0.0978 |        1.01 |        1.00 |        0.99
n=45000000   | fp16     |     0.0546 |       0.0528 |       0.0605 |       0.0526 |        1.03 |        0.90 |        1.04
n=45000000   | bf16     |     0.0548 |       0.0537 |       0.0600 |       0.0534 |        1.02 |        0.91 |        1.03
n=45000000   | fp32     |     0.1026 |       0.1023 |       0.1026 |       0.1038 |        1.00 |        1.00 |        0.99
n=47500000   | fp16     |     0.0576 |       0.0556 |       0.0634 |       0.0562 |        1.04 |        0.91 |        1.02
n=47500000   | bf16     |     0.0579 |       0.0551 |       0.0634 |       0.0554 |        1.05 |        0.91 |        1.04
n=47500000   | fp32     |     0.1082 |       0.1078 |       0.1082 |       0.1088 |        1.00 |        1.00 |        0.99
n=50000000   | fp16     |     0.0607 |       0.0588 |       0.0668 |       0.0587 |        1.03 |        0.91 |        1.03
n=50000000   | bf16     |     0.0605 |       0.0585 |       0.0669 |       0.0584 |        1.04 |        0.91 |        1.04
n=50000000   | fp32     |     0.1134 |       0.1135 |       0.1138 |       0.1143 |        1.00 |        1.00 |        0.99
Summary CSV     → /projects/kzhou6/bcui2/research/tilebench/Tilebench-gh200/results/GH200/csv/sigmoid_default.csv
