GPU/result namespace: GH200 (detected device: NVIDIA GH200 480GB, arch: hopper)
Starting benchmark for operator: softmax
Tile-language backends: torch (baseline) + cutile, tilelang, triton
  NKI not selected (--tile-language)
Running case: {'n_rows': 2048, 'n_cols': 512}, dtype=fp16
2026-10-01 05:18:48,356 WARNING:Tunable parameters ['BLOCK_SIZE', 'threads'] already provided during auto-tuning. Skipping compilation and using direct JIT
  NKI skipped (not available)
Running case: {'n_rows': 2048, 'n_cols': 512}, dtype=fp32
2026-10-01 05:18:48,790 WARNING:Tunable parameters ['BLOCK_SIZE', 'threads'] already provided during auto-tuning. Skipping compilation and using direct JIT
  NKI skipped (not available)
Running case: {'n_rows': 2048, 'n_cols': 1024}, dtype=fp16
2026-10-01 05:18:49,071 WARNING:Tunable parameters ['BLOCK_SIZE', 'threads'] already provided during auto-tuning. Skipping compilation and using direct JIT
  NKI skipped (not available)
Running case: {'n_rows': 2048, 'n_cols': 1024}, dtype=fp32
2026-10-01 05:18:49,350 WARNING:Tunable parameters ['BLOCK_SIZE', 'threads'] already provided during auto-tuning. Skipping compilation and using direct JIT
  NKI skipped (not available)
Running case: {'n_rows': 2048, 'n_cols': 1536}, dtype=fp16
2026-10-01 05:18:49,725 WARNING:Tunable parameters ['BLOCK_SIZE', 'threads'] already provided during auto-tuning. Skipping compilation and using direct JIT
  NKI skipped (not available)
Running case: {'n_rows': 2048, 'n_cols': 1536}, dtype=fp32
2026-10-01 05:18:50,110 WARNING:Tunable parameters ['BLOCK_SIZE', 'threads'] already provided during auto-tuning. Skipping compilation and using direct JIT
  NKI skipped (not available)
Running case: {'n_rows': 2048, 'n_cols': 2048}, dtype=fp16
2026-10-01 05:18:50,389 WARNING:Tunable parameters ['BLOCK_SIZE', 'threads'] already provided during auto-tuning. Skipping compilation and using direct JIT
  NKI skipped (not available)
Running case: {'n_rows': 2048, 'n_cols': 2048}, dtype=fp32
2026-10-01 05:18:50,677 WARNING:Tunable parameters ['BLOCK_SIZE', 'threads'] already provided during auto-tuning. Skipping compilation and using direct JIT
  NKI skipped (not available)
Running case: {'n_rows': 2048, 'n_cols': 2560}, dtype=fp16
2026-10-01 05:18:51,133 WARNING:Tunable parameters ['BLOCK_SIZE', 'threads'] already provided during auto-tuning. Skipping compilation and using direct JIT
  NKI skipped (not available)
Running case: {'n_rows': 2048, 'n_cols': 2560}, dtype=fp32
2026-10-01 05:18:51,541 WARNING:Tunable parameters ['BLOCK_SIZE', 'threads'] already provided during auto-tuning. Skipping compilation and using direct JIT
  NKI skipped (not available)
Running case: {'n_rows': 2048, 'n_cols': 3072}, dtype=fp16
2026-10-01 05:18:51,832 WARNING:Tunable parameters ['BLOCK_SIZE', 'threads'] already provided during auto-tuning. Skipping compilation and using direct JIT
  NKI skipped (not available)
Running case: {'n_rows': 2048, 'n_cols': 3072}, dtype=fp32
2026-10-01 05:18:52,137 WARNING:Tunable parameters ['BLOCK_SIZE', 'threads'] already provided during auto-tuning. Skipping compilation and using direct JIT
  NKI skipped (not available)
Running case: {'n_rows': 2048, 'n_cols': 3584}, dtype=fp16
2026-10-01 05:18:52,560 WARNING:Tunable parameters ['BLOCK_SIZE', 'threads'] already provided during auto-tuning. Skipping compilation and using direct JIT
  NKI skipped (not available)
Running case: {'n_rows': 2048, 'n_cols': 3584}, dtype=fp32
2026-10-01 05:18:52,960 WARNING:Tunable parameters ['BLOCK_SIZE', 'threads'] already provided during auto-tuning. Skipping compilation and using direct JIT
  NKI skipped (not available)
Running case: {'n_rows': 2048, 'n_cols': 4096}, dtype=fp16
2026-10-01 05:18:53,248 WARNING:Tunable parameters ['BLOCK_SIZE', 'threads'] already provided during auto-tuning. Skipping compilation and using direct JIT
  NKI skipped (not available)
Running case: {'n_rows': 2048, 'n_cols': 4096}, dtype=fp32
2026-10-01 05:18:53,532 WARNING:Tunable parameters ['BLOCK_SIZE', 'threads'] already provided during auto-tuning. Skipping compilation and using direct JIT
  NKI skipped (not available)
Running case: {'n_rows': 2048, 'n_cols': 4608}, dtype=fp16
2026-10-01 05:18:53,916 WARNING:Tunable parameters ['BLOCK_SIZE', 'threads'] already provided during auto-tuning. Skipping compilation and using direct JIT
  NKI skipped (not available)
Running case: {'n_rows': 2048, 'n_cols': 4608}, dtype=fp32
2026-10-01 05:18:54,368 WARNING:Tunable parameters ['BLOCK_SIZE', 'threads'] already provided during auto-tuning. Skipping compilation and using direct JIT
  NKI skipped (not available)
Running case: {'n_rows': 2048, 'n_cols': 5120}, dtype=fp16
2026-10-01 05:18:54,671 WARNING:Tunable parameters ['BLOCK_SIZE', 'threads'] already provided during auto-tuning. Skipping compilation and using direct JIT
  NKI skipped (not available)
Running case: {'n_rows': 2048, 'n_cols': 5120}, dtype=fp32
2026-10-01 05:18:54,959 WARNING:Tunable parameters ['BLOCK_SIZE', 'threads'] already provided during auto-tuning. Skipping compilation and using direct JIT
  NKI skipped (not available)
Running case: {'n_rows': 2048, 'n_cols': 5632}, dtype=fp16
2026-10-01 05:18:55,360 WARNING:Tunable parameters ['BLOCK_SIZE', 'threads'] already provided during auto-tuning. Skipping compilation and using direct JIT
  NKI skipped (not available)
Running case: {'n_rows': 2048, 'n_cols': 5632}, dtype=fp32
2026-10-01 05:18:55,770 WARNING:Tunable parameters ['BLOCK_SIZE', 'threads'] already provided during auto-tuning. Skipping compilation and using direct JIT
  NKI skipped (not available)
Running case: {'n_rows': 2048, 'n_cols': 6144}, dtype=fp16
2026-10-01 05:18:56,069 WARNING:Tunable parameters ['BLOCK_SIZE', 'threads'] already provided during auto-tuning. Skipping compilation and using direct JIT
  NKI skipped (not available)
Running case: {'n_rows': 2048, 'n_cols': 6144}, dtype=fp32
2026-10-01 05:18:56,417 WARNING:Tunable parameters ['BLOCK_SIZE', 'threads'] already provided during auto-tuning. Skipping compilation and using direct JIT
  NKI skipped (not available)
Running case: {'n_rows': 2048, 'n_cols': 6656}, dtype=fp16
2026-10-01 05:18:56,869 WARNING:Tunable parameters ['BLOCK_SIZE', 'threads'] already provided during auto-tuning. Skipping compilation and using direct JIT
  NKI skipped (not available)
Running case: {'n_rows': 2048, 'n_cols': 6656}, dtype=fp32
2026-10-01 05:18:57,255 WARNING:Tunable parameters ['BLOCK_SIZE', 'threads'] already provided during auto-tuning. Skipping compilation and using direct JIT
  NKI skipped (not available)
Running case: {'n_rows': 2048, 'n_cols': 7168}, dtype=fp16
2026-10-01 05:18:57,545 WARNING:Tunable parameters ['BLOCK_SIZE', 'threads'] already provided during auto-tuning. Skipping compilation and using direct JIT
  NKI skipped (not available)
Running case: {'n_rows': 2048, 'n_cols': 7168}, dtype=fp32
2026-10-01 05:18:57,838 WARNING:Tunable parameters ['BLOCK_SIZE', 'threads'] already provided during auto-tuning. Skipping compilation and using direct JIT
  NKI skipped (not available)
Running case: {'n_rows': 2048, 'n_cols': 7680}, dtype=fp16
2026-10-01 05:18:58,224 WARNING:Tunable parameters ['BLOCK_SIZE', 'threads'] already provided during auto-tuning. Skipping compilation and using direct JIT
  NKI skipped (not available)
Running case: {'n_rows': 2048, 'n_cols': 7680}, dtype=fp32
2026-10-01 05:18:58,612 WARNING:Tunable parameters ['BLOCK_SIZE', 'threads'] already provided during auto-tuning. Skipping compilation and using direct JIT
  NKI skipped (not available)
Running case: {'n_rows': 2048, 'n_cols': 8192}, dtype=fp16
2026-10-01 05:18:58,954 WARNING:Tunable parameters ['BLOCK_SIZE', 'threads'] already provided during auto-tuning. Skipping compilation and using direct JIT
  NKI skipped (not available)
Running case: {'n_rows': 2048, 'n_cols': 8192}, dtype=fp32
2026-10-01 05:18:59,261 WARNING:Tunable parameters ['BLOCK_SIZE', 'threads'] already provided during auto-tuning. Skipping compilation and using direct JIT
  NKI skipped (not available)
Running case: {'n_rows': 2048, 'n_cols': 8704}, dtype=fp16
2026-10-01 05:18:59,648 WARNING:Tunable parameters ['BLOCK_SIZE', 'threads'] already provided during auto-tuning. Skipping compilation and using direct JIT
  NKI skipped (not available)
Running case: {'n_rows': 2048, 'n_cols': 8704}, dtype=fp32
2026-10-01 05:19:00,040 WARNING:Tunable parameters ['BLOCK_SIZE', 'threads'] already provided during auto-tuning. Skipping compilation and using direct JIT
  NKI skipped (not available)
Running case: {'n_rows': 2048, 'n_cols': 9216}, dtype=fp16
2026-10-01 05:19:00,350 WARNING:Tunable parameters ['BLOCK_SIZE', 'threads'] already provided during auto-tuning. Skipping compilation and using direct JIT
  NKI skipped (not available)
Running case: {'n_rows': 2048, 'n_cols': 9216}, dtype=fp32
2026-10-01 05:19:00,644 WARNING:Tunable parameters ['BLOCK_SIZE', 'threads'] already provided during auto-tuning. Skipping compilation and using direct JIT
  NKI skipped (not available)
Running case: {'n_rows': 2048, 'n_cols': 9728}, dtype=fp16
2026-10-01 05:19:01,040 WARNING:Tunable parameters ['BLOCK_SIZE', 'threads'] already provided during auto-tuning. Skipping compilation and using direct JIT
  NKI skipped (not available)
Running case: {'n_rows': 2048, 'n_cols': 9728}, dtype=fp32
2026-10-01 05:19:01,446 WARNING:Tunable parameters ['BLOCK_SIZE', 'threads'] already provided during auto-tuning. Skipping compilation and using direct JIT
  NKI skipped (not available)
Running case: {'n_rows': 2048, 'n_cols': 10240}, dtype=fp16
2026-10-01 05:19:01,743 WARNING:Tunable parameters ['BLOCK_SIZE', 'threads'] already provided during auto-tuning. Skipping compilation and using direct JIT
  NKI skipped (not available)
Running case: {'n_rows': 2048, 'n_cols': 10240}, dtype=fp32
2026-10-01 05:19:02,109 WARNING:Tunable parameters ['BLOCK_SIZE', 'threads'] already provided during auto-tuning. Skipping compilation and using direct JIT
  NKI skipped (not available)
Timing results  → /projects/kzhou6/bcui2/research/tilebench/Tilebench-gh200/results/GH200/logs/time_measurement_logs/softmax_default_triton-cutile-tilelang.json
Autotune log    → /projects/kzhou6/bcui2/research/tilebench/Tilebench-gh200/results/GH200/logs/autotune_logs/softmax_default_triton-cutile-tilelang.json
TileLang autotuner log → /projects/kzhou6/bcui2/research/tilebench/Tilebench-gh200/results/GH200/logs/tilelang_autotuner/softmax_default_triton-cutile-tilelang.log
Provenance      → /projects/kzhou6/bcui2/research/tilebench/Tilebench-gh200/results/GH200/logs/provenance/softmax_default_triton-cutile-tilelang.json

Summary:
Params         |    Dtype |  Torch(ms) |   Triton(ms) |   cuTile(ms) | TileLang(ms) |  Speedup(T) |  Speedup(C) | Speedup(TL)
-----------------------------------------------------------------------------------------------------------------------------
n_cols=512     | fp16     |     0.0050 |       0.0043 |       0.0070 |       0.0040 |        1.17 |        0.72 |        1.24
n_cols=512     | fp32     |     0.0052 |       0.0050 |       0.0074 |       0.0045 |        1.05 |        0.71 |        1.16
n_cols=1024    | fp16     |     0.0080 |       0.0050 |       0.0074 |       0.0056 |        1.60 |        1.08 |        1.41
n_cols=1024    | fp32     |     0.0083 |       0.0071 |       0.0087 |       0.0068 |        1.17 |        0.95 |        1.22
n_cols=1536    | fp16     |     0.0126 |       0.0081 |       0.0113 |       0.0087 |        1.57 |        1.12 |        1.46
n_cols=1536    | fp32     |     0.0119 |       0.0101 |       0.0134 |       0.0094 |        1.17 |        0.88 |        1.27
n_cols=2048    | fp16     |     0.0144 |       0.0080 |       0.0116 |       0.0090 |        1.80 |        1.24 |        1.59
n_cols=2048    | fp32     |     0.0153 |       0.0120 |       0.0154 |       0.0128 |        1.27 |        0.99 |        1.19
n_cols=2560    | fp16     |     0.0242 |       0.0106 |       0.0161 |       0.0111 |        2.28 |        1.50 |        2.18
n_cols=2560    | fp32     |     0.0257 |       0.0157 |       0.0200 |       0.0155 |        1.64 |        1.29 |        1.66
n_cols=3072    | fp16     |     0.0257 |       0.0113 |       0.0167 |       0.0123 |        2.27 |        1.54 |        2.09
n_cols=3072    | fp32     |     0.0274 |       0.0196 |       0.0221 |       0.0178 |        1.40 |        1.24 |        1.54
n_cols=3584    | fp16     |     0.0291 |       0.0138 |       0.0207 |       0.0144 |        2.11 |        1.41 |        2.01
n_cols=3584    | fp32     |     0.0304 |       0.0236 |       0.0274 |       0.0221 |        1.29 |        1.11 |        1.38
n_cols=4096    | fp16     |     0.0307 |       0.0145 |       0.0216 |       0.0158 |        2.12 |        1.42 |        1.94
n_cols=4096    | fp32     |     0.0313 |       0.0284 |       0.0292 |       0.0258 |        1.10 |        1.07 |        1.21
n_cols=4608    | fp16     |     0.0340 |       0.0176 |       0.0260 |       0.0203 |        1.93 |        1.31 |        1.67
n_cols=4608    | fp32     |     0.0373 |       0.0323 |       0.0341 |       0.0330 |        1.16 |        1.10 |        1.13
n_cols=5120    | fp16     |     0.0360 |       0.0176 |       0.0268 |       0.0199 |        2.05 |        1.34 |        1.80
n_cols=5120    | fp32     |     0.0395 |       0.0374 |       0.0355 |       0.0360 |        1.06 |        1.11 |        1.10
n_cols=5632    | fp16     |     0.0405 |       0.0205 |       0.0308 |       0.0242 |        1.98 |        1.32 |        1.67
n_cols=5632    | fp32     |     0.0439 |       0.0414 |       0.0406 |       0.0431 |        1.06 |        1.08 |        1.02
n_cols=6144    | fp16     |     0.0428 |       0.0219 |       0.0317 |       0.0241 |        1.95 |        1.35 |        1.78
n_cols=6144    | fp32     |     0.0459 |       0.0452 |       0.0427 |       0.0439 |        1.02 |        1.07 |        1.04
n_cols=6656    | fp16     |     0.0625 |       0.0244 |       0.0350 |       0.0283 |        2.56 |        1.79 |        2.21
n_cols=6656    | fp32     |     0.0655 |       0.0496 |       0.0550 |       0.0494 |        1.32 |        1.19 |        1.32
n_cols=7168    | fp16     |     0.0646 |       0.0252 |       0.0359 |       0.0275 |        2.56 |        1.80 |        2.35
n_cols=7168    | fp32     |     0.0690 |       0.0524 |       0.0575 |       0.0540 |        1.32 |        1.20 |        1.28
n_cols=7680    | fp16     |     0.0685 |       0.0284 |       0.0396 |       0.0325 |        2.41 |        1.73 |        2.11
n_cols=7680    | fp32     |     0.0737 |       0.0563 |       0.0508 |       0.0569 |        1.31 |        1.45 |        1.30
n_cols=8192    | fp16     |     0.0695 |       0.0305 |       0.0407 |       0.0326 |        2.28 |        1.71 |        2.13
n_cols=8192    | fp32     |     0.0733 |       0.0618 |       0.0520 |       0.0619 |        1.19 |        1.41 |        1.18
n_cols=8704    | fp16     |     0.0740 |       0.0330 |       0.0450 |       0.0372 |        2.24 |        1.64 |        1.99
n_cols=8704    | fp32     |     0.0787 |       0.0641 |       0.0570 |       0.0644 |        1.23 |        1.38 |        1.22
n_cols=9216    | fp16     |     0.0764 |       0.0342 |       0.0457 |       0.0371 |        2.23 |        1.67 |        2.06
n_cols=9216    | fp32     |     0.0820 |       0.0676 |       0.0583 |       0.0712 |        1.21 |        1.40 |        1.15
n_cols=9728    | fp16     |     0.0527 |       0.0374 |       0.0495 |       0.0427 |        1.41 |        1.06 |        1.23
n_cols=9728    | fp32     |     0.0635 |       0.0732 |       0.0649 |       0.0725 |        0.87 |        0.98 |        0.88
n_cols=10240   | fp16     |     0.0533 |       0.0387 |       0.0502 |       0.0429 |        1.38 |        1.06 |        1.24
n_cols=10240   | fp32     |     0.0651 |       0.0753 |       0.0653 |       0.0793 |        0.87 |        1.00 |        0.82
Summary CSV     → /projects/kzhou6/bcui2/research/tilebench/Tilebench-gh200/results/GH200/csv/softmax_default.csv
