GPU/result namespace: GH200 (detected device: NVIDIA GH200 480GB, arch: hopper)
Starting benchmark for operator: streamk_matmul
Tile-language backends: torch (baseline) + cutile, tilelang, triton
  NKI not selected (--tile-language)
Running case: {'k': 4096, 'm': 1024, 'n': 4096}, dtype=fp16
  NKI skipped (not available)
Running case: {'k': 4096, 'm': 1024, 'n': 4096}, dtype=bf16
  NKI skipped (not available)
Running case: {'k': 4096, 'm': 1024, 'n': 4096}, dtype=fp32
  NKI skipped (not available)
Running case: {'k': 4096, 'm': 1024, 'n': 5120}, dtype=fp16
  NKI skipped (not available)
Running case: {'k': 4096, 'm': 1024, 'n': 5120}, dtype=bf16
  NKI skipped (not available)
Running case: {'k': 4096, 'm': 1024, 'n': 5120}, dtype=fp32
  NKI skipped (not available)
Running case: {'k': 4096, 'm': 1024, 'n': 11008}, dtype=fp16
  NKI skipped (not available)
Running case: {'k': 4096, 'm': 1024, 'n': 11008}, dtype=bf16
  NKI skipped (not available)
Running case: {'k': 4096, 'm': 1024, 'n': 11008}, dtype=fp32
  NKI skipped (not available)
Running case: {'k': 4096, 'm': 1024, 'n': 14336}, dtype=fp16
  NKI skipped (not available)
Running case: {'k': 4096, 'm': 1024, 'n': 14336}, dtype=bf16
  NKI skipped (not available)
Running case: {'k': 4096, 'm': 1024, 'n': 14336}, dtype=fp32
  NKI skipped (not available)
Running case: {'k': 4096, 'm': 1024, 'n': 28672}, dtype=fp16
  NKI skipped (not available)
Running case: {'k': 4096, 'm': 1024, 'n': 28672}, dtype=bf16
  NKI skipped (not available)
Running case: {'k': 4096, 'm': 1024, 'n': 28672}, dtype=fp32
  NKI skipped (not available)
Running case: {'k': 4096, 'm': 2048, 'n': 4096}, dtype=fp16
  NKI skipped (not available)
Running case: {'k': 4096, 'm': 2048, 'n': 4096}, dtype=bf16
  NKI skipped (not available)
Running case: {'k': 4096, 'm': 2048, 'n': 4096}, dtype=fp32
  NKI skipped (not available)
Running case: {'k': 4096, 'm': 2048, 'n': 5120}, dtype=fp16
  NKI skipped (not available)
Running case: {'k': 4096, 'm': 2048, 'n': 5120}, dtype=bf16
  NKI skipped (not available)
Running case: {'k': 4096, 'm': 2048, 'n': 5120}, dtype=fp32
  NKI skipped (not available)
Running case: {'k': 4096, 'm': 2048, 'n': 11008}, dtype=fp16
  NKI skipped (not available)
Running case: {'k': 4096, 'm': 2048, 'n': 11008}, dtype=bf16
  NKI skipped (not available)
Running case: {'k': 4096, 'm': 2048, 'n': 11008}, dtype=fp32
  NKI skipped (not available)
Running case: {'k': 4096, 'm': 2048, 'n': 14336}, dtype=fp16
  NKI skipped (not available)
Running case: {'k': 4096, 'm': 2048, 'n': 14336}, dtype=bf16
  NKI skipped (not available)
Running case: {'k': 4096, 'm': 2048, 'n': 14336}, dtype=fp32
  NKI skipped (not available)
Running case: {'k': 4096, 'm': 2048, 'n': 28672}, dtype=fp16
  NKI skipped (not available)
Running case: {'k': 4096, 'm': 2048, 'n': 28672}, dtype=bf16
  NKI skipped (not available)
Running case: {'k': 4096, 'm': 2048, 'n': 28672}, dtype=fp32
  NKI skipped (not available)
Running case: {'k': 4096, 'm': 4096, 'n': 4096}, dtype=fp16
  NKI skipped (not available)
Running case: {'k': 4096, 'm': 4096, 'n': 4096}, dtype=bf16
  NKI skipped (not available)
Running case: {'k': 4096, 'm': 4096, 'n': 4096}, dtype=fp32
  NKI skipped (not available)
Running case: {'k': 4096, 'm': 4096, 'n': 5120}, dtype=fp16
  NKI skipped (not available)
Running case: {'k': 4096, 'm': 4096, 'n': 5120}, dtype=bf16
  NKI skipped (not available)
Running case: {'k': 4096, 'm': 4096, 'n': 5120}, dtype=fp32
  NKI skipped (not available)
Running case: {'k': 4096, 'm': 4096, 'n': 11008}, dtype=fp16
  NKI skipped (not available)
Running case: {'k': 4096, 'm': 4096, 'n': 11008}, dtype=bf16
  NKI skipped (not available)
Running case: {'k': 4096, 'm': 4096, 'n': 11008}, dtype=fp32
  NKI skipped (not available)
Running case: {'k': 4096, 'm': 4096, 'n': 14336}, dtype=fp16
  NKI skipped (not available)
Running case: {'k': 4096, 'm': 4096, 'n': 14336}, dtype=bf16
  NKI skipped (not available)
Running case: {'k': 4096, 'm': 4096, 'n': 14336}, dtype=fp32
  NKI skipped (not available)
Running case: {'k': 4096, 'm': 4096, 'n': 28672}, dtype=fp16
  NKI skipped (not available)
Running case: {'k': 4096, 'm': 4096, 'n': 28672}, dtype=bf16
  NKI skipped (not available)
Running case: {'k': 4096, 'm': 4096, 'n': 28672}, dtype=fp32
  NKI skipped (not available)
Running case: {'k': 4096, 'm': 8192, 'n': 4096}, dtype=fp16
  NKI skipped (not available)
Running case: {'k': 4096, 'm': 8192, 'n': 4096}, dtype=bf16
  NKI skipped (not available)
Running case: {'k': 4096, 'm': 8192, 'n': 4096}, dtype=fp32
  NKI skipped (not available)
Running case: {'k': 4096, 'm': 8192, 'n': 5120}, dtype=fp16
  NKI skipped (not available)
Running case: {'k': 4096, 'm': 8192, 'n': 5120}, dtype=bf16
  NKI skipped (not available)
Running case: {'k': 4096, 'm': 8192, 'n': 5120}, dtype=fp32
  NKI skipped (not available)
Running case: {'k': 4096, 'm': 8192, 'n': 11008}, dtype=fp16
  NKI skipped (not available)
Running case: {'k': 4096, 'm': 8192, 'n': 11008}, dtype=bf16
  NKI skipped (not available)
Running case: {'k': 4096, 'm': 8192, 'n': 11008}, dtype=fp32
  NKI skipped (not available)
Running case: {'k': 4096, 'm': 8192, 'n': 14336}, dtype=fp16
  NKI skipped (not available)
Running case: {'k': 4096, 'm': 8192, 'n': 14336}, dtype=bf16
  NKI skipped (not available)
Running case: {'k': 4096, 'm': 8192, 'n': 14336}, dtype=fp32
  NKI skipped (not available)
Running case: {'k': 4096, 'm': 8192, 'n': 28672}, dtype=fp16
  NKI skipped (not available)
Running case: {'k': 4096, 'm': 8192, 'n': 28672}, dtype=bf16
  NKI skipped (not available)
Running case: {'k': 4096, 'm': 8192, 'n': 28672}, dtype=fp32
  NKI skipped (not available)
Timing results  → /projects/kzhou6/bcui2/research/tilebench/Tilebench-gh200/results/GH200/logs/time_measurement_logs/streamk_matmul_default_triton-cutile-tilelang.json
Autotune log    → /projects/kzhou6/bcui2/research/tilebench/Tilebench-gh200/results/GH200/logs/autotune_logs/streamk_matmul_default_triton-cutile-tilelang.json
TileLang autotuner log → not collected: TileLang's autotuner did not run in this process
Provenance      → /projects/kzhou6/bcui2/research/tilebench/Tilebench-gh200/results/GH200/logs/provenance/streamk_matmul_default_triton-cutile-tilelang.json

Summary:
Params            |    Dtype |  Torch(ms) |   Triton(ms) |   cuTile(ms) | TileLang(ms) |  Speedup(T) |  Speedup(C) | Speedup(TL)
--------------------------------------------------------------------------------------------------------------------------------
m=1024, n=4096    | fp16     |     0.0445 |       0.1229 |       0.4094 |       0.1325 |        0.36 |        0.11 |        0.34
m=1024, n=4096    | bf16     |     0.0434 |       0.1220 |       0.4032 |       0.1304 |        0.36 |        0.11 |        0.33
m=1024, n=4096    | fp32     |     0.1007 |       0.1984 |       0.5080 |       0.2692 |        0.51 |        0.20 |        0.37
m=1024, n=5120    | fp16     |     0.0553 |       0.1627 |       0.6106 |       0.1742 |        0.34 |        0.09 |        0.32
m=1024, n=5120    | bf16     |     0.0538 |       0.1639 |       0.6123 |       0.1759 |        0.33 |        0.09 |        0.31
m=1024, n=5120    | fp32     |     0.1493 |       0.2833 |       0.7275 |       0.3634 |        0.53 |        0.21 |        0.41
m=1024, n=11008   | fp16     |     0.1323 |       0.2976 |       0.6610 |       0.2701 |        0.44 |        0.20 |        0.49
m=1024, n=11008   | bf16     |     0.1301 |       0.3019 |       0.6596 |       0.2668 |        0.43 |        0.20 |        0.49
m=1024, n=11008   | fp32     |     0.2849 |       0.5050 |       0.9010 |       0.6531 |        0.56 |        0.32 |        0.44
m=1024, n=14336   | fp16     |     0.1635 |       0.3770 |       0.7992 |       0.3917 |        0.43 |        0.20 |        0.42
m=1024, n=14336   | bf16     |     0.1623 |       0.3749 |       0.7946 |       0.3901 |        0.43 |        0.20 |        0.42
m=1024, n=14336   | fp32     |     0.3744 |       0.6686 |       1.0939 |       0.8657 |        0.56 |        0.34 |        0.43
m=1024, n=28672   | fp16     |     0.3012 |       0.7012 |       0.9771 |       0.6223 |        0.43 |        0.31 |        0.48
m=1024, n=28672   | bf16     |     0.2988 |       0.7030 |       0.9763 |       0.6182 |        0.43 |        0.31 |        0.48
m=1024, n=28672   | fp32     |     0.6882 |       1.1988 |       1.5571 |       1.5898 |        0.57 |        0.44 |        0.43
m=2048, n=4096    | fp16     |     0.0880 |       0.2348 |       0.7183 |       0.2480 |        0.37 |        0.12 |        0.35
m=2048, n=4096    | bf16     |     0.0858 |       0.2320 |       0.7171 |       0.2492 |        0.37 |        0.12 |        0.34
m=2048, n=4096    | fp32     |     0.1745 |       0.3864 |       0.8840 |       0.5393 |        0.45 |        0.20 |        0.32
m=2048, n=5120    | fp16     |     0.1121 |       0.2832 |       0.7478 |       0.3122 |        0.40 |        0.15 |        0.36
m=2048, n=5120    | bf16     |     0.1102 |       0.2844 |       0.7499 |       0.3026 |        0.39 |        0.15 |        0.36
m=2048, n=5120    | fp32     |     0.2656 |       0.4863 |       0.9572 |       0.6533 |        0.55 |        0.28 |        0.41
m=2048, n=11008   | fp16     |     0.2456 |       0.5552 |       0.8602 |       0.5124 |        0.44 |        0.29 |        0.48
m=2048, n=11008   | bf16     |     0.2421 |       0.5523 |       0.8613 |       0.5110 |        0.44 |        0.28 |        0.47
m=2048, n=11008   | fp32     |     0.5534 |       0.9453 |       1.3123 |       1.2450 |        0.59 |        0.42 |        0.44
m=2048, n=14336   | fp16     |     0.3005 |       0.6997 |       0.9763 |       0.6135 |        0.43 |        0.31 |        0.49
m=2048, n=14336   | bf16     |     0.2958 |       0.6990 |       0.9746 |       0.6134 |        0.42 |        0.30 |        0.48
m=2048, n=14336   | fp32     |     0.5899 |       1.2013 |       1.5580 |       1.6013 |        0.49 |        0.38 |        0.37
m=2048, n=28672   | fp16     |     0.5851 |       1.3395 |       1.3139 |       1.1029 |        0.44 |        0.45 |        0.53
m=2048, n=28672   | bf16     |     0.5774 |       1.3364 |       1.3027 |       1.0955 |        0.43 |        0.44 |        0.53
m=2048, n=28672   | fp32     |     1.3473 |       2.2704 |       2.4712 |       3.0342 |        0.59 |        0.55 |        0.44
m=4096, n=4096    | fp16     |     0.1721 |       0.4271 |       0.8206 |       0.3948 |        0.40 |        0.21 |        0.44
m=4096, n=4096    | bf16     |     0.1708 |       0.4257 |       0.8181 |       0.3928 |        0.40 |        0.21 |        0.43
m=4096, n=4096    | fp32     |     0.3388 |       0.7463 |       1.1545 |       0.9564 |        0.45 |        0.29 |        0.35
m=4096, n=5120    | fp16     |     0.2190 |       0.5179 |       0.8804 |       0.4723 |        0.42 |        0.25 |        0.46
m=4096, n=5120    | bf16     |     0.2143 |       0.5159 |       0.8738 |       0.4720 |        0.42 |        0.25 |        0.45
m=4096, n=5120    | fp32     |     0.5069 |       0.8818 |       1.2962 |       1.1765 |        0.57 |        0.39 |        0.43
m=4096, n=11008   | fp16     |     0.4755 |       1.0440 |       1.2259 |       0.9251 |        0.46 |        0.39 |        0.51
m=4096, n=11008   | bf16     |     0.4674 |       1.0375 |       1.2185 |       0.9247 |        0.45 |        0.38 |        0.51
m=4096, n=11008   | fp32     |     1.0806 |       1.7892 |       2.1083 |       2.3884 |        0.60 |        0.51 |        0.45
m=4096, n=14336   | fp16     |     0.5820 |       1.3381 |       1.3045 |       1.0936 |        0.43 |        0.45 |        0.53
m=4096, n=14336   | bf16     |     0.5721 |       1.3314 |       1.2969 |       1.0886 |        0.43 |        0.44 |        0.53
m=4096, n=14336   | fp32     |     1.3462 |       2.2768 |       2.4787 |       3.0323 |        0.59 |        0.54 |        0.44
m=4096, n=28672   | fp16     |     1.1479 |       2.5850 |       2.1416 |       2.1435 |        0.44 |        0.54 |        0.54
m=4096, n=28672   | bf16     |     1.1199 |       2.5841 |       2.1235 |       2.1452 |        0.43 |        0.53 |        0.52
m=4096, n=28672   | fp32     |     2.6723 |       4.4717 |       4.4334 |       5.9597 |        0.60 |        0.60 |        0.45
m=8192, n=4096    | fp16     |     0.3384 |       0.7915 |       1.0306 |       0.6744 |        0.43 |        0.33 |        0.50
m=8192, n=4096    | bf16     |     0.3331 |       0.7910 |       1.0185 |       0.6726 |        0.42 |        0.33 |        0.50
m=8192, n=4096    | fp32     |     0.7925 |       1.3397 |       1.6790 |       1.7504 |        0.59 |        0.47 |        0.45
m=8192, n=5120    | fp16     |     0.4263 |       0.9775 |       1.1245 |       0.8239 |        0.44 |        0.38 |        0.52
m=8192, n=5120    | bf16     |     0.4210 |       0.9761 |       1.1174 |       0.8192 |        0.43 |        0.38 |        0.51
m=8192, n=5120    | fp32     |     0.9884 |       1.6682 |       1.9412 |       2.2129 |        0.59 |        0.51 |        0.45
m=8192, n=11008   | fp16     |     0.8894 |       2.0197 |       1.8141 |       1.6703 |        0.44 |        0.49 |        0.53
m=8192, n=11008   | bf16     |     0.8745 |       2.0135 |       1.8095 |       1.6709 |        0.43 |        0.48 |        0.52
m=8192, n=11008   | fp32     |     2.1247 |       3.4568 |       3.5823 |       4.6283 |        0.61 |        0.59 |        0.46
m=8192, n=14336   | fp16     |     1.1482 |       2.5930 |       2.1257 |       2.1380 |        0.44 |        0.54 |        0.54
m=8192, n=14336   | bf16     |     1.1251 |       2.5873 |       2.1337 |       2.1227 |        0.43 |        0.53 |        0.53
m=8192, n=14336   | fp32     |     2.6496 |       4.4673 |       4.4350 |       5.9488 |        0.59 |        0.60 |        0.45
m=8192, n=28672   | fp16     |     2.2722 |       5.0967 |       3.9902 |       4.3758 |        0.45 |        0.57 |        0.52
m=8192, n=28672   | bf16     |     2.3430 |       5.0923 |       3.8278 |       4.1798 |        0.46 |        0.61 |        0.56
m=8192, n=28672   | fp32     |     5.2624 |       8.8239 |       8.3262 |      11.8753 |        0.60 |        0.63 |        0.44
Summary CSV     → /projects/kzhou6/bcui2/research/tilebench/Tilebench-gh200/results/GH200/csv/streamk_matmul_default.csv
