GPU/result namespace: GH200 (detected device: NVIDIA GH200 480GB, arch: hopper)
Starting benchmark for operator: swiglu
Tile-language backends: torch (baseline) + cutile, tilelang, triton
  NKI not selected (--tile-language)
Running case: {'M': 4096, 'N': 1024}, dtype=fp16
2026-10-01 05:19:19,539 WARNING:Tunable parameters ['BLOCK_SIZE', 'threads'] already provided during auto-tuning. Skipping compilation and using direct JIT
  NKI skipped (not available)
Running case: {'M': 4096, 'N': 1024}, dtype=bf16
2026-10-01 05:19:19,741 WARNING:Tunable parameters ['BLOCK_SIZE', 'threads'] already provided during auto-tuning. Skipping compilation and using direct JIT
  NKI skipped (not available)
Running case: {'M': 4096, 'N': 1024}, dtype=fp32
2026-10-01 05:19:19,948 WARNING:Tunable parameters ['BLOCK_SIZE', 'threads'] already provided during auto-tuning. Skipping compilation and using direct JIT
  NKI skipped (not available)
Running case: {'M': 4096, 'N': 2048}, dtype=fp16
2026-10-01 05:19:20,031 WARNING:Tunable parameters ['BLOCK_SIZE', 'threads'] already provided during auto-tuning. Skipping compilation and using direct JIT
  NKI skipped (not available)
Running case: {'M': 4096, 'N': 2048}, dtype=bf16
2026-10-01 05:19:20,116 WARNING:Tunable parameters ['BLOCK_SIZE', 'threads'] already provided during auto-tuning. Skipping compilation and using direct JIT
  NKI skipped (not available)
Running case: {'M': 4096, 'N': 2048}, dtype=fp32
2026-10-01 05:19:20,199 WARNING:Tunable parameters ['BLOCK_SIZE', 'threads'] already provided during auto-tuning. Skipping compilation and using direct JIT
  NKI skipped (not available)
Running case: {'M': 4096, 'N': 3072}, dtype=fp16
2026-10-01 05:19:20,283 WARNING:Tunable parameters ['BLOCK_SIZE', 'threads'] already provided during auto-tuning. Skipping compilation and using direct JIT
  NKI skipped (not available)
Running case: {'M': 4096, 'N': 3072}, dtype=bf16
2026-10-01 05:19:20,368 WARNING:Tunable parameters ['BLOCK_SIZE', 'threads'] already provided during auto-tuning. Skipping compilation and using direct JIT
  NKI skipped (not available)
Running case: {'M': 4096, 'N': 3072}, dtype=fp32
2026-10-01 05:19:20,459 WARNING:Tunable parameters ['BLOCK_SIZE', 'threads'] already provided during auto-tuning. Skipping compilation and using direct JIT
  NKI skipped (not available)
Running case: {'M': 4096, 'N': 4096}, dtype=fp16
2026-10-01 05:19:20,544 WARNING:Tunable parameters ['BLOCK_SIZE', 'threads'] already provided during auto-tuning. Skipping compilation and using direct JIT
  NKI skipped (not available)
Running case: {'M': 4096, 'N': 4096}, dtype=bf16
2026-10-01 05:19:20,631 WARNING:Tunable parameters ['BLOCK_SIZE', 'threads'] already provided during auto-tuning. Skipping compilation and using direct JIT
  NKI skipped (not available)
Running case: {'M': 4096, 'N': 4096}, dtype=fp32
2026-10-01 05:19:20,719 WARNING:Tunable parameters ['BLOCK_SIZE', 'threads'] already provided during auto-tuning. Skipping compilation and using direct JIT
  NKI skipped (not available)
Running case: {'M': 4096, 'N': 5120}, dtype=fp16
2026-10-01 05:19:20,809 WARNING:Tunable parameters ['BLOCK_SIZE', 'threads'] already provided during auto-tuning. Skipping compilation and using direct JIT
  NKI skipped (not available)
Running case: {'M': 4096, 'N': 5120}, dtype=bf16
2026-10-01 05:19:20,896 WARNING:Tunable parameters ['BLOCK_SIZE', 'threads'] already provided during auto-tuning. Skipping compilation and using direct JIT
  NKI skipped (not available)
Running case: {'M': 4096, 'N': 5120}, dtype=fp32
2026-10-01 05:19:20,994 WARNING:Tunable parameters ['BLOCK_SIZE', 'threads'] already provided during auto-tuning. Skipping compilation and using direct JIT
  NKI skipped (not available)
Running case: {'M': 4096, 'N': 6144}, dtype=fp16
2026-10-01 05:19:21,083 WARNING:Tunable parameters ['BLOCK_SIZE', 'threads'] already provided during auto-tuning. Skipping compilation and using direct JIT
  NKI skipped (not available)
Running case: {'M': 4096, 'N': 6144}, dtype=bf16
2026-10-01 05:19:21,171 WARNING:Tunable parameters ['BLOCK_SIZE', 'threads'] already provided during auto-tuning. Skipping compilation and using direct JIT
  NKI skipped (not available)
Running case: {'M': 4096, 'N': 6144}, dtype=fp32
2026-10-01 05:19:21,263 WARNING:Tunable parameters ['BLOCK_SIZE', 'threads'] already provided during auto-tuning. Skipping compilation and using direct JIT
  NKI skipped (not available)
Running case: {'M': 4096, 'N': 7168}, dtype=fp16
2026-10-01 05:19:21,354 WARNING:Tunable parameters ['BLOCK_SIZE', 'threads'] already provided during auto-tuning. Skipping compilation and using direct JIT
  NKI skipped (not available)
Running case: {'M': 4096, 'N': 7168}, dtype=bf16
2026-10-01 05:19:21,444 WARNING:Tunable parameters ['BLOCK_SIZE', 'threads'] already provided during auto-tuning. Skipping compilation and using direct JIT
  NKI skipped (not available)
Running case: {'M': 4096, 'N': 7168}, dtype=fp32
2026-10-01 05:19:21,537 WARNING:Tunable parameters ['BLOCK_SIZE', 'threads'] already provided during auto-tuning. Skipping compilation and using direct JIT
  NKI skipped (not available)
Running case: {'M': 4096, 'N': 8192}, dtype=fp16
2026-10-01 05:19:21,629 WARNING:Tunable parameters ['BLOCK_SIZE', 'threads'] already provided during auto-tuning. Skipping compilation and using direct JIT
  NKI skipped (not available)
Running case: {'M': 4096, 'N': 8192}, dtype=bf16
2026-10-01 05:19:21,748 WARNING:Tunable parameters ['BLOCK_SIZE', 'threads'] already provided during auto-tuning. Skipping compilation and using direct JIT
  NKI skipped (not available)
Running case: {'M': 4096, 'N': 8192}, dtype=fp32
2026-10-01 05:19:21,858 WARNING:Tunable parameters ['BLOCK_SIZE', 'threads'] already provided during auto-tuning. Skipping compilation and using direct JIT
  NKI skipped (not available)
Running case: {'M': 4096, 'N': 9216}, dtype=fp16
2026-10-01 05:19:21,950 WARNING:Tunable parameters ['BLOCK_SIZE', 'threads'] already provided during auto-tuning. Skipping compilation and using direct JIT
  NKI skipped (not available)
Running case: {'M': 4096, 'N': 9216}, dtype=bf16
2026-10-01 05:19:22,042 WARNING:Tunable parameters ['BLOCK_SIZE', 'threads'] already provided during auto-tuning. Skipping compilation and using direct JIT
  NKI skipped (not available)
Running case: {'M': 4096, 'N': 9216}, dtype=fp32
2026-10-01 05:19:22,140 WARNING:Tunable parameters ['BLOCK_SIZE', 'threads'] already provided during auto-tuning. Skipping compilation and using direct JIT
  NKI skipped (not available)
Running case: {'M': 4096, 'N': 10240}, dtype=fp16
2026-10-01 05:19:22,242 WARNING:Tunable parameters ['BLOCK_SIZE', 'threads'] already provided during auto-tuning. Skipping compilation and using direct JIT
  NKI skipped (not available)
Running case: {'M': 4096, 'N': 10240}, dtype=bf16
2026-10-01 05:19:22,334 WARNING:Tunable parameters ['BLOCK_SIZE', 'threads'] already provided during auto-tuning. Skipping compilation and using direct JIT
  NKI skipped (not available)
Running case: {'M': 4096, 'N': 10240}, dtype=fp32
2026-10-01 05:19:22,434 WARNING:Tunable parameters ['BLOCK_SIZE', 'threads'] already provided during auto-tuning. Skipping compilation and using direct JIT
  NKI skipped (not available)
Running case: {'M': 4096, 'N': 11264}, dtype=fp16
2026-10-01 05:19:22,529 WARNING:Tunable parameters ['BLOCK_SIZE', 'threads'] already provided during auto-tuning. Skipping compilation and using direct JIT
  NKI skipped (not available)
Running case: {'M': 4096, 'N': 11264}, dtype=bf16
2026-10-01 05:19:22,624 WARNING:Tunable parameters ['BLOCK_SIZE', 'threads'] already provided during auto-tuning. Skipping compilation and using direct JIT
  NKI skipped (not available)
Running case: {'M': 4096, 'N': 11264}, dtype=fp32
2026-10-01 05:19:22,722 WARNING:Tunable parameters ['BLOCK_SIZE', 'threads'] already provided during auto-tuning. Skipping compilation and using direct JIT
  NKI skipped (not available)
Running case: {'M': 4096, 'N': 12288}, dtype=fp16
2026-10-01 05:19:22,818 WARNING:Tunable parameters ['BLOCK_SIZE', 'threads'] already provided during auto-tuning. Skipping compilation and using direct JIT
  NKI skipped (not available)
Running case: {'M': 4096, 'N': 12288}, dtype=bf16
2026-10-01 05:19:22,913 WARNING:Tunable parameters ['BLOCK_SIZE', 'threads'] already provided during auto-tuning. Skipping compilation and using direct JIT
  NKI skipped (not available)
Running case: {'M': 4096, 'N': 12288}, dtype=fp32
2026-10-01 05:19:23,023 WARNING:Tunable parameters ['BLOCK_SIZE', 'threads'] already provided during auto-tuning. Skipping compilation and using direct JIT
  NKI skipped (not available)
Running case: {'M': 4096, 'N': 13312}, dtype=fp16
2026-10-01 05:19:23,119 WARNING:Tunable parameters ['BLOCK_SIZE', 'threads'] already provided during auto-tuning. Skipping compilation and using direct JIT
  NKI skipped (not available)
Running case: {'M': 4096, 'N': 13312}, dtype=bf16
2026-10-01 05:19:23,213 WARNING:Tunable parameters ['BLOCK_SIZE', 'threads'] already provided during auto-tuning. Skipping compilation and using direct JIT
  NKI skipped (not available)
Running case: {'M': 4096, 'N': 13312}, dtype=fp32
2026-10-01 05:19:23,316 WARNING:Tunable parameters ['BLOCK_SIZE', 'threads'] already provided during auto-tuning. Skipping compilation and using direct JIT
  NKI skipped (not available)
Running case: {'M': 4096, 'N': 14336}, dtype=fp16
2026-10-01 05:19:23,414 WARNING:Tunable parameters ['BLOCK_SIZE', 'threads'] already provided during auto-tuning. Skipping compilation and using direct JIT
  NKI skipped (not available)
Running case: {'M': 4096, 'N': 14336}, dtype=bf16
2026-10-01 05:19:23,514 WARNING:Tunable parameters ['BLOCK_SIZE', 'threads'] already provided during auto-tuning. Skipping compilation and using direct JIT
  NKI skipped (not available)
Running case: {'M': 4096, 'N': 14336}, dtype=fp32
2026-10-01 05:19:23,624 WARNING:Tunable parameters ['BLOCK_SIZE', 'threads'] already provided during auto-tuning. Skipping compilation and using direct JIT
  NKI skipped (not available)
Running case: {'M': 4096, 'N': 15360}, dtype=fp16
2026-10-01 05:19:23,724 WARNING:Tunable parameters ['BLOCK_SIZE', 'threads'] already provided during auto-tuning. Skipping compilation and using direct JIT
  NKI skipped (not available)
Running case: {'M': 4096, 'N': 15360}, dtype=bf16
2026-10-01 05:19:23,819 WARNING:Tunable parameters ['BLOCK_SIZE', 'threads'] already provided during auto-tuning. Skipping compilation and using direct JIT
  NKI skipped (not available)
Running case: {'M': 4096, 'N': 15360}, dtype=fp32
2026-10-01 05:19:23,926 WARNING:Tunable parameters ['BLOCK_SIZE', 'threads'] already provided during auto-tuning. Skipping compilation and using direct JIT
  NKI skipped (not available)
Running case: {'M': 4096, 'N': 16384}, dtype=fp16
2026-10-01 05:19:24,027 WARNING:Tunable parameters ['BLOCK_SIZE', 'threads'] already provided during auto-tuning. Skipping compilation and using direct JIT
  NKI skipped (not available)
Running case: {'M': 4096, 'N': 16384}, dtype=bf16
2026-10-01 05:19:24,122 WARNING:Tunable parameters ['BLOCK_SIZE', 'threads'] already provided during auto-tuning. Skipping compilation and using direct JIT
  NKI skipped (not available)
Running case: {'M': 4096, 'N': 16384}, dtype=fp32
2026-10-01 05:19:24,232 WARNING:Tunable parameters ['BLOCK_SIZE', 'threads'] already provided during auto-tuning. Skipping compilation and using direct JIT
  NKI skipped (not available)
Running case: {'M': 4096, 'N': 17408}, dtype=fp16
2026-10-01 05:19:24,338 WARNING:Tunable parameters ['BLOCK_SIZE', 'threads'] already provided during auto-tuning. Skipping compilation and using direct JIT
  NKI skipped (not available)
Running case: {'M': 4096, 'N': 17408}, dtype=bf16
2026-10-01 05:19:24,439 WARNING:Tunable parameters ['BLOCK_SIZE', 'threads'] already provided during auto-tuning. Skipping compilation and using direct JIT
  NKI skipped (not available)
Running case: {'M': 4096, 'N': 17408}, dtype=fp32
2026-10-01 05:19:24,550 WARNING:Tunable parameters ['BLOCK_SIZE', 'threads'] already provided during auto-tuning. Skipping compilation and using direct JIT
  NKI skipped (not available)
Running case: {'M': 4096, 'N': 18432}, dtype=fp16
2026-10-01 05:19:24,653 WARNING:Tunable parameters ['BLOCK_SIZE', 'threads'] already provided during auto-tuning. Skipping compilation and using direct JIT
  NKI skipped (not available)
Running case: {'M': 4096, 'N': 18432}, dtype=bf16
2026-10-01 05:19:24,757 WARNING:Tunable parameters ['BLOCK_SIZE', 'threads'] already provided during auto-tuning. Skipping compilation and using direct JIT
  NKI skipped (not available)
Running case: {'M': 4096, 'N': 18432}, dtype=fp32
2026-10-01 05:19:24,868 WARNING:Tunable parameters ['BLOCK_SIZE', 'threads'] already provided during auto-tuning. Skipping compilation and using direct JIT
  NKI skipped (not available)
Running case: {'M': 4096, 'N': 19456}, dtype=fp16
2026-10-01 05:19:24,971 WARNING:Tunable parameters ['BLOCK_SIZE', 'threads'] already provided during auto-tuning. Skipping compilation and using direct JIT
  NKI skipped (not available)
Running case: {'M': 4096, 'N': 19456}, dtype=bf16
2026-10-01 05:19:25,074 WARNING:Tunable parameters ['BLOCK_SIZE', 'threads'] already provided during auto-tuning. Skipping compilation and using direct JIT
  NKI skipped (not available)
Running case: {'M': 4096, 'N': 19456}, dtype=fp32
2026-10-01 05:19:25,190 WARNING:Tunable parameters ['BLOCK_SIZE', 'threads'] already provided during auto-tuning. Skipping compilation and using direct JIT
  NKI skipped (not available)
Running case: {'M': 4096, 'N': 20480}, dtype=fp16
2026-10-01 05:19:25,295 WARNING:Tunable parameters ['BLOCK_SIZE', 'threads'] already provided during auto-tuning. Skipping compilation and using direct JIT
  NKI skipped (not available)
Running case: {'M': 4096, 'N': 20480}, dtype=bf16
2026-10-01 05:19:25,396 WARNING:Tunable parameters ['BLOCK_SIZE', 'threads'] already provided during auto-tuning. Skipping compilation and using direct JIT
  NKI skipped (not available)
Running case: {'M': 4096, 'N': 20480}, dtype=fp32
2026-10-01 05:19:25,521 WARNING:Tunable parameters ['BLOCK_SIZE', 'threads'] already provided during auto-tuning. Skipping compilation and using direct JIT
  NKI skipped (not available)
Timing results  → /projects/kzhou6/bcui2/research/tilebench/Tilebench-gh200/results/GH200/logs/time_measurement_logs/swiglu_default_triton-cutile-tilelang.json
Autotune log    → /projects/kzhou6/bcui2/research/tilebench/Tilebench-gh200/results/GH200/logs/autotune_logs/swiglu_default_triton-cutile-tilelang.json
TileLang autotuner log → /projects/kzhou6/bcui2/research/tilebench/Tilebench-gh200/results/GH200/logs/tilelang_autotuner/swiglu_default_triton-cutile-tilelang.log
Provenance      → /projects/kzhou6/bcui2/research/tilebench/Tilebench-gh200/results/GH200/logs/provenance/swiglu_default_triton-cutile-tilelang.json

Summary:
Params    |    Dtype |  Torch(ms) |   Triton(ms) |   cuTile(ms) | TileLang(ms) |  Speedup(T) |  Speedup(C) | Speedup(TL)
------------------------------------------------------------------------------------------------------------------------
N=1024    | fp16     |     0.0145 |       0.0097 |       0.0115 |       0.0098 |        1.49 |        1.26 |        1.48
N=1024    | bf16     |     0.0147 |       0.0103 |       0.0115 |       0.0100 |        1.43 |        1.28 |        1.47
N=1024    | fp32     |     0.0247 |       0.0181 |       0.0181 |       0.0179 |        1.36 |        1.36 |        1.38
N=2048    | fp16     |     0.0256 |       0.0175 |       0.0205 |       0.0181 |        1.46 |        1.24 |        1.41
N=2048    | bf16     |     0.0258 |       0.0179 |       0.0208 |       0.0179 |        1.44 |        1.24 |        1.44
N=2048    | fp32     |     0.0505 |       0.0315 |       0.0316 |       0.0326 |        1.60 |        1.60 |        1.55
N=3072    | fp16     |     0.0380 |       0.0251 |       0.0293 |       0.0248 |        1.51 |        1.30 |        1.53
N=3072    | bf16     |     0.0374 |       0.0243 |       0.0291 |       0.0246 |        1.54 |        1.28 |        1.52
N=3072    | fp32     |     0.0753 |       0.0449 |       0.0452 |       0.0459 |        1.68 |        1.67 |        1.64
N=4096    | fp16     |     0.0519 |       0.0315 |       0.0368 |       0.0325 |        1.65 |        1.41 |        1.60
N=4096    | bf16     |     0.0513 |       0.0313 |       0.0373 |       0.0324 |        1.64 |        1.38 |        1.58
N=4096    | fp32     |     0.0976 |       0.0587 |       0.0599 |       0.0596 |        1.66 |        1.63 |        1.64
N=5120    | fp16     |     0.0645 |       0.0381 |       0.0446 |       0.0389 |        1.69 |        1.45 |        1.66
N=5120    | bf16     |     0.0638 |       0.0385 |       0.0454 |       0.0383 |        1.66 |        1.40 |        1.66
N=5120    | fp32     |     0.1202 |       0.0723 |       0.0729 |       0.0732 |        1.66 |        1.65 |        1.64
N=6144    | fp16     |     0.0757 |       0.0465 |       0.0527 |       0.0455 |        1.63 |        1.44 |        1.66
N=6144    | bf16     |     0.0758 |       0.0456 |       0.0529 |       0.0453 |        1.66 |        1.43 |        1.67
N=6144    | fp32     |     0.1444 |       0.0857 |       0.0866 |       0.0867 |        1.68 |        1.67 |        1.66
N=7168    | fp16     |     0.0875 |       0.0528 |       0.0606 |       0.0527 |        1.66 |        1.44 |        1.66
N=7168    | bf16     |     0.0870 |       0.0524 |       0.0602 |       0.0525 |        1.66 |        1.44 |        1.66
N=7168    | fp32     |     0.1665 |       0.0996 |       0.1002 |       0.1000 |        1.67 |        1.66 |        1.67
N=8192    | fp16     |     0.0988 |       0.0592 |       0.0682 |       0.0590 |        1.67 |        1.45 |        1.67
N=8192    | bf16     |     0.0984 |       0.0588 |       0.0683 |       0.0596 |        1.67 |        1.44 |        1.65
N=8192    | fp32     |     0.1894 |       0.1131 |       0.1137 |       0.1133 |        1.67 |        1.67 |        1.67
N=9216    | fp16     |     0.1102 |       0.0659 |       0.0762 |       0.0655 |        1.67 |        1.44 |        1.68
N=9216    | bf16     |     0.1097 |       0.0655 |       0.0760 |       0.0657 |        1.67 |        1.44 |        1.67
N=9216    | fp32     |     0.2116 |       0.1260 |       0.1264 |       0.1268 |        1.68 |        1.67 |        1.67
N=10240   | fp16     |     0.1216 |       0.0721 |       0.0838 |       0.0726 |        1.69 |        1.45 |        1.68
N=10240   | bf16     |     0.1212 |       0.0724 |       0.0840 |       0.0731 |        1.67 |        1.44 |        1.66
N=10240   | fp32     |     0.2344 |       0.1406 |       0.1401 |       0.1399 |        1.67 |        1.67 |        1.68
N=11264   | fp16     |     0.1329 |       0.0793 |       0.0913 |       0.0797 |        1.68 |        1.46 |        1.67
N=11264   | bf16     |     0.1323 |       0.0792 |       0.0920 |       0.0799 |        1.67 |        1.44 |        1.65
N=11264   | fp32     |     0.2576 |       0.1539 |       0.1546 |       0.1542 |        1.67 |        1.67 |        1.67
N=12288   | fp16     |     0.1446 |       0.0859 |       0.0998 |       0.0868 |        1.68 |        1.45 |        1.67
N=12288   | bf16     |     0.1436 |       0.0863 |       0.1005 |       0.0864 |        1.66 |        1.43 |        1.66
N=12288   | fp32     |     0.2808 |       0.1672 |       0.1674 |       0.1675 |        1.68 |        1.68 |        1.68
N=13312   | fp16     |     0.1562 |       0.0935 |       0.1075 |       0.0934 |        1.67 |        1.45 |        1.67
N=13312   | bf16     |     0.1561 |       0.0934 |       0.1078 |       0.0930 |        1.67 |        1.45 |        1.68
N=13312   | fp32     |     0.3034 |       0.1808 |       0.1808 |       0.1808 |        1.68 |        1.68 |        1.68
N=14336   | fp16     |     0.1675 |       0.0998 |       0.1156 |       0.1004 |        1.68 |        1.45 |        1.67
N=14336   | bf16     |     0.1678 |       0.0999 |       0.1156 |       0.1004 |        1.68 |        1.45 |        1.67
N=14336   | fp32     |     0.3259 |       0.1941 |       0.1945 |       0.1941 |        1.68 |        1.68 |        1.68
N=15360   | fp16     |     0.1803 |       0.1059 |       0.1237 |       0.1066 |        1.70 |        1.46 |        1.69
N=15360   | bf16     |     0.1790 |       0.1062 |       0.1232 |       0.1071 |        1.69 |        1.45 |        1.67
N=15360   | fp32     |     0.3490 |       0.2080 |       0.2079 |       0.2079 |        1.68 |        1.68 |        1.68
N=16384   | fp16     |     0.1908 |       0.1127 |       0.1304 |       0.1132 |        1.69 |        1.46 |        1.69
N=16384   | bf16     |     0.1908 |       0.1134 |       0.1308 |       0.1138 |        1.68 |        1.46 |        1.68
N=16384   | fp32     |     0.3713 |       0.2207 |       0.2209 |       0.2215 |        1.68 |        1.68 |        1.68
N=17408   | fp16     |     0.2026 |       0.1198 |       0.1397 |       0.1202 |        1.69 |        1.45 |        1.69
N=17408   | bf16     |     0.2023 |       0.1205 |       0.1392 |       0.1209 |        1.68 |        1.45 |        1.67
N=17408   | fp32     |     0.3940 |       0.2357 |       0.2358 |       0.2345 |        1.67 |        1.67 |        1.68
N=18432   | fp16     |     0.2144 |       0.1268 |       0.1462 |       0.1277 |        1.69 |        1.47 |        1.68
N=18432   | bf16     |     0.2139 |       0.1262 |       0.1473 |       0.1271 |        1.70 |        1.45 |        1.68
N=18432   | fp32     |     0.4168 |       0.2484 |       0.2495 |       0.2479 |        1.68 |        1.67 |        1.68
N=19456   | fp16     |     0.2250 |       0.1330 |       0.1549 |       0.1338 |        1.69 |        1.45 |        1.68
N=19456   | bf16     |     0.2248 |       0.1333 |       0.1553 |       0.1346 |        1.69 |        1.45 |        1.67
N=19456   | fp32     |     0.4395 |       0.2618 |       0.2622 |       0.2615 |        1.68 |        1.68 |        1.68
N=20480   | fp16     |     0.2361 |       0.1404 |       0.1623 |       0.1402 |        1.68 |        1.45 |        1.68
N=20480   | bf16     |     0.2371 |       0.1406 |       0.1630 |       0.1407 |        1.69 |        1.45 |        1.68
N=20480   | fp32     |     0.4621 |       0.2753 |       0.2759 |       0.2752 |        1.68 |        1.67 |        1.68
Summary CSV     → /projects/kzhou6/bcui2/research/tilebench/Tilebench-gh200/results/GH200/csv/swiglu_default.csv
