GPU/result namespace: GH200 (detected device: NVIDIA GH200 480GB, arch: hopper)
Starting benchmark for operator: top_k_selection
Tile-language backends: torch (baseline) + cutile, tilelang, triton
  NKI not selected (--tile-language)
Running case: {'N': 4096, 'k': 16}, dtype=fp32
  NKI skipped (not available)
Running case: {'N': 4096, 'k': 64}, dtype=fp32
  NKI skipped (not available)
Running case: {'N': 4096, 'k': 256}, dtype=fp32
  NKI skipped (not available)
Running case: {'N': 4096, 'k': 1024}, dtype=fp32
  NKI skipped (not available)
Running case: {'N': 16384, 'k': 16}, dtype=fp32
  NKI skipped (not available)
Running case: {'N': 16384, 'k': 64}, dtype=fp32
  NKI skipped (not available)
Running case: {'N': 16384, 'k': 256}, dtype=fp32
  NKI skipped (not available)
Running case: {'N': 16384, 'k': 1024}, dtype=fp32
  NKI skipped (not available)
Running case: {'N': 65536, 'k': 16}, dtype=fp32
  NKI skipped (not available)
Running case: {'N': 65536, 'k': 64}, dtype=fp32
  NKI skipped (not available)
Running case: {'N': 65536, 'k': 256}, dtype=fp32
  NKI skipped (not available)
Running case: {'N': 65536, 'k': 1024}, dtype=fp32
  NKI skipped (not available)
Running case: {'N': 262144, 'k': 16}, dtype=fp32
  NKI skipped (not available)
Running case: {'N': 262144, 'k': 64}, dtype=fp32
  NKI skipped (not available)
Running case: {'N': 262144, 'k': 256}, dtype=fp32
  NKI skipped (not available)
Running case: {'N': 262144, 'k': 1024}, dtype=fp32
  NKI skipped (not available)
Running case: {'N': 1048576, 'k': 16}, dtype=fp32
  NKI skipped (not available)
Running case: {'N': 1048576, 'k': 64}, dtype=fp32
  NKI skipped (not available)
Running case: {'N': 1048576, 'k': 256}, dtype=fp32
  NKI skipped (not available)
Running case: {'N': 1048576, 'k': 1024}, dtype=fp32
  NKI skipped (not available)
Timing results  → /projects/kzhou6/bcui2/research/tilebench/Tilebench-gh200/results/GH200/logs/time_measurement_logs/top_k_selection_default_triton-cutile-tilelang.json
Autotune log    → /projects/kzhou6/bcui2/research/tilebench/Tilebench-gh200/results/GH200/logs/autotune_logs/top_k_selection_default_triton-cutile-tilelang.json
TileLang autotuner log → not collected: TileLang's autotuner did not run in this process
Provenance      → /projects/kzhou6/bcui2/research/tilebench/Tilebench-gh200/results/GH200/logs/provenance/top_k_selection_default_triton-cutile-tilelang.json

Summary:
Params              |    Dtype |  Torch(ms) |   Triton(ms) |   cuTile(ms) | TileLang(ms) |  Speedup(T) |  Speedup(C) | Speedup(TL)
----------------------------------------------------------------------------------------------------------------------------------
N=4096, k=16        | fp32     |     0.0234 |       0.0053 |       0.0101 |       0.0103 |        4.43 |        2.32 |        2.27
N=4096, k=64        | fp32     |     0.0256 |       0.0063 |       0.0102 |       0.0105 |        4.06 |        2.50 |        2.44
N=4096, k=256       | fp32     |     0.0384 |       0.0089 |       0.0103 |       0.0103 |        4.32 |        3.73 |        3.72
N=4096, k=1024      | fp32     |     0.0409 |       0.0257 |       0.0170 |       0.0174 |        1.59 |        2.41 |        2.35
N=16384, k=16       | fp32     |     0.0761 |       0.0053 |       0.0102 |       0.0104 |       14.47 |        7.45 |        7.29
N=16384, k=64       | fp32     |     0.0688 |       0.0064 |       0.0104 |       0.0105 |       10.67 |        6.62 |        6.55
N=16384, k=256      | fp32     |     0.0829 |       0.0132 |       0.0155 |       0.0156 |        6.26 |        5.34 |        5.33
N=16384, k=1024     | fp32     |     0.0816 |       0.0510 |       0.0336 |       0.0339 |        1.60 |        2.42 |        2.41
N=65536, k=16       | fp32     |     0.0463 |       0.0055 |       0.0105 |       0.0106 |        8.38 |        4.41 |        4.37
N=65536, k=64       | fp32     |     0.0470 |       0.0095 |       0.0154 |       0.0159 |        4.95 |        3.06 |        2.96
N=65536, k=256      | fp32     |     0.0642 |       0.0173 |       0.0204 |       0.0208 |        3.71 |        3.15 |        3.09
N=65536, k=1024     | fp32     |     0.0644 |       0.0764 |       0.0501 |       0.0510 |        0.84 |        1.29 |        1.26
N=262144, k=16      | fp32     |     0.0638 |       0.0092 |       0.0162 |       0.0182 |        6.94 |        3.93 |        3.51
N=262144, k=64      | fp32     |     0.0645 |       0.0115 |       0.0164 |       0.0181 |        5.61 |        3.94 |        3.56
N=262144, k=256     | fp32     |     0.0815 |       0.0242 |       0.0263 |       0.0281 |        3.37 |        3.09 |        2.90
N=262144, k=1024    | fp32     |     0.0826 |       0.1018 |       0.0675 |       0.0690 |        0.81 |        1.22 |        1.20
N=1048576, k=16     | fp32     |     0.1098 |       0.0166 |       0.0294 |       0.0363 |        6.60 |        3.74 |        3.03
N=1048576, k=64     | fp32     |     0.1102 |       0.0240 |       0.0341 |       0.0415 |        4.59 |        3.23 |        2.66
N=1048576, k=256    | fp32     |     0.1275 |       0.0446 |       0.0455 |       0.0534 |        2.86 |        2.80 |        2.39
N=1048576, k=1024   | fp32     |     0.1284 |       0.1667 |       0.1016 |       0.1139 |        0.77 |        1.26 |        1.13
Summary CSV     → /projects/kzhou6/bcui2/research/tilebench/Tilebench-gh200/results/GH200/csv/top_k_selection_default.csv
