GPU/result namespace: GH200 (detected device: NVIDIA GH200 480GB, arch: hopper)
Starting benchmark for operator: vector_add
Tile-language backends: torch (baseline) + cutile, tilelang, triton
  NKI not selected (--tile-language)
Running case: {'n': 1048576}, dtype=fp16
2026-10-01 05:19:41,931 WARNING:Tunable parameters ['BLOCK_SIZE', 'threads'] already provided during auto-tuning. Skipping compilation and using direct JIT
  NKI skipped (not available)
Running case: {'n': 1048576}, dtype=bf16
2026-10-01 05:19:42,170 WARNING:Tunable parameters ['BLOCK_SIZE', 'threads'] already provided during auto-tuning. Skipping compilation and using direct JIT
  NKI skipped (not available)
Running case: {'n': 1048576}, dtype=fp32
2026-10-01 05:19:42,412 WARNING:Tunable parameters ['BLOCK_SIZE', 'threads'] already provided during auto-tuning. Skipping compilation and using direct JIT
  NKI skipped (not available)
Running case: {'n': 1048576}, dtype=int8
2026-10-01 05:19:42,670 WARNING:Tunable parameters ['BLOCK_SIZE', 'threads'] already provided during auto-tuning. Skipping compilation and using direct JIT
  NKI skipped (not available)
Running case: {'n': 2097152}, dtype=fp16
2026-10-01 05:19:42,765 WARNING:Tunable parameters ['BLOCK_SIZE', 'threads'] already provided during auto-tuning. Skipping compilation and using direct JIT
  NKI skipped (not available)
Running case: {'n': 2097152}, dtype=bf16
2026-10-01 05:19:42,858 WARNING:Tunable parameters ['BLOCK_SIZE', 'threads'] already provided during auto-tuning. Skipping compilation and using direct JIT
  NKI skipped (not available)
Running case: {'n': 2097152}, dtype=fp32
2026-10-01 05:19:42,951 WARNING:Tunable parameters ['BLOCK_SIZE', 'threads'] already provided during auto-tuning. Skipping compilation and using direct JIT
  NKI skipped (not available)
Running case: {'n': 2097152}, dtype=int8
2026-10-01 05:19:43,042 WARNING:Tunable parameters ['BLOCK_SIZE', 'threads'] already provided during auto-tuning. Skipping compilation and using direct JIT
  NKI skipped (not available)
Running case: {'n': 3145728}, dtype=fp16
2026-10-01 05:19:43,129 WARNING:Tunable parameters ['BLOCK_SIZE', 'threads'] already provided during auto-tuning. Skipping compilation and using direct JIT
  NKI skipped (not available)
Running case: {'n': 3145728}, dtype=bf16
2026-10-01 05:19:43,214 WARNING:Tunable parameters ['BLOCK_SIZE', 'threads'] already provided during auto-tuning. Skipping compilation and using direct JIT
  NKI skipped (not available)
Running case: {'n': 3145728}, dtype=fp32
2026-10-01 05:19:43,302 WARNING:Tunable parameters ['BLOCK_SIZE', 'threads'] already provided during auto-tuning. Skipping compilation and using direct JIT
  NKI skipped (not available)
Running case: {'n': 3145728}, dtype=int8
2026-10-01 05:19:43,387 WARNING:Tunable parameters ['BLOCK_SIZE', 'threads'] already provided during auto-tuning. Skipping compilation and using direct JIT
  NKI skipped (not available)
Running case: {'n': 4194304}, dtype=fp16
2026-10-01 05:19:43,476 WARNING:Tunable parameters ['BLOCK_SIZE', 'threads'] already provided during auto-tuning. Skipping compilation and using direct JIT
  NKI skipped (not available)
Running case: {'n': 4194304}, dtype=bf16
2026-10-01 05:19:43,567 WARNING:Tunable parameters ['BLOCK_SIZE', 'threads'] already provided during auto-tuning. Skipping compilation and using direct JIT
  NKI skipped (not available)
Running case: {'n': 4194304}, dtype=fp32
2026-10-01 05:19:43,653 WARNING:Tunable parameters ['BLOCK_SIZE', 'threads'] already provided during auto-tuning. Skipping compilation and using direct JIT
  NKI skipped (not available)
Running case: {'n': 4194304}, dtype=int8
2026-10-01 05:19:43,746 WARNING:Tunable parameters ['BLOCK_SIZE', 'threads'] already provided during auto-tuning. Skipping compilation and using direct JIT
  NKI skipped (not available)
Running case: {'n': 5242880}, dtype=fp16
2026-10-01 05:19:43,837 WARNING:Tunable parameters ['BLOCK_SIZE', 'threads'] already provided during auto-tuning. Skipping compilation and using direct JIT
  NKI skipped (not available)
Running case: {'n': 5242880}, dtype=bf16
2026-10-01 05:19:43,928 WARNING:Tunable parameters ['BLOCK_SIZE', 'threads'] already provided during auto-tuning. Skipping compilation and using direct JIT
  NKI skipped (not available)
Running case: {'n': 5242880}, dtype=fp32
2026-10-01 05:19:44,021 WARNING:Tunable parameters ['BLOCK_SIZE', 'threads'] already provided during auto-tuning. Skipping compilation and using direct JIT
  NKI skipped (not available)
Running case: {'n': 5242880}, dtype=int8
2026-10-01 05:19:44,112 WARNING:Tunable parameters ['BLOCK_SIZE', 'threads'] already provided during auto-tuning. Skipping compilation and using direct JIT
  NKI skipped (not available)
Running case: {'n': 6291456}, dtype=fp16
2026-10-01 05:19:44,203 WARNING:Tunable parameters ['BLOCK_SIZE', 'threads'] already provided during auto-tuning. Skipping compilation and using direct JIT
  NKI skipped (not available)
Running case: {'n': 6291456}, dtype=bf16
2026-10-01 05:19:44,294 WARNING:Tunable parameters ['BLOCK_SIZE', 'threads'] already provided during auto-tuning. Skipping compilation and using direct JIT
  NKI skipped (not available)
Running case: {'n': 6291456}, dtype=fp32
2026-10-01 05:19:44,403 WARNING:Tunable parameters ['BLOCK_SIZE', 'threads'] already provided during auto-tuning. Skipping compilation and using direct JIT
  NKI skipped (not available)
Running case: {'n': 6291456}, dtype=int8
2026-10-01 05:19:44,492 WARNING:Tunable parameters ['BLOCK_SIZE', 'threads'] already provided during auto-tuning. Skipping compilation and using direct JIT
  NKI skipped (not available)
Running case: {'n': 7340032}, dtype=fp16
2026-10-01 05:19:44,600 WARNING:Tunable parameters ['BLOCK_SIZE', 'threads'] already provided during auto-tuning. Skipping compilation and using direct JIT
  NKI skipped (not available)
Running case: {'n': 7340032}, dtype=bf16
2026-10-01 05:19:44,712 WARNING:Tunable parameters ['BLOCK_SIZE', 'threads'] already provided during auto-tuning. Skipping compilation and using direct JIT
  NKI skipped (not available)
Running case: {'n': 7340032}, dtype=fp32
2026-10-01 05:19:44,799 WARNING:Tunable parameters ['BLOCK_SIZE', 'threads'] already provided during auto-tuning. Skipping compilation and using direct JIT
  NKI skipped (not available)
Running case: {'n': 7340032}, dtype=int8
2026-10-01 05:19:44,883 WARNING:Tunable parameters ['BLOCK_SIZE', 'threads'] already provided during auto-tuning. Skipping compilation and using direct JIT
  NKI skipped (not available)
Running case: {'n': 8388608}, dtype=fp16
2026-10-01 05:19:44,966 WARNING:Tunable parameters ['BLOCK_SIZE', 'threads'] already provided during auto-tuning. Skipping compilation and using direct JIT
  NKI skipped (not available)
Running case: {'n': 8388608}, dtype=bf16
2026-10-01 05:19:45,057 WARNING:Tunable parameters ['BLOCK_SIZE', 'threads'] already provided during auto-tuning. Skipping compilation and using direct JIT
  NKI skipped (not available)
Running case: {'n': 8388608}, dtype=fp32
2026-10-01 05:19:45,149 WARNING:Tunable parameters ['BLOCK_SIZE', 'threads'] already provided during auto-tuning. Skipping compilation and using direct JIT
  NKI skipped (not available)
Running case: {'n': 8388608}, dtype=int8
2026-10-01 05:19:45,238 WARNING:Tunable parameters ['BLOCK_SIZE', 'threads'] already provided during auto-tuning. Skipping compilation and using direct JIT
  NKI skipped (not available)
Running case: {'n': 9437184}, dtype=fp16
2026-10-01 05:19:45,327 WARNING:Tunable parameters ['BLOCK_SIZE', 'threads'] already provided during auto-tuning. Skipping compilation and using direct JIT
  NKI skipped (not available)
Running case: {'n': 9437184}, dtype=bf16
2026-10-01 05:19:45,421 WARNING:Tunable parameters ['BLOCK_SIZE', 'threads'] already provided during auto-tuning. Skipping compilation and using direct JIT
  NKI skipped (not available)
Running case: {'n': 9437184}, dtype=fp32
2026-10-01 05:19:45,522 WARNING:Tunable parameters ['BLOCK_SIZE', 'threads'] already provided during auto-tuning. Skipping compilation and using direct JIT
  NKI skipped (not available)
Running case: {'n': 9437184}, dtype=int8
2026-10-01 05:19:45,620 WARNING:Tunable parameters ['BLOCK_SIZE', 'threads'] already provided during auto-tuning. Skipping compilation and using direct JIT
  NKI skipped (not available)
Running case: {'n': 10485760}, dtype=fp16
2026-10-01 05:19:45,713 WARNING:Tunable parameters ['BLOCK_SIZE', 'threads'] already provided during auto-tuning. Skipping compilation and using direct JIT
  NKI skipped (not available)
Running case: {'n': 10485760}, dtype=bf16
2026-10-01 05:19:45,808 WARNING:Tunable parameters ['BLOCK_SIZE', 'threads'] already provided during auto-tuning. Skipping compilation and using direct JIT
  NKI skipped (not available)
Running case: {'n': 10485760}, dtype=fp32
2026-10-01 05:19:45,904 WARNING:Tunable parameters ['BLOCK_SIZE', 'threads'] already provided during auto-tuning. Skipping compilation and using direct JIT
  NKI skipped (not available)
Running case: {'n': 10485760}, dtype=int8
2026-10-01 05:19:45,997 WARNING:Tunable parameters ['BLOCK_SIZE', 'threads'] already provided during auto-tuning. Skipping compilation and using direct JIT
  NKI skipped (not available)
Running case: {'n': 11534336}, dtype=fp16
2026-10-01 05:19:46,089 WARNING:Tunable parameters ['BLOCK_SIZE', 'threads'] already provided during auto-tuning. Skipping compilation and using direct JIT
  NKI skipped (not available)
Running case: {'n': 11534336}, dtype=bf16
2026-10-01 05:19:46,188 WARNING:Tunable parameters ['BLOCK_SIZE', 'threads'] already provided during auto-tuning. Skipping compilation and using direct JIT
  NKI skipped (not available)
Running case: {'n': 11534336}, dtype=fp32
2026-10-01 05:19:46,283 WARNING:Tunable parameters ['BLOCK_SIZE', 'threads'] already provided during auto-tuning. Skipping compilation and using direct JIT
  NKI skipped (not available)
Running case: {'n': 11534336}, dtype=int8
2026-10-01 05:19:46,375 WARNING:Tunable parameters ['BLOCK_SIZE', 'threads'] already provided during auto-tuning. Skipping compilation and using direct JIT
  NKI skipped (not available)
Running case: {'n': 12582912}, dtype=fp16
2026-10-01 05:19:46,478 WARNING:Tunable parameters ['BLOCK_SIZE', 'threads'] already provided during auto-tuning. Skipping compilation and using direct JIT
  NKI skipped (not available)
Running case: {'n': 12582912}, dtype=bf16
2026-10-01 05:19:46,571 WARNING:Tunable parameters ['BLOCK_SIZE', 'threads'] already provided during auto-tuning. Skipping compilation and using direct JIT
  NKI skipped (not available)
Running case: {'n': 12582912}, dtype=fp32
2026-10-01 05:19:46,668 WARNING:Tunable parameters ['BLOCK_SIZE', 'threads'] already provided during auto-tuning. Skipping compilation and using direct JIT
  NKI skipped (not available)
Running case: {'n': 12582912}, dtype=int8
2026-10-01 05:19:46,768 WARNING:Tunable parameters ['BLOCK_SIZE', 'threads'] already provided during auto-tuning. Skipping compilation and using direct JIT
  NKI skipped (not available)
Running case: {'n': 13631488}, dtype=fp16
2026-10-01 05:19:46,863 WARNING:Tunable parameters ['BLOCK_SIZE', 'threads'] already provided during auto-tuning. Skipping compilation and using direct JIT
  NKI skipped (not available)
Running case: {'n': 13631488}, dtype=bf16
2026-10-01 05:19:46,966 WARNING:Tunable parameters ['BLOCK_SIZE', 'threads'] already provided during auto-tuning. Skipping compilation and using direct JIT
  NKI skipped (not available)
Running case: {'n': 13631488}, dtype=fp32
2026-10-01 05:19:47,064 WARNING:Tunable parameters ['BLOCK_SIZE', 'threads'] already provided during auto-tuning. Skipping compilation and using direct JIT
  NKI skipped (not available)
Running case: {'n': 13631488}, dtype=int8
2026-10-01 05:19:47,164 WARNING:Tunable parameters ['BLOCK_SIZE', 'threads'] already provided during auto-tuning. Skipping compilation and using direct JIT
  NKI skipped (not available)
Running case: {'n': 14680064}, dtype=fp16
2026-10-01 05:19:47,260 WARNING:Tunable parameters ['BLOCK_SIZE', 'threads'] already provided during auto-tuning. Skipping compilation and using direct JIT
  NKI skipped (not available)
Running case: {'n': 14680064}, dtype=bf16
2026-10-01 05:19:47,353 WARNING:Tunable parameters ['BLOCK_SIZE', 'threads'] already provided during auto-tuning. Skipping compilation and using direct JIT
  NKI skipped (not available)
Running case: {'n': 14680064}, dtype=fp32
2026-10-01 05:19:47,451 WARNING:Tunable parameters ['BLOCK_SIZE', 'threads'] already provided during auto-tuning. Skipping compilation and using direct JIT
  NKI skipped (not available)
Running case: {'n': 14680064}, dtype=int8
2026-10-01 05:19:47,546 WARNING:Tunable parameters ['BLOCK_SIZE', 'threads'] already provided during auto-tuning. Skipping compilation and using direct JIT
  NKI skipped (not available)
Running case: {'n': 15728640}, dtype=fp16
2026-10-01 05:19:47,645 WARNING:Tunable parameters ['BLOCK_SIZE', 'threads'] already provided during auto-tuning. Skipping compilation and using direct JIT
  NKI skipped (not available)
Running case: {'n': 15728640}, dtype=bf16
2026-10-01 05:19:47,740 WARNING:Tunable parameters ['BLOCK_SIZE', 'threads'] already provided during auto-tuning. Skipping compilation and using direct JIT
  NKI skipped (not available)
Running case: {'n': 15728640}, dtype=fp32
2026-10-01 05:19:47,837 WARNING:Tunable parameters ['BLOCK_SIZE', 'threads'] already provided during auto-tuning. Skipping compilation and using direct JIT
  NKI skipped (not available)
Running case: {'n': 15728640}, dtype=int8
2026-10-01 05:19:47,930 WARNING:Tunable parameters ['BLOCK_SIZE', 'threads'] already provided during auto-tuning. Skipping compilation and using direct JIT
  NKI skipped (not available)
Running case: {'n': 16777216}, dtype=fp16
2026-10-01 05:19:48,032 WARNING:Tunable parameters ['BLOCK_SIZE', 'threads'] already provided during auto-tuning. Skipping compilation and using direct JIT
  NKI skipped (not available)
Running case: {'n': 16777216}, dtype=bf16
2026-10-01 05:19:48,129 WARNING:Tunable parameters ['BLOCK_SIZE', 'threads'] already provided during auto-tuning. Skipping compilation and using direct JIT
  NKI skipped (not available)
Running case: {'n': 16777216}, dtype=fp32
2026-10-01 05:19:48,244 WARNING:Tunable parameters ['BLOCK_SIZE', 'threads'] already provided during auto-tuning. Skipping compilation and using direct JIT
  NKI skipped (not available)
Running case: {'n': 16777216}, dtype=int8
2026-10-01 05:19:48,339 WARNING:Tunable parameters ['BLOCK_SIZE', 'threads'] already provided during auto-tuning. Skipping compilation and using direct JIT
  NKI skipped (not available)
Running case: {'n': 17825792}, dtype=fp16
2026-10-01 05:19:48,432 WARNING:Tunable parameters ['BLOCK_SIZE', 'threads'] already provided during auto-tuning. Skipping compilation and using direct JIT
  NKI skipped (not available)
Running case: {'n': 17825792}, dtype=bf16
2026-10-01 05:19:48,531 WARNING:Tunable parameters ['BLOCK_SIZE', 'threads'] already provided during auto-tuning. Skipping compilation and using direct JIT
  NKI skipped (not available)
Running case: {'n': 17825792}, dtype=fp32
2026-10-01 05:19:48,631 WARNING:Tunable parameters ['BLOCK_SIZE', 'threads'] already provided during auto-tuning. Skipping compilation and using direct JIT
  NKI skipped (not available)
Running case: {'n': 17825792}, dtype=int8
2026-10-01 05:19:48,729 WARNING:Tunable parameters ['BLOCK_SIZE', 'threads'] already provided during auto-tuning. Skipping compilation and using direct JIT
  NKI skipped (not available)
Running case: {'n': 18874368}, dtype=fp16
2026-10-01 05:19:48,830 WARNING:Tunable parameters ['BLOCK_SIZE', 'threads'] already provided during auto-tuning. Skipping compilation and using direct JIT
  NKI skipped (not available)
Running case: {'n': 18874368}, dtype=bf16
2026-10-01 05:19:48,928 WARNING:Tunable parameters ['BLOCK_SIZE', 'threads'] already provided during auto-tuning. Skipping compilation and using direct JIT
  NKI skipped (not available)
Running case: {'n': 18874368}, dtype=fp32
2026-10-01 05:19:49,031 WARNING:Tunable parameters ['BLOCK_SIZE', 'threads'] already provided during auto-tuning. Skipping compilation and using direct JIT
  NKI skipped (not available)
Running case: {'n': 18874368}, dtype=int8
2026-10-01 05:19:49,128 WARNING:Tunable parameters ['BLOCK_SIZE', 'threads'] already provided during auto-tuning. Skipping compilation and using direct JIT
  NKI skipped (not available)
Running case: {'n': 19922944}, dtype=fp16
2026-10-01 05:19:49,233 WARNING:Tunable parameters ['BLOCK_SIZE', 'threads'] already provided during auto-tuning. Skipping compilation and using direct JIT
  NKI skipped (not available)
Running case: {'n': 19922944}, dtype=bf16
2026-10-01 05:19:49,334 WARNING:Tunable parameters ['BLOCK_SIZE', 'threads'] already provided during auto-tuning. Skipping compilation and using direct JIT
  NKI skipped (not available)
Running case: {'n': 19922944}, dtype=fp32
2026-10-01 05:19:49,439 WARNING:Tunable parameters ['BLOCK_SIZE', 'threads'] already provided during auto-tuning. Skipping compilation and using direct JIT
  NKI skipped (not available)
Running case: {'n': 19922944}, dtype=int8
2026-10-01 05:19:49,539 WARNING:Tunable parameters ['BLOCK_SIZE', 'threads'] already provided during auto-tuning. Skipping compilation and using direct JIT
  NKI skipped (not available)
Running case: {'n': 20971520}, dtype=fp16
2026-10-01 05:19:49,636 WARNING:Tunable parameters ['BLOCK_SIZE', 'threads'] already provided during auto-tuning. Skipping compilation and using direct JIT
  NKI skipped (not available)
Running case: {'n': 20971520}, dtype=bf16
2026-10-01 05:19:49,738 WARNING:Tunable parameters ['BLOCK_SIZE', 'threads'] already provided during auto-tuning. Skipping compilation and using direct JIT
  NKI skipped (not available)
Running case: {'n': 20971520}, dtype=fp32
2026-10-01 05:19:49,838 WARNING:Tunable parameters ['BLOCK_SIZE', 'threads'] already provided during auto-tuning. Skipping compilation and using direct JIT
  NKI skipped (not available)
Running case: {'n': 20971520}, dtype=int8
2026-10-01 05:19:49,934 WARNING:Tunable parameters ['BLOCK_SIZE', 'threads'] already provided during auto-tuning. Skipping compilation and using direct JIT
  NKI skipped (not available)
Timing results  → /projects/kzhou6/bcui2/research/tilebench/Tilebench-gh200/results/GH200/logs/time_measurement_logs/vector_add_default_triton-cutile-tilelang.json
Autotune log    → /projects/kzhou6/bcui2/research/tilebench/Tilebench-gh200/results/GH200/logs/autotune_logs/vector_add_default_triton-cutile-tilelang.json
TileLang autotuner log → /projects/kzhou6/bcui2/research/tilebench/Tilebench-gh200/results/GH200/logs/tilelang_autotuner/vector_add_default_triton-cutile-tilelang.log
Provenance      → /projects/kzhou6/bcui2/research/tilebench/Tilebench-gh200/results/GH200/logs/provenance/vector_add_default_triton-cutile-tilelang.json

Summary:
Params       |    Dtype |  Torch(ms) |   Triton(ms) |   cuTile(ms) | TileLang(ms) |  Speedup(T) |  Speedup(C) | Speedup(TL)
---------------------------------------------------------------------------------------------------------------------------
n=1048576    | fp16     |     0.0041 |       0.0039 |       0.0041 |       0.0041 |        1.06 |        1.01 |        1.01
n=1048576    | bf16     |     0.0039 |       0.0041 |       0.0042 |       0.0037 |        0.94 |        0.91 |        1.03
n=1048576    | fp32     |     0.0059 |       0.0063 |       0.0062 |       0.0059 |        0.95 |        0.96 |        1.01
n=1048576    | int8     |     0.0029 |       0.0030 |       0.0030 |       0.0030 |        0.95 |        0.95 |        0.97
n=2097152    | fp16     |     0.0059 |       0.0061 |       0.0061 |       0.0058 |        0.97 |        0.97 |        1.01
n=2097152    | bf16     |     0.0059 |       0.0060 |       0.0060 |       0.0060 |        0.98 |        0.98 |        0.99
n=2097152    | fp32     |     0.0094 |       0.0097 |       0.0101 |       0.0096 |        0.96 |        0.93 |        0.98
n=2097152    | int8     |     0.0041 |       0.0042 |       0.0043 |       0.0042 |        0.97 |        0.94 |        0.96
n=3145728    | fp16     |     0.0081 |       0.0081 |       0.0082 |       0.0078 |        0.99 |        0.99 |        1.03
n=3145728    | bf16     |     0.0078 |       0.0079 |       0.0086 |       0.0077 |        0.99 |        0.91 |        1.02
n=3145728    | fp32     |     0.0138 |       0.0137 |       0.0140 |       0.0140 |        1.01 |        0.98 |        0.99
n=3145728    | int8     |     0.0055 |       0.0056 |       0.0053 |       0.0053 |        0.98 |        1.03 |        1.04
n=4194304    | fp16     |     0.0099 |       0.0098 |       0.0101 |       0.0099 |        1.01 |        0.98 |        1.00
n=4194304    | bf16     |     0.0102 |       0.0098 |       0.0100 |       0.0099 |        1.05 |        1.02 |        1.03
n=4194304    | fp32     |     0.0179 |       0.0173 |       0.0177 |       0.0173 |        1.03 |        1.01 |        1.03
n=4194304    | int8     |     0.0062 |       0.0060 |       0.0063 |       0.0061 |        1.02 |        0.97 |        1.01
n=5242880    | fp16     |     0.0117 |       0.0118 |       0.0119 |       0.0122 |        0.99 |        0.98 |        0.96
n=5242880    | bf16     |     0.0120 |       0.0121 |       0.0120 |       0.0118 |        0.99 |        1.00 |        1.02
n=5242880    | fp32     |     0.0210 |       0.0212 |       0.0214 |       0.0208 |        0.99 |        0.98 |        1.01
n=5242880    | int8     |     0.0072 |       0.0073 |       0.0076 |       0.0073 |        0.98 |        0.95 |        0.99
n=6291456    | fp16     |     0.0139 |       0.0139 |       0.0137 |       0.0140 |        1.00 |        1.01 |        0.99
n=6291456    | bf16     |     0.0138 |       0.0135 |       0.0137 |       0.0137 |        1.02 |        1.01 |        1.01
n=6291456    | fp32     |     0.0243 |       0.0241 |       0.0246 |       0.0242 |        1.00 |        0.99 |        1.00
n=6291456    | int8     |     0.0081 |       0.0080 |       0.0081 |       0.0078 |        1.02 |        0.99 |        1.04
n=7340032    | fp16     |     0.0164 |       0.0156 |       0.0158 |       0.0155 |        1.05 |        1.04 |        1.06
n=7340032    | bf16     |     0.0156 |       0.0152 |       0.0154 |       0.0153 |        1.03 |        1.02 |        1.02
n=7340032    | fp32     |     0.0278 |       0.0278 |       0.0284 |       0.0278 |        1.00 |        0.98 |        1.00
n=7340032    | int8     |     0.0091 |       0.0090 |       0.0095 |       0.0091 |        1.01 |        0.96 |        1.00
n=8388608    | fp16     |     0.0178 |       0.0173 |       0.0178 |       0.0173 |        1.03 |        1.00 |        1.03
n=8388608    | bf16     |     0.0175 |       0.0176 |       0.0174 |       0.0177 |        0.99 |        1.00 |        0.99
n=8388608    | fp32     |     0.0324 |       0.0321 |       0.0322 |       0.0316 |        1.01 |        1.00 |        1.02
n=8388608    | int8     |     0.0099 |       0.0100 |       0.0104 |       0.0100 |        0.99 |        0.95 |        0.99
n=9437184    | fp16     |     0.0197 |       0.0189 |       0.0192 |       0.0190 |        1.04 |        1.02 |        1.04
n=9437184    | bf16     |     0.0190 |       0.0190 |       0.0192 |       0.0191 |        1.00 |        0.99 |        1.00
n=9437184    | fp32     |     0.0348 |       0.0344 |       0.0354 |       0.0354 |        1.01 |        0.98 |        0.98
n=9437184    | int8     |     0.0114 |       0.0111 |       0.0115 |       0.0111 |        1.03 |        0.99 |        1.03
n=10485760   | fp16     |     0.0216 |       0.0218 |       0.0210 |       0.0207 |        0.99 |        1.03 |        1.05
n=10485760   | bf16     |     0.0207 |       0.0207 |       0.0213 |       0.0208 |        1.00 |        0.97 |        1.00
n=10485760   | fp32     |     0.0380 |       0.0383 |       0.0389 |       0.0390 |        0.99 |        0.98 |        0.97
n=10485760   | int8     |     0.0120 |       0.0119 |       0.0124 |       0.0117 |        1.00 |        0.97 |        1.02
n=11534336   | fp16     |     0.0235 |       0.0229 |       0.0236 |       0.0225 |        1.03 |        0.99 |        1.04
n=11534336   | bf16     |     0.0238 |       0.0229 |       0.0232 |       0.0231 |        1.04 |        1.02 |        1.03
n=11534336   | fp32     |     0.0414 |       0.0420 |       0.0427 |       0.0420 |        0.99 |        0.97 |        0.99
n=11534336   | int8     |     0.0135 |       0.0133 |       0.0135 |       0.0130 |        1.01 |        0.99 |        1.03
n=12582912   | fp16     |     0.0245 |       0.0245 |       0.0246 |       0.0244 |        1.00 |        1.00 |        1.01
n=12582912   | bf16     |     0.0246 |       0.0249 |       0.0248 |       0.0249 |        0.99 |        0.99 |        0.99
n=12582912   | fp32     |     0.0452 |       0.0459 |       0.0455 |       0.0450 |        0.98 |        0.99 |        1.00
n=12582912   | int8     |     0.0148 |       0.0141 |       0.0140 |       0.0140 |        1.05 |        1.05 |        1.06
n=13631488   | fp16     |     0.0268 |       0.0257 |       0.0266 |       0.0260 |        1.04 |        1.01 |        1.03
n=13631488   | bf16     |     0.0262 |       0.0258 |       0.0263 |       0.0267 |        1.02 |        1.00 |        0.98
n=13631488   | fp32     |     0.0493 |       0.0482 |       0.0498 |       0.0484 |        1.02 |        0.99 |        1.02
n=13631488   | int8     |     0.0154 |       0.0148 |       0.0153 |       0.0149 |        1.04 |        1.01 |        1.03
n=14680064   | fp16     |     0.0280 |       0.0279 |       0.0279 |       0.0278 |        1.00 |        1.00 |        1.01
n=14680064   | bf16     |     0.0282 |       0.0280 |       0.0284 |       0.0288 |        1.01 |        0.99 |        0.98
n=14680064   | fp32     |     0.0524 |       0.0522 |       0.0527 |       0.0525 |        1.00 |        0.99 |        1.00
n=14680064   | int8     |     0.0170 |       0.0160 |       0.0162 |       0.0158 |        1.06 |        1.05 |        1.07
n=15728640   | fp16     |     0.0299 |       0.0305 |       0.0295 |       0.0298 |        0.98 |        1.01 |        1.00
n=15728640   | bf16     |     0.0310 |       0.0299 |       0.0311 |       0.0308 |        1.04 |        1.00 |        1.01
n=15728640   | fp32     |     0.0549 |       0.0562 |       0.0556 |       0.0548 |        0.98 |        0.99 |        1.00
n=15728640   | int8     |     0.0164 |       0.0166 |       0.0177 |       0.0170 |        0.99 |        0.93 |        0.97
n=16777216   | fp16     |     0.0314 |       0.0313 |       0.0324 |       0.0319 |        1.00 |        0.97 |        0.98
n=16777216   | bf16     |     0.0312 |       0.0319 |       0.0321 |       0.0318 |        0.98 |        0.97 |        0.98
n=16777216   | fp32     |     0.0594 |       0.0595 |       0.0595 |       0.0589 |        1.00 |        1.00 |        1.01
n=16777216   | int8     |     0.0182 |       0.0180 |       0.0182 |       0.0176 |        1.01 |        1.00 |        1.03
n=17825792   | fp16     |     0.0338 |       0.0328 |       0.0334 |       0.0328 |        1.03 |        1.01 |        1.03
n=17825792   | bf16     |     0.0341 |       0.0330 |       0.0341 |       0.0327 |        1.03 |        1.00 |        1.04
n=17825792   | fp32     |     0.0620 |       0.0620 |       0.0622 |       0.0621 |        1.00 |        1.00 |        1.00
n=17825792   | int8     |     0.0184 |       0.0185 |       0.0188 |       0.0184 |        1.00 |        0.98 |        1.00
n=18874368   | fp16     |     0.0347 |       0.0355 |       0.0350 |       0.0347 |        0.98 |        0.99 |        1.00
n=18874368   | bf16     |     0.0361 |       0.0347 |       0.0354 |       0.0347 |        1.04 |        1.02 |        1.04
n=18874368   | fp32     |     0.0654 |       0.0652 |       0.0658 |       0.0653 |        1.00 |        0.99 |        1.00
n=18874368   | int8     |     0.0195 |       0.0195 |       0.0200 |       0.0202 |        1.00 |        0.98 |        0.97
n=19922944   | fp16     |     0.0368 |       0.0365 |       0.0365 |       0.0363 |        1.01 |        1.01 |        1.01
n=19922944   | bf16     |     0.0364 |       0.0372 |       0.0365 |       0.0364 |        0.98 |        1.00 |        1.00
n=19922944   | fp32     |     0.0693 |       0.0691 |       0.0695 |       0.0687 |        1.00 |        1.00 |        1.01
n=19922944   | int8     |     0.0201 |       0.0200 |       0.0213 |       0.0202 |        1.01 |        0.95 |        1.00
n=20971520   | fp16     |     0.0383 |       0.0384 |       0.0390 |       0.0380 |        1.00 |        0.98 |        1.01
n=20971520   | bf16     |     0.0381 |       0.0380 |       0.0391 |       0.0381 |        1.00 |        0.98 |        1.00
n=20971520   | fp32     |     0.0722 |       0.0719 |       0.0728 |       0.0721 |        1.00 |        0.99 |        1.00
n=20971520   | int8     |     0.0214 |       0.0214 |       0.0217 |       0.0210 |        1.00 |        0.98 |        1.02
Summary CSV     → /projects/kzhou6/bcui2/research/tilebench/Tilebench-gh200/results/GH200/csv/vector_add_default.csv
