GPU/result namespace: GH200 (detected device: NVIDIA GH200 480GB, arch: hopper)
Starting benchmark for operator: weight_dequant
Tile-language backends: torch (baseline) + cutile, tilelang, triton
  NKI not selected (--tile-language)
Running case: {'TILE_SIZE': 128, 'M': 512}, dtype=fp16
2026-10-01 05:19:54,035 WARNING:Tunable parameters ['BLOCK_SIZE', 'threads'] already provided during auto-tuning. Skipping compilation and using direct JIT
  NKI skipped (not available)
Running case: {'TILE_SIZE': 128, 'M': 512}, dtype=bf16
2026-10-01 05:19:54,284 WARNING:Tunable parameters ['BLOCK_SIZE', 'threads'] already provided during auto-tuning. Skipping compilation and using direct JIT
  NKI skipped (not available)
Running case: {'TILE_SIZE': 128, 'M': 512}, dtype=fp32
2026-10-01 05:19:54,553 WARNING:Tunable parameters ['BLOCK_SIZE', 'threads'] already provided during auto-tuning. Skipping compilation and using direct JIT
  NKI skipped (not available)
Running case: {'TILE_SIZE': 128, 'M': 1024}, dtype=fp16
2026-10-01 05:19:54,895 WARNING:Tunable parameters ['BLOCK_SIZE', 'threads'] already provided during auto-tuning. Skipping compilation and using direct JIT
  NKI skipped (not available)
Running case: {'TILE_SIZE': 128, 'M': 1024}, dtype=bf16
2026-10-01 05:19:55,154 WARNING:Tunable parameters ['BLOCK_SIZE', 'threads'] already provided during auto-tuning. Skipping compilation and using direct JIT
  NKI skipped (not available)
Running case: {'TILE_SIZE': 128, 'M': 1024}, dtype=fp32
2026-10-01 05:19:55,396 WARNING:Tunable parameters ['BLOCK_SIZE', 'threads'] already provided during auto-tuning. Skipping compilation and using direct JIT
  NKI skipped (not available)
Running case: {'TILE_SIZE': 128, 'M': 1536}, dtype=fp16
2026-10-01 05:19:55,650 WARNING:Tunable parameters ['BLOCK_SIZE', 'threads'] already provided during auto-tuning. Skipping compilation and using direct JIT
  NKI skipped (not available)
Running case: {'TILE_SIZE': 128, 'M': 1536}, dtype=bf16
2026-10-01 05:19:55,929 WARNING:Tunable parameters ['BLOCK_SIZE', 'threads'] already provided during auto-tuning. Skipping compilation and using direct JIT
  NKI skipped (not available)
Running case: {'TILE_SIZE': 128, 'M': 1536}, dtype=fp32
2026-10-01 05:19:56,178 WARNING:Tunable parameters ['BLOCK_SIZE', 'threads'] already provided during auto-tuning. Skipping compilation and using direct JIT
  NKI skipped (not available)
Running case: {'TILE_SIZE': 128, 'M': 2048}, dtype=fp16
2026-10-01 05:19:56,433 WARNING:Tunable parameters ['BLOCK_SIZE', 'threads'] already provided during auto-tuning. Skipping compilation and using direct JIT
  NKI skipped (not available)
Running case: {'TILE_SIZE': 128, 'M': 2048}, dtype=bf16
2026-10-01 05:19:56,684 WARNING:Tunable parameters ['BLOCK_SIZE', 'threads'] already provided during auto-tuning. Skipping compilation and using direct JIT
  NKI skipped (not available)
Running case: {'TILE_SIZE': 128, 'M': 2048}, dtype=fp32
2026-10-01 05:19:56,933 WARNING:Tunable parameters ['BLOCK_SIZE', 'threads'] already provided during auto-tuning. Skipping compilation and using direct JIT
  NKI skipped (not available)
Running case: {'TILE_SIZE': 128, 'M': 2560}, dtype=fp16
2026-10-01 05:19:57,220 WARNING:Tunable parameters ['BLOCK_SIZE', 'threads'] already provided during auto-tuning. Skipping compilation and using direct JIT
  NKI skipped (not available)
Running case: {'TILE_SIZE': 128, 'M': 2560}, dtype=bf16
2026-10-01 05:19:57,450 WARNING:Tunable parameters ['BLOCK_SIZE', 'threads'] already provided during auto-tuning. Skipping compilation and using direct JIT
  NKI skipped (not available)
Running case: {'TILE_SIZE': 128, 'M': 2560}, dtype=fp32
2026-10-01 05:19:57,690 WARNING:Tunable parameters ['BLOCK_SIZE', 'threads'] already provided during auto-tuning. Skipping compilation and using direct JIT
  NKI skipped (not available)
Running case: {'TILE_SIZE': 128, 'M': 3072}, dtype=fp16
2026-10-01 05:19:57,948 WARNING:Tunable parameters ['BLOCK_SIZE', 'threads'] already provided during auto-tuning. Skipping compilation and using direct JIT
  NKI skipped (not available)
Running case: {'TILE_SIZE': 128, 'M': 3072}, dtype=bf16
2026-10-01 05:19:58,206 WARNING:Tunable parameters ['BLOCK_SIZE', 'threads'] already provided during auto-tuning. Skipping compilation and using direct JIT
  NKI skipped (not available)
Running case: {'TILE_SIZE': 128, 'M': 3072}, dtype=fp32
2026-10-01 05:19:58,422 WARNING:Tunable parameters ['BLOCK_SIZE', 'threads'] already provided during auto-tuning. Skipping compilation and using direct JIT
  NKI skipped (not available)
Running case: {'TILE_SIZE': 128, 'M': 3584}, dtype=fp16
2026-10-01 05:19:58,666 WARNING:Tunable parameters ['BLOCK_SIZE', 'threads'] already provided during auto-tuning. Skipping compilation and using direct JIT
  NKI skipped (not available)
Running case: {'TILE_SIZE': 128, 'M': 3584}, dtype=bf16
2026-10-01 05:19:58,899 WARNING:Tunable parameters ['BLOCK_SIZE', 'threads'] already provided during auto-tuning. Skipping compilation and using direct JIT
  NKI skipped (not available)
Running case: {'TILE_SIZE': 128, 'M': 3584}, dtype=fp32
2026-10-01 05:19:59,178 WARNING:Tunable parameters ['BLOCK_SIZE', 'threads'] already provided during auto-tuning. Skipping compilation and using direct JIT
  NKI skipped (not available)
Running case: {'TILE_SIZE': 128, 'M': 4096}, dtype=fp16
2026-10-01 05:19:59,419 WARNING:Tunable parameters ['BLOCK_SIZE', 'threads'] already provided during auto-tuning. Skipping compilation and using direct JIT
  NKI skipped (not available)
Running case: {'TILE_SIZE': 128, 'M': 4096}, dtype=bf16
2026-10-01 05:19:59,676 WARNING:Tunable parameters ['BLOCK_SIZE', 'threads'] already provided during auto-tuning. Skipping compilation and using direct JIT
  NKI skipped (not available)
Running case: {'TILE_SIZE': 128, 'M': 4096}, dtype=fp32
2026-10-01 05:19:59,913 WARNING:Tunable parameters ['BLOCK_SIZE', 'threads'] already provided during auto-tuning. Skipping compilation and using direct JIT
  NKI skipped (not available)
Running case: {'TILE_SIZE': 128, 'M': 4608}, dtype=fp16
2026-10-01 05:20:00,151 WARNING:Tunable parameters ['BLOCK_SIZE', 'threads'] already provided during auto-tuning. Skipping compilation and using direct JIT
  NKI skipped (not available)
Running case: {'TILE_SIZE': 128, 'M': 4608}, dtype=bf16
2026-10-01 05:20:00,405 WARNING:Tunable parameters ['BLOCK_SIZE', 'threads'] already provided during auto-tuning. Skipping compilation and using direct JIT
  NKI skipped (not available)
Running case: {'TILE_SIZE': 128, 'M': 4608}, dtype=fp32
2026-10-01 05:20:00,655 WARNING:Tunable parameters ['BLOCK_SIZE', 'threads'] already provided during auto-tuning. Skipping compilation and using direct JIT
  NKI skipped (not available)
Running case: {'TILE_SIZE': 128, 'M': 5120}, dtype=fp16
2026-10-01 05:20:00,907 WARNING:Tunable parameters ['BLOCK_SIZE', 'threads'] already provided during auto-tuning. Skipping compilation and using direct JIT
  NKI skipped (not available)
Running case: {'TILE_SIZE': 128, 'M': 5120}, dtype=bf16
2026-10-01 05:20:01,178 WARNING:Tunable parameters ['BLOCK_SIZE', 'threads'] already provided during auto-tuning. Skipping compilation and using direct JIT
  NKI skipped (not available)
Running case: {'TILE_SIZE': 128, 'M': 5120}, dtype=fp32
2026-10-01 05:20:01,446 WARNING:Tunable parameters ['BLOCK_SIZE', 'threads'] already provided during auto-tuning. Skipping compilation and using direct JIT
  NKI skipped (not available)
Running case: {'TILE_SIZE': 128, 'M': 5632}, dtype=fp16
2026-10-01 05:20:01,688 WARNING:Tunable parameters ['BLOCK_SIZE', 'threads'] already provided during auto-tuning. Skipping compilation and using direct JIT
  NKI skipped (not available)
Running case: {'TILE_SIZE': 128, 'M': 5632}, dtype=bf16
2026-10-01 05:20:01,938 WARNING:Tunable parameters ['BLOCK_SIZE', 'threads'] already provided during auto-tuning. Skipping compilation and using direct JIT
  NKI skipped (not available)
Running case: {'TILE_SIZE': 128, 'M': 5632}, dtype=fp32
2026-10-01 05:20:02,203 WARNING:Tunable parameters ['BLOCK_SIZE', 'threads'] already provided during auto-tuning. Skipping compilation and using direct JIT
  NKI skipped (not available)
Running case: {'TILE_SIZE': 128, 'M': 6144}, dtype=fp16
2026-10-01 05:20:02,518 WARNING:Tunable parameters ['BLOCK_SIZE', 'threads'] already provided during auto-tuning. Skipping compilation and using direct JIT
  NKI skipped (not available)
Running case: {'TILE_SIZE': 128, 'M': 6144}, dtype=bf16
2026-10-01 05:20:02,761 WARNING:Tunable parameters ['BLOCK_SIZE', 'threads'] already provided during auto-tuning. Skipping compilation and using direct JIT
  NKI skipped (not available)
Running case: {'TILE_SIZE': 128, 'M': 6144}, dtype=fp32
2026-10-01 05:20:03,013 WARNING:Tunable parameters ['BLOCK_SIZE', 'threads'] already provided during auto-tuning. Skipping compilation and using direct JIT
  NKI skipped (not available)
Running case: {'TILE_SIZE': 128, 'M': 6656}, dtype=fp16
2026-10-01 05:20:03,294 WARNING:Tunable parameters ['BLOCK_SIZE', 'threads'] already provided during auto-tuning. Skipping compilation and using direct JIT
  NKI skipped (not available)
Running case: {'TILE_SIZE': 128, 'M': 6656}, dtype=bf16
2026-10-01 05:20:03,547 WARNING:Tunable parameters ['BLOCK_SIZE', 'threads'] already provided during auto-tuning. Skipping compilation and using direct JIT
  NKI skipped (not available)
Running case: {'TILE_SIZE': 128, 'M': 6656}, dtype=fp32
2026-10-01 05:20:03,815 WARNING:Tunable parameters ['BLOCK_SIZE', 'threads'] already provided during auto-tuning. Skipping compilation and using direct JIT
  NKI skipped (not available)
Running case: {'TILE_SIZE': 128, 'M': 7168}, dtype=fp16
2026-10-01 05:20:04,071 WARNING:Tunable parameters ['BLOCK_SIZE', 'threads'] already provided during auto-tuning. Skipping compilation and using direct JIT
  NKI skipped (not available)
Running case: {'TILE_SIZE': 128, 'M': 7168}, dtype=bf16
2026-10-01 05:20:04,319 WARNING:Tunable parameters ['BLOCK_SIZE', 'threads'] already provided during auto-tuning. Skipping compilation and using direct JIT
  NKI skipped (not available)
Running case: {'TILE_SIZE': 128, 'M': 7168}, dtype=fp32
2026-10-01 05:20:04,589 WARNING:Tunable parameters ['BLOCK_SIZE', 'threads'] already provided during auto-tuning. Skipping compilation and using direct JIT
  NKI skipped (not available)
Running case: {'TILE_SIZE': 128, 'M': 7680}, dtype=fp16
2026-10-01 05:20:04,888 WARNING:Tunable parameters ['BLOCK_SIZE', 'threads'] already provided during auto-tuning. Skipping compilation and using direct JIT
  NKI skipped (not available)
Running case: {'TILE_SIZE': 128, 'M': 7680}, dtype=bf16
2026-10-01 05:20:05,121 WARNING:Tunable parameters ['BLOCK_SIZE', 'threads'] already provided during auto-tuning. Skipping compilation and using direct JIT
  NKI skipped (not available)
Running case: {'TILE_SIZE': 128, 'M': 7680}, dtype=fp32
2026-10-01 05:20:05,360 WARNING:Tunable parameters ['BLOCK_SIZE', 'threads'] already provided during auto-tuning. Skipping compilation and using direct JIT
  NKI skipped (not available)
Running case: {'TILE_SIZE': 128, 'M': 8192}, dtype=fp16
2026-10-01 05:20:05,618 WARNING:Tunable parameters ['BLOCK_SIZE', 'threads'] already provided during auto-tuning. Skipping compilation and using direct JIT
  NKI skipped (not available)
Running case: {'TILE_SIZE': 128, 'M': 8192}, dtype=bf16
2026-10-01 05:20:05,888 WARNING:Tunable parameters ['BLOCK_SIZE', 'threads'] already provided during auto-tuning. Skipping compilation and using direct JIT
  NKI skipped (not available)
Running case: {'TILE_SIZE': 128, 'M': 8192}, dtype=fp32
2026-10-01 05:20:06,120 WARNING:Tunable parameters ['BLOCK_SIZE', 'threads'] already provided during auto-tuning. Skipping compilation and using direct JIT
  NKI skipped (not available)
Running case: {'TILE_SIZE': 128, 'M': 8704}, dtype=fp16
2026-10-01 05:20:06,380 WARNING:Tunable parameters ['BLOCK_SIZE', 'threads'] already provided during auto-tuning. Skipping compilation and using direct JIT
  NKI skipped (not available)
Running case: {'TILE_SIZE': 128, 'M': 8704}, dtype=bf16
2026-10-01 05:20:06,626 WARNING:Tunable parameters ['BLOCK_SIZE', 'threads'] already provided during auto-tuning. Skipping compilation and using direct JIT
  NKI skipped (not available)
Running case: {'TILE_SIZE': 128, 'M': 8704}, dtype=fp32
2026-10-01 05:20:06,897 WARNING:Tunable parameters ['BLOCK_SIZE', 'threads'] already provided during auto-tuning. Skipping compilation and using direct JIT
  NKI skipped (not available)
Running case: {'TILE_SIZE': 128, 'M': 9216}, dtype=fp16
2026-10-01 05:20:07,218 WARNING:Tunable parameters ['BLOCK_SIZE', 'threads'] already provided during auto-tuning. Skipping compilation and using direct JIT
  NKI skipped (not available)
Running case: {'TILE_SIZE': 128, 'M': 9216}, dtype=bf16
2026-10-01 05:20:07,571 WARNING:Tunable parameters ['BLOCK_SIZE', 'threads'] already provided during auto-tuning. Skipping compilation and using direct JIT
  NKI skipped (not available)
Running case: {'TILE_SIZE': 128, 'M': 9216}, dtype=fp32
2026-10-01 05:20:07,864 WARNING:Tunable parameters ['BLOCK_SIZE', 'threads'] already provided during auto-tuning. Skipping compilation and using direct JIT
  NKI skipped (not available)
Running case: {'TILE_SIZE': 128, 'M': 9728}, dtype=fp16
2026-10-01 05:20:08,145 WARNING:Tunable parameters ['BLOCK_SIZE', 'threads'] already provided during auto-tuning. Skipping compilation and using direct JIT
  NKI skipped (not available)
Running case: {'TILE_SIZE': 128, 'M': 9728}, dtype=bf16
2026-10-01 05:20:08,411 WARNING:Tunable parameters ['BLOCK_SIZE', 'threads'] already provided during auto-tuning. Skipping compilation and using direct JIT
  NKI skipped (not available)
Running case: {'TILE_SIZE': 128, 'M': 9728}, dtype=fp32
2026-10-01 05:20:08,704 WARNING:Tunable parameters ['BLOCK_SIZE', 'threads'] already provided during auto-tuning. Skipping compilation and using direct JIT
  NKI skipped (not available)
Running case: {'TILE_SIZE': 128, 'M': 10240}, dtype=fp16
2026-10-01 05:20:08,980 WARNING:Tunable parameters ['BLOCK_SIZE', 'threads'] already provided during auto-tuning. Skipping compilation and using direct JIT
  NKI skipped (not available)
Running case: {'TILE_SIZE': 128, 'M': 10240}, dtype=bf16
2026-10-01 05:20:09,263 WARNING:Tunable parameters ['BLOCK_SIZE', 'threads'] already provided during auto-tuning. Skipping compilation and using direct JIT
  NKI skipped (not available)
Running case: {'TILE_SIZE': 128, 'M': 10240}, dtype=fp32
2026-10-01 05:20:09,561 WARNING:Tunable parameters ['BLOCK_SIZE', 'threads'] already provided during auto-tuning. Skipping compilation and using direct JIT
  NKI skipped (not available)
Timing results  → /projects/kzhou6/bcui2/research/tilebench/Tilebench-gh200/results/GH200/logs/time_measurement_logs/weight_dequant_default_triton-cutile-tilelang.json
Autotune log    → /projects/kzhou6/bcui2/research/tilebench/Tilebench-gh200/results/GH200/logs/autotune_logs/weight_dequant_default_triton-cutile-tilelang.json
TileLang autotuner log → /projects/kzhou6/bcui2/research/tilebench/Tilebench-gh200/results/GH200/logs/tilelang_autotuner/weight_dequant_default_triton-cutile-tilelang.log
Provenance      → /projects/kzhou6/bcui2/research/tilebench/Tilebench-gh200/results/GH200/logs/provenance/weight_dequant_default_triton-cutile-tilelang.json

Summary:
Params    |    Dtype |  Torch(ms) |   Triton(ms) |   cuTile(ms) | TileLang(ms) |  Speedup(T) |  Speedup(C) | Speedup(TL)
------------------------------------------------------------------------------------------------------------------------
M=512     | fp16     |     0.0166 |       0.0022 |       0.0025 |       0.0022 |        7.68 |        6.75 |        7.53
M=512     | bf16     |     0.0163 |       0.0022 |       0.0026 |       0.0021 |        7.37 |        6.25 |        7.67
M=512     | fp32     |     0.0168 |       0.0025 |       0.0031 |       0.0025 |        6.80 |        5.39 |        6.66
M=1024    | fp16     |     0.0245 |       0.0035 |       0.0040 |       0.0033 |        7.01 |        6.10 |        7.49
M=1024    | bf16     |     0.0245 |       0.0036 |       0.0040 |       0.0032 |        6.86 |        6.08 |        7.58
M=1024    | fp32     |     0.0255 |       0.0046 |       0.0054 |       0.0045 |        5.58 |        4.73 |        5.65
M=1536    | fp16     |     0.0418 |       0.0055 |       0.0063 |       0.0048 |        7.64 |        6.69 |        8.65
M=1536    | bf16     |     0.0415 |       0.0055 |       0.0062 |       0.0054 |        7.49 |        6.73 |        7.68
M=1536    | fp32     |     0.0453 |       0.0079 |       0.0090 |       0.0080 |        5.70 |        5.05 |        5.64
M=2048    | fp16     |     0.0730 |       0.0080 |       0.0085 |       0.0073 |        9.11 |        8.58 |        9.93
M=2048    | bf16     |     0.0722 |       0.0076 |       0.0086 |       0.0072 |        9.49 |        8.38 |       10.02
M=2048    | fp32     |     0.0798 |       0.0127 |       0.0129 |       0.0119 |        6.31 |        6.21 |        6.72
M=2560    | fp16     |     0.1081 |       0.0107 |       0.0130 |       0.0113 |       10.07 |        8.29 |        9.52
M=2560    | bf16     |     0.1084 |       0.0105 |       0.0130 |       0.0110 |       10.35 |        8.31 |        9.90
M=2560    | fp32     |     0.1196 |       0.0181 |       0.0186 |       0.0174 |        6.59 |        6.44 |        6.87
M=3072    | fp16     |     0.1467 |       0.0138 |       0.0175 |       0.0134 |       10.59 |        8.37 |       10.97
M=3072    | bf16     |     0.1465 |       0.0138 |       0.0173 |       0.0137 |       10.59 |        8.47 |       10.70
M=3072    | fp32     |     0.1646 |       0.0243 |       0.0262 |       0.0235 |        6.78 |        6.27 |        6.99
M=3584    | fp16     |     0.1940 |       0.0188 |       0.0233 |       0.0198 |       10.35 |        8.33 |        9.78
M=3584    | bf16     |     0.1937 |       0.0181 |       0.0235 |       0.0194 |       10.70 |        8.23 |       10.01
M=3584    | fp32     |     0.2176 |       0.0329 |       0.0336 |       0.0328 |        6.61 |        6.48 |        6.64
M=4096    | fp16     |     0.2467 |       0.0231 |       0.0274 |       0.0222 |       10.70 |        8.99 |       11.11
M=4096    | bf16     |     0.2480 |       0.0226 |       0.0276 |       0.0223 |       10.97 |        8.98 |       11.11
M=4096    | fp32     |     0.2791 |       0.0411 |       0.0412 |       0.0403 |        6.79 |        6.78 |        6.93
M=4608    | fp16     |     0.3074 |       0.0286 |       0.0367 |       0.0272 |       10.75 |        8.39 |       11.29
M=4608    | bf16     |     0.3074 |       0.0281 |       0.0367 |       0.0270 |       10.96 |        8.39 |       11.40
M=4608    | fp32     |     0.3493 |       0.0509 |       0.0505 |       0.0501 |        6.87 |        6.91 |        6.97
M=5120    | fp16     |     0.3758 |       0.0333 |       0.0440 |       0.0326 |       11.30 |        8.53 |       11.53
M=5120    | bf16     |     0.3758 |       0.0339 |       0.0440 |       0.0332 |       11.08 |        8.55 |       11.33
M=5120    | fp32     |     0.4275 |       0.0611 |       0.0627 |       0.0608 |        7.00 |        6.81 |        7.03
M=5632    | fp16     |     0.4512 |       0.0408 |       0.0534 |       0.0443 |       11.06 |        8.45 |       10.19
M=5632    | bf16     |     0.4519 |       0.0406 |       0.0532 |       0.0439 |       11.13 |        8.49 |       10.29
M=5632    | fp32     |     0.5129 |       0.0735 |       0.0736 |       0.0746 |        6.98 |        6.97 |        6.88
M=6144    | fp16     |     0.5350 |       0.0460 |       0.0620 |       0.0461 |       11.62 |        8.63 |       11.60
M=6144    | bf16     |     0.5346 |       0.0466 |       0.0621 |       0.0459 |       11.47 |        8.61 |       11.64
M=6144    | fp32     |     0.6080 |       0.0874 |       0.0881 |       0.0866 |        6.96 |        6.90 |        7.02
M=6656    | fp16     |     0.6254 |       0.0546 |       0.0735 |       0.0590 |       11.46 |        8.51 |       10.60
M=6656    | bf16     |     0.6253 |       0.0543 |       0.0741 |       0.0596 |       11.53 |        8.44 |       10.49
M=6656    | fp32     |     0.7097 |       0.1010 |       0.1020 |       0.1027 |        7.03 |        6.96 |        6.91
M=7168    | fp16     |     0.7225 |       0.0616 |       0.0870 |       0.0604 |       11.72 |        8.30 |       11.97
M=7168    | bf16     |     0.7237 |       0.0617 |       0.0870 |       0.0602 |       11.72 |        8.32 |       12.02
M=7168    | fp32     |     0.8211 |       0.1165 |       0.1217 |       0.1158 |        7.05 |        6.75 |        7.09
M=7680    | fp16     |     0.8257 |       0.0709 |       0.0996 |       0.0690 |       11.64 |        8.29 |       11.96
M=7680    | bf16     |     0.8283 |       0.0715 |       0.0997 |       0.0686 |       11.58 |        8.31 |       12.08
M=7680    | fp32     |     0.9394 |       0.1339 |       0.1333 |       0.1359 |        7.02 |        7.05 |        6.91
M=8192    | fp16     |     0.9380 |       0.0793 |       0.1015 |       0.0773 |       11.83 |        9.25 |       12.13
M=8192    | bf16     |     0.9381 |       0.0803 |       0.1016 |       0.0781 |       11.68 |        9.23 |       12.00
M=8192    | fp32     |     1.0676 |       0.1509 |       0.1508 |       0.1521 |        7.08 |        7.08 |        7.02
M=8704    | fp16     |     1.0562 |       0.0901 |       0.1267 |       0.0876 |       11.72 |        8.34 |       12.06
M=8704    | bf16     |     1.0563 |       0.0899 |       0.1261 |       0.0979 |       11.75 |        8.38 |       10.79
M=8704    | fp32     |     1.2030 |       0.1706 |       0.1710 |       0.1739 |        7.05 |        7.03 |        6.92
M=9216    | fp16     |     1.1802 |       0.0991 |       0.1392 |       0.0976 |       11.90 |        8.48 |       12.09
M=9216    | bf16     |     1.1834 |       0.0996 |       0.1397 |       0.0979 |       11.88 |        8.47 |       12.08
M=9216    | fp32     |     1.3437 |       0.1909 |       0.1928 |       0.1909 |        7.04 |        6.97 |        7.04
M=9728    | fp16     |     1.3159 |       0.1120 |       0.1586 |       0.1082 |       11.75 |        8.30 |       12.16
M=9728    | bf16     |     1.3164 |       0.1119 |       0.1569 |       0.1084 |       11.76 |        8.39 |       12.14
M=9728    | fp32     |     1.4976 |       0.2120 |       0.2128 |       0.2115 |        7.06 |        7.04 |        7.08
M=10240   | fp16     |     1.4523 |       0.1218 |       0.1718 |       0.1195 |       11.92 |        8.45 |       12.15
M=10240   | bf16     |     1.4556 |       0.1225 |       0.1719 |       0.1196 |       11.88 |        8.47 |       12.17
M=10240   | fp32     |     1.6564 |       0.2350 |       0.2379 |       0.2341 |        7.05 |        6.96 |        7.08
Summary CSV     → /projects/kzhou6/bcui2/research/tilebench/Tilebench-gh200/results/GH200/csv/weight_dequant_default.csv
