GPU/result namespace: GH200 (detected device: NVIDIA GH200 480GB, arch: hopper)
Starting benchmark for operator: top_k_selection
Tile-language backends: torch (baseline) + cutile, tilelang, triton
  NKI not selected (--tile-language)
Running case: {'N': 4096, 'k': 16}, dtype=fp32
  Triton autotune → {'BLOCK_SIZE': 4096, 'num_warps': 8}
3 succeeded, 0 failed
* namespace(occupancy=4) : 8.1±0.0 us (5 samples)
  namespace(occupancy=16): 8.2±0.1 us (5 samples)
  namespace(occupancy=8) : 8.2±0.2 us (5 samples)
3 succeeded, 0 failed
* namespace(occupancy=4) : 11.4±0.1 us (5 samples)
  namespace(occupancy=8) : 11.6±0.2 us (5 samples)
  namespace(occupancy=16): 11.6±0.1 us (5 samples)
3 succeeded, 0 failed
* namespace(occupancy=4) : 17.1±0.1 us (5 samples)
  namespace(occupancy=8) : 17.9±0.2 us (5 samples)
  namespace(occupancy=16): 18.0±0.1 us (5 samples)
  cuTile  autotune → {'block': 1024, 'occupancy': 4, 'K2': 16}
2026-10-02 05:17:48  [TileLang:tilelang.jit.kernel:INFO] (kernel.py:130): TileLang begins to compile kernel `main` with `out_idx=None`
2026-10-02 05:18:07  [TileLang:tilelang.jit.kernel:INFO] (kernel.py:138): TileLang completes to compile kernel `main`
2026-10-02 05:18:08  [TileLang:tilelang.jit.kernel:INFO] (kernel.py:130): TileLang begins to compile kernel `main` with `out_idx=None`
2026-10-02 05:18:27  [TileLang:tilelang.jit.kernel:INFO] (kernel.py:138): TileLang completes to compile kernel `main`
2026-10-02 05:18:28  [TileLang:tilelang.jit.kernel:INFO] (kernel.py:130): TileLang begins to compile kernel `main` with `out_idx=None`
2026-10-02 05:18:50  [TileLang:tilelang.jit.kernel:INFO] (kernel.py:138): TileLang completes to compile kernel `main`
2026-10-02 05:18:51  [TileLang:tilelang.jit.kernel:INFO] (kernel.py:130): TileLang begins to compile kernel `main` with `out_idx=None`
2026-10-02 05:19:14  [TileLang:tilelang.jit.kernel:INFO] (kernel.py:138): TileLang completes to compile kernel `main`
2026-10-02 05:19:14  [TileLang:tilelang.jit.kernel:INFO] (kernel.py:130): TileLang begins to compile kernel `main` with `out_idx=None`
2026-10-02 05:19:36  [TileLang:tilelang.jit.kernel:INFO] (kernel.py:138): TileLang completes to compile kernel `main`
2026-10-02 05:19:37  [TileLang:tilelang.jit.kernel:INFO] (kernel.py:130): TileLang begins to compile kernel `main` with `out_idx=None`
2026-10-02 05:19:59  [TileLang:tilelang.jit.kernel:INFO] (kernel.py:138): TileLang completes to compile kernel `main`
2026-10-02 05:20:00  [TileLang:tilelang.jit.kernel:INFO] (kernel.py:130): TileLang begins to compile kernel `main` with `out_idx=None`
2026-10-02 05:20:27  [TileLang:tilelang.jit.kernel:INFO] (kernel.py:138): TileLang completes to compile kernel `main`
2026-10-02 05:20:28  [TileLang:tilelang.jit.kernel:INFO] (kernel.py:130): TileLang begins to compile kernel `main` with `out_idx=None`
2026-10-02 05:20:54  [TileLang:tilelang.jit.kernel:INFO] (kernel.py:138): TileLang completes to compile kernel `main`
  TileLang autotune → {'BLOCK_SIZE': 1024, 'threads': 256}
  NKI skipped (not available)
Running case: {'N': 4096, 'k': 64}, dtype=fp32
  Triton autotune → {'BLOCK_SIZE': 4096, 'num_warps': 4}
3 succeeded, 0 failed
* namespace(occupancy=4) : 8.1±0.1 us (5 samples)
  namespace(occupancy=8) : 8.4±0.1 us (5 samples)
  namespace(occupancy=16): 8.4±0.1 us (5 samples)
3 succeeded, 0 failed
* namespace(occupancy=4) : 11.5±0.1 us (5 samples)
  namespace(occupancy=16): 11.5±0.1 us (5 samples)
  namespace(occupancy=8) : 11.7±0.1 us (5 samples)
3 succeeded, 0 failed
* namespace(occupancy=4) : 17.1±0.1 us (5 samples)
  namespace(occupancy=8) : 18.1±0.1 us (5 samples)
  namespace(occupancy=16): 18.1±0.1 us (5 samples)
  cuTile  autotune → {'block': 1024, 'occupancy': 4, 'K2': 64}
2026-10-02 05:21:29  [TileLang:tilelang.jit.kernel:INFO] (kernel.py:130): TileLang begins to compile kernel `main` with `out_idx=None`
2026-10-02 05:21:48  [TileLang:tilelang.jit.kernel:INFO] (kernel.py:138): TileLang completes to compile kernel `main`
2026-10-02 05:21:49  [TileLang:tilelang.jit.kernel:INFO] (kernel.py:130): TileLang begins to compile kernel `main` with `out_idx=None`
2026-10-02 05:22:09  [TileLang:tilelang.jit.kernel:INFO] (kernel.py:138): TileLang completes to compile kernel `main`
2026-10-02 05:22:09  [TileLang:tilelang.jit.kernel:INFO] (kernel.py:130): TileLang begins to compile kernel `main` with `out_idx=None`
2026-10-02 05:22:32  [TileLang:tilelang.jit.kernel:INFO] (kernel.py:138): TileLang completes to compile kernel `main`
2026-10-02 05:22:33  [TileLang:tilelang.jit.kernel:INFO] (kernel.py:130): TileLang begins to compile kernel `main` with `out_idx=None`
2026-10-02 05:22:56  [TileLang:tilelang.jit.kernel:INFO] (kernel.py:138): TileLang completes to compile kernel `main`
2026-10-02 05:22:57  [TileLang:tilelang.jit.kernel:INFO] (kernel.py:130): TileLang begins to compile kernel `main` with `out_idx=None`
2026-10-02 05:23:19  [TileLang:tilelang.jit.kernel:INFO] (kernel.py:138): TileLang completes to compile kernel `main`
2026-10-02 05:23:19  [TileLang:tilelang.jit.kernel:INFO] (kernel.py:130): TileLang begins to compile kernel `main` with `out_idx=None`
2026-10-02 05:23:42  [TileLang:tilelang.jit.kernel:INFO] (kernel.py:138): TileLang completes to compile kernel `main`
2026-10-02 05:23:42  [TileLang:tilelang.jit.kernel:INFO] (kernel.py:130): TileLang begins to compile kernel `main` with `out_idx=None`
2026-10-02 05:24:09  [TileLang:tilelang.jit.kernel:INFO] (kernel.py:138): TileLang completes to compile kernel `main`
2026-10-02 05:24:11  [TileLang:tilelang.jit.kernel:INFO] (kernel.py:130): TileLang begins to compile kernel `main` with `out_idx=None`
2026-10-02 05:24:37  [TileLang:tilelang.jit.kernel:INFO] (kernel.py:138): TileLang completes to compile kernel `main`
  TileLang autotune → {'BLOCK_SIZE': 1024, 'threads': 256}
  NKI skipped (not available)
Running case: {'N': 4096, 'k': 256}, dtype=fp32
  Triton autotune → {'BLOCK_SIZE': 1024, 'num_warps': 8}
3 succeeded, 0 failed
* namespace(occupancy=16): 8.3±0.1 us (5 samples)
  namespace(occupancy=4) : 8.4±0.1 us (5 samples)
  namespace(occupancy=8) : 8.6±0.1 us (5 samples)
3 succeeded, 0 failed
* namespace(occupancy=16): 11.7±0.1 us (5 samples)
  namespace(occupancy=4) : 11.7±0.1 us (5 samples)
  namespace(occupancy=8) : 11.8±0.1 us (5 samples)
3 succeeded, 0 failed
* namespace(occupancy=4) : 17.1±0.1 us (5 samples)
  namespace(occupancy=8) : 18.2±0.1 us (5 samples)
  namespace(occupancy=16): 18.4±0.2 us (5 samples)
  cuTile  autotune → {'block': 1024, 'occupancy': 16, 'K2': 256}
2026-10-02 05:25:12  [TileLang:tilelang.jit.kernel:INFO] (kernel.py:130): TileLang begins to compile kernel `main` with `out_idx=None`
2026-10-02 05:25:32  [TileLang:tilelang.jit.kernel:INFO] (kernel.py:138): TileLang completes to compile kernel `main`
2026-10-02 05:25:32  [TileLang:tilelang.jit.kernel:INFO] (kernel.py:130): TileLang begins to compile kernel `main` with `out_idx=None`
2026-10-02 05:25:52  [TileLang:tilelang.jit.kernel:INFO] (kernel.py:138): TileLang completes to compile kernel `main`
2026-10-02 05:25:53  [TileLang:tilelang.jit.kernel:INFO] (kernel.py:130): TileLang begins to compile kernel `main` with `out_idx=None`
2026-10-02 05:26:16  [TileLang:tilelang.jit.kernel:INFO] (kernel.py:138): TileLang completes to compile kernel `main`
2026-10-02 05:26:17  [TileLang:tilelang.jit.kernel:INFO] (kernel.py:130): TileLang begins to compile kernel `main` with `out_idx=None`
2026-10-02 05:26:40  [TileLang:tilelang.jit.kernel:INFO] (kernel.py:138): TileLang completes to compile kernel `main`
2026-10-02 05:26:40  [TileLang:tilelang.jit.kernel:INFO] (kernel.py:130): TileLang begins to compile kernel `main` with `out_idx=None`
2026-10-02 05:27:03  [TileLang:tilelang.jit.kernel:INFO] (kernel.py:138): TileLang completes to compile kernel `main`
2026-10-02 05:27:04  [TileLang:tilelang.jit.kernel:INFO] (kernel.py:130): TileLang begins to compile kernel `main` with `out_idx=None`
2026-10-02 05:27:26  [TileLang:tilelang.jit.kernel:INFO] (kernel.py:138): TileLang completes to compile kernel `main`
2026-10-02 05:27:27  [TileLang:tilelang.jit.kernel:INFO] (kernel.py:130): TileLang begins to compile kernel `main` with `out_idx=None`
2026-10-02 05:27:54  [TileLang:tilelang.jit.kernel:INFO] (kernel.py:138): TileLang completes to compile kernel `main`
2026-10-02 05:27:55  [TileLang:tilelang.jit.kernel:INFO] (kernel.py:130): TileLang begins to compile kernel `main` with `out_idx=None`
2026-10-02 05:28:21  [TileLang:tilelang.jit.kernel:INFO] (kernel.py:138): TileLang completes to compile kernel `main`
  TileLang autotune → {'BLOCK_SIZE': 4096, 'threads': 256}
  NKI skipped (not available)
Running case: {'N': 4096, 'k': 1024}, dtype=fp32
  Triton autotune → {'BLOCK_SIZE': 2048, 'num_warps': 8}
3 succeeded, 0 failed
* namespace(occupancy=4) : 11.7±0.1 us (5 samples)
  namespace(occupancy=16): 11.7±0.1 us (5 samples)
  namespace(occupancy=8) : 11.8±0.1 us (5 samples)
3 succeeded, 0 failed
* namespace(occupancy=4) : 17.0±0.0 us (5 samples)
  namespace(occupancy=8) : 17.9±0.1 us (5 samples)
  namespace(occupancy=16): 17.9±0.2 us (5 samples)
  cuTile  autotune → {'block': 2048, 'occupancy': 4, 'K2': 1024}
2026-10-02 05:28:49  [TileLang:tilelang.jit.kernel:INFO] (kernel.py:130): TileLang begins to compile kernel `main` with `out_idx=None`
2026-10-02 05:29:12  [TileLang:tilelang.jit.kernel:INFO] (kernel.py:138): TileLang completes to compile kernel `main`
2026-10-02 05:29:13  [TileLang:tilelang.jit.kernel:INFO] (kernel.py:130): TileLang begins to compile kernel `main` with `out_idx=None`
2026-10-02 05:29:37  [TileLang:tilelang.jit.kernel:INFO] (kernel.py:138): TileLang completes to compile kernel `main`
2026-10-02 05:29:38  [TileLang:tilelang.jit.kernel:INFO] (kernel.py:130): TileLang begins to compile kernel `main` with `out_idx=None`
2026-10-02 05:30:05  [TileLang:tilelang.jit.kernel:INFO] (kernel.py:138): TileLang completes to compile kernel `main`
2026-10-02 05:30:07  [TileLang:tilelang.jit.kernel:INFO] (kernel.py:130): TileLang begins to compile kernel `main` with `out_idx=None`
2026-10-02 05:30:33  [TileLang:tilelang.jit.kernel:INFO] (kernel.py:138): TileLang completes to compile kernel `main`
  TileLang autotune → {'BLOCK_SIZE': 4096, 'threads': 256}
  NKI skipped (not available)
Running case: {'N': 16384, 'k': 16}, dtype=fp32
  Triton autotune → {'BLOCK_SIZE': 4096, 'num_warps': 8}
3 succeeded, 0 failed
* namespace(occupancy=4) : 8.2±0.1 us (5 samples)
  namespace(occupancy=8) : 8.2±0.1 us (5 samples)
  namespace(occupancy=16): 8.3±0.1 us (5 samples)
3 succeeded, 0 failed
* namespace(occupancy=4) : 11.5±0.1 us (5 samples)
  namespace(occupancy=8) : 11.7±0.1 us (5 samples)
  namespace(occupancy=16): 11.7±0.1 us (5 samples)
3 succeeded, 0 failed
* namespace(occupancy=4) : 17.1±0.1 us (5 samples)
  namespace(occupancy=16): 18.0±0.1 us (5 samples)
  namespace(occupancy=8) : 18.0±0.1 us (5 samples)
  cuTile  autotune → {'block': 1024, 'occupancy': 4, 'K2': 16}
2026-10-02 05:30:46  [TileLang:tilelang.jit.kernel:INFO] (kernel.py:130): TileLang begins to compile kernel `main` with `out_idx=None`
2026-10-02 05:31:05  [TileLang:tilelang.jit.kernel:INFO] (kernel.py:138): TileLang completes to compile kernel `main`
2026-10-02 05:31:05  [TileLang:tilelang.jit.kernel:INFO] (kernel.py:130): TileLang begins to compile kernel `main` with `out_idx=None`
2026-10-02 05:31:25  [TileLang:tilelang.jit.kernel:INFO] (kernel.py:138): TileLang completes to compile kernel `main`
2026-10-02 05:31:25  [TileLang:tilelang.jit.kernel:INFO] (kernel.py:130): TileLang begins to compile kernel `main` with `out_idx=None`
2026-10-02 05:31:48  [TileLang:tilelang.jit.kernel:INFO] (kernel.py:138): TileLang completes to compile kernel `main`
2026-10-02 05:31:49  [TileLang:tilelang.jit.kernel:INFO] (kernel.py:130): TileLang begins to compile kernel `main` with `out_idx=None`
2026-10-02 05:32:13  [TileLang:tilelang.jit.kernel:INFO] (kernel.py:138): TileLang completes to compile kernel `main`
2026-10-02 05:32:13  [TileLang:tilelang.jit.kernel:INFO] (kernel.py:130): TileLang begins to compile kernel `main` with `out_idx=None`
2026-10-02 05:32:36  [TileLang:tilelang.jit.kernel:INFO] (kernel.py:138): TileLang completes to compile kernel `main`
2026-10-02 05:32:37  [TileLang:tilelang.jit.kernel:INFO] (kernel.py:130): TileLang begins to compile kernel `main` with `out_idx=None`
2026-10-02 05:32:59  [TileLang:tilelang.jit.kernel:INFO] (kernel.py:138): TileLang completes to compile kernel `main`
2026-10-02 05:33:00  [TileLang:tilelang.jit.kernel:INFO] (kernel.py:130): TileLang begins to compile kernel `main` with `out_idx=None`
2026-10-02 05:33:27  [TileLang:tilelang.jit.kernel:INFO] (kernel.py:138): TileLang completes to compile kernel `main`
2026-10-02 05:33:29  [TileLang:tilelang.jit.kernel:INFO] (kernel.py:130): TileLang begins to compile kernel `main` with `out_idx=None`
2026-10-02 05:33:56  [TileLang:tilelang.jit.kernel:INFO] (kernel.py:138): TileLang completes to compile kernel `main`
2026-10-02 05:33:58  [TileLang:tilelang.jit.kernel:INFO] (kernel.py:130): TileLang begins to compile kernel `main` with `out_idx=None`
2026-10-02 05:34:24  [TileLang:tilelang.jit.kernel:INFO] (kernel.py:138): TileLang completes to compile kernel `main`
2026-10-02 05:34:25  [TileLang:tilelang.jit.kernel:INFO] (kernel.py:130): TileLang begins to compile kernel `main` with `out_idx=None`
2026-10-02 05:34:51  [TileLang:tilelang.jit.kernel:INFO] (kernel.py:138): TileLang completes to compile kernel `main`
  TileLang autotune → {'BLOCK_SIZE': 1024, 'threads': 128}
  NKI skipped (not available)
Running case: {'N': 16384, 'k': 64}, dtype=fp32
  Triton autotune → {'BLOCK_SIZE': 2048, 'num_warps': 8}
3 succeeded, 0 failed
* namespace(occupancy=4) : 8.2±0.1 us (5 samples)
  namespace(occupancy=16): 8.3±0.2 us (5 samples)
  namespace(occupancy=8) : 8.4±0.1 us (5 samples)
3 succeeded, 0 failed
* namespace(occupancy=8) : 11.6±0.1 us (5 samples)
  namespace(occupancy=16): 11.6±0.1 us (5 samples)
  namespace(occupancy=4) : 11.7±0.0 us (5 samples)
3 succeeded, 0 failed
* namespace(occupancy=4) : 17.0±0.1 us (5 samples)
  namespace(occupancy=8) : 18.0±0.1 us (5 samples)
  namespace(occupancy=16): 18.1±0.1 us (5 samples)
  cuTile  autotune → {'block': 1024, 'occupancy': 4, 'K2': 64}
2026-10-02 05:35:03  [TileLang:tilelang.jit.kernel:INFO] (kernel.py:130): TileLang begins to compile kernel `main` with `out_idx=None`
2026-10-02 05:35:23  [TileLang:tilelang.jit.kernel:INFO] (kernel.py:138): TileLang completes to compile kernel `main`
2026-10-02 05:35:23  [TileLang:tilelang.jit.kernel:INFO] (kernel.py:130): TileLang begins to compile kernel `main` with `out_idx=None`
2026-10-02 05:35:43  [TileLang:tilelang.jit.kernel:INFO] (kernel.py:138): TileLang completes to compile kernel `main`
2026-10-02 05:35:44  [TileLang:tilelang.jit.kernel:INFO] (kernel.py:130): TileLang begins to compile kernel `main` with `out_idx=None`
2026-10-02 05:36:07  [TileLang:tilelang.jit.kernel:INFO] (kernel.py:138): TileLang completes to compile kernel `main`
2026-10-02 05:36:08  [TileLang:tilelang.jit.kernel:INFO] (kernel.py:130): TileLang begins to compile kernel `main` with `out_idx=None`
2026-10-02 05:36:31  [TileLang:tilelang.jit.kernel:INFO] (kernel.py:138): TileLang completes to compile kernel `main`
2026-10-02 05:36:32  [TileLang:tilelang.jit.kernel:INFO] (kernel.py:130): TileLang begins to compile kernel `main` with `out_idx=None`
2026-10-02 05:36:54  [TileLang:tilelang.jit.kernel:INFO] (kernel.py:138): TileLang completes to compile kernel `main`
2026-10-02 05:36:55  [TileLang:tilelang.jit.kernel:INFO] (kernel.py:130): TileLang begins to compile kernel `main` with `out_idx=None`
2026-10-02 05:37:18  [TileLang:tilelang.jit.kernel:INFO] (kernel.py:138): TileLang completes to compile kernel `main`
2026-10-02 05:37:18  [TileLang:tilelang.jit.kernel:INFO] (kernel.py:130): TileLang begins to compile kernel `main` with `out_idx=None`
2026-10-02 05:37:46  [TileLang:tilelang.jit.kernel:INFO] (kernel.py:138): TileLang completes to compile kernel `main`
2026-10-02 05:37:47  [TileLang:tilelang.jit.kernel:INFO] (kernel.py:130): TileLang begins to compile kernel `main` with `out_idx=None`
2026-10-02 05:38:15  [TileLang:tilelang.jit.kernel:INFO] (kernel.py:138): TileLang completes to compile kernel `main`
2026-10-02 05:38:16  [TileLang:tilelang.jit.kernel:INFO] (kernel.py:130): TileLang begins to compile kernel `main` with `out_idx=None`
2026-10-02 05:38:43  [TileLang:tilelang.jit.kernel:INFO] (kernel.py:138): TileLang completes to compile kernel `main`
2026-10-02 05:38:44  [TileLang:tilelang.jit.kernel:INFO] (kernel.py:130): TileLang begins to compile kernel `main` with `out_idx=None`
2026-10-02 05:39:11  [TileLang:tilelang.jit.kernel:INFO] (kernel.py:138): TileLang completes to compile kernel `main`
  TileLang autotune → {'BLOCK_SIZE': 1024, 'threads': 128}
  NKI skipped (not available)
Running case: {'N': 16384, 'k': 256}, dtype=fp32
  Triton autotune → {'BLOCK_SIZE': 2048, 'num_warps': 8}
3 succeeded, 0 failed
* namespace(occupancy=4) : 8.2±0.1 us (5 samples)
  namespace(occupancy=8) : 8.3±0.1 us (5 samples)
  namespace(occupancy=16): 8.3±0.1 us (5 samples)
3 succeeded, 0 failed
* namespace(occupancy=8) : 11.6±0.1 us (5 samples)
  namespace(occupancy=4) : 11.7±0.1 us (5 samples)
  namespace(occupancy=16): 11.7±0.0 us (5 samples)
3 succeeded, 0 failed
* namespace(occupancy=4) : 17.2±0.2 us (5 samples)
  namespace(occupancy=16): 18.4±0.1 us (5 samples)
  namespace(occupancy=8) : 18.4±0.3 us (5 samples)
  cuTile  autotune → {'block': 1024, 'occupancy': 4, 'K2': 256}
2026-10-02 05:39:22  [TileLang:tilelang.jit.kernel:INFO] (kernel.py:130): TileLang begins to compile kernel `main` with `out_idx=None`
2026-10-02 05:39:42  [TileLang:tilelang.jit.kernel:INFO] (kernel.py:138): TileLang completes to compile kernel `main`
2026-10-02 05:39:43  [TileLang:tilelang.jit.kernel:INFO] (kernel.py:130): TileLang begins to compile kernel `main` with `out_idx=None`
2026-10-02 05:40:05  [TileLang:tilelang.jit.kernel:INFO] (kernel.py:138): TileLang completes to compile kernel `main`
2026-10-02 05:40:06  [TileLang:tilelang.jit.kernel:INFO] (kernel.py:130): TileLang begins to compile kernel `main` with `out_idx=None`
2026-10-02 05:40:29  [TileLang:tilelang.jit.kernel:INFO] (kernel.py:138): TileLang completes to compile kernel `main`
2026-10-02 05:40:30  [TileLang:tilelang.jit.kernel:INFO] (kernel.py:130): TileLang begins to compile kernel `main` with `out_idx=None`
2026-10-02 05:40:52  [TileLang:tilelang.jit.kernel:INFO] (kernel.py:138): TileLang completes to compile kernel `main`
2026-10-02 05:40:53  [TileLang:tilelang.jit.kernel:INFO] (kernel.py:130): TileLang begins to compile kernel `main` with `out_idx=None`
2026-10-02 05:41:15  [TileLang:tilelang.jit.kernel:INFO] (kernel.py:138): TileLang completes to compile kernel `main`
2026-10-02 05:41:16  [TileLang:tilelang.jit.kernel:INFO] (kernel.py:130): TileLang begins to compile kernel `main` with `out_idx=None`
2026-10-02 05:41:43  [TileLang:tilelang.jit.kernel:INFO] (kernel.py:138): TileLang completes to compile kernel `main`
2026-10-02 05:41:45  [TileLang:tilelang.jit.kernel:INFO] (kernel.py:130): TileLang begins to compile kernel `main` with `out_idx=None`
2026-10-02 05:42:12  [TileLang:tilelang.jit.kernel:INFO] (kernel.py:138): TileLang completes to compile kernel `main`
2026-10-02 05:42:13  [TileLang:tilelang.jit.kernel:INFO] (kernel.py:130): TileLang begins to compile kernel `main` with `out_idx=None`
2026-10-02 05:42:40  [TileLang:tilelang.jit.kernel:INFO] (kernel.py:138): TileLang completes to compile kernel `main`
2026-10-02 05:42:41  [TileLang:tilelang.jit.kernel:INFO] (kernel.py:130): TileLang begins to compile kernel `main` with `out_idx=None`
2026-10-02 05:43:07  [TileLang:tilelang.jit.kernel:INFO] (kernel.py:138): TileLang completes to compile kernel `main`
  TileLang autotune → {'BLOCK_SIZE': 2048, 'threads': 256}
  NKI skipped (not available)
Running case: {'N': 16384, 'k': 1024}, dtype=fp32
  Triton autotune → {'BLOCK_SIZE': 2048, 'num_warps': 8}
3 succeeded, 0 failed
* namespace(occupancy=8) : 11.6±0.1 us (5 samples)
  namespace(occupancy=4) : 11.6±0.1 us (5 samples)
  namespace(occupancy=16): 11.8±0.2 us (5 samples)
3 succeeded, 0 failed
* namespace(occupancy=4) : 17.4±0.1 us (5 samples)
  namespace(occupancy=16): 18.1±0.1 us (5 samples)
  namespace(occupancy=8) : 18.1±0.1 us (5 samples)
  cuTile  autotune → {'block': 2048, 'occupancy': 8, 'K2': 1024}
2026-10-02 05:43:15  [TileLang:tilelang.jit.kernel:INFO] (kernel.py:130): TileLang begins to compile kernel `main` with `out_idx=None`
2026-10-02 05:43:38  [TileLang:tilelang.jit.kernel:INFO] (kernel.py:138): TileLang completes to compile kernel `main`
2026-10-02 05:43:38  [TileLang:tilelang.jit.kernel:INFO] (kernel.py:130): TileLang begins to compile kernel `main` with `out_idx=None`
2026-10-02 05:44:01  [TileLang:tilelang.jit.kernel:INFO] (kernel.py:138): TileLang completes to compile kernel `main`
2026-10-02 05:44:02  [TileLang:tilelang.jit.kernel:INFO] (kernel.py:130): TileLang begins to compile kernel `main` with `out_idx=None`
2026-10-02 05:44:28  [TileLang:tilelang.jit.kernel:INFO] (kernel.py:138): TileLang completes to compile kernel `main`
2026-10-02 05:44:30  [TileLang:tilelang.jit.kernel:INFO] (kernel.py:130): TileLang begins to compile kernel `main` with `out_idx=None`
2026-10-02 05:44:56  [TileLang:tilelang.jit.kernel:INFO] (kernel.py:138): TileLang completes to compile kernel `main`
  TileLang autotune → {'BLOCK_SIZE': 2048, 'threads': 256}
  NKI skipped (not available)
Running case: {'N': 65536, 'k': 16}, dtype=fp32
  Triton autotune → {'BLOCK_SIZE': 4096, 'num_warps': 8}
3 succeeded, 0 failed
* namespace(occupancy=16): 8.3±0.1 us (5 samples)
  namespace(occupancy=8) : 8.4±0.0 us (5 samples)
  namespace(occupancy=4) : 8.4±0.1 us (5 samples)
3 succeeded, 0 failed
* namespace(occupancy=4) : 11.6±0.1 us (5 samples)
  namespace(occupancy=16): 11.6±0.1 us (5 samples)
  namespace(occupancy=8) : 11.8±0.1 us (5 samples)
3 succeeded, 0 failed
* namespace(occupancy=4) : 17.1±0.1 us (5 samples)
  namespace(occupancy=16): 18.0±0.1 us (5 samples)
  namespace(occupancy=8) : 18.1±0.2 us (5 samples)
  cuTile  autotune → {'block': 1024, 'occupancy': 16, 'K2': 16}
2026-10-02 05:45:21  [TileLang:tilelang.jit.kernel:INFO] (kernel.py:130): TileLang begins to compile kernel `main` with `out_idx=None`
2026-10-02 05:45:41  [TileLang:tilelang.jit.kernel:INFO] (kernel.py:138): TileLang completes to compile kernel `main`
2026-10-02 05:45:42  [TileLang:tilelang.jit.kernel:INFO] (kernel.py:130): TileLang begins to compile kernel `main` with `out_idx=None`
2026-10-02 05:46:01  [TileLang:tilelang.jit.kernel:INFO] (kernel.py:138): TileLang completes to compile kernel `main`
2026-10-02 05:46:02  [TileLang:tilelang.jit.kernel:INFO] (kernel.py:130): TileLang begins to compile kernel `main` with `out_idx=None`
2026-10-02 05:46:25  [TileLang:tilelang.jit.kernel:INFO] (kernel.py:138): TileLang completes to compile kernel `main`
2026-10-02 05:46:26  [TileLang:tilelang.jit.kernel:INFO] (kernel.py:130): TileLang begins to compile kernel `main` with `out_idx=None`
2026-10-02 05:46:49  [TileLang:tilelang.jit.kernel:INFO] (kernel.py:138): TileLang completes to compile kernel `main`
2026-10-02 05:46:49  [TileLang:tilelang.jit.kernel:INFO] (kernel.py:130): TileLang begins to compile kernel `main` with `out_idx=None`
2026-10-02 05:47:12  [TileLang:tilelang.jit.kernel:INFO] (kernel.py:138): TileLang completes to compile kernel `main`
2026-10-02 05:47:13  [TileLang:tilelang.jit.kernel:INFO] (kernel.py:130): TileLang begins to compile kernel `main` with `out_idx=None`
2026-10-02 05:47:35  [TileLang:tilelang.jit.kernel:INFO] (kernel.py:138): TileLang completes to compile kernel `main`
2026-10-02 05:47:36  [TileLang:tilelang.jit.kernel:INFO] (kernel.py:130): TileLang begins to compile kernel `main` with `out_idx=None`
2026-10-02 05:48:03  [TileLang:tilelang.jit.kernel:INFO] (kernel.py:138): TileLang completes to compile kernel `main`
2026-10-02 05:48:05  [TileLang:tilelang.jit.kernel:INFO] (kernel.py:130): TileLang begins to compile kernel `main` with `out_idx=None`
2026-10-02 05:48:32  [TileLang:tilelang.jit.kernel:INFO] (kernel.py:138): TileLang completes to compile kernel `main`
2026-10-02 05:48:34  [TileLang:tilelang.jit.kernel:INFO] (kernel.py:130): TileLang begins to compile kernel `main` with `out_idx=None`
2026-10-02 05:49:00  [TileLang:tilelang.jit.kernel:INFO] (kernel.py:138): TileLang completes to compile kernel `main`
2026-10-02 05:49:01  [TileLang:tilelang.jit.kernel:INFO] (kernel.py:130): TileLang begins to compile kernel `main` with `out_idx=None`
2026-10-02 05:49:28  [TileLang:tilelang.jit.kernel:INFO] (kernel.py:138): TileLang completes to compile kernel `main`
  TileLang autotune → {'BLOCK_SIZE': 1024, 'threads': 256}
  NKI skipped (not available)
Running case: {'N': 65536, 'k': 64}, dtype=fp32
  Triton autotune → {'BLOCK_SIZE': 2048, 'num_warps': 8}
3 succeeded, 0 failed
* namespace(occupancy=4) : 8.4±0.1 us (5 samples)
  namespace(occupancy=16): 8.5±0.1 us (5 samples)
  namespace(occupancy=8) : 8.6±0.2 us (5 samples)
3 succeeded, 0 failed
* namespace(occupancy=4) : 11.8±0.1 us (5 samples)
  namespace(occupancy=16): 11.9±0.1 us (5 samples)
  namespace(occupancy=8) : 11.9±0.1 us (5 samples)
3 succeeded, 0 failed
* namespace(occupancy=4) : 17.3±0.2 us (5 samples)
  namespace(occupancy=8) : 18.3±0.2 us (5 samples)
  namespace(occupancy=16): 18.3±0.1 us (5 samples)
  cuTile  autotune → {'block': 1024, 'occupancy': 4, 'K2': 64}
2026-10-02 05:49:51  [TileLang:tilelang.jit.kernel:INFO] (kernel.py:130): TileLang begins to compile kernel `main` with `out_idx=None`
2026-10-02 05:50:11  [TileLang:tilelang.jit.kernel:INFO] (kernel.py:138): TileLang completes to compile kernel `main`
2026-10-02 05:50:11  [TileLang:tilelang.jit.kernel:INFO] (kernel.py:130): TileLang begins to compile kernel `main` with `out_idx=None`
2026-10-02 05:50:34  [TileLang:tilelang.jit.kernel:INFO] (kernel.py:138): TileLang completes to compile kernel `main`
2026-10-02 05:50:35  [TileLang:tilelang.jit.kernel:INFO] (kernel.py:130): TileLang begins to compile kernel `main` with `out_idx=None`
2026-10-02 05:50:58  [TileLang:tilelang.jit.kernel:INFO] (kernel.py:138): TileLang completes to compile kernel `main`
2026-10-02 05:50:59  [TileLang:tilelang.jit.kernel:INFO] (kernel.py:130): TileLang begins to compile kernel `main` with `out_idx=None`
2026-10-02 05:51:21  [TileLang:tilelang.jit.kernel:INFO] (kernel.py:138): TileLang completes to compile kernel `main`
2026-10-02 05:51:22  [TileLang:tilelang.jit.kernel:INFO] (kernel.py:130): TileLang begins to compile kernel `main` with `out_idx=None`
2026-10-02 05:51:45  [TileLang:tilelang.jit.kernel:INFO] (kernel.py:138): TileLang completes to compile kernel `main`
2026-10-02 05:51:46  [TileLang:tilelang.jit.kernel:INFO] (kernel.py:130): TileLang begins to compile kernel `main` with `out_idx=None`
2026-10-02 05:52:13  [TileLang:tilelang.jit.kernel:INFO] (kernel.py:138): TileLang completes to compile kernel `main`
2026-10-02 05:52:14  [TileLang:tilelang.jit.kernel:INFO] (kernel.py:130): TileLang begins to compile kernel `main` with `out_idx=None`
2026-10-02 05:52:42  [TileLang:tilelang.jit.kernel:INFO] (kernel.py:138): TileLang completes to compile kernel `main`
2026-10-02 05:52:43  [TileLang:tilelang.jit.kernel:INFO] (kernel.py:130): TileLang begins to compile kernel `main` with `out_idx=None`
2026-10-02 05:53:10  [TileLang:tilelang.jit.kernel:INFO] (kernel.py:138): TileLang completes to compile kernel `main`
2026-10-02 05:53:11  [TileLang:tilelang.jit.kernel:INFO] (kernel.py:130): TileLang begins to compile kernel `main` with `out_idx=None`
2026-10-02 05:53:37  [TileLang:tilelang.jit.kernel:INFO] (kernel.py:138): TileLang completes to compile kernel `main`
  TileLang autotune → {'BLOCK_SIZE': 2048, 'threads': 256}
  NKI skipped (not available)
Running case: {'N': 65536, 'k': 256}, dtype=fp32
  Triton autotune → {'BLOCK_SIZE': 4096, 'num_warps': 4}
3 succeeded, 0 failed
* namespace(occupancy=8) : 8.5±0.1 us (5 samples)
  namespace(occupancy=4) : 8.5±0.1 us (5 samples)
  namespace(occupancy=16): 8.7±0.1 us (5 samples)
3 succeeded, 0 failed
* namespace(occupancy=4) : 11.9±0.1 us (5 samples)
  namespace(occupancy=16): 11.9±0.1 us (5 samples)
  namespace(occupancy=8) : 12.0±0.1 us (5 samples)
3 succeeded, 0 failed
* namespace(occupancy=4) : 17.3±0.1 us (5 samples)
  namespace(occupancy=16): 18.7±0.1 us (5 samples)
  namespace(occupancy=8) : 18.7±0.0 us (5 samples)
  cuTile  autotune → {'block': 1024, 'occupancy': 8, 'K2': 256}
2026-10-02 05:54:04  [TileLang:tilelang.jit.kernel:INFO] (kernel.py:130): TileLang begins to compile kernel `main` with `out_idx=None`
2026-10-02 05:54:23  [TileLang:tilelang.jit.kernel:INFO] (kernel.py:138): TileLang completes to compile kernel `main`
2026-10-02 05:54:24  [TileLang:tilelang.jit.kernel:INFO] (kernel.py:130): TileLang begins to compile kernel `main` with `out_idx=None`
2026-10-02 05:54:47  [TileLang:tilelang.jit.kernel:INFO] (kernel.py:138): TileLang completes to compile kernel `main`
2026-10-02 05:54:48  [TileLang:tilelang.jit.kernel:INFO] (kernel.py:130): TileLang begins to compile kernel `main` with `out_idx=None`
2026-10-02 05:55:10  [TileLang:tilelang.jit.kernel:INFO] (kernel.py:138): TileLang completes to compile kernel `main`
2026-10-02 05:55:11  [TileLang:tilelang.jit.kernel:INFO] (kernel.py:130): TileLang begins to compile kernel `main` with `out_idx=None`
2026-10-02 05:55:34  [TileLang:tilelang.jit.kernel:INFO] (kernel.py:138): TileLang completes to compile kernel `main`
2026-10-02 05:55:35  [TileLang:tilelang.jit.kernel:INFO] (kernel.py:130): TileLang begins to compile kernel `main` with `out_idx=None`
2026-10-02 05:55:58  [TileLang:tilelang.jit.kernel:INFO] (kernel.py:138): TileLang completes to compile kernel `main`
2026-10-02 05:55:59  [TileLang:tilelang.jit.kernel:INFO] (kernel.py:130): TileLang begins to compile kernel `main` with `out_idx=None`
2026-10-02 05:56:21  [TileLang:tilelang.jit.kernel:INFO] (kernel.py:138): TileLang completes to compile kernel `main`
2026-10-02 05:56:22  [TileLang:tilelang.jit.kernel:INFO] (kernel.py:130): TileLang begins to compile kernel `main` with `out_idx=None`
2026-10-02 05:56:44  [TileLang:tilelang.jit.kernel:INFO] (kernel.py:138): TileLang completes to compile kernel `main`
2026-10-02 05:56:45  [TileLang:tilelang.jit.kernel:INFO] (kernel.py:130): TileLang begins to compile kernel `main` with `out_idx=None`
2026-10-02 05:57:12  [TileLang:tilelang.jit.kernel:INFO] (kernel.py:138): TileLang completes to compile kernel `main`
2026-10-02 05:57:14  [TileLang:tilelang.jit.kernel:INFO] (kernel.py:130): TileLang begins to compile kernel `main` with `out_idx=None`
2026-10-02 05:57:40  [TileLang:tilelang.jit.kernel:INFO] (kernel.py:138): TileLang completes to compile kernel `main`
  TileLang autotune → {'BLOCK_SIZE': 2048, 'threads': 256}
  NKI skipped (not available)
Running case: {'N': 65536, 'k': 1024}, dtype=fp32
  Triton autotune → {'BLOCK_SIZE': 4096, 'num_warps': 8}
3 succeeded, 0 failed
* namespace(occupancy=4) : 11.9±0.0 us (5 samples)
  namespace(occupancy=16): 12.0±0.1 us (5 samples)
  namespace(occupancy=8) : 12.1±0.2 us (5 samples)
3 succeeded, 0 failed
* namespace(occupancy=4) : 17.6±0.3 us (5 samples)
  namespace(occupancy=16): 18.2±0.1 us (5 samples)
  namespace(occupancy=8) : 18.4±0.1 us (5 samples)
  cuTile  autotune → {'block': 2048, 'occupancy': 4, 'K2': 1024}
2026-10-02 05:58:01  [TileLang:tilelang.jit.kernel:INFO] (kernel.py:130): TileLang begins to compile kernel `main` with `out_idx=None`
2026-10-02 05:58:24  [TileLang:tilelang.jit.kernel:INFO] (kernel.py:138): TileLang completes to compile kernel `main`
2026-10-02 05:58:25  [TileLang:tilelang.jit.kernel:INFO] (kernel.py:130): TileLang begins to compile kernel `main` with `out_idx=None`
2026-10-02 05:58:47  [TileLang:tilelang.jit.kernel:INFO] (kernel.py:138): TileLang completes to compile kernel `main`
2026-10-02 05:58:48  [TileLang:tilelang.jit.kernel:INFO] (kernel.py:130): TileLang begins to compile kernel `main` with `out_idx=None`
2026-10-02 05:59:16  [TileLang:tilelang.jit.kernel:INFO] (kernel.py:138): TileLang completes to compile kernel `main`
2026-10-02 05:59:17  [TileLang:tilelang.jit.kernel:INFO] (kernel.py:130): TileLang begins to compile kernel `main` with `out_idx=None`
2026-10-02 05:59:44  [TileLang:tilelang.jit.kernel:INFO] (kernel.py:138): TileLang completes to compile kernel `main`
  TileLang autotune → {'BLOCK_SIZE': 4096, 'threads': 256}
  NKI skipped (not available)
Running case: {'N': 262144, 'k': 16}, dtype=fp32
  Triton autotune → {'BLOCK_SIZE': 4096, 'num_warps': 8}
3 succeeded, 0 failed
* namespace(occupancy=4) : 9.4±0.1 us (5 samples)
  namespace(occupancy=8) : 9.5±0.2 us (5 samples)
  namespace(occupancy=16): 9.6±0.2 us (5 samples)
3 succeeded, 0 failed
* namespace(occupancy=4) : 12.3±0.2 us (5 samples)
  namespace(occupancy=16): 12.4±0.1 us (5 samples)
  namespace(occupancy=8) : 12.4±0.1 us (5 samples)
3 succeeded, 0 failed
* namespace(occupancy=4) : 17.7±0.1 us (5 samples)
  namespace(occupancy=8) : 18.6±0.1 us (5 samples)
  namespace(occupancy=16): 18.7±0.2 us (5 samples)
  cuTile  autotune → {'block': 1024, 'occupancy': 4, 'K2': 16}
2026-10-02 05:59:52  [TileLang:tilelang.jit.kernel:INFO] (kernel.py:130): TileLang begins to compile kernel `main` with `out_idx=None`
2026-10-02 06:00:12  [TileLang:tilelang.jit.kernel:INFO] (kernel.py:138): TileLang completes to compile kernel `main`
2026-10-02 06:00:12  [TileLang:tilelang.jit.kernel:INFO] (kernel.py:130): TileLang begins to compile kernel `main` with `out_idx=None`
2026-10-02 06:00:35  [TileLang:tilelang.jit.kernel:INFO] (kernel.py:138): TileLang completes to compile kernel `main`
2026-10-02 06:00:36  [TileLang:tilelang.jit.kernel:INFO] (kernel.py:130): TileLang begins to compile kernel `main` with `out_idx=None`
2026-10-02 06:00:59  [TileLang:tilelang.jit.kernel:INFO] (kernel.py:138): TileLang completes to compile kernel `main`
2026-10-02 06:01:00  [TileLang:tilelang.jit.kernel:INFO] (kernel.py:130): TileLang begins to compile kernel `main` with `out_idx=None`
2026-10-02 06:01:22  [TileLang:tilelang.jit.kernel:INFO] (kernel.py:138): TileLang completes to compile kernel `main`
2026-10-02 06:01:23  [TileLang:tilelang.jit.kernel:INFO] (kernel.py:130): TileLang begins to compile kernel `main` with `out_idx=None`
2026-10-02 06:01:46  [TileLang:tilelang.jit.kernel:INFO] (kernel.py:138): TileLang completes to compile kernel `main`
2026-10-02 06:01:46  [TileLang:tilelang.jit.kernel:INFO] (kernel.py:130): TileLang begins to compile kernel `main` with `out_idx=None`
2026-10-02 06:02:13  [TileLang:tilelang.jit.kernel:INFO] (kernel.py:138): TileLang completes to compile kernel `main`
2026-10-02 06:02:14  [TileLang:tilelang.jit.kernel:INFO] (kernel.py:130): TileLang begins to compile kernel `main` with `out_idx=None`
2026-10-02 06:02:42  [TileLang:tilelang.jit.kernel:INFO] (kernel.py:138): TileLang completes to compile kernel `main`
2026-10-02 06:02:43  [TileLang:tilelang.jit.kernel:INFO] (kernel.py:130): TileLang begins to compile kernel `main` with `out_idx=None`
2026-10-02 06:03:10  [TileLang:tilelang.jit.kernel:INFO] (kernel.py:138): TileLang completes to compile kernel `main`
2026-10-02 06:03:11  [TileLang:tilelang.jit.kernel:INFO] (kernel.py:130): TileLang begins to compile kernel `main` with `out_idx=None`
2026-10-02 06:03:38  [TileLang:tilelang.jit.kernel:INFO] (kernel.py:138): TileLang completes to compile kernel `main`
  TileLang autotune → {'BLOCK_SIZE': 2048, 'threads': 256}
  NKI skipped (not available)
Running case: {'N': 262144, 'k': 64}, dtype=fp32
  Triton autotune → {'BLOCK_SIZE': 4096, 'num_warps': 8}
3 succeeded, 0 failed
* namespace(occupancy=8) : 9.5±0.0 us (5 samples)
  namespace(occupancy=16): 9.6±0.1 us (5 samples)
  namespace(occupancy=4) : 9.6±0.4 us (5 samples)
3 succeeded, 0 failed
* namespace(occupancy=8) : 12.2±0.1 us (5 samples)
  namespace(occupancy=16): 12.2±0.1 us (5 samples)
  namespace(occupancy=4) : 12.4±0.4 us (5 samples)
3 succeeded, 0 failed
* namespace(occupancy=4) : 17.6±0.0 us (5 samples)
  namespace(occupancy=8) : 18.6±0.1 us (5 samples)
  namespace(occupancy=16): 18.7±0.1 us (5 samples)
  cuTile  autotune → {'block': 1024, 'occupancy': 8, 'K2': 64}
2026-10-02 06:03:47  [TileLang:tilelang.jit.kernel:INFO] (kernel.py:130): TileLang begins to compile kernel `main` with `out_idx=None`
2026-10-02 06:04:07  [TileLang:tilelang.jit.kernel:INFO] (kernel.py:138): TileLang completes to compile kernel `main`
2026-10-02 06:04:07  [TileLang:tilelang.jit.kernel:INFO] (kernel.py:130): TileLang begins to compile kernel `main` with `out_idx=None`
2026-10-02 06:04:30  [TileLang:tilelang.jit.kernel:INFO] (kernel.py:138): TileLang completes to compile kernel `main`
2026-10-02 06:04:31  [TileLang:tilelang.jit.kernel:INFO] (kernel.py:130): TileLang begins to compile kernel `main` with `out_idx=None`
2026-10-02 06:04:54  [TileLang:tilelang.jit.kernel:INFO] (kernel.py:138): TileLang completes to compile kernel `main`
2026-10-02 06:04:55  [TileLang:tilelang.jit.kernel:INFO] (kernel.py:130): TileLang begins to compile kernel `main` with `out_idx=None`
2026-10-02 06:05:18  [TileLang:tilelang.jit.kernel:INFO] (kernel.py:138): TileLang completes to compile kernel `main`
2026-10-02 06:05:19  [TileLang:tilelang.jit.kernel:INFO] (kernel.py:130): TileLang begins to compile kernel `main` with `out_idx=None`
2026-10-02 06:05:41  [TileLang:tilelang.jit.kernel:INFO] (kernel.py:138): TileLang completes to compile kernel `main`
2026-10-02 06:05:42  [TileLang:tilelang.jit.kernel:INFO] (kernel.py:130): TileLang begins to compile kernel `main` with `out_idx=None`
2026-10-02 06:06:04  [TileLang:tilelang.jit.kernel:INFO] (kernel.py:138): TileLang completes to compile kernel `main`
2026-10-02 06:06:05  [TileLang:tilelang.jit.kernel:INFO] (kernel.py:130): TileLang begins to compile kernel `main` with `out_idx=None`
2026-10-02 06:06:28  [TileLang:tilelang.jit.kernel:INFO] (kernel.py:138): TileLang completes to compile kernel `main`
2026-10-02 06:06:29  [TileLang:tilelang.jit.kernel:INFO] (kernel.py:130): TileLang begins to compile kernel `main` with `out_idx=None`
2026-10-02 06:06:56  [TileLang:tilelang.jit.kernel:INFO] (kernel.py:138): TileLang completes to compile kernel `main`
2026-10-02 06:06:58  [TileLang:tilelang.jit.kernel:INFO] (kernel.py:130): TileLang begins to compile kernel `main` with `out_idx=None`
2026-10-02 06:07:24  [TileLang:tilelang.jit.kernel:INFO] (kernel.py:138): TileLang completes to compile kernel `main`
  TileLang autotune → {'BLOCK_SIZE': 2048, 'threads': 256}
  NKI skipped (not available)
Running case: {'N': 262144, 'k': 256}, dtype=fp32
  Triton autotune → {'BLOCK_SIZE': 2048, 'num_warps': 8}
3 succeeded, 0 failed
* namespace(occupancy=4) : 9.2±0.1 us (5 samples)
  namespace(occupancy=8) : 9.5±0.1 us (5 samples)
  namespace(occupancy=16): 9.5±0.1 us (5 samples)
3 succeeded, 0 failed
* namespace(occupancy=4) : 12.3±0.1 us (5 samples)
  namespace(occupancy=8) : 12.4±0.1 us (5 samples)
  namespace(occupancy=16): 12.4±0.1 us (5 samples)
3 succeeded, 0 failed
* namespace(occupancy=4) : 17.6±0.0 us (5 samples)
  namespace(occupancy=16): 18.9±0.2 us (5 samples)
  namespace(occupancy=8) : 19.0±0.1 us (5 samples)
  cuTile  autotune → {'block': 1024, 'occupancy': 4, 'K2': 256}
2026-10-02 06:07:33  [TileLang:tilelang.jit.kernel:INFO] (kernel.py:130): TileLang begins to compile kernel `main` with `out_idx=None`
2026-10-02 06:07:52  [TileLang:tilelang.jit.kernel:INFO] (kernel.py:138): TileLang completes to compile kernel `main`
2026-10-02 06:07:53  [TileLang:tilelang.jit.kernel:INFO] (kernel.py:130): TileLang begins to compile kernel `main` with `out_idx=None`
2026-10-02 06:08:16  [TileLang:tilelang.jit.kernel:INFO] (kernel.py:138): TileLang completes to compile kernel `main`
2026-10-02 06:08:17  [TileLang:tilelang.jit.kernel:INFO] (kernel.py:130): TileLang begins to compile kernel `main` with `out_idx=None`
2026-10-02 06:08:39  [TileLang:tilelang.jit.kernel:INFO] (kernel.py:138): TileLang completes to compile kernel `main`
2026-10-02 06:08:40  [TileLang:tilelang.jit.kernel:INFO] (kernel.py:130): TileLang begins to compile kernel `main` with `out_idx=None`
2026-10-02 06:09:03  [TileLang:tilelang.jit.kernel:INFO] (kernel.py:138): TileLang completes to compile kernel `main`
2026-10-02 06:09:03  [TileLang:tilelang.jit.kernel:INFO] (kernel.py:130): TileLang begins to compile kernel `main` with `out_idx=None`
2026-10-02 06:09:26  [TileLang:tilelang.jit.kernel:INFO] (kernel.py:138): TileLang completes to compile kernel `main`
2026-10-02 06:09:27  [TileLang:tilelang.jit.kernel:INFO] (kernel.py:130): TileLang begins to compile kernel `main` with `out_idx=None`
2026-10-02 06:09:54  [TileLang:tilelang.jit.kernel:INFO] (kernel.py:138): TileLang completes to compile kernel `main`
2026-10-02 06:09:56  [TileLang:tilelang.jit.kernel:INFO] (kernel.py:130): TileLang begins to compile kernel `main` with `out_idx=None`
2026-10-02 06:10:23  [TileLang:tilelang.jit.kernel:INFO] (kernel.py:138): TileLang completes to compile kernel `main`
  TileLang autotune → {'BLOCK_SIZE': 2048, 'threads': 128}
  NKI skipped (not available)
Running case: {'N': 262144, 'k': 1024}, dtype=fp32
  Triton autotune → {'BLOCK_SIZE': 4096, 'num_warps': 8}
3 succeeded, 0 failed
* namespace(occupancy=4) : 12.3±0.2 us (5 samples)
  namespace(occupancy=16): 12.3±0.1 us (5 samples)
  namespace(occupancy=8) : 12.3±0.1 us (5 samples)
3 succeeded, 0 failed
* namespace(occupancy=4) : 17.7±0.1 us (5 samples)
  namespace(occupancy=16): 18.5±0.1 us (5 samples)
  namespace(occupancy=8) : 18.6±0.1 us (5 samples)
  cuTile  autotune → {'block': 2048, 'occupancy': 4, 'K2': 1024}
2026-10-02 06:10:29  [TileLang:tilelang.jit.kernel:INFO] (kernel.py:130): TileLang begins to compile kernel `main` with `out_idx=None`
2026-10-02 06:10:52  [TileLang:tilelang.jit.kernel:INFO] (kernel.py:138): TileLang completes to compile kernel `main`
2026-10-02 06:10:53  [TileLang:tilelang.jit.kernel:INFO] (kernel.py:130): TileLang begins to compile kernel `main` with `out_idx=None`
2026-10-02 06:11:17  [TileLang:tilelang.jit.kernel:INFO] (kernel.py:138): TileLang completes to compile kernel `main`
2026-10-02 06:11:18  [TileLang:tilelang.jit.kernel:INFO] (kernel.py:130): TileLang begins to compile kernel `main` with `out_idx=None`
2026-10-02 06:11:45  [TileLang:tilelang.jit.kernel:INFO] (kernel.py:138): TileLang completes to compile kernel `main`
2026-10-02 06:11:47  [TileLang:tilelang.jit.kernel:INFO] (kernel.py:130): TileLang begins to compile kernel `main` with `out_idx=None`
2026-10-02 06:12:14  [TileLang:tilelang.jit.kernel:INFO] (kernel.py:138): TileLang completes to compile kernel `main`
  TileLang autotune → {'BLOCK_SIZE': 4096, 'threads': 256}
  NKI skipped (not available)
Running case: {'N': 1048576, 'k': 16}, dtype=fp32
  Triton autotune → {'BLOCK_SIZE': 4096, 'num_warps': 8}
3 succeeded, 0 failed
* namespace(occupancy=8) : 22.2±0.2 us (5 samples)
  namespace(occupancy=16): 22.4±0.2 us (5 samples)
  namespace(occupancy=4) : 23.3±0.2 us (5 samples)
3 succeeded, 0 failed
* namespace(occupancy=16): 26.0±0.1 us (5 samples)
  namespace(occupancy=8) : 26.0±0.1 us (5 samples)
  namespace(occupancy=4) : 26.1±0.1 us (5 samples)
3 succeeded, 0 failed
* namespace(occupancy=4) : 29.6±0.1 us (5 samples)
  namespace(occupancy=8) : 30.1±0.1 us (5 samples)
  namespace(occupancy=16): 30.2±0.1 us (5 samples)
  cuTile  autotune → {'block': 1024, 'occupancy': 8, 'K2': 16}
2026-10-02 06:12:23  [TileLang:tilelang.jit.kernel:INFO] (kernel.py:130): TileLang begins to compile kernel `main` with `out_idx=None`
2026-10-02 06:12:43  [TileLang:tilelang.jit.kernel:INFO] (kernel.py:138): TileLang completes to compile kernel `main`
2026-10-02 06:12:44  [TileLang:tilelang.jit.kernel:INFO] (kernel.py:130): TileLang begins to compile kernel `main` with `out_idx=None`
2026-10-02 06:13:06  [TileLang:tilelang.jit.kernel:INFO] (kernel.py:138): TileLang completes to compile kernel `main`
2026-10-02 06:13:07  [TileLang:tilelang.jit.kernel:INFO] (kernel.py:130): TileLang begins to compile kernel `main` with `out_idx=None`
2026-10-02 06:13:31  [TileLang:tilelang.jit.kernel:INFO] (kernel.py:138): TileLang completes to compile kernel `main`
2026-10-02 06:13:32  [TileLang:tilelang.jit.kernel:INFO] (kernel.py:130): TileLang begins to compile kernel `main` with `out_idx=None`
2026-10-02 06:13:55  [TileLang:tilelang.jit.kernel:INFO] (kernel.py:138): TileLang completes to compile kernel `main`
2026-10-02 06:13:56  [TileLang:tilelang.jit.kernel:INFO] (kernel.py:130): TileLang begins to compile kernel `main` with `out_idx=None`
2026-10-02 06:14:20  [TileLang:tilelang.jit.kernel:INFO] (kernel.py:138): TileLang completes to compile kernel `main`
2026-10-02 06:14:20  [TileLang:tilelang.jit.kernel:INFO] (kernel.py:130): TileLang begins to compile kernel `main` with `out_idx=None`
2026-10-02 06:14:43  [TileLang:tilelang.jit.kernel:INFO] (kernel.py:138): TileLang completes to compile kernel `main`
2026-10-02 06:14:44  [TileLang:tilelang.jit.kernel:INFO] (kernel.py:130): TileLang begins to compile kernel `main` with `out_idx=None`
2026-10-02 06:15:07  [TileLang:tilelang.jit.kernel:INFO] (kernel.py:138): TileLang completes to compile kernel `main`
2026-10-02 06:15:07  [TileLang:tilelang.jit.kernel:INFO] (kernel.py:130): TileLang begins to compile kernel `main` with `out_idx=None`
2026-10-02 06:15:34  [TileLang:tilelang.jit.kernel:INFO] (kernel.py:138): TileLang completes to compile kernel `main`
2026-10-02 06:15:36  [TileLang:tilelang.jit.kernel:INFO] (kernel.py:130): TileLang begins to compile kernel `main` with `out_idx=None`
2026-10-02 06:16:03  [TileLang:tilelang.jit.kernel:INFO] (kernel.py:138): TileLang completes to compile kernel `main`
  TileLang autotune → {'BLOCK_SIZE': 1024, 'threads': 128}
  NKI skipped (not available)
Running case: {'N': 1048576, 'k': 64}, dtype=fp32
  Triton autotune → {'BLOCK_SIZE': 4096, 'num_warps': 8}
3 succeeded, 0 failed
* namespace(occupancy=8) : 22.3±0.1 us (5 samples)
  namespace(occupancy=16): 22.3±0.1 us (5 samples)
  namespace(occupancy=4) : 23.8±0.1 us (5 samples)
3 succeeded, 0 failed
* namespace(occupancy=4) : 26.2±0.1 us (5 samples)
  namespace(occupancy=16): 26.2±0.1 us (5 samples)
  namespace(occupancy=8) : 26.3±0.5 us (5 samples)
3 succeeded, 0 failed
* namespace(occupancy=4) : 29.6±0.1 us (5 samples)
  namespace(occupancy=8) : 30.0±0.1 us (5 samples)
  namespace(occupancy=16): 30.1±0.1 us (5 samples)
  cuTile  autotune → {'block': 1024, 'occupancy': 8, 'K2': 64}
2026-10-02 06:16:11  [TileLang:tilelang.jit.kernel:INFO] (kernel.py:130): TileLang begins to compile kernel `main` with `out_idx=None`
2026-10-02 06:16:31  [TileLang:tilelang.jit.kernel:INFO] (kernel.py:138): TileLang completes to compile kernel `main`
2026-10-02 06:16:32  [TileLang:tilelang.jit.kernel:INFO] (kernel.py:130): TileLang begins to compile kernel `main` with `out_idx=None`
2026-10-02 06:16:55  [TileLang:tilelang.jit.kernel:INFO] (kernel.py:138): TileLang completes to compile kernel `main`
2026-10-02 06:16:55  [TileLang:tilelang.jit.kernel:INFO] (kernel.py:130): TileLang begins to compile kernel `main` with `out_idx=None`
2026-10-02 06:17:19  [TileLang:tilelang.jit.kernel:INFO] (kernel.py:138): TileLang completes to compile kernel `main`
2026-10-02 06:17:20  [TileLang:tilelang.jit.kernel:INFO] (kernel.py:130): TileLang begins to compile kernel `main` with `out_idx=None`
2026-10-02 06:17:43  [TileLang:tilelang.jit.kernel:INFO] (kernel.py:138): TileLang completes to compile kernel `main`
2026-10-02 06:17:43  [TileLang:tilelang.jit.kernel:INFO] (kernel.py:130): TileLang begins to compile kernel `main` with `out_idx=None`
2026-10-02 06:18:06  [TileLang:tilelang.jit.kernel:INFO] (kernel.py:138): TileLang completes to compile kernel `main`
2026-10-02 06:18:07  [TileLang:tilelang.jit.kernel:INFO] (kernel.py:130): TileLang begins to compile kernel `main` with `out_idx=None`
2026-10-02 06:18:29  [TileLang:tilelang.jit.kernel:INFO] (kernel.py:138): TileLang completes to compile kernel `main`
2026-10-02 06:18:30  [TileLang:tilelang.jit.kernel:INFO] (kernel.py:130): TileLang begins to compile kernel `main` with `out_idx=None`
2026-10-02 06:18:53  [TileLang:tilelang.jit.kernel:INFO] (kernel.py:138): TileLang completes to compile kernel `main`
2026-10-02 06:18:53  [TileLang:tilelang.jit.kernel:INFO] (kernel.py:130): TileLang begins to compile kernel `main` with `out_idx=None`
2026-10-02 06:19:22  [TileLang:tilelang.jit.kernel:INFO] (kernel.py:138): TileLang completes to compile kernel `main`
2026-10-02 06:19:23  [TileLang:tilelang.jit.kernel:INFO] (kernel.py:130): TileLang begins to compile kernel `main` with `out_idx=None`
2026-10-02 06:19:50  [TileLang:tilelang.jit.kernel:INFO] (kernel.py:138): TileLang completes to compile kernel `main`
  TileLang autotune → {'BLOCK_SIZE': 2048, 'threads': 256}
  NKI skipped (not available)
Running case: {'N': 1048576, 'k': 256}, dtype=fp32
  Triton autotune → {'BLOCK_SIZE': 2048, 'num_warps': 8}
3 succeeded, 0 failed
* namespace(occupancy=16): 22.5±0.1 us (5 samples)
  namespace(occupancy=8) : 22.7±0.1 us (5 samples)
  namespace(occupancy=4) : 23.7±0.1 us (5 samples)
3 succeeded, 0 failed
* namespace(occupancy=8) : 26.2±0.1 us (5 samples)
  namespace(occupancy=16): 26.2±0.3 us (5 samples)
  namespace(occupancy=4) : 26.3±0.2 us (5 samples)
3 succeeded, 0 failed
* namespace(occupancy=4) : 29.6±0.1 us (5 samples)
  namespace(occupancy=8) : 30.2±0.1 us (5 samples)
  namespace(occupancy=16): 30.2±0.1 us (5 samples)
  cuTile  autotune → {'block': 1024, 'occupancy': 16, 'K2': 256}
2026-10-02 06:19:58  [TileLang:tilelang.jit.kernel:INFO] (kernel.py:130): TileLang begins to compile kernel `main` with `out_idx=None`
2026-10-02 06:20:18  [TileLang:tilelang.jit.kernel:INFO] (kernel.py:138): TileLang completes to compile kernel `main`
2026-10-02 06:20:19  [TileLang:tilelang.jit.kernel:INFO] (kernel.py:130): TileLang begins to compile kernel `main` with `out_idx=None`
2026-10-02 06:20:41  [TileLang:tilelang.jit.kernel:INFO] (kernel.py:138): TileLang completes to compile kernel `main`
2026-10-02 06:20:42  [TileLang:tilelang.jit.kernel:INFO] (kernel.py:130): TileLang begins to compile kernel `main` with `out_idx=None`
2026-10-02 06:21:06  [TileLang:tilelang.jit.kernel:INFO] (kernel.py:138): TileLang completes to compile kernel `main`
2026-10-02 06:21:06  [TileLang:tilelang.jit.kernel:INFO] (kernel.py:130): TileLang begins to compile kernel `main` with `out_idx=None`
2026-10-02 06:21:29  [TileLang:tilelang.jit.kernel:INFO] (kernel.py:138): TileLang completes to compile kernel `main`
2026-10-02 06:21:30  [TileLang:tilelang.jit.kernel:INFO] (kernel.py:130): TileLang begins to compile kernel `main` with `out_idx=None`
2026-10-02 06:21:53  [TileLang:tilelang.jit.kernel:INFO] (kernel.py:138): TileLang completes to compile kernel `main`
2026-10-02 06:21:53  [TileLang:tilelang.jit.kernel:INFO] (kernel.py:130): TileLang begins to compile kernel `main` with `out_idx=None`
2026-10-02 06:22:21  [TileLang:tilelang.jit.kernel:INFO] (kernel.py:138): TileLang completes to compile kernel `main`
2026-10-02 06:22:23  [TileLang:tilelang.jit.kernel:INFO] (kernel.py:130): TileLang begins to compile kernel `main` with `out_idx=None`
2026-10-02 06:22:49  [TileLang:tilelang.jit.kernel:INFO] (kernel.py:138): TileLang completes to compile kernel `main`
  TileLang autotune → {'BLOCK_SIZE': 2048, 'threads': 256}
  NKI skipped (not available)
Running case: {'N': 1048576, 'k': 1024}, dtype=fp32
  Triton autotune → {'BLOCK_SIZE': 4096, 'num_warps': 8}
3 succeeded, 0 failed
* namespace(occupancy=4) : 26.2±0.1 us (5 samples)
  namespace(occupancy=16): 26.3±0.1 us (5 samples)
  namespace(occupancy=8) : 26.3±0.1 us (5 samples)
3 succeeded, 0 failed
* namespace(occupancy=4) : 29.6±0.1 us (5 samples)
  namespace(occupancy=8) : 30.0±0.1 us (5 samples)
  namespace(occupancy=16): 30.1±0.1 us (5 samples)
  cuTile  autotune → {'block': 2048, 'occupancy': 4, 'K2': 1024}
2026-10-02 06:22:55  [TileLang:tilelang.jit.kernel:INFO] (kernel.py:130): TileLang begins to compile kernel `main` with `out_idx=None`
2026-10-02 06:23:19  [TileLang:tilelang.jit.kernel:INFO] (kernel.py:138): TileLang completes to compile kernel `main`
2026-10-02 06:23:20  [TileLang:tilelang.jit.kernel:INFO] (kernel.py:130): TileLang begins to compile kernel `main` with `out_idx=None`
2026-10-02 06:23:43  [TileLang:tilelang.jit.kernel:INFO] (kernel.py:138): TileLang completes to compile kernel `main`
2026-10-02 06:23:44  [TileLang:tilelang.jit.kernel:INFO] (kernel.py:130): TileLang begins to compile kernel `main` with `out_idx=None`
2026-10-02 06:24:12  [TileLang:tilelang.jit.kernel:INFO] (kernel.py:138): TileLang completes to compile kernel `main`
2026-10-02 06:24:14  [TileLang:tilelang.jit.kernel:INFO] (kernel.py:130): TileLang begins to compile kernel `main` with `out_idx=None`
2026-10-02 06:24:41  [TileLang:tilelang.jit.kernel:INFO] (kernel.py:138): TileLang completes to compile kernel `main`
  TileLang autotune → {'BLOCK_SIZE': 4096, 'threads': 256}
  NKI skipped (not available)
Timing results  → /projects/kzhou6/bcui2/research/tilebench/Tilebench-gh200/results/GH200/logs/time_measurement_logs/top_k_selection_autotune_triton-cutile-tilelang.json
Autotune log    → /projects/kzhou6/bcui2/research/tilebench/Tilebench-gh200/results/GH200/logs/autotune_logs/top_k_selection_autotune_triton-cutile-tilelang.json
TileLang autotuner log → not collected: TileLang's autotuner did not run in this process
Provenance      → /projects/kzhou6/bcui2/research/tilebench/Tilebench-gh200/results/GH200/logs/provenance/top_k_selection_autotune_triton-cutile-tilelang.json

Summary:
Params              |    Dtype |  Torch(ms) |   Triton(ms) |   cuTile(ms) | TileLang(ms) |  Speedup(T) |  Speedup(C) | Speedup(TL)
----------------------------------------------------------------------------------------------------------------------------------
N=4096, k=16        | fp32     |     0.0270 |       0.0068 |       0.0100 |       0.0104 |        3.95 |        2.71 |        2.60
N=4096, k=64        | fp32     |     0.0265 |       0.0117 |       0.0099 |       0.0103 |        2.26 |        2.68 |        2.57
N=4096, k=256       | fp32     |     0.0365 |       0.0088 |       0.0102 |       0.0177 |        4.13 |        3.57 |        2.06
N=4096, k=1024      | fp32     |     0.0376 |       0.0256 |       0.0168 |       0.0177 |        1.47 |        2.23 |        2.13
N=16384, k=16       | fp32     |     0.0697 |       0.0131 |       0.0102 |       0.0106 |        5.33 |        6.83 |        6.59
N=16384, k=64       | fp32     |     0.0698 |       0.0113 |       0.0102 |       0.0099 |        6.15 |        6.86 |        7.03
N=16384, k=256      | fp32     |     0.0826 |       0.0199 |       0.0152 |       0.0173 |        4.16 |        5.44 |        4.77
N=16384, k=1024     | fp32     |     0.0823 |       0.0508 |       0.0336 |       0.0341 |        1.62 |        2.45 |        2.42
N=65536, k=16       | fp32     |     0.0469 |       0.0132 |       0.0106 |       0.0109 |        3.56 |        4.43 |        4.31
N=65536, k=64       | fp32     |     0.0469 |       0.0117 |       0.0151 |       0.0175 |        4.02 |        3.11 |        2.68
N=65536, k=256      | fp32     |     0.0636 |       0.0528 |       0.0206 |       0.0261 |        1.20 |        3.09 |        2.43
N=65536, k=1024     | fp32     |     0.0645 |       0.1168 |       0.0498 |       0.0806 |        0.55 |        1.30 |        0.80
N=262144, k=16      | fp32     |     0.0634 |       0.0136 |       0.0160 |       0.0178 |        4.67 |        3.97 |        3.56
N=262144, k=64      | fp32     |     0.0647 |       0.0248 |       0.0164 |       0.0268 |        2.61 |        3.94 |        2.41
N=262144, k=256     | fp32     |     0.0818 |       0.0398 |       0.0259 |       0.0580 |        2.06 |        3.16 |        1.41
N=262144, k=1024    | fp32     |     0.0821 |       0.1564 |       0.0668 |       0.1060 |        0.52 |        1.23 |        0.77
N=1048576, k=16     | fp32     |     0.1097 |       0.0193 |       0.0295 |       0.0366 |        5.68 |        3.71 |        3.00
N=1048576, k=64     | fp32     |     0.1106 |       0.0469 |       0.0341 |       0.0474 |        2.36 |        3.24 |        2.34
N=1048576, k=256    | fp32     |     0.1273 |       0.0611 |       0.0455 |       0.0560 |        2.08 |        2.79 |        2.27
N=1048576, k=1024   | fp32     |     0.1281 |       0.2298 |       0.1009 |       0.1400 |        0.56 |        1.27 |        0.92
Summary CSV     → /projects/kzhou6/bcui2/research/tilebench/Tilebench-gh200/results/GH200/csv/top_k_selection_autotune.csv
