/usr/bin/lua: /opt/ohpc/admin/lmod/lmod/libexec/addto:65: module 'posix' not found:
	no field package.preload['posix']
	no file '/usr/share/lua/5.3/posix.lua'
	no file '/usr/share/lua/5.3/posix/init.lua'
	no file '/usr/lib64/lua/5.3/posix.lua'
	no file '/usr/lib64/lua/5.3/posix/init.lua'
	no file '/usr/lib64/lua/5.3/posix.so'
	no file '/usr/lib64/lua/5.3/loadall.so'
	no file ''
stack traceback:
	[C]: in function 'require'
	/opt/ohpc/admin/lmod/lmod/libexec/addto:65: in main chunk
	[C]: in ?
>>> sch_tilelang_ws_fp16 (M=4096 N=4096 K=2048, matched tile)
Error in sitecustomize; set PYTHONVERBOSE for traceback:
ModuleNotFoundError: No module named '__future__'
backend=tilelang_ws dtype=fp16 M=4096 N=4096 K=2048 max_abs_err=0.0630
==PROF== Disconnected from process 28550
<<< sch_tilelang_ws_fp16 done
>>> sch_triton_fp16 (M=4096 N=4096 K=2048, matched tile)
Error in sitecustomize; set PYTHONVERBOSE for traceback:
ModuleNotFoundError: No module named '__future__'
backend=triton dtype=fp16 M=4096 N=4096 K=2048 max_abs_err=0.0630
==PROF== Disconnected from process 28665
<<< sch_triton_fp16 done
>>> sch_cutile_fp16 (M=4096 N=4096 K=2048, matched tile)
Error in sitecustomize; set PYTHONVERBOSE for traceback:
ModuleNotFoundError: No module named '__future__'
backend=cutile dtype=fp16 M=4096 N=4096 K=2048 max_abs_err=0.0630
==PROF== Disconnected from process 28711
<<< sch_cutile_fp16 done
>>> sch_tilelang_ws_fp8 (M=4096 N=4096 K=2048, matched tile)
Error in sitecustomize; set PYTHONVERBOSE for traceback:
ModuleNotFoundError: No module named '__future__'
backend=tilelang_ws dtype=fp8 M=4096 N=4096 K=2048 max_abs_err=328.2548
==PROF== Disconnected from process 28824
<<< sch_tilelang_ws_fp8 done
>>> sch_triton_fp8 (M=4096 N=4096 K=2048, matched tile)
Error in sitecustomize; set PYTHONVERBOSE for traceback:
ModuleNotFoundError: No module named '__future__'
backend=triton dtype=fp8 M=4096 N=4096 K=2048 max_abs_err=7.9999
==PROF== Disconnected from process 28933
<<< sch_triton_fp8 done
>>> sch_cutile_fp8 (M=4096 N=4096 K=2048, matched tile)
Error in sitecustomize; set PYTHONVERBOSE for traceback:
ModuleNotFoundError: No module named '__future__'
backend=cutile dtype=fp8 M=4096 N=4096 K=2048 max_abs_err=7.9999
==PROF== Disconnected from process 28980
<<< sch_cutile_fp8 done
ALLDONE
