/usr/bin/lua: /opt/ohpc/admin/lmod/lmod/libexec/addto:65: module 'posix' not found:
	no field package.preload['posix']
	no file '/usr/share/lua/5.3/posix.lua'
	no file '/usr/share/lua/5.3/posix/init.lua'
	no file '/usr/lib64/lua/5.3/posix.lua'
	no file '/usr/lib64/lua/5.3/posix/init.lua'
	no file '/usr/lib64/lua/5.3/posix.so'
	no file '/usr/lib64/lua/5.3/loadall.so'
	no file ''
stack traceback:
	[C]: in function 'require'
	/opt/ohpc/admin/lmod/lmod/libexec/addto:65: in main chunk
	[C]: in ?
Error in sitecustomize; set PYTHONVERBOSE for traceback:
ModuleNotFoundError: No module named '__future__'
==PROF== Connected to process 30428 (/home/arustagi/anaconda3/envs/tilebench/bin/python3.11)
==PROF== Profiling "matmul_kernel" - 0: 0%....50%....100% - 5 passes
backend=triton dtype=fp16 M=2048 N=2048 K=4096 max_abs_err=0.1254
==PROF== Disconnected from process 30428
==PROF== Report: /home/arustagi/repos/Tilebench/profile/b200_autotuned_postmerge/matmul_fp32_fp16_fp8/reports/src_triton_fp16.ncu-rep
