[2026-07-07T23:49:04Z] Starting run for 45 operators

[2026-07-07T23:49:04Z] START operator=1d_conv
[2026-07-07T23:54:26Z] DONE operator=1d_conv output=results/runs/20260707_194904_Jul07Run1NoAutotuneNoFullVerification/operators/1d_conv.json

[2026-07-07T23:54:26Z] START operator=2d_conv
[2026-07-07T23:55:01Z] DONE operator=2d_conv output=results/runs/20260707_194904_Jul07Run1NoAutotuneNoFullVerification/operators/2d_conv.json

[2026-07-07T23:55:01Z] START operator=2d_max_pooling
[2026-07-07T23:55:23Z] DONE operator=2d_max_pooling output=results/runs/20260707_194904_Jul07Run1NoAutotuneNoFullVerification/operators/2d_max_pooling.json

[2026-07-07T23:55:23Z] START operator=3d_conv
[2026-07-07T23:55:42Z] DONE operator=3d_conv output=results/runs/20260707_194904_Jul07Run1NoAutotuneNoFullVerification/operators/3d_conv.json

[2026-07-07T23:55:42Z] START operator=argmax
[2026-07-07T23:56:18Z] DONE operator=argmax output=results/runs/20260707_194904_Jul07Run1NoAutotuneNoFullVerification/operators/argmax.json

[2026-07-07T23:56:18Z] START operator=batch_normalization
[2026-07-08T00:07:41Z] DONE operator=batch_normalization output=results/runs/20260707_194904_Jul07Run1NoAutotuneNoFullVerification/operators/batch_normalization.json

[2026-07-08T00:07:41Z] START operator=batched_matmul
[2026-07-08T00:08:11Z] DONE operator=batched_matmul output=results/runs/20260707_194904_Jul07Run1NoAutotuneNoFullVerification/operators/batched_matmul.json

[2026-07-08T00:08:11Z] START operator=bitonic_sort
[2026-07-08T00:27:39Z] DONE operator=bitonic_sort output=results/runs/20260707_194904_Jul07Run1NoAutotuneNoFullVerification/operators/bitonic_sort.json

[2026-07-08T00:27:39Z] START operator=block_sparse_attention
[2026-07-08T00:31:32Z] DONE operator=block_sparse_attention output=results/runs/20260707_194904_Jul07Run1NoAutotuneNoFullVerification/operators/block_sparse_attention.json

[2026-07-08T00:31:32Z] START operator=cross_entropy
[2026-07-08T00:32:06Z] DONE operator=cross_entropy output=results/runs/20260707_194904_Jul07Run1NoAutotuneNoFullVerification/operators/cross_entropy.json

[2026-07-08T00:32:06Z] START operator=dequantize_rowwise
[2026-07-08T00:32:14Z] DONE operator=dequantize_rowwise output=results/runs/20260707_194904_Jul07Run1NoAutotuneNoFullVerification/operators/dequantize_rowwise.json

[2026-07-08T00:32:14Z] START operator=destindex
[2026-07-08T00:32:57Z] DONE operator=destindex output=results/runs/20260707_194904_Jul07Run1NoAutotuneNoFullVerification/operators/destindex.json

[2026-07-08T00:32:57Z] START operator=dropout
[2026-07-08T00:38:11Z] DONE operator=dropout output=results/runs/20260707_194904_Jul07Run1NoAutotuneNoFullVerification/operators/dropout.json

[2026-07-08T00:38:11Z] START operator=flash_attention
[2026-07-08T00:39:44Z] DONE operator=flash_attention output=results/runs/20260707_194904_Jul07Run1NoAutotuneNoFullVerification/operators/flash_attention.json

[2026-07-08T00:39:44Z] START operator=flash_decode
[2026-07-08T00:41:32Z] DONE operator=flash_decode output=results/runs/20260707_194904_Jul07Run1NoAutotuneNoFullVerification/operators/flash_decode.json

[2026-07-08T00:41:32Z] START operator=fused_activation
[2026-07-08T00:41:41Z] DONE operator=fused_activation output=results/runs/20260707_194904_Jul07Run1NoAutotuneNoFullVerification/operators/fused_activation.json

[2026-07-08T00:41:41Z] START operator=gaussian_blur
[2026-07-08T00:42:35Z] DONE operator=gaussian_blur output=results/runs/20260707_194904_Jul07Run1NoAutotuneNoFullVerification/operators/gaussian_blur.json

[2026-07-08T00:42:35Z] START operator=histogramming
[2026-07-08T00:44:47Z] DONE operator=histogramming output=results/runs/20260707_194904_Jul07Run1NoAutotuneNoFullVerification/operators/histogramming.json

[2026-07-08T00:44:47Z] START operator=interleave
[2026-07-08T00:51:54Z] DONE operator=interleave output=results/runs/20260707_194904_Jul07Run1NoAutotuneNoFullVerification/operators/interleave.json

[2026-07-08T00:51:54Z] START operator=jacobi_stencil_2d
[2026-07-08T00:52:30Z] DONE operator=jacobi_stencil_2d output=results/runs/20260707_194904_Jul07Run1NoAutotuneNoFullVerification/operators/jacobi_stencil_2d.json

[2026-07-08T00:52:30Z] START operator=kl_divergence
[2026-07-08T00:52:45Z] DONE operator=kl_divergence output=results/runs/20260707_194904_Jul07Run1NoAutotuneNoFullVerification/operators/kl_divergence.json

[2026-07-08T00:52:45Z] START operator=l2_norm
[2026-07-08T00:53:37Z] DONE operator=l2_norm output=results/runs/20260707_194904_Jul07Run1NoAutotuneNoFullVerification/operators/l2_norm.json

[2026-07-08T00:53:37Z] START operator=layernorm
[2026-07-08T00:54:45Z] DONE operator=layernorm output=results/runs/20260707_194904_Jul07Run1NoAutotuneNoFullVerification/operators/layernorm.json

[2026-07-08T00:54:45Z] START operator=leaky_relu
[2026-07-08T00:59:55Z] DONE operator=leaky_relu output=results/runs/20260707_194904_Jul07Run1NoAutotuneNoFullVerification/operators/leaky_relu.json

[2026-07-08T00:59:55Z] START operator=linear_self_attention
[2026-07-08T01:05:32Z] DONE operator=linear_self_attention output=results/runs/20260707_194904_Jul07Run1NoAutotuneNoFullVerification/operators/linear_self_attention.json

[2026-07-08T01:05:32Z] START operator=matmul_fp32_fp16_fp8
[2026-07-08T01:07:33Z] DONE operator=matmul_fp32_fp16_fp8 output=results/runs/20260707_194904_Jul07Run1NoAutotuneNoFullVerification/operators/matmul_fp32_fp16_fp8.json

[2026-07-08T01:07:33Z] START operator=matmul_int8
[2026-07-08T01:08:22Z] DONE operator=matmul_int8 output=results/runs/20260707_194904_Jul07Run1NoAutotuneNoFullVerification/operators/matmul_int8.json

[2026-07-08T01:08:22Z] START operator=matrix_copy
[2026-07-08T01:09:03Z] DONE operator=matrix_copy output=results/runs/20260707_194904_Jul07Run1NoAutotuneNoFullVerification/operators/matrix_copy.json

[2026-07-08T01:09:03Z] START operator=matrix_transpose
[2026-07-08T01:09:48Z] DONE operator=matrix_transpose output=results/runs/20260707_194904_Jul07Run1NoAutotuneNoFullVerification/operators/matrix_transpose.json

[2026-07-08T01:09:48Z] START operator=mean_reduction
[2026-07-08T01:10:42Z] DONE operator=mean_reduction output=results/runs/20260707_194904_Jul07Run1NoAutotuneNoFullVerification/operators/mean_reduction.json

[2026-07-08T01:10:42Z] START operator=moe_topk_gating
[2026-07-08T01:18:40Z] DONE operator=moe_topk_gating output=results/runs/20260707_194904_Jul07Run1NoAutotuneNoFullVerification/operators/moe_topk_gating.json

[2026-07-08T01:18:40Z] START operator=mul2
[2026-07-08T01:25:46Z] DONE operator=mul2 output=results/runs/20260707_194904_Jul07Run1NoAutotuneNoFullVerification/operators/mul2.json

[2026-07-08T01:25:46Z] START operator=quantize_global
[2026-07-08T01:25:58Z] DONE operator=quantize_global output=results/runs/20260707_194904_Jul07Run1NoAutotuneNoFullVerification/operators/quantize_global.json

[2026-07-08T01:25:58Z] START operator=radix_sort
[2026-07-08T01:35:15Z] DONE operator=radix_sort output=results/runs/20260707_194904_Jul07Run1NoAutotuneNoFullVerification/operators/radix_sort.json

[2026-07-08T01:35:15Z] START operator=relu
[2026-07-08T01:42:31Z] DONE operator=relu output=results/runs/20260707_194904_Jul07Run1NoAutotuneNoFullVerification/operators/relu.json

[2026-07-08T01:42:31Z] START operator=reverse_array
[2026-07-08T01:43:25Z] DONE operator=reverse_array output=results/runs/20260707_194904_Jul07Run1NoAutotuneNoFullVerification/operators/reverse_array.json

[2026-07-08T01:43:25Z] START operator=rmsnorm
[2026-07-08T01:44:30Z] DONE operator=rmsnorm output=results/runs/20260707_194904_Jul07Run1NoAutotuneNoFullVerification/operators/rmsnorm.json

[2026-07-08T01:44:30Z] START operator=rope
[2026-07-08T01:45:07Z] DONE operator=rope output=results/runs/20260707_194904_Jul07Run1NoAutotuneNoFullVerification/operators/rope.json

[2026-07-08T01:45:07Z] START operator=sigmoid
[2026-07-08T01:45:56Z] DONE operator=sigmoid output=results/runs/20260707_194904_Jul07Run1NoAutotuneNoFullVerification/operators/sigmoid.json

[2026-07-08T01:45:56Z] START operator=softmax
[2026-07-08T01:46:51Z] DONE operator=softmax output=results/runs/20260707_194904_Jul07Run1NoAutotuneNoFullVerification/operators/softmax.json

[2026-07-08T01:46:51Z] START operator=streamk_matmul
[2026-07-08T01:48:26Z] DONE operator=streamk_matmul output=results/runs/20260707_194904_Jul07Run1NoAutotuneNoFullVerification/operators/streamk_matmul.json

[2026-07-08T01:48:26Z] START operator=swiglu
[2026-07-08T01:49:14Z] DONE operator=swiglu output=results/runs/20260707_194904_Jul07Run1NoAutotuneNoFullVerification/operators/swiglu.json

[2026-07-08T01:49:14Z] START operator=top_k_selection
[2026-07-08T01:50:23Z] DONE operator=top_k_selection output=results/runs/20260707_194904_Jul07Run1NoAutotuneNoFullVerification/operators/top_k_selection.json

[2026-07-08T01:50:23Z] START operator=vector_add
[2026-07-08T01:58:07Z] DONE operator=vector_add output=results/runs/20260707_194904_Jul07Run1NoAutotuneNoFullVerification/operators/vector_add.json

[2026-07-08T01:58:07Z] START operator=weight_dequant
[2026-07-08T01:59:16Z] DONE operator=weight_dequant output=results/runs/20260707_194904_Jul07Run1NoAutotuneNoFullVerification/operators/weight_dequant.json
