rocprof-compute 3.7.0 (release) (418cd5f), ROCm 7.14.0; 109 valid pairs, 1 excluded
[1/109] 1d_conv/fp16: profiling 1 launches
    -> ok  (captured 1/1, source/ISA=True, 143.2s)
[2/109] 1d_conv/fp32: profiling 1 launches
    -> ok  (captured 1/1, source/ISA=True, 143.7s)
[3/109] 2d_conv/fp16: profiling 1 launches
    -> ok  (captured 1/1, source/ISA=True, 142.7s)
[4/109] 2d_conv/fp32: profiling 1 launches
    -> ok  (captured 1/1, source/ISA=True, 142.6s)
[5/109] 2d_max_pooling/fp16: profiling 1 launches
    -> ok  (captured 1/1, source/ISA=True, 142.2s)
[6/109] 2d_max_pooling/bf16: profiling 1 launches
    -> ok  (captured 1/1, source/ISA=True, 142.6s)
[7/109] 2d_max_pooling/fp32: profiling 1 launches
    -> ok  (captured 1/1, source/ISA=True, 143.1s)
[8/109] 3d_conv/fp16: profiling 1 launches
    -> ok  (captured 1/1, source/ISA=True, 143.9s)
[9/109] 3d_conv/fp32: profiling 1 launches
    -> ok  (captured 1/1, source/ISA=True, 144.9s)
[10/109] argmax/fp16: profiling 1 launches
    -> ok  (captured 1/1, source/ISA=True, 143.0s)
[11/109] argmax/fp32: profiling 1 launches
    -> ok  (captured 1/1, source/ISA=True, 142.6s)
[12/109] batch_normalization/fp16: profiling 3 launches
    -> ok  (captured 3/3, source/ISA=True, 146.0s)
[13/109] batch_normalization/bf16: profiling 3 launches
    -> ok  (captured 3/3, source/ISA=True, 147.2s)
[14/109] batch_normalization/fp32: profiling 3 launches
    -> ok  (captured 3/3, source/ISA=True, 146.0s)
[15/109] batched_matmul/fp16: profiling 1 launches
    -> ok  (captured 1/1, source/ISA=True, 144.4s)
[16/109] batched_matmul/bf16: profiling 1 launches
    -> ok  (captured 1/1, source/ISA=True, 144.1s)
[17/109] batched_matmul/fp32: profiling 1 launches
    -> ok  (captured 1/1, source/ISA=True, 144.8s)
[18/109] bitonic_sort/fp16: profiling 301 launches
    -> ok  (captured 301/301, source/ISA=True, 170.2s)
[19/109] bitonic_sort/fp32: profiling 301 launches
    -> ok  (captured 301/301, source/ISA=True, 173.6s)
[20/109] block_sparse_attention/fp16: profiling 1 launches
    -> ok  (captured 1/1, source/ISA=True, 144.1s)
[21/109] cross_entropy/fp16: profiling 1 launches
    -> ok  (captured 1/1, source/ISA=True, 143.6s)
[22/109] cross_entropy/fp32: profiling 1 launches
    -> ok  (captured 1/1, source/ISA=True, 144.0s)
[23/109] dequantize_rowwise/int8: profiling 1 launches
    -> ok  (captured 1/1, source/ISA=True, 144.0s)
[24/109] destindex/fp16: profiling 2 launches
    -> ok  (captured 2/2, source/ISA=True, 159.9s)
[25/109] destindex/bf16: profiling 2 launches
    -> ok  (captured 2/2, source/ISA=True, 158.2s)
[26/109] destindex/fp32: profiling 2 launches
    -> ok  (captured 2/2, source/ISA=True, 158.5s)
[27/109] destindex/int8: profiling 2 launches
    -> ok  (captured 2/2, source/ISA=True, 159.7s)
[28/109] dropout/fp16: profiling 1 launches
    -> ok  (captured 1/1, source/ISA=True, 145.7s)
[29/109] dropout/bf16: profiling 1 launches
    -> ok  (captured 1/1, source/ISA=True, 144.9s)
[30/109] dropout/fp32: profiling 1 launches
    -> ok  (captured 1/1, source/ISA=True, 143.9s)
[31/109] flash_attention/fp16: profiling 1 launches
    -> ok  (captured 1/1, source/ISA=True, 155.3s)
[32/109] flash_decode/fp32: profiling 1 launches
    -> ok  (captured 1/1, source/ISA=True, 142.7s)
[33/109] fused_activation/fp32: profiling 1 launches
    -> ok  (captured 1/1, source/ISA=True, 142.7s)
[34/109] gaussian_blur/fp16: profiling 1 launches
    -> ok  (captured 1/1, source/ISA=True, 144.8s)
[35/109] gaussian_blur/fp32: profiling 1 launches
    -> ok  (captured 1/1, source/ISA=True, 144.2s)
[36/109] histogramming/int32: profiling 2 launches
    -> ok  (captured 2/2, source/ISA=True, 147.7s)
[37/109] interleave/fp16: profiling 1 launches
    -> ok  (captured 1/1, source/ISA=True, 142.3s)
[38/109] interleave/bf16: profiling 1 launches
    -> ok  (captured 1/1, source/ISA=True, 143.1s)
[39/109] interleave/fp32: profiling 1 launches
    -> ok  (captured 1/1, source/ISA=True, 142.9s)
[40/109] interleave/int8: profiling 1 launches
    -> ok  (captured 1/1, source/ISA=True, 145.4s)
[41/109] jacobi_stencil_2d/fp16: profiling 1 launches
    -> ok  (captured 1/1, source/ISA=True, 142.8s)
[42/109] jacobi_stencil_2d/bf16: profiling 1 launches
    -> ok  (captured 1/1, source/ISA=True, 143.3s)
[43/109] jacobi_stencil_2d/fp32: profiling 1 launches
    -> ok  (captured 1/1, source/ISA=True, 143.1s)
[44/109] kl_divergence/fp32: profiling 1 launches
    -> ok  (captured 1/1, source/ISA=True, 144.8s)
[45/109] l2_norm/fp16: profiling 1 launches
    -> ok  (captured 1/1, source/ISA=True, 142.7s)
[46/109] l2_norm/bf16: profiling 1 launches
    -> ok  (captured 1/1, source/ISA=True, 142.9s)
[47/109] l2_norm/fp32: profiling 1 launches
    -> ok  (captured 1/1, source/ISA=True, 142.1s)
[48/109] layernorm/fp16: profiling 1 launches
    -> ok  (captured 1/1, source/ISA=True, 143.5s)
[49/109] layernorm/bf16: profiling 1 launches
    -> ok  (captured 1/1, source/ISA=True, 142.1s)
[50/109] layernorm/fp32: profiling 1 launches
    -> ok  (captured 1/1, source/ISA=True, 143.3s)
[51/109] leaky_relu/fp16: profiling 1 launches
    -> ok  (captured 1/1, source/ISA=True, 142.9s)
[52/109] leaky_relu/bf16: profiling 1 launches
    -> ok  (captured 1/1, source/ISA=True, 143.3s)
[53/109] leaky_relu/fp32: profiling 1 launches
    -> ok  (captured 1/1, source/ISA=True, 142.5s)
[54/109] linear_self_attention/fp32: profiling 5 launches
    -> ok  (captured 5/5, source/ISA=True, 150.6s)
[55/109] matmul_fp32_fp16_fp8/fp32: profiling 1 launches
    -> ok  (captured 1/1, source/ISA=True, 147.0s)
[56/109] matmul_fp32_fp16_fp8/fp16: profiling 1 launches
    -> ok  (captured 1/1, source/ISA=True, 147.3s)
[57/109] matmul_int8/int8: profiling 1 launches
    -> ok  (captured 1/1, source/ISA=True, 145.2s)
[58/109] matrix_copy/fp16: profiling 1 launches
    -> ok  (captured 1/1, source/ISA=True, 143.1s)
[59/109] matrix_copy/bf16: profiling 1 launches
    -> ok  (captured 1/1, source/ISA=True, 142.3s)
[60/109] matrix_copy/fp32: profiling 1 launches
    -> ok  (captured 1/1, source/ISA=True, 143.2s)
[61/109] matrix_copy/int8: profiling 1 launches
    -> ok  (captured 1/1, source/ISA=True, 144.6s)
[62/109] matrix_transpose/fp16: profiling 1 launches
    -> ok  (captured 1/1, source/ISA=True, 142.7s)
[63/109] matrix_transpose/bf16: profiling 1 launches
    -> ok  (captured 1/1, source/ISA=True, 142.7s)
[64/109] matrix_transpose/fp32: profiling 1 launches
    -> ok  (captured 1/1, source/ISA=True, 143.2s)
[65/109] matrix_transpose/int8: profiling 1 launches
    -> ok  (captured 1/1, source/ISA=True, 145.0s)
[66/109] mean_reduction/fp16: profiling 1 launches
    -> ok  (captured 1/1, source/ISA=True, 143.4s)
[67/109] mean_reduction/bf16: profiling 1 launches
    -> ok  (captured 1/1, source/ISA=True, 142.5s)
[68/109] mean_reduction/fp32: profiling 1 launches
    -> ok  (captured 1/1, source/ISA=True, 143.3s)
[69/109] moe_topk_gating/fp16: profiling 1 launches
    -> ok  (captured 1/1, source/ISA=True, 146.3s)
[70/109] moe_topk_gating/bf16: profiling 1 launches
    -> ok  (captured 1/1, source/ISA=True, 147.5s)
[71/109] moe_topk_gating/fp32: profiling 1 launches
    -> ok  (captured 1/1, source/ISA=True, 146.8s)
[72/109] mul2/fp16: profiling 1 launches
    -> ok  (captured 1/1, source/ISA=True, 143.4s)
[73/109] mul2/bf16: profiling 1 launches
    -> ok  (captured 1/1, source/ISA=True, 142.7s)
[74/109] mul2/fp32: profiling 1 launches
    -> ok  (captured 1/1, source/ISA=True, 142.9s)
[75/109] mul2/int8: profiling 1 launches
    -> ok  (captured 1/1, source/ISA=True, 144.5s)
[76/109] quantize_global/fp32: profiling 1 launches
    -> ok  (captured 1/1, source/ISA=True, 143.1s)
[77/109] radix_sort/int32: profiling 80 launches
    -> ok  (captured 80/80, source/ISA=True, 158.9s)
[78/109] relu/fp16: profiling 1 launches
    -> ok  (captured 1/1, source/ISA=True, 142.8s)
[79/109] relu/bf16: profiling 1 launches
    -> ok  (captured 1/1, source/ISA=True, 142.4s)
[80/109] relu/fp32: profiling 1 launches
    -> ok  (captured 1/1, source/ISA=True, 142.5s)
[81/109] relu/int8: profiling 1 launches
    -> ok  (captured 1/1, source/ISA=True, 144.6s)
[82/109] reverse_array/fp16: profiling 1 launches
    -> ok  (captured 1/1, source/ISA=True, 143.2s)
[83/109] reverse_array/bf16: profiling 1 launches
    -> ok  (captured 1/1, source/ISA=True, 142.3s)
[84/109] reverse_array/fp32: profiling 1 launches
    -> ok  (captured 1/1, source/ISA=True, 142.1s)
[85/109] reverse_array/int8: profiling 1 launches
    -> ok  (captured 1/1, source/ISA=True, 144.5s)
[86/109] rmsnorm/fp16: profiling 1 launches
    -> ok  (captured 1/1, source/ISA=True, 143.3s)
[87/109] rmsnorm/bf16: profiling 1 launches
    -> ok  (captured 1/1, source/ISA=True, 142.6s)
[88/109] rmsnorm/fp32: profiling 1 launches
    -> ok  (captured 1/1, source/ISA=True, 143.5s)
[89/109] rope/fp16: profiling 1 launches
    -> ok  (captured 1/1, source/ISA=True, 142.4s)
[90/109] rope/fp32: profiling 1 launches
    -> ok  (captured 1/1, source/ISA=True, 143.3s)
[91/109] sigmoid/fp16: profiling 1 launches
    -> ok  (captured 1/1, source/ISA=True, 142.2s)
[92/109] sigmoid/bf16: profiling 1 launches
    -> ok  (captured 1/1, source/ISA=True, 143.3s)
[93/109] sigmoid/fp32: profiling 1 launches
    -> ok  (captured 1/1, source/ISA=True, 143.0s)
[94/109] softmax/fp16: profiling 1 launches
    -> ok  (captured 1/1, source/ISA=True, 143.2s)
[95/109] softmax/fp32: profiling 1 launches
    -> ok  (captured 1/1, source/ISA=True, 142.4s)
[96/109] streamk_matmul/fp16: profiling 2 launches
    -> ok  (captured 2/2, source/ISA=True, 151.0s)
[97/109] streamk_matmul/bf16: profiling 2 launches
    -> ok  (captured 2/2, source/ISA=True, 152.3s)
[98/109] streamk_matmul/fp32: profiling 2 launches
    -> ok  (captured 2/2, source/ISA=True, 153.3s)
[99/109] swiglu/fp16: profiling 1 launches
    -> ok  (captured 1/1, source/ISA=True, 142.3s)
[100/109] swiglu/bf16: profiling 1 launches
    -> ok  (captured 1/1, source/ISA=True, 143.0s)
[101/109] swiglu/fp32: profiling 1 launches
    -> ok  (captured 1/1, source/ISA=True, 142.5s)
[102/109] top_k_selection/fp32: profiling 5 launches
    -> ok  (captured 5/5, source/ISA=True, 143.1s)
[103/109] vector_add/fp16: profiling 1 launches
    -> ok  (captured 1/1, source/ISA=True, 142.3s)
[104/109] vector_add/bf16: profiling 1 launches
    -> ok  (captured 1/1, source/ISA=True, 143.0s)
[105/109] vector_add/fp32: ok (validated, skipped)
[106/109] vector_add/int8: profiling 1 launches
    -> ok  (captured 1/1, source/ISA=True, 144.3s)
[107/109] weight_dequant/fp16: profiling 1 launches
    -> ok  (captured 1/1, source/ISA=True, 142.8s)
[108/109] weight_dequant/bf16: profiling 1 launches
    -> ok  (captured 1/1, source/ISA=True, 142.4s)
[109/109] weight_dequant/fp32: profiling 1 launches
    -> ok  (captured 1/1, source/ISA=True, 142.7s)

=== coverage: 109/109 valid pairs ok, 0 failed, 0 not yet profiled, 1 excluded === complete=True
DRIVER_EXIT=0
